Microchip MPLAB XC8 Compiler V1.45 ()

Linker command line:

-W-3 --edf=C:\Program Files (x86)\Microchip\xc8\v1.45\dat\en_msgs.txt -cs \
  -h+dist/default/production\SDCARD.X.production.sym \
  --cmf=dist/default/production\SDCARD.X.production.cmf -z -Q18F4550 \
  -oC:\Users\Felipe\AppData\Local\Temp\samk.2 \
  -Mdist/default/production/SDCARD.X.production.map -E1 -ver=XC8 \
  -ASTACK=0389h-07ffh -pstack=STACK -ACODE=00h-0627Fh -ACONST=00h-0627Fh \
  -ASMALLCONST=0800h-08FFhx90,06200h-0627Fh -AMEDIUMCONST=0800h-0627Fh \
  -ACOMRAM=01h-05Fh -AABS1=00h-07FFh -ABIGRAM=01h-07FFh \
  -ARAM=060h-0FFh,0100h-01FFhx7 -ABANK0=060h-0FFh -ABANK1=0100h-01FFh \
  -ABANK2=0200h-02FFh -ABANK3=0300h-03FFh -ABANK4=0400h-04FFh \
  -ABANK5=0500h-05FFh -ABANK6=0600h-06FFh -ABANK7=0700h-07FFh \
  -ASFR=0F60h-0FFFh -preset_vec=00h,intcode=08h,intcodelo,powerup,init \
  -pramtop=0800h -psmallconst=SMALLCONST -pmediumconst=MEDIUMCONST \
  -pconst=CONST -AFARRAM=00h-00h -ACONFIG=0300000h-030000Dh -pconfig=CONFIG \
  -AIDLOC=0200000h-0200007h -pidloc=IDLOC -AEEDATA=0F00000h-0F000FFh \
  -peeprom_data=EEDATA \
  -prdata=COMRAM,nvrram=COMRAM,nvbit=COMRAM,rbss=COMRAM,rbit=COMRAM \
  -pfarbss=FARRAM,fardata=FARRAM,nvFARRAM=FARRAM \
  -pintsave_regs=BIGRAM,bigbss=BIGRAM,bigdata=BIGRAM -pbss=RAM \
  -pidata=CODE,irdata=CODE,ibigdata=CODE,ifardata=CODE -prparam=COMRAM \
  C:\Users\Felipe\AppData\Local\Temp\samk.obj \
  dist/default/production\SDCARD.X.production.obj 

Object code version is 3.11

Machine type is 18F4550

Call graph: (short form)




                Name                               Link     Load   Length Selector   Space Scale
C:\Users\Felipe\AppData\Local\Temp\samk.obj
                init                                  E        E        4        4       0
                reset_vec                             0        0        4        0       0
                idloc                            200000   200000        8   200000       0
                config                           300000   300000        E   300000       0
dist/default/production\SDCARD.X.production.obj
                intcode                               8        8        6        4       0
                temp                                 42       42        1        1       1
                smallconst                          800      800       CC      400       0
                text29                             14A8     14A8       48      466       0
                text28                             145A     145A       4E      466       0
                text27                              8CC      8CC      298      466       0
                text26                             1696     1696       12      466       0
                text25                             1684     1684       12      466       0
                intcode_body                        B64      B64      140      466       0
                text23                             1532     1532       3E      466       0
                text22                              DD6      DD6      132      466       0
                text21                             14F0     14F0       42      466       0
                text20                             12A4     12A4       7A      466       0
                text19                             15C8     15C8       26      466       0
                text18                              F08      F08       CE      466       0
                text17                              CA4      CA4      132      466       0
                text16                             15EE     15EE       24      466       0
                text15                             16C6     16C6        E      B63       0
                text14                             1672     1672       12      466       0
                text13                             162E     162E       1C      466       0
                text12                             1660     1660       12      466       0
                text11                             16D4     16D4        8      B63       0
                text10                             1612     1612       1C      466       0
                text9                              164A     164A       16      466       0
                text8                              159E     159E       2A      466       0
                text7                              110C     110C       94      466       0
                text6                               FD6      FD6       9E      466       0
                text5                              131E     131E       78      466       0
                text4                              1406     1406       54      466       0
                text3                              1396     1396       70      466       0
                text2                              1226     1226       7E      466       0
                text1                              11A0     11A0       86      466       0
                text0                              1570     1570       2E      466       0
                cstackCOMRAM                         21       21       20        1       1
                cstackBANK0                          C4       C4       2A       60       1
                bssBIGRAM                           169      169      220      169       1
                dataBANK1                           15A      15A        F      100       1
                bssBANK1                            100      100       5A      100       1
                dataBANK0                            EE       EE        E       60       1
                bssBANK0                             60       60       64       60       1
                dataCOMRAM                           41       41        1        1       1
                bssCOMRAM                             1        1       20        1       1
                cinit                              1074     1074       98      466       0
                idataBANK1                         16A8     16A8        F      466       0
                idataBANK0                         16B7     16B7        E      466       0
                idataCOMRAM                        16DC     16DC        1      B63       0

TOTAL           Name                               Link     Load   Length     Space
        CLASS   STACK          

        CLASS   CODE           
                intcode                               8        8        6         0
                init                                  E        E        4         0
                reset_vec                             0        0        4         0
                text29                             14A8     14A8       48         0
                text28                             145A     145A       4E         0
                text27                              8CC      8CC      298         0
                text26                             1696     1696       12         0
                text25                             1684     1684       12         0
                intcode_body                        B64      B64      140         0
                text23                             1532     1532       3E         0
                text22                              DD6      DD6      132         0
                text21                             14F0     14F0       42         0
                text20                             12A4     12A4       7A         0
                text19                             15C8     15C8       26         0
                text18                              F08      F08       CE         0
                text17                              CA4      CA4      132         0
                text16                             15EE     15EE       24         0
                text15                             16C6     16C6        E         0
                text14                             1672     1672       12         0
                text13                             162E     162E       1C         0
                text12                             1660     1660       12         0
                text11                             16D4     16D4        8         0
                text10                             1612     1612       1C         0
                text9                              164A     164A       16         0
                text8                              159E     159E       2A         0
                text7                              110C     110C       94         0
                text6                               FD6      FD6       9E         0
                text5                              131E     131E       78         0
                text4                              1406     1406       54         0
                text3                              1396     1396       70         0
                text2                              1226     1226       7E         0
                text1                              11A0     11A0       86         0
                text0                              1570     1570       2E         0
                cinit                              1074     1074       98         0
                idataBANK1                         16A8     16A8        F         0
                idataBANK0                         16B7     16B7        E         0
                idataCOMRAM                        16DC     16DC        1         0

        CLASS   CONST          

        CLASS   SMALLCONST     
                smallconst                          800      800       CC         0

        CLASS   MEDIUMCONST    

        CLASS   COMRAM         
                temp                                 42       42        1         1
                cstackCOMRAM                         21       21       20         1
                dataCOMRAM                           41       41        1         1
                bssCOMRAM                             1        1       20         1

        CLASS   ABS1           

        CLASS   BIGRAM         
                bssBIGRAM                           169      169      220         1

        CLASS   RAM            

        CLASS   BANK0          
                cstackBANK0                          C4       C4       2A         1
                dataBANK0                            EE       EE        E         1
                bssBANK0                             60       60       64         1

        CLASS   BANK1          
                dataBANK1                           15A      15A        F         1
                bssBANK1                            100      100       5A         1

        CLASS   BANK2          

        CLASS   BANK3          

        CLASS   BANK4          

        CLASS   BANK5          

        CLASS   BANK6          

        CLASS   BANK7          

        CLASS   SFR            

        CLASS   FARRAM         

        CLASS   CONFIG         
                config                           300000   300000        E         0

        CLASS   IDLOC          
                idloc                            200000   200000        8         0

        CLASS   EEDATA         



SEGMENTS        Name                           Load    Length   Top    Selector   Space  Class

                reset_vec                      000000  000004  000004         0       0  CODE    
                bssCOMRAM                      000001  000042  000043         1       1  COMRAM  
                intcode                        000008  00000A  000012         4       0  CODE    
                bssBANK0                       000060  00009C  0000FC        60       1  BANK0   
                bssBANK1                       000100  000069  000169       100       1  BANK1   
                bssBIGRAM                      000169  000220  000389       169       1  BIGRAM  
                smallconst                     000800  0000CC  0008CC       400       0  SMALLCON
                text27                         0008CC  000DF9  0016C5       466       0  CODE    
                text15                         0016C6  000017  0016DD       B63       0  CODE    
                idloc                          200000  000008  200008    200000       0  IDLOC   
                config                         300000  00000E  30000E    300000       0  CONFIG  


UNUSED ADDRESS RANGES

        Name                Unused          Largest block    Delta
        BANK0            0000FC-0000FF                4
        BANK3            000389-0003FF               77
        BANK4            000400-0004FF              100
        BANK5            000500-0005FF              100
        BANK6            000600-0006FF              100
        BANK7            000700-0007FF              100
        BIGRAM           000043-00005F               1D
                         0000FC-0000FF                4
                         000389-0007FF              477
        CODE             000004-000007                4
                         000012-0007FF              7EE
                         0016C5-0016C5                1
                         0016DD-00627F             4BA3
        COMRAM           000043-00005F               1D
        CONST            000004-000007                4
                         000012-0007FF              7EE
                         0016C5-0016C5                1
                         0016DD-00627F             4BA3
        EEDATA           F00000-F000FF              100
        MEDIUMCONST      0016C5-0016C5                1
                         0016DD-00627F             4BA3
        RAM              0000FC-0000FF                4
                         000389-0007FF              100
        SFR              000F60-000FFF               A0
        SMALLCONST       0016C5-0016C5                1
                         0016DD-00627F              100
        STACK            000389-0007FF              477

                                  Symbol Table

?___aldiv                         cstackBANK0  0000C4
?_strcmp                          cstackCOMRAM 000021
?_strlen                          cstackBANK0  0000C4
GPSRead@buff                      cstackCOMRAM 00002A
GPSRead@c                         cstackCOMRAM 00002B
_ADCON1                           (abs)        000FC1
_BRGH                             (abs)        007D62
_CREN                             (abs)        007D5C
_FatFs                            bssCOMRAM    00000B
_GPGGA_ok                         bssCOMRAM    00000F
_GPRMC_ok                         bssCOMRAM    000011
_GPSRead                          text27       0008CC
_INT0IE                           (abs)        007F94
_INT0IF                           (abs)        007F91
_INTCON                           (abs)        000FF2
_INTCON2                          (abs)        000FF1
_INTCON3                          (abs)        000FF0
_INTCONbits                       (abs)        000FF2
_LATB                             (abs)        000F8A
_LATBbits                         (abs)        000F8A
_LATCbits                         (abs)        000F8B
_OSCCONbits                       (abs)        000FD3
_PCL                              (abs)        000FF9
_PCLATH                           (abs)        000FFA
_PIE1                             (abs)        000F9D
_PIE1bits                         (abs)        000F9D
_PIR1bits                         (abs)        000F9E
_PORTBbits                        (abs)        000F81
_PORTDbits                        (abs)        000F83
_PR2                              (abs)        000FCB
_RCIF                             (abs)        007CF5
_RCREG                            (abs)        000FAE
_RCSTA                            (abs)        000FAB
_RCSTAbits                        (abs)        000FAB
_SPBRG                            (abs)        000FAF
_SPEN                             (abs)        007D5F
_SPPCFG                           (abs)        000F63
_SPPCON                           (abs)        000F65
_SSPBUF                           (abs)        000FC9
_SSPCON1                          (abs)        000FC6
_SSPCON1bits                      (abs)        000FC6
_SSPSTAT                          (abs)        000FC7
_SSPSTATbits                      (abs)        000FC7
_SYNC                             (abs)        007D64
_SentenceType                     bssCOMRAM    00001A
_T0CON                            (abs)        000FD5
_T0CONbits                        (abs)        000FD5
_T0IF                             (abs)        007F92
_T2CON                            (abs)        000FCA
_TMR0H                            (abs)        000FD7
_TMR0IF                           (abs)        007F92
_TMR0L                            (abs)        000FD6
_TMR2                             (abs)        000FCC
_TMR2IF                           (abs)        007CF1
_TRISA                            (abs)        000F92
_TRISB                            (abs)        000F93
_TRISBbits                        (abs)        000F93
_TRISC                            (abs)        000F94
_TRISCbits                        (abs)        000F94
_TRISD                            (abs)        000F95
_TRISDbits                        (abs)        000F95
_TRISE                            (abs)        000F96
_TRMT                             (abs)        007D61
_TXEN                             (abs)        007D65
_TXREG                            (abs)        000FAD
_TXSTA                            (abs)        000FAC
_Term                             bssCOMRAM    000019
__HRAM                            (abs)        000000
__Habs1                           abs1         000000
__Hbank0                          bank0        000000
__Hbank1                          bank1        000000
__Hbank2                          bank2        000000
__Hbank3                          bank3        000000
__Hbank4                          bank4        000000
__Hbank5                          bank5        000000
__Hbank6                          bank6        000000
__Hbank7                          bank7        000000
__Hbigbss                         bigbss       000000
__Hbigdata                        bigdata      000000
__Hbigram                         bigram       000000
__Hbss                            bss          000000
__HbssBANK0                       bssBANK0     000000
__HbssBANK1                       bssBANK1     000000
__HbssBIGRAM                      bssBIGRAM    000000
__HbssCOMRAM                      bssCOMRAM    000000
__Hcinit                          cinit        000000
__Hclrtext                        clrtext      000000
__Hcomram                         comram       000000
__Hconfig                         config       30000E
__Hconst                          const        000000
__HcstackBANK0                    cstackBANK0  000000
__HcstackCOMRAM                   cstackCOMRAM 000000
__Hdata                           data         000000
__HdataBANK0                      dataBANK0    000000
__HdataBANK1                      dataBANK1    000000
__HdataCOMRAM                     dataCOMRAM   000000
__Heeprom_data                    eeprom_data  000000
__Hfarbss                         farbss       000000
__Hfardata                        fardata      000000
__Hibigdata                       ibigdata     000000
__Hidata                          idata        000000
__HidataBANK0                     idataBANK0   000000
__HidataBANK1                     idataBANK1   000000
__HidataCOMRAM                    idataCOMRAM  000000
__Hidloc                          idloc        200008
__Hifardata                       ifardata     000000
__Hinit                           init         000012
__Hintcode                        intcode      00000E
__Hintcode_body                   intcode_body 000000
__Hintcodelo                      intcodelo    00000E
__Hintentry                       intentry     000000
__Hintret                         intret       000000
__Hintsave_regs                   intsave_regs 000000
__Hirdata                         irdata       000000
__Hmediumconst                    mediumconst  000000
__HnvFARRAM                       nvFARRAM     000000
__Hnvbit                          nvbit        000000
__Hnvrram                         nvrram       000000
__Hparam                          rparam       000000
__Hpowerup                        powerup      00000E
__Hram                            ram          000000
__Hramtop                         ramtop       000800
__Hrbit                           rbit         000000
__Hrbss                           rbss         000000
__Hrdata                          rdata        000000
__Hreset_vec                      reset_vec    000004
__Hrparam                         rparam       000000
__Hsfr                            sfr          000000
__Hsmallconst                     smallconst   0008CC
__Hspace_0                        (abs)        30000E
__Hspace_1                        (abs)        000389
__Hspace_2                        (abs)        000000
__Hstack                          stack        000000
__Hstruct                         struct       000000
__Htemp                           temp         000043
__Htext                           text         000000
__Htext0                          text0        000000
__Htext1                          text1        000000
__Htext10                         text10       000000
__Htext11                         text11       000000
__Htext12                         text12       000000
__Htext13                         text13       000000
__Htext14                         text14       000000
__Htext15                         text15       000000
__Htext16                         text16       000000
__Htext17                         text17       000000
__Htext18                         text18       000000
__Htext19                         text19       000000
__Htext2                          text2        000000
__Htext20                         text20       000000
__Htext21                         text21       000000
__Htext22                         text22       000000
__Htext23                         text23       000000
__Htext25                         text25       000000
__Htext26                         text26       000000
__Htext27                         text27       000000
__Htext28                         text28       000000
__Htext29                         text29       000000
__Htext3                          text3        000000
__Htext4                          text4        000000
__Htext5                          text5        000000
__Htext6                          text6        000000
__Htext7                          text7        000000
__Htext8                          text8        000000
__Htext9                          text9        000000
__LRAM                            (abs)        000001
__Labs1                           abs1         000000
__Lbank0                          bank0        000000
__Lbank1                          bank1        000000
__Lbank2                          bank2        000000
__Lbank3                          bank3        000000
__Lbank4                          bank4        000000
__Lbank5                          bank5        000000
__Lbank6                          bank6        000000
__Lbank7                          bank7        000000
__Lbigbss                         bigbss       000000
__Lbigdata                        bigdata      000000
__Lbigram                         bigram       000000
__Lbss                            bss          000000
__LbssBANK0                       bssBANK0     000000
__LbssBANK1                       bssBANK1     000000
__LbssBIGRAM                      bssBIGRAM    000000
__LbssCOMRAM                      bssCOMRAM    000000
__Lcinit                          cinit        000000
__Lclrtext                        clrtext      000000
__Lcomram                         comram       000000
__Lconfig                         config       300000
__Lconst                          const        000000
__LcstackBANK0                    cstackBANK0  000000
__LcstackCOMRAM                   cstackCOMRAM 000000
__Ldata                           data         000000
__LdataBANK0                      dataBANK0    000000
__LdataBANK1                      dataBANK1    000000
__LdataCOMRAM                     dataCOMRAM   000000
__Leeprom_data                    eeprom_data  000000
__Lfarbss                         farbss       000000
__Lfardata                        fardata      000000
__Libigdata                       ibigdata     000000
__Lidata                          idata        000000
__LidataBANK0                     idataBANK0   000000
__LidataBANK1                     idataBANK1   000000
__LidataCOMRAM                    idataCOMRAM  000000
__Lidloc                          idloc        200000
__Lifardata                       ifardata     000000
__Linit                           init         00000E
__Lintcode                        intcode      000008
__Lintcode_body                   intcode_body 000000
__Lintcodelo                      intcodelo    00000E
__Lintentry                       intentry     000000
__Lintret                         intret       000000
__Lintsave_regs                   intsave_regs 000000
__Lirdata                         irdata       000000
__Lmediumconst                    mediumconst  000000
__LnvFARRAM                       nvFARRAM     000000
__Lnvbit                          nvbit        000000
__Lnvrram                         nvrram       000000
__Lparam                          rparam       000000
__Lpowerup                        powerup      00000E
__Lram                            ram          000000
__Lramtop                         ramtop       000800
__Lrbit                           rbit         000000
__Lrbss                           rbss         000000
__Lrdata                          rdata        000000
__Lreset_vec                      reset_vec    000000
__Lrparam                         rparam       000000
__Lsfr                            sfr          000000
__Lsmallconst                     smallconst   000800
__Lspace_0                        (abs)        000000
__Lspace_1                        (abs)        000000
__Lspace_2                        (abs)        000000
__Lstack                          stack        000000
__Lstruct                         struct       000000
__Ltemp                           temp         000042
__Ltext                           text         000000
__Ltext0                          text0        000000
__Ltext1                          text1        000000
__Ltext10                         text10       000000
__Ltext11                         text11       000000
__Ltext12                         text12       000000
__Ltext13                         text13       000000
__Ltext14                         text14       000000
__Ltext15                         text15       000000
__Ltext16                         text16       000000
__Ltext17                         text17       000000
__Ltext18                         text18       000000
__Ltext19                         text19       000000
__Ltext2                          text2        000000
__Ltext20                         text20       000000
__Ltext21                         text21       000000
__Ltext22                         text22       000000
__Ltext23                         text23       000000
__Ltext25                         text25       000000
__Ltext26                         text26       000000
__Ltext27                         text27       000000
__Ltext28                         text28       000000
__Ltext29                         text29       000000
__Ltext3                          text3        000000
__Ltext4                          text4        000000
__Ltext5                          text5        000000
__Ltext6                          text6        000000
__Ltext7                          text7        000000
__Ltext8                          text8        000000
__Ltext9                          text9        000000
__S0                              (abs)        30000E
__S1                              (abs)        000389
__S2                              (abs)        000000
___aldiv                          text18       000F08
___aldiv@counter                  cstackBANK0  0000CC
___aldiv@dividend                 cstackBANK0  0000C4
___aldiv@divisor                  cstackBANK0  0000C8
___aldiv@quotient                 cstackBANK0  0000CE
___aldiv@sign                     cstackBANK0  0000CD
___inthi_sp                       stack        000000
___intlo_sp                       stack        000000
___param_bank                     (abs)        000000
___rparam_used                    (abs)        000001
___sp                             stack        000000
__accesstop                       (abs)        000060
__activetblptr                    (abs)        000002
__end_of_GPSRead                  text27       000B64
__end_of___aldiv                  text18       000FD6
__end_of__initialization          cinit        0010FE
__end_of_config_timer_dois        text15       0016D4
__end_of_config_timer_zero        text13       00164A
__end_of_configura_baudrate_uart  text17       000DD6
__end_of_dados_gps_to_sd          text21       001532
__end_of_delay                    text8        0015C8
__end_of_endereco_cursor_lcd      text3        001406
__end_of_escalonador              text20       00131E
__end_of_escreve_caractere_lcd    text5        001396
__end_of_escreve_cmd_lcd          text7        0011A0
__end_of_escreve_frase_ram_lcd    text4        00145A
__end_of_inicializa_tarefas       text19       0015EE
__end_of_inicializa_uart          text16       001612
__end_of_init_hardware            text9        001660
__end_of_init_interrupt           text12       001672
__end_of_init_lcd                 text6        001074
__end_of_init_oscilador           text11       0016DC
__end_of_init_ports               text10       00162E
__end_of_isr                      intcode_body 000CA4
__end_of_main                     text0        00159E
__end_of_mensagem_inicial         text1        001226
__end_of_monta_sd                 text22       000F08
__end_of_posicao_cursor_lcd       text2        0012A4
__end_of_recebe_dado_uart         text26       0016A8
__end_of_strcmp                   text29       0014F0
__end_of_stringcpy                text28       0014A8
__end_of_strlen                   text23       001570
__end_of_write_timer_zero         text14       001684
__end_ofi2_write_timer_zero       text25       001696
__end_ofmensagem_inicial@F4127    smallconst   000823
__end_ofmensagem_inicial@F4129    smallconst   000812
__initialization                  cinit        001074
__mediumconst                     mediumconst  000000
__pbssBANK0                       bssBANK0     000060
__pbssBANK1                       bssBANK1     000100
__pbssBIGRAM                      bssBIGRAM    000169
__pbssCOMRAM                      bssCOMRAM    000001
__pcinit                          cinit        001074
__pcstackBANK0                    cstackBANK0  0000C4
__pcstackCOMRAM                   cstackCOMRAM 000021
__pdataBANK0                      dataBANK0    0000EE
__pdataBANK1                      dataBANK1    00015A
__pdataCOMRAM                     dataCOMRAM   000041
__pidataBANK0                     idataBANK0   0016B7
__pidataBANK1                     idataBANK1   0016A8
__pidataCOMRAM                    idataCOMRAM  0016DC
__pintcode                        intcode      000008
__pintcode_body                   intcode_body 000B64
__psmallconst                     smallconst   000800
__ptext0                          text0        001570
__ptext1                          text1        0011A0
__ptext10                         text10       001612
__ptext11                         text11       0016D4
__ptext12                         text12       001660
__ptext13                         text13       00162E
__ptext14                         text14       001672
__ptext15                         text15       0016C6
__ptext16                         text16       0015EE
__ptext17                         text17       000CA4
__ptext18                         text18       000F08
__ptext19                         text19       0015C8
__ptext2                          text2        001226
__ptext20                         text20       0012A4
__ptext21                         text21       0014F0
__ptext22                         text22       000DD6
__ptext23                         text23       001532
__ptext25                         text25       001684
__ptext26                         text26       001696
__ptext27                         text27       0008CC
__ptext28                         text28       00145A
__ptext29                         text29       0014A8
__ptext3                          text3        001396
__ptext4                          text4        001406
__ptext5                          text5        00131E
__ptext6                          text6        000FD6
__ptext7                          text7        00110C
__ptext8                          text8        00159E
__ptext9                          text9        00164A
__ramtop                          ramtop       000800
__size_of_GPSRead                 (abs)        000000
__size_of___aldiv                 (abs)        000000
__size_of_config_timer_dois       (abs)        000000
__size_of_config_timer_zero       (abs)        000000
__size_of_configura_baudrate_uart (abs)        000000
__size_of_dados_gps_to_sd         (abs)        000000
__size_of_delay                   (abs)        000000
__size_of_endereco_cursor_lcd     (abs)        000000
__size_of_escalonador             (abs)        000000
__size_of_escreve_caractere_lcd   (abs)        000000
__size_of_escreve_cmd_lcd         (abs)        000000
__size_of_escreve_frase_ram_lcd   (abs)        000000
__size_of_inicializa_tarefas      (abs)        000000
__size_of_inicializa_uart         (abs)        000000
__size_of_init_hardware           (abs)        000000
__size_of_init_interrupt          (abs)        000000
__size_of_init_lcd                (abs)        000000
__size_of_init_oscilador          (abs)        000000
__size_of_init_ports              (abs)        000000
__size_of_isr                     (abs)        000000
__size_of_main                    (abs)        000000
__size_of_mensagem_inicial        (abs)        000000
__size_of_monta_sd                (abs)        000000
__size_of_posicao_cursor_lcd      (abs)        000000
__size_of_recebe_dado_uart        (abs)        000000
__size_of_strcmp                  (abs)        000000
__size_of_stringcpy               (abs)        000000
__size_of_strlen                  (abs)        000000
__size_of_write_timer_zero        (abs)        000000
__size_ofi2_write_timer_zero      (abs)        000000
__smallconst                      smallconst   000800
_buffer                           bssBANK0     00008D
_char_number                      bssCOMRAM    00001B
_config_timer_dois                text15       0016C6
_config_timer_zero                text13       00162E
_configura_baudrate_uart          text17       000CA4
_dado                             bssCOMRAM    000015
_dado_arquivo                     bssBANK1     00012C
_dados_gps_to_sd                  text21       0014F0
_data_buff                        bssCOMRAM    00000D
_data_hoje                        bssCOMRAM    000018
_data_uart_recebe                 bssCOMRAM    00001D
_delay                            text8        00159E
_endereco_cursor_lcd              text3        001396
_escalonador                      text20       0012A4
_escreve_caractere_lcd            text5        00131E
_escreve_cmd_lcd                  text7        00110C
_escreve_frase_ram_lcd            text4        001406
_estado                           bssCOMRAM    000017
_fil                              bssBANK0     000071
_filename                         dataBANK1    00015A
_fs                               bssBIGRAM    000169
_fsid                             bssCOMRAM    000009
_inicializa_tarefas               text19       0015C8
_inicializa_uart                  text16       0015EE
_init_hardware                    text9        00164A
_init_interrupt                   text12       001660
_init_lcd                         text6        000FD6
_init_oscilador                   text11       0016D4
_init_ports                       text10       001612
_isr                              intcode      000008
_main                             text0        001570
_mensagem_inicial                 text1        0011A0
_monta_sd                         text22       000DD6
_p_tarefas                        bssBANK0     00006C
_poligono                         bssBANK0     000060
_posicao_cursor_lcd               text2        001226
_rawAltitude                      bssBANK0     0000A4
_rawCourse                        bssBANK0     0000B2
_rawDate                          bssBANK0     0000AB
_rawLatitude                      bssBANK1     00014D
_rawLongitude                     bssBANK1     000140
_rawSatellites                    bssCOMRAM    00001E
_rawSpeed                         bssBANK0     0000B8
_rawTime                          bssBANK0     000099
_recebe_dado_uart                 text26       001696
_sentence                         bssBANK0     0000BE
_sinaliza_int_timer               bssBANK0     000070
_strcmp                           text29       0014A8
_string_dado                      bssBANK1     000100
_stringcpy                        text28       00145A
_strlen                           text23       001532
_tarefa_em_execucao               bssCOMRAM    00001C
_tempo_backup                     bssCOMRAM    000005
_tempo_tarefa                     bssCOMRAM    000001
_timeout_tarefa                   bssCOMRAM    000013
_write_timer_zero                 text14       001672
btemp                             temp         000042
configura_baudrate_uart@baudrate  cstackBANK0  0000D2
configura_baudrate_uart@x         cstackBANK0  0000DE
delay@contador_ext                cstackBANK0  0000C4
delay@contador_int                cstackBANK0  0000C5
end_of_initialization             cinit        0010FE
endereco_cursor_lcd@endereco      cstackBANK0  0000C6
escalonador@cont                  cstackBANK0  0000C6
escreve_caractere_lcd@data        cstackBANK0  0000C6
escreve_cmd_lcd@comando           cstackBANK0  0000C6
escreve_frase_ram_lcd@buffer      cstackBANK0  0000C7
escreve_inteiro_lcd@F3966         dataBANK0    0000F5
escreve_inteiro_uart@F3958        dataBANK0    0000EE
i2_write_timer_zero               text25       001684
i2write_timer_zero@timer          cstackCOMRAM 000023
i2write_timer_zero@timer0         cstackCOMRAM 000021
int$flags                         temp         000042
int_func                          intcode_body 000B64
intlevel0                         text         000000
intlevel1                         text         000000
intlevel2                         text         000000
intlevel3                         text         000000
isr@cont                          cstackCOMRAM 000040
leitura_sdcard@size               dataCOMRAM   000041
mensagem_inicial@F4127            smallconst   000812
mensagem_inicial@F4129            smallconst   000801
mensagem_inicial@msg_dois         cstackBANK0  0000DD
mensagem_inicial@msg_linha_um     cstackBANK0  0000CC
monta_sd@dado                     cstackBANK0  0000CA
monta_sd@i                        cstackBANK0  0000CE
monta_sd@index                    cstackBANK0  0000CC
monta_sd@size                     cstackBANK0  0000CD
posicao_cursor_lcd@coluna         cstackBANK0  0000C7
posicao_cursor_lcd@endereco       cstackBANK0  0000C9
posicao_cursor_lcd@linha          cstackBANK0  0000C8
stackhi                           (abs)        0007FF
stacklo                           (abs)        000389
start                             init         00000E
start_initialization              cinit        001074
strcmp@r                          cstackCOMRAM 000026
strcmp@s1                         cstackCOMRAM 000021
strcmp@s2                         cstackCOMRAM 000023
stringcpy@chr                     cstackCOMRAM 000029
stringcpy@dir                     cstackCOMRAM 000025
stringcpy@str1                    cstackCOMRAM 000021
stringcpy@str2                    cstackCOMRAM 000023
strlen@cp                         cstackBANK0  0000C8
strlen@s                          cstackBANK0  0000C4
timer_dois@flag                   bssCOMRAM    000016
write_timer_zero@timer            cstackBANK0  0000C6
write_timer_zero@timer0           cstackBANK0  0000C4
wtemp6                            temp         000043


FUNCTION INFORMATION:

 *************** function _main *****************
 Defined at:
		line 198 in file "main.c"
 Parameters:    Size  Location     Type
		None
 Auto vars:     Size  Location     Type
		None
 Return value:  Size  Location     Type
                  1    wreg      void 
 Registers used:
		wreg, fsr0l, fsr0h, fsr1l, fsr1h, fsr2l, fsr2h, status,2, status,0, tblptrl, tblptrh, tblptru, prodl, prodh, cstack
 Tracked objects:
		On entry : 
		On exit  : 
		Unchanged: 
 Data sizes:     COMRAM   BANK0   BANK1   BANK2   BANK3   BANK4   BANK5   BANK6   BANK7
      Params:         0       0       0       0       0       0       0       0       0
      Locals:         0       0       0       0       0       0       0       0       0
      Temps:          0       0       0       0       0       0       0       0       0
      Totals:         0       0       0       0       0       0       0       0       0
Total ram usage:        0 bytes
 Hardware stack levels required when called:    7
 This function calls:
		_dados_gps_to_sd
		_escalonador
		_inicializa_tarefas
		_inicializa_uart
		_init_hardware
		_init_lcd
		_mensagem_inicial
 This function is called by:
		Startup code after reset
 This function uses a non-reentrant model


 *************** function _mensagem_inicial *****************
 Defined at:
		line 225 in file "main.c"
 Parameters:    Size  Location     Type
		None
 Auto vars:     Size  Location     Type
  msg_dois       17   25[BANK0 ] const unsigned char [17]
  msg_linha_um   17    8[BANK0 ] const unsigned char [17]
 Return value:  Size  Location     Type
                  1    wreg      void 
 Registers used:
		wreg, fsr0l, fsr0h, fsr2l, fsr2h, status,2, status,0, tblptrl, tblptrh, tblptru, cstack
 Tracked objects:
		On entry : 
		On exit  : 
		Unchanged: 
 Data sizes:     COMRAM   BANK0   BANK1   BANK2   BANK3   BANK4   BANK5   BANK6   BANK7
      Params:         0       0       0       0       0       0       0       0       0
      Locals:         0      34       0       0       0       0       0       0       0
      Temps:          0       2       0       0       0       0       0       0       0
      Totals:         0      36       0       0       0       0       0       0       0
Total ram usage:       36 bytes
 Hardware stack levels used:    1
 Hardware stack levels required when called:    6
 This function calls:
		_escreve_cmd_lcd
		_escreve_frase_ram_lcd
		_posicao_cursor_lcd
 This function is called by:
		_main
 This function uses a non-reentrant model


 *************** function _posicao_cursor_lcd *****************
 Defined at:
		line 271 in file "bibliotecas/display_lcd.c"
 Parameters:    Size  Location     Type
  linha           1    wreg     unsigned char 
  coluna          1    3[BANK0 ] unsigned char 
 Auto vars:     Size  Location     Type
  linha           1    4[BANK0 ] unsigned char 
  endereco        1    5[BANK0 ] unsigned char 
 Return value:  Size  Location     Type
                  1    wreg      void 
 Registers used:
		wreg, status,2, status,0, cstack
 Tracked objects:
		On entry : 
		On exit  : 
		Unchanged: 
 Data sizes:     COMRAM   BANK0   BANK1   BANK2   BANK3   BANK4   BANK5   BANK6   BANK7
      Params:         0       1       0       0       0       0       0       0       0
      Locals:         0       2       0       0       0       0       0       0       0
      Temps:          0       0       0       0       0       0       0       0       0
      Totals:         0       3       0       0       0       0       0       0       0
Total ram usage:        3 bytes
 Hardware stack levels used:    1
 Hardware stack levels required when called:    5
 This function calls:
		_endereco_cursor_lcd
 This function is called by:
		_mensagem_inicial
		_sdcard_init
		_escrita_sdcard
		_sdc_reset
		_sdc_disk_initialize
 This function uses a non-reentrant model


 *************** function _endereco_cursor_lcd *****************
 Defined at:
		line 218 in file "bibliotecas/display_lcd.c"
 Parameters:    Size  Location     Type
  endereco        1    wreg     unsigned char 
 Auto vars:     Size  Location     Type
  endereco        1    2[BANK0 ] unsigned char 
 Return value:  Size  Location     Type
                  1    wreg      void 
 Registers used:
		wreg, status,2, status,0, cstack
 Tracked objects:
		On entry : 
		On exit  : 
		Unchanged: 
 Data sizes:     COMRAM   BANK0   BANK1   BANK2   BANK3   BANK4   BANK5   BANK6   BANK7
      Params:         0       0       0       0       0       0       0       0       0
      Locals:         0       1       0       0       0       0       0       0       0
      Temps:          0       0       0       0       0       0       0       0       0
      Totals:         0       1       0       0       0       0       0       0       0
Total ram usage:        1 bytes
 Hardware stack levels used:    1
 Hardware stack levels required when called:    4
 This function calls:
		_delay
 This function is called by:
		_posicao_cursor_lcd
		_cria_caractere_lcd
 This function uses a non-reentrant model


 *************** function _escreve_frase_ram_lcd *****************
 Defined at:
		line 445 in file "bibliotecas/display_lcd.c"
 Parameters:    Size  Location     Type
  buffer          2    3[BANK0 ] PTR unsigned char 
		 -> escreve_inteiro_lcd@texto(7), STR_13(11), STR_12(10), STR_11(16), 
		 -> STR_10(11), string_dado(44), STR_8(9), STR_7(10), 
		 -> STR_6(10), STR_5(14), STR_4(21), STR_3(15), 
		 -> mensagem_inicial@msg_dois(17), mensagem_inicial@msg_linha_um(17), 
 Auto vars:     Size  Location     Type
		None
 Return value:  Size  Location     Type
                  1    wreg      void 
 Registers used:
		wreg, fsr0l, fsr0h, status,2, status,0, tblptrl, tblptrh, tblptru, cstack
 Tracked objects:
		On entry : 
		On exit  : 
		Unchanged: 
 Data sizes:     COMRAM   BANK0   BANK1   BANK2   BANK3   BANK4   BANK5   BANK6   BANK7
      Params:         0       2       0       0       0       0       0       0       0
      Locals:         0       0       0       0       0       0       0       0       0
      Temps:          0       0       0       0       0       0       0       0       0
      Totals:         0       2       0       0       0       0       0       0       0
Total ram usage:        2 bytes
 Hardware stack levels used:    1
 Hardware stack levels required when called:    5
 This function calls:
		_escreve_caractere_lcd
 This function is called by:
		_mensagem_inicial
		_sdcard_init
		_escrita_sdcard
		_sdc_reset
		_sdc_disk_initialize
		_escreve_inteiro_lcd
 This function uses a non-reentrant model


 *************** function _escreve_caractere_lcd *****************
 Defined at:
		line 323 in file "bibliotecas/display_lcd.c"
 Parameters:    Size  Location     Type
  data            1    wreg     unsigned char 
 Auto vars:     Size  Location     Type
  data            1    2[BANK0 ] unsigned char 
 Return value:  Size  Location     Type
                  1    wreg      void 
 Registers used:
		wreg, status,2, status,0, cstack
 Tracked objects:
		On entry : 
		On exit  : 
		Unchanged: 
 Data sizes:     COMRAM   BANK0   BANK1   BANK2   BANK3   BANK4   BANK5   BANK6   BANK7
      Params:         0       0       0       0       0       0       0       0       0
      Locals:         0       1       0       0       0       0       0       0       0
      Temps:          0       0       0       0       0       0       0       0       0
      Totals:         0       1       0       0       0       0       0       0       0
Total ram usage:        1 bytes
 Hardware stack levels used:    1
 Hardware stack levels required when called:    4
 This function calls:
		_delay
 This function is called by:
		_escreve_frase_ram_lcd
		_escreve_float_lcd
		_escreve_frase_lcd
		_cria_caractere_lcd
 This function uses a non-reentrant model


 *************** function _init_lcd *****************
 Defined at:
		line 71 in file "bibliotecas/display_lcd.c"
 Parameters:    Size  Location     Type
		None
 Auto vars:     Size  Location     Type
		None
 Return value:  Size  Location     Type
                  1    wreg      void 
 Registers used:
		wreg, status,2, status,0, cstack
 Tracked objects:
		On entry : 
		On exit  : 
		Unchanged: 
 Data sizes:     COMRAM   BANK0   BANK1   BANK2   BANK3   BANK4   BANK5   BANK6   BANK7
      Params:         0       0       0       0       0       0       0       0       0
      Locals:         0       0       0       0       0       0       0       0       0
      Temps:          0       1       0       0       0       0       0       0       0
      Totals:         0       1       0       0       0       0       0       0       0
Total ram usage:        1 bytes
 Hardware stack levels used:    1
 Hardware stack levels required when called:    5
 This function calls:
		_delay
		_escreve_cmd_lcd
 This function is called by:
		_main
 This function uses a non-reentrant model


 *************** function _escreve_cmd_lcd *****************
 Defined at:
		line 162 in file "bibliotecas/display_lcd.c"
 Parameters:    Size  Location     Type
  comando         1    wreg     unsigned char 
 Auto vars:     Size  Location     Type
  comando         1    2[BANK0 ] unsigned char 
 Return value:  Size  Location     Type
                  1    wreg      void 
 Registers used:
		wreg, status,2, status,0, cstack
 Tracked objects:
		On entry : 
		On exit  : 
		Unchanged: 
 Data sizes:     COMRAM   BANK0   BANK1   BANK2   BANK3   BANK4   BANK5   BANK6   BANK7
      Params:         0       0       0       0       0       0       0       0       0
      Locals:         0       1       0       0       0       0       0       0       0
      Temps:          0       0       0       0       0       0       0       0       0
      Totals:         0       1       0       0       0       0       0       0       0
Total ram usage:        1 bytes
 Hardware stack levels used:    1
 Hardware stack levels required when called:    4
 This function calls:
		_delay
 This function is called by:
		_mensagem_inicial
		_init_lcd
		_cria_caractere_lcd
 This function uses a non-reentrant model


 *************** function _delay *****************
 Defined at:
		line 45 in file "bibliotecas/display_lcd.c"
 Parameters:    Size  Location     Type
		None
 Auto vars:     Size  Location     Type
  contador_int    1    1[BANK0 ] unsigned char 
  contador_ext    1    0[BANK0 ] unsigned char 
 Return value:  Size  Location     Type
                  1    wreg      void 
 Registers used:
		wreg, status,2, status,0
 Tracked objects:
		On entry : 
		On exit  : 
		Unchanged: 
 Data sizes:     COMRAM   BANK0   BANK1   BANK2   BANK3   BANK4   BANK5   BANK6   BANK7
      Params:         0       0       0       0       0       0       0       0       0
      Locals:         0       2       0       0       0       0       0       0       0
      Temps:          0       0       0       0       0       0       0       0       0
      Totals:         0       2       0       0       0       0       0       0       0
Total ram usage:        2 bytes
 Hardware stack levels used:    1
 Hardware stack levels required when called:    3
 This function calls:
		Nothing
 This function is called by:
		_init_lcd
		_escreve_cmd_lcd
		_endereco_cursor_lcd
		_escreve_caractere_lcd
 This function uses a non-reentrant model


 *************** function _init_hardware *****************
 Defined at:
		line 55 in file "bibliotecas/hardware.c"
 Parameters:    Size  Location     Type
		None
 Auto vars:     Size  Location     Type
		None
 Return value:  Size  Location     Type
                  1    wreg      void 
 Registers used:
		wreg, status,2, cstack
 Tracked objects:
		On entry : 
		On exit  : 
		Unchanged: 
 Data sizes:     COMRAM   BANK0   BANK1   BANK2   BANK3   BANK4   BANK5   BANK6   BANK7
      Params:         0       0       0       0       0       0       0       0       0
      Locals:         0       0       0       0       0       0       0       0       0
      Temps:          0       0       0       0       0       0       0       0       0
      Totals:         0       0       0       0       0       0       0       0       0
Total ram usage:        0 bytes
 Hardware stack levels used:    1
 Hardware stack levels required when called:    5
 This function calls:
		_config_timer_dois
		_config_timer_zero
		_init_interrupt
		_init_oscilador
		_init_ports
 This function is called by:
		_main
 This function uses a non-reentrant model


 *************** function _init_ports *****************
 Defined at:
		line 154 in file "bibliotecas/hardware.c"
 Parameters:    Size  Location     Type
		None
 Auto vars:     Size  Location     Type
		None
 Return value:  Size  Location     Type
                  1    wreg      void 
 Registers used:
		wreg, status,2
 Tracked objects:
		On entry : 
		On exit  : 
		Unchanged: 
 Data sizes:     COMRAM   BANK0   BANK1   BANK2   BANK3   BANK4   BANK5   BANK6   BANK7
      Params:         0       0       0       0       0       0       0       0       0
      Locals:         0       0       0       0       0       0       0       0       0
      Temps:          0       0       0       0       0       0       0       0       0
      Totals:         0       0       0       0       0       0       0       0       0
Total ram usage:        0 bytes
 Hardware stack levels used:    1
 Hardware stack levels required when called:    3
 This function calls:
		Nothing
 This function is called by:
		_init_hardware
 This function uses a non-reentrant model


 *************** function _init_oscilador *****************
 Defined at:
		line 172 in file "bibliotecas/hardware.c"
 Parameters:    Size  Location     Type
		None
 Auto vars:     Size  Location     Type
		None
 Return value:  Size  Location     Type
                  1    wreg      void 
 Registers used:
		None
 Tracked objects:
		On entry : 
		On exit  : 
		Unchanged: 
 Data sizes:     COMRAM   BANK0   BANK1   BANK2   BANK3   BANK4   BANK5   BANK6   BANK7
      Params:         0       0       0       0       0       0       0       0       0
      Locals:         0       0       0       0       0       0       0       0       0
      Temps:          0       0       0       0       0       0       0       0       0
      Totals:         0       0       0       0       0       0       0       0       0
Total ram usage:        0 bytes
 Hardware stack levels used:    1
 Hardware stack levels required when called:    3
 This function calls:
		Nothing
 This function is called by:
		_init_hardware
 This function uses a non-reentrant model


 *************** function _init_interrupt *****************
 Defined at:
		line 98 in file "bibliotecas/hardware.c"
 Parameters:    Size  Location     Type
		None
 Auto vars:     Size  Location     Type
		None
 Return value:  Size  Location     Type
                  1    wreg      void 
 Registers used:
		wreg, status,2
 Tracked objects:
		On entry : 
		On exit  : 
		Unchanged: 
 Data sizes:     COMRAM   BANK0   BANK1   BANK2   BANK3   BANK4   BANK5   BANK6   BANK7
      Params:         0       0       0       0       0       0       0       0       0
      Locals:         0       0       0       0       0       0       0       0       0
      Temps:          0       0       0       0       0       0       0       0       0
      Totals:         0       0       0       0       0       0       0       0       0
Total ram usage:        0 bytes
 Hardware stack levels used:    1
 Hardware stack levels required when called:    3
 This function calls:
		Nothing
 This function is called by:
		_init_hardware
 This function uses a non-reentrant model


 *************** function _config_timer_zero *****************
 Defined at:
		line 83 in file "bibliotecas/hardware.c"
 Parameters:    Size  Location     Type
		None
 Auto vars:     Size  Location     Type
		None
 Return value:  Size  Location     Type
                  1    wreg      void 
 Registers used:
		wreg, status,2, cstack
 Tracked objects:
		On entry : 
		On exit  : 
		Unchanged: 
 Data sizes:     COMRAM   BANK0   BANK1   BANK2   BANK3   BANK4   BANK5   BANK6   BANK7
      Params:         0       0       0       0       0       0       0       0       0
      Locals:         0       0       0       0       0       0       0       0       0
      Temps:          0       0       0       0       0       0       0       0       0
      Totals:         0       0       0       0       0       0       0       0       0
Total ram usage:        0 bytes
 Hardware stack levels used:    1
 Hardware stack levels required when called:    4
 This function calls:
		_write_timer_zero
 This function is called by:
		_init_hardware
 This function uses a non-reentrant model


 *************** function _write_timer_zero *****************
 Defined at:
		line 138 in file "bibliotecas/hardware.c"
 Parameters:    Size  Location     Type
  timer0          2    0[BANK0 ] unsigned int 
 Auto vars:     Size  Location     Type
  timer           2    2[BANK0 ] struct Timers
 Return value:  Size  Location     Type
                  1    wreg      void 
 Registers used:
		None
 Tracked objects:
		On entry : 
		On exit  : 
		Unchanged: 
 Data sizes:     COMRAM   BANK0   BANK1   BANK2   BANK3   BANK4   BANK5   BANK6   BANK7
      Params:         0       2       0       0       0       0       0       0       0
      Locals:         0       2       0       0       0       0       0       0       0
      Temps:          0       0       0       0       0       0       0       0       0
      Totals:         0       4       0       0       0       0       0       0       0
Total ram usage:        4 bytes
 Hardware stack levels used:    1
 Hardware stack levels required when called:    3
 This function calls:
		Nothing
 This function is called by:
		_config_timer_zero
 This function uses a non-reentrant model


 *************** function _config_timer_dois *****************
 Defined at:
		line 201 in file "bibliotecas/hardware.c"
 Parameters:    Size  Location     Type
		None
 Auto vars:     Size  Location     Type
		None
 Return value:  Size  Location     Type
                  1    wreg      void 
 Registers used:
		wreg, status,2
 Tracked objects:
		On entry : 
		On exit  : 
		Unchanged: 
 Data sizes:     COMRAM   BANK0   BANK1   BANK2   BANK3   BANK4   BANK5   BANK6   BANK7
      Params:         0       0       0       0       0       0       0       0       0
      Locals:         0       0       0       0       0       0       0       0       0
      Temps:          0       0       0       0       0       0       0       0       0
      Totals:         0       0       0       0       0       0       0       0       0
Total ram usage:        0 bytes
 Hardware stack levels used:    1
 Hardware stack levels required when called:    3
 This function calls:
		Nothing
 This function is called by:
		_init_hardware
 This function uses a non-reentrant model


 *************** function _inicializa_uart *****************
 Defined at:
		line 206 in file "bibliotecas/uart.c"
 Parameters:    Size  Location     Type
		None
 Auto vars:     Size  Location     Type
		None
 Return value:  Size  Location     Type
                  1    wreg      void 
 Registers used:
		wreg, status,2, status,0, cstack
 Tracked objects:
		On entry : 
		On exit  : 
		Unchanged: 
 Data sizes:     COMRAM   BANK0   BANK1   BANK2   BANK3   BANK4   BANK5   BANK6   BANK7
      Params:         0       0       0       0       0       0       0       0       0
      Locals:         0       0       0       0       0       0       0       0       0
      Temps:          0       0       0       0       0       0       0       0       0
      Totals:         0       0       0       0       0       0       0       0       0
Total ram usage:        0 bytes
 Hardware stack levels used:    1
 Hardware stack levels required when called:    5
 This function calls:
		_configura_baudrate_uart
 This function is called by:
		_main
		_escrita_sdcard
		_leitura_sdcard
 This function uses a non-reentrant model


 *************** function _configura_baudrate_uart *****************
 Defined at:
		line 50 in file "bibliotecas/uart.c"
 Parameters:    Size  Location     Type
  baudrate        4   14[BANK0 ] const long 
 Auto vars:     Size  Location     Type
  x               2   26[BANK0 ] unsigned int 
 Return value:  Size  Location     Type
                  1    wreg      unsigned char 
 Registers used:
		wreg, status,2, status,0, cstack
 Tracked objects:
		On entry : 
		On exit  : 
		Unchanged: 
 Data sizes:     COMRAM   BANK0   BANK1   BANK2   BANK3   BANK4   BANK5   BANK6   BANK7
      Params:         0       4       0       0       0       0       0       0       0
      Locals:         0       2       0       0       0       0       0       0       0
      Temps:          0       8       0       0       0       0       0       0       0
      Totals:         0      14       0       0       0       0       0       0       0
Total ram usage:       14 bytes
 Hardware stack levels used:    1
 Hardware stack levels required when called:    4
 This function calls:
		___aldiv
 This function is called by:
		_inicializa_uart
 This function uses a non-reentrant model


 *************** function ___aldiv *****************
 Defined at:
		line 8 in file "C:\Program Files (x86)\Microchip\xc8\v1.45\sources\common\aldiv.c"
 Parameters:    Size  Location     Type
  dividend        4    0[BANK0 ] long 
  divisor         4    4[BANK0 ] long 
 Auto vars:     Size  Location     Type
  quotient        4   10[BANK0 ] long 
  sign            1    9[BANK0 ] unsigned char 
  counter         1    8[BANK0 ] unsigned char 
 Return value:  Size  Location     Type
                  4    0[BANK0 ] long 
 Registers used:
		wreg, status,2, status,0
 Tracked objects:
		On entry : 
		On exit  : 
		Unchanged: 
 Data sizes:     COMRAM   BANK0   BANK1   BANK2   BANK3   BANK4   BANK5   BANK6   BANK7
      Params:         0       8       0       0       0       0       0       0       0
      Locals:         0       6       0       0       0       0       0       0       0
      Temps:          0       0       0       0       0       0       0       0       0
      Totals:         0      14       0       0       0       0       0       0       0
Total ram usage:       14 bytes
 Hardware stack levels used:    1
 Hardware stack levels required when called:    3
 This function calls:
		Nothing
 This function is called by:
		_configura_baudrate_uart
 This function uses a non-reentrant model


 *************** function _inicializa_tarefas *****************
 Defined at:
		line 145 in file "main.c"
 Parameters:    Size  Location     Type
		None
 Auto vars:     Size  Location     Type
		None
 Return value:  Size  Location     Type
                  1    wreg      void 
 Registers used:
		wreg, status,2
 Tracked objects:
		On entry : 
		On exit  : 
		Unchanged: 
 Data sizes:     COMRAM   BANK0   BANK1   BANK2   BANK3   BANK4   BANK5   BANK6   BANK7
      Params:         0       0       0       0       0       0       0       0       0
      Locals:         0       0       0       0       0       0       0       0       0
      Temps:          0       0       0       0       0       0       0       0       0
      Totals:         0       0       0       0       0       0       0       0       0
Total ram usage:        0 bytes
 Hardware stack levels used:    1
 Hardware stack levels required when called:    3
 This function calls:
		Nothing
 This function is called by:
		_main
 This function uses a non-reentrant model


 *************** function _escalonador *****************
 Defined at:
		line 177 in file "main.c"
 Parameters:    Size  Location     Type
		None
 Auto vars:     Size  Location     Type
  cont            1    2[BANK0 ] unsigned char 
 Return value:  Size  Location     Type
                  1    wreg      void 
 Registers used:
		wreg, fsr1l, fsr1h, fsr2l, fsr2h, status,2, status,0, prodl, prodh
 Tracked objects:
		On entry : 
		On exit  : 
		Unchanged: 
 Data sizes:     COMRAM   BANK0   BANK1   BANK2   BANK3   BANK4   BANK5   BANK6   BANK7
      Params:         0       0       0       0       0       0       0       0       0
      Locals:         0       1       0       0       0       0       0       0       0
      Temps:          0       2       0       0       0       0       0       0       0
      Totals:         0       3       0       0       0       0       0       0       0
Total ram usage:        3 bytes
 Hardware stack levels used:    1
 Hardware stack levels required when called:    3
 This function calls:
		Nothing
 This function is called by:
		_main
 This function uses a non-reentrant model


 *************** function _dados_gps_to_sd *****************
 Defined at:
		line 632 in file "bibliotecas/GPS.c"
 Parameters:    Size  Location     Type
		None
 Auto vars:     Size  Location     Type
		None
 Return value:  Size  Location     Type
                  1    wreg      void 
 Registers used:
		wreg, fsr1l, fsr1h, fsr2l, fsr2h, status,2, status,0, prodl, prodh, cstack
 Tracked objects:
		On entry : 
		On exit  : 
		Unchanged: 
 Data sizes:     COMRAM   BANK0   BANK1   BANK2   BANK3   BANK4   BANK5   BANK6   BANK7
      Params:         0       0       0       0       0       0       0       0       0
      Locals:         0       0       0       0       0       0       0       0       0
      Temps:          0       0       0       0       0       0       0       0       0
      Totals:         0       0       0       0       0       0       0       0       0
Total ram usage:        0 bytes
 Hardware stack levels used:    1
 Hardware stack levels required when called:    5
 This function calls:
		_monta_sd
 This function is called by:
		_main
 This function uses a non-reentrant model


 *************** function _monta_sd *****************
 Defined at:
		line 287 in file "bibliotecas/SDCard.c"
 Parameters:    Size  Location     Type
  index           1    wreg     unsigned char 
  dado            2    6[BANK0 ] PTR unsigned char 
		 -> rawDate(7), rawLongitude(13), rawLatitude(13), rawTime(11), 
 Auto vars:     Size  Location     Type
  index           1    8[BANK0 ] unsigned char 
  i               1   10[BANK0 ] unsigned char 
  size            1    9[BANK0 ] unsigned char 
 Return value:  Size  Location     Type
                  1    wreg      void 
 Registers used:
		wreg, fsr1l, fsr1h, fsr2l, fsr2h, status,2, status,0, prodl, prodh, cstack
 Tracked objects:
		On entry : 
		On exit  : 
		Unchanged: 
 Data sizes:     COMRAM   BANK0   BANK1   BANK2   BANK3   BANK4   BANK5   BANK6   BANK7
      Params:         0       2       0       0       0       0       0       0       0
      Locals:         0       3       0       0       0       0       0       0       0
      Temps:          0       0       0       0       0       0       0       0       0
      Totals:         0       5       0       0       0       0       0       0       0
Total ram usage:        5 bytes
 Hardware stack levels used:    1
 Hardware stack levels required when called:    4
 This function calls:
		_strlen
 This function is called by:
		_dados_gps_to_sd
 This function uses a non-reentrant model


 *************** function _strlen *****************
 Defined at:
		line 4 in file "C:\Program Files (x86)\Microchip\xc8\v1.45\sources\common\strlen.c"
 Parameters:    Size  Location     Type
  s               2    0[BANK0 ] PTR const unsigned char 
		 -> rawDate(7), rawLongitude(13), rawLatitude(13), rawTime(11), 
 Auto vars:     Size  Location     Type
  cp              2    4[BANK0 ] PTR const unsigned char 
		 -> rawDate(7), rawLongitude(13), rawLatitude(13), rawTime(11), 
 Return value:  Size  Location     Type
                  2    0[BANK0 ] unsigned int 
 Registers used:
		wreg, fsr2l, fsr2h, status,2, status,0
 Tracked objects:
		On entry : 
		On exit  : 
		Unchanged: 
 Data sizes:     COMRAM   BANK0   BANK1   BANK2   BANK3   BANK4   BANK5   BANK6   BANK7
      Params:         0       2       0       0       0       0       0       0       0
      Locals:         0       2       0       0       0       0       0       0       0
      Temps:          0       2       0       0       0       0       0       0       0
      Totals:         0       6       0       0       0       0       0       0       0
Total ram usage:        6 bytes
 Hardware stack levels used:    1
 Hardware stack levels required when called:    3
 This function calls:
		Nothing
 This function is called by:
		_monta_sd
 This function uses a non-reentrant model


 *************** function _isr *****************
 Defined at:
		line 87 in file "main.c"
 Parameters:    Size  Location     Type
		None
 Auto vars:     Size  Location     Type
  cont            1   31[COMRAM] unsigned char 
 Return value:  Size  Location     Type
                  1    wreg      void 
 Registers used:
		wreg, fsr1l, fsr1h, fsr2l, fsr2h, status,2, status,0, tblptrl, tblptrh, tblptru, prodl, prodh, cstack
 Tracked objects:
		On entry : 
		On exit  : 
		Unchanged: 
 Data sizes:     COMRAM   BANK0   BANK1   BANK2   BANK3   BANK4   BANK5   BANK6   BANK7
      Params:         0       0       0       0       0       0       0       0       0
      Locals:         1       0       0       0       0       0       0       0       0
      Temps:         20       0       0       0       0       0       0       0       0
      Totals:        21       0       0       0       0       0       0       0       0
Total ram usage:       21 bytes
 Hardware stack levels used:    1
 Hardware stack levels required when called:    2
 This function calls:
		_GPSRead
		_recebe_dado_uart
		i2_write_timer_zero
 This function is called by:
		Interrupt level 2
 This function uses a non-reentrant model


 *************** function i2_write_timer_zero *****************
 Defined at:
		line 138 in file "bibliotecas/hardware.c"
 Parameters:    Size  Location     Type
  timer0          2    0[COMRAM] unsigned int 
 Auto vars:     Size  Location     Type
  write_timer_    2    2[COMRAM] struct Timers
 Return value:  Size  Location     Type
                  1    wreg      void 
 Registers used:
		None
 Tracked objects:
		On entry : 
		On exit  : 
		Unchanged: 
 Data sizes:     COMRAM   BANK0   BANK1   BANK2   BANK3   BANK4   BANK5   BANK6   BANK7
      Params:         2       0       0       0       0       0       0       0       0
      Locals:         2       0       0       0       0       0       0       0       0
      Temps:          0       0       0       0       0       0       0       0       0
      Totals:         4       0       0       0       0       0       0       0       0
Total ram usage:        4 bytes
 Hardware stack levels used:    1
 This function calls:
		Nothing
 This function is called by:
		_isr
 This function uses a non-reentrant model


 *************** function _recebe_dado_uart *****************
 Defined at:
		line 138 in file "bibliotecas/uart.c"
 Parameters:    Size  Location     Type
		None
 Auto vars:     Size  Location     Type
		None
 Return value:  Size  Location     Type
                  1    wreg      unsigned char 
 Registers used:
		wreg, status,2
 Tracked objects:
		On entry : 
		On exit  : 
		Unchanged: 
 Data sizes:     COMRAM   BANK0   BANK1   BANK2   BANK3   BANK4   BANK5   BANK6   BANK7
      Params:         0       0       0       0       0       0       0       0       0
      Locals:         0       0       0       0       0       0       0       0       0
      Temps:          0       0       0       0       0       0       0       0       0
      Totals:         0       0       0       0       0       0       0       0       0
Total ram usage:        0 bytes
 Hardware stack levels used:    1
 This function calls:
		Nothing
 This function is called by:
		_isr
		_recebe_string_uart
 This function uses a non-reentrant model


 *************** function _GPSRead *****************
 Defined at:
		line 468 in file "bibliotecas/GPS.c"
 Parameters:    Size  Location     Type
  buff            1    wreg     unsigned char 
 Auto vars:     Size  Location     Type
  buff            1    9[COMRAM] unsigned char 
  c               1   10[COMRAM] unsigned char 
 Return value:  Size  Location     Type
                  2    8[None  ] int 
 Registers used:
		wreg, fsr1l, fsr1h, fsr2l, fsr2h, status,2, status,0, tblptrl, tblptrh, tblptru, prodl, prodh, cstack
 Tracked objects:
		On entry : 
		On exit  : 
		Unchanged: 
 Data sizes:     COMRAM   BANK0   BANK1   BANK2   BANK3   BANK4   BANK5   BANK6   BANK7
      Params:         0       0       0       0       0       0       0       0       0
      Locals:         2       0       0       0       0       0       0       0       0
      Temps:          0       0       0       0       0       0       0       0       0
      Totals:         2       0       0       0       0       0       0       0       0
Total ram usage:        2 bytes
 Hardware stack levels used:    1
 Hardware stack levels required when called:    1
 This function calls:
		_strcmp
		_stringcpy
 This function is called by:
		_isr
 This function uses a non-reentrant model


 *************** function _stringcpy *****************
 Defined at:
		line 459 in file "bibliotecas/GPS.c"
 Parameters:    Size  Location     Type
  str1            2    0[COMRAM] PTR unsigned char 
		 -> buffer(12), 
  str2            2    2[COMRAM] PTR unsigned char 
		 -> rawAltitude(7), rawSatellites(3), rawDate(7), rawCourse(6), 
		 -> rawSpeed(6), rawLongitude(13), rawLatitude(13), rawTime(11), 
		 -> sentence(6), 
  dir             2    4[COMRAM] int 
 Auto vars:     Size  Location     Type
  chr             1    8[COMRAM] unsigned char 
 Return value:  Size  Location     Type
                  1    wreg      void 
 Registers used:
		wreg, fsr1l, fsr1h, fsr2l, fsr2h, status,2, status,0, prodl, prodh
 Tracked objects:
		On entry : 
		On exit  : 
		Unchanged: 
 Data sizes:     COMRAM   BANK0   BANK1   BANK2   BANK3   BANK4   BANK5   BANK6   BANK7
      Params:         6       0       0       0       0       0       0       0       0
      Locals:         1       0       0       0       0       0       0       0       0
      Temps:          2       0       0       0       0       0       0       0       0
      Totals:         9       0       0       0       0       0       0       0       0
Total ram usage:        9 bytes
 Hardware stack levels used:    1
 This function calls:
		Nothing
 This function is called by:
		_GPSRead
 This function uses a non-reentrant model


 *************** function _strcmp *****************
 Defined at:
		line 33 in file "C:\Program Files (x86)\Microchip\xc8\v1.45\sources\common\strcmp.c"
 Parameters:    Size  Location     Type
  s1              2    0[COMRAM] PTR const unsigned char 
		 -> sentence(6), 
  s2              2    2[COMRAM] PTR const unsigned char 
		 -> STR_2(6), STR_1(6), 
 Auto vars:     Size  Location     Type
  r               1    5[COMRAM] char 
 Return value:  Size  Location     Type
                  2    0[COMRAM] int 
 Registers used:
		wreg, fsr2l, fsr2h, status,2, status,0, tblptrl, tblptrh, tblptru
 Tracked objects:
		On entry : 
		On exit  : 
		Unchanged: 
 Data sizes:     COMRAM   BANK0   BANK1   BANK2   BANK3   BANK4   BANK5   BANK6   BANK7
      Params:         4       0       0       0       0       0       0       0       0
      Locals:         1       0       0       0       0       0       0       0       0
      Temps:          1       0       0       0       0       0       0       0       0
      Totals:         6       0       0       0       0       0       0       0       0
Total ram usage:        6 bytes
 Hardware stack levels used:    1
 This function calls:
		Nothing
 This function is called by:
		_GPSRead
 This function uses a non-reentrant model



MODULE INFORMATION

Module		Function		Class		Link	Load	Size
bibliotecas/uart.c
		_configura_baudrate_uart		CODE           	0CA4	0000	307
		_recebe_dado_uart		CODE           	1696	0000	19
		_inicializa_uart		CODE           	15EE	0000	37

bibliotecas/uart.c estimated size: 363

bibliotecas/SDCard.c
		_monta_sd      		CODE           	0DD6	0000	307

bibliotecas/SDCard.c estimated size: 307

bibliotecas/hardware.c
		_init_hardware 		CODE           	164A	0000	23
		_config_timer_dois		CODE           	16C6	0000	15
		_config_timer_zero		CODE           	162E	0000	29
		_init_ports    		CODE           	1612	0000	29
		_write_timer_zero		CODE           	1672	0000	19
		_init_interrupt		CODE           	1660	0000	19
		_init_oscilador		CODE           	16D4	0000	9

bibliotecas/hardware.c estimated size: 143

shared
		mensagem_inicial@F4129		SMALLCONST     	0801	0000	18
		__initialization		CODE           	1074	0000	139
		i2_write_timer_zero		CODE           	1684	0000	19
		mensagem_inicial@F4127		SMALLCONST     	0812	0000	18

shared estimated size: 194

C:\Program Files (x86)\Microchip\xc8\v1.45\sources\common\aldiv.c
		___aldiv       		CODE           	0F08	0000	207

C:\Program Files (x86)\Microchip\xc8\v1.45\sources\common\aldiv.c estimated size: 207

bibliotecas/display_lcd.c
		_delay         		CODE           	159E	0000	43
		_init_lcd      		CODE           	0FD6	0000	159
		_endereco_cursor_lcd		CODE           	1396	0000	113
		_escreve_cmd_lcd		CODE           	110C	0000	149
		_posicao_cursor_lcd		CODE           	1226	0000	127
		_escreve_caractere_lcd		CODE           	131E	0000	121
		_escreve_frase_ram_lcd		CODE           	1406	0000	85

bibliotecas/display_lcd.c estimated size: 797

main.c
		_main          		CODE           	1570	0000	47
		_isr           		CODE           	0008	0000	327
		_escalonador   		CODE           	12A4	0000	123
		_mensagem_inicial		CODE           	11A0	0000	135
		_inicializa_tarefas		CODE           	15C8	0000	39

main.c estimated size: 671

C:\Program Files (x86)\Microchip\xc8\v1.45\sources\common\strlen.c
		_strlen        		CODE           	1532	0000	63

C:\Program Files (x86)\Microchip\xc8\v1.45\sources\common\strlen.c estimated size: 63

C:\Program Files (x86)\Microchip\xc8\v1.45\sources\common\strcmp.c
		_strcmp        		CODE           	14A8	0000	73

C:\Program Files (x86)\Microchip\xc8\v1.45\sources\common\strcmp.c estimated size: 73

bibliotecas/GPS.c
		_stringcpy     		CODE           	145A	0000	79
		_GPSRead       		CODE           	08CC	0000	665
		_dados_gps_to_sd		CODE           	14F0	0000	67

bibliotecas/GPS.c estimated size: 811

