Microchip MPLAB XC8 Compiler V1.45 ()

Linker command line:

-W-3 --edf=C:\Program Files (x86)\Microchip\xc8\v1.45\dat\en_msgs.txt -cs \
  -h+dist/default/production\SDCARD.X.production.sym \
  --cmf=dist/default/production\SDCARD.X.production.cmf -z -Q18F4550 \
  -oC:\Users\Felipe\AppData\Local\Temp\s32k.2 \
  -Mdist/default/production/SDCARD.X.production.map -E1 -ver=XC8 \
  -ASTACK=0605h-07ffh -pstack=STACK -ACODE=00h-0627Fh -ACONST=00h-0627Fh \
  -ASMALLCONST=0800h-08FFhx90,06200h-0627Fh -AMEDIUMCONST=0800h-0627Fh \
  -ACOMRAM=01h-05Fh -AABS1=00h-07FFh -ABIGRAM=01h-07FFh \
  -ARAM=060h-0FFh,0100h-01FFhx7 -ABANK0=060h-0FFh -ABANK1=0100h-01FFh \
  -ABANK2=0200h-02FFh -ABANK3=0300h-03FFh -ABANK4=0400h-04FFh \
  -ABANK5=0500h-05FFh -ABANK6=0600h-06FFh -ABANK7=0700h-07FFh \
  -ASFR=0F60h-0FFFh -preset_vec=00h,intcode=08h,intcodelo,powerup,init \
  -pramtop=0800h -psmallconst=SMALLCONST -pmediumconst=MEDIUMCONST \
  -pconst=CONST -AFARRAM=00h-00h -ACONFIG=0300000h-030000Dh -pconfig=CONFIG \
  -AIDLOC=0200000h-0200007h -pidloc=IDLOC -AEEDATA=0F00000h-0F000FFh \
  -peeprom_data=EEDATA \
  -prdata=COMRAM,nvrram=COMRAM,nvbit=COMRAM,rbss=COMRAM,rbit=COMRAM \
  -pfarbss=FARRAM,fardata=FARRAM,nvFARRAM=FARRAM \
  -pintsave_regs=BIGRAM,bigbss=BIGRAM,bigdata=BIGRAM -pbss=RAM \
  -pidata=CODE,irdata=CODE,ibigdata=CODE,ifardata=CODE -prparam=COMRAM \
  C:\Users\Felipe\AppData\Local\Temp\s32k.obj \
  dist/default/production\SDCARD.X.production.obj 

Object code version is 3.11

Machine type is 18F4550

Call graph: (short form)




                Name                               Link     Load   Length Selector   Space Scale
C:\Users\Felipe\AppData\Local\Temp\s32k.obj
                init                                  E        E        4        4       0
                reset_vec                             0        0        4        0       0
                idloc                            200000   200000        8   200000       0
                config                           300000   300000        E   300000       0
dist/default/production\SDCARD.X.production.obj
                intcode                               8        8        6        4       0
                temp                                 40       40        1        1       1
                mediumconst                        6152     6152      12E     30A9       0
                text94                             5248     5248       48        4       0
                text93                             50D2     50D2       4E        4       0
                text92                             288C     288C      294        4       0
                text91                             56FA     56FA       12     2A63       0
                text90                             56E8     56E8       12     2A63       0
                intcode_body                       39C6     39C6      14E        4       0
                text88                             53DE     53DE       3E        4       0
                text87                             3D8C     3D8C      132        4       0
                text86                             535C     535C       42        4       0
                text85                             5766     5766        C     2A63       0
                text84                             5728     5728        E     2A63       0
                text83                             3FE8     3FE8      108        4       0
                text82                             5550     5550       2C     2A63       0
                text81                             575A     575A        C     2A63       0
                text80                             5318     5318       44        4       0
                text79                             56B0     56B0       14     2A63       0
                text78                             5458     5458       3A        4       0
                text77                             4E00     4E00       68        4       0
                text76                             574E     574E        C     2A63       0
                text75                             571A     571A        E     2A63       0
                text74                             3B14     3B14      146        4       0
                text73                             491A     491A       90        4       0
                text72                             3190     3190      1CA        4       0
                text71                             4A36     4A36       88        4       0
                text70                             351A     351A      1B6        4       0
                text69                             4ECA     4ECA       5A        4       0
                text68                             566C     566C       18     2A63       0
                text67                             5200     5200       48        4       0
                text66                             516C     516C       4C        4       0
                text65                             3EBE     3EBE      12A        4       0
                text64                             5524     5524       2C     2A63       0
                text63                             4B44     4B44       84        4       0
                text62                             55A6     55A6       28     2A63       0
                text61                             2D9A     2D9A      222        4       0
                text60                             2B20     2B20      27A        4       0
                text59                             335A     335A      1C0        4       0
                text58                             1402     1402      48A        4       0
                text57                             5120     5120       4C        4       0
                text56                             4F7C     4F7C       58        4       0
                text55                             4744     4744       A4        4       0
                text54                             49AA     49AA       8C        4       0
                text53                             557C     557C       2A     2A63       0
                text52                             4C46     4C46       78        4       0
                text51                             507E     507E       54        4       0
                text50                             4CBE     4CBE       70        4       0
                text49                             4BC8     4BC8       7E        4       0
                text48                             46A0     46A0       A4        4       0
                text47                             2000     2000      346        4       0
                text46                             541C     541C       3C        4       0
                text45                             54C6     54C6       30     2A63       0
                text44                              ED0      ED0      532        4       0
                text43                             51B8     51B8       48        4       0
                text42                             4556     4556       A6        4       0
                text41                             434E     434E       B6        4       0
                text40                             36D0     36D0      188        4       0
                text39                             25F2     25F2      29A        4       0
                text38                             3858     3858      16E        4       0
                text37                             2346     2346      2AC        4       0
                text36                             1C6A     1C6A      396        4       0
                text35                             4D98     4D98       68        4       0
                text34                              916      916      5BA        4       0
                text33                             4FD4     4FD4       56        4       0
                text32                             4E68     4E68       62        4       0
                text31                             188C     188C      3DE        4       0
                text30                             5614     5614       20     2A63       0
                text29                             41C8     41C8       CE        4       0
                text28                             3C5A     3C5A      132        4       0
                text27                             55CE     55CE       24     2A63       0
                text26                             44AE     44AE       A8        4       0
                text25                             4886     4886       94        4       0
                text24                             5742     5742        C     2A63       0
                text23                             5736     5736        C     2A63       0
                text22                             55F2     55F2       22     2A63       0
                text21                             40F0     40F0       D8        4       0
                text20                             502A     502A       54        4       0
                text19                             52D4     52D4       44        4       0
                text18                             4404     4404       AA        4       0
                text17                             5290     5290       44        4       0
                text16                             539E     539E       40        4       0
                text15                               12       12      904        4       0
                text14                             577A     577A        2     2A63       0
                text13                             569A     569A       16     2A63       0
                text12                             2FBC     2FBC      1D4        4       0
                text11                             45FC     45FC       A4        4       0
                text10                             4D2E     4D2E       6A        4       0
                text9                              570C     570C        E     2A63       0
                text8                              56D6     56D6       12     2A63       0
                text7                              5650     5650       1C     2A63       0
                text6                              56C4     56C4       12     2A63       0
                text5                              5772     5772        8     2A63       0
                text4                              5634     5634       1C     2A63       0
                text3                              5684     5684       16     2A63       0
                text2                              47E8     47E8       9E        4       0
                text1                              4ABE     4ABE       86        4       0
                text0                              54F6     54F6       2E     2A63       0
                cstackCOMRAM                          1        1       20        1       1
                cstackBANK0                          60       60       8D       60       1
                cstackBANK1                         1D4      1D4       26      100       1
                cstackBANK3                         300      300       79      300       1
                bssBIGRAM                           3E5      3E5      220      3E5       1
                dataBANK3                           379      379       58      300       1
                bssBANK3                            3D1      3D1       14      300       1
                bssBANK2                            200      200      100      200       1
                dataBANK1                           1A1      1A1       33      100       1
                bssBANK1                            100      100       A1      100       1
                bssBANK0                             ED       ED       13       60       1
                dataCOMRAM                           3F       3F        1        1       1
                bssCOMRAM                            21       21       1E        1       1
                cinit                              4296     4296       B8        4       0
                idataBANK3                         4F24     4F24       58        4       0
                idataBANK1                         5492     5492       33        4       0
                idataCOMRAM                        577C     577C        1     2A63       0

TOTAL           Name                               Link     Load   Length     Space
        CLASS   STACK          

        CLASS   CODE           
                intcode                               8        8        6         0
                init                                  E        E        4         0
                reset_vec                             0        0        4         0
                text94                             5248     5248       48         0
                text93                             50D2     50D2       4E         0
                text92                             288C     288C      294         0
                text91                             56FA     56FA       12         0
                text90                             56E8     56E8       12         0
                intcode_body                       39C6     39C6      14E         0
                text88                             53DE     53DE       3E         0
                text87                             3D8C     3D8C      132         0
                text86                             535C     535C       42         0
                text85                             5766     5766        C         0
                text84                             5728     5728        E         0
                text83                             3FE8     3FE8      108         0
                text82                             5550     5550       2C         0
                text81                             575A     575A        C         0
                text80                             5318     5318       44         0
                text79                             56B0     56B0       14         0
                text78                             5458     5458       3A         0
                text77                             4E00     4E00       68         0
                text76                             574E     574E        C         0
                text75                             571A     571A        E         0
                text74                             3B14     3B14      146         0
                text73                             491A     491A       90         0
                text72                             3190     3190      1CA         0
                text71                             4A36     4A36       88         0
                text70                             351A     351A      1B6         0
                text69                             4ECA     4ECA       5A         0
                text68                             566C     566C       18         0
                text67                             5200     5200       48         0
                text66                             516C     516C       4C         0
                text65                             3EBE     3EBE      12A         0
                text64                             5524     5524       2C         0
                text63                             4B44     4B44       84         0
                text62                             55A6     55A6       28         0
                text61                             2D9A     2D9A      222         0
                text60                             2B20     2B20      27A         0
                text59                             335A     335A      1C0         0
                text58                             1402     1402      48A         0
                text57                             5120     5120       4C         0
                text56                             4F7C     4F7C       58         0
                text55                             4744     4744       A4         0
                text54                             49AA     49AA       8C         0
                text53                             557C     557C       2A         0
                text52                             4C46     4C46       78         0
                text51                             507E     507E       54         0
                text50                             4CBE     4CBE       70         0
                text49                             4BC8     4BC8       7E         0
                text48                             46A0     46A0       A4         0
                text47                             2000     2000      346         0
                text46                             541C     541C       3C         0
                text45                             54C6     54C6       30         0
                text44                              ED0      ED0      532         0
                text43                             51B8     51B8       48         0
                text42                             4556     4556       A6         0
                text41                             434E     434E       B6         0
                text40                             36D0     36D0      188         0
                text39                             25F2     25F2      29A         0
                text38                             3858     3858      16E         0
                text37                             2346     2346      2AC         0
                text36                             1C6A     1C6A      396         0
                text35                             4D98     4D98       68         0
                text34                              916      916      5BA         0
                text33                             4FD4     4FD4       56         0
                text32                             4E68     4E68       62         0
                text31                             188C     188C      3DE         0
                text30                             5614     5614       20         0
                text29                             41C8     41C8       CE         0
                text28                             3C5A     3C5A      132         0
                text27                             55CE     55CE       24         0
                text26                             44AE     44AE       A8         0
                text25                             4886     4886       94         0
                text24                             5742     5742        C         0
                text23                             5736     5736        C         0
                text22                             55F2     55F2       22         0
                text21                             40F0     40F0       D8         0
                text20                             502A     502A       54         0
                text19                             52D4     52D4       44         0
                text18                             4404     4404       AA         0
                text17                             5290     5290       44         0
                text16                             539E     539E       40         0
                text15                               12       12      904         0
                text14                             577A     577A        2         0
                text13                             569A     569A       16         0
                text12                             2FBC     2FBC      1D4         0
                text11                             45FC     45FC       A4         0
                text10                             4D2E     4D2E       6A         0
                text9                              570C     570C        E         0
                text8                              56D6     56D6       12         0
                text7                              5650     5650       1C         0
                text6                              56C4     56C4       12         0
                text5                              5772     5772        8         0
                text4                              5634     5634       1C         0
                text3                              5684     5684       16         0
                text2                              47E8     47E8       9E         0
                text1                              4ABE     4ABE       86         0
                text0                              54F6     54F6       2E         0
                cinit                              4296     4296       B8         0
                idataBANK3                         4F24     4F24       58         0
                idataBANK1                         5492     5492       33         0
                idataCOMRAM                        577C     577C        1         0

        CLASS   CONST          

        CLASS   SMALLCONST     

        CLASS   MEDIUMCONST    
                mediumconst                        6152     6152      12E         0

        CLASS   COMRAM         
                temp                                 40       40        1         1
                cstackCOMRAM                          1        1       20         1
                dataCOMRAM                           3F       3F        1         1
                bssCOMRAM                            21       21       1E         1

        CLASS   ABS1           

        CLASS   BIGRAM         
                bssBIGRAM                           3E5      3E5      220         1

        CLASS   RAM            

        CLASS   BANK0          
                cstackBANK0                          60       60       8D         1
                bssBANK0                             ED       ED       13         1

        CLASS   BANK1          
                cstackBANK1                         1D4      1D4       26         1
                dataBANK1                           1A1      1A1       33         1
                bssBANK1                            100      100       A1         1

        CLASS   BANK2          
                bssBANK2                            200      200      100         1

        CLASS   BANK3          
                cstackBANK3                         300      300       79         1
                dataBANK3                           379      379       58         1
                bssBANK3                            3D1      3D1       14         1

        CLASS   BANK4          

        CLASS   BANK5          

        CLASS   BANK6          

        CLASS   BANK7          

        CLASS   SFR            

        CLASS   FARRAM         

        CLASS   CONFIG         
                config                           300000   300000        E         0

        CLASS   IDLOC          
                idloc                            200000   200000        8         0

        CLASS   EEDATA         



SEGMENTS        Name                           Load    Length   Top    Selector   Space  Class

                reset_vec                      000000  000004  000004         0       0  CODE    
                cstackCOMRAM                   000001  000040  000041         1       1  COMRAM  
                intcode                        000008  0054BD  0054C5         4       0  CODE    
                cstackBANK0                    000060  0000A0  000100        60       1  BANK0   
                bssBANK1                       000100  0000FA  0001FA       100       1  BANK1   
                bssBANK2                       000200  000100  000300       200       1  BANK2   
                cstackBANK3                    000300  0000E5  0003E5       300       1  BANK3   
                bssBIGRAM                      0003E5  000220  000605       3E5       1  BIGRAM  
                text45                         0054C6  0002B7  00577D      2A63       0  CODE    
                mediumconst                    006152  00012E  006280      30A9       0  MEDIUMCO
                idloc                          200000  000008  200008    200000       0  IDLOC   
                config                         300000  00000E  30000E    300000       0  CONFIG  


UNUSED ADDRESS RANGES

        Name                Unused          Largest block    Delta
        BANK1            0001FA-0001FF                6
        BANK6            000605-0006FF               FB
        BANK7            000700-0007FF              100
        BIGRAM           000041-00005F               1F
                         0001FA-0001FF                6
                         000605-0007FF              1FB
        CODE             000004-000007                4
                         0054C5-0054C5                1
                         00577D-006151              9D5
        COMRAM           000041-00005F               1F
        CONST            000004-000007                4
                         0054C5-0054C5                1
                         00577D-006151              9D5
        EEDATA           F00000-F000FF              100
        MEDIUMCONST      0054C5-0054C5                1
                         00577D-006151              9D5
        RAM              0001FA-0001FF                6
                         000605-0007FF               FB
        SFR              000F60-000FFF               A0
        SMALLCONST       0054C5-0054C5                1
                         00577D-006151              100
        STACK            000605-0007FF              1FB

                                  Symbol Table

?_Latitude                                 cstackBANK0  000060
?_Longitude                                cstackBANK0  000060
?___aldiv                                  cstackBANK0  000060
?___lldiv                                  cstackBANK0  000060
?___llmod                                  cstackBANK0  000060
?___lmul                                   cstackBANK0  000060
?___lwdiv                                  cstackBANK0  000060
?___lwmod                                  cstackBANK0  000060
?___wmul                                   cstackBANK0  000060
?_atoi                                     cstackBANK0  000066
?_clust2sect                               cstackBANK0  00006C
?_create_chain                             cstackBANK0  0000B6
?_fprintf                                  cstackBANK1  0001DA
?_fputc                                    cstackBANK0  0000E5
?_fputs                                    cstackBANK1  0001D4
?_get_cluster                              cstackBANK0  0000A0
?_get_fattime                              cstackBANK0  000060
?_memcmp                                   cstackBANK0  000060
?_strcmp                                   cstackCOMRAM 000001
?_strlen                                   cstackBANK0  000060
GPSRead@buff                               cstackCOMRAM 00000A
GPSRead@c                                  cstackCOMRAM 00000B
_ADCON1                                    (abs)        000FC1
_BRGH                                      (abs)        007D62
_CREN                                      (abs)        007D5C
_FatFs                                     bssBANK0     0000FA
_GPGGA_ok                                  bssCOMRAM    00002B
_GPRMC_ok                                  bssCOMRAM    00002D
_GPSRead                                   text92       00288C
_INT0IE                                    (abs)        007F94
_INT0IF                                    (abs)        007F91
_INTCON                                    (abs)        000FF2
_INTCON2                                   (abs)        000FF1
_INTCON3                                   (abs)        000FF0
_INTCONbits                                (abs)        000FF2
_LATB                                      (abs)        000F8A
_LATBbits                                  (abs)        000F8A
_LATCbits                                  (abs)        000F8B
_Latitude                                  text24       005742
_Longitude                                 text23       005736
_OSCCONbits                                (abs)        000FD3
_PCL                                       (abs)        000FF9
_PCLATH                                    (abs)        000FFA
_PIE1                                      (abs)        000F9D
_PIE1bits                                  (abs)        000F9D
_PIR1bits                                  (abs)        000F9E
_PORTBbits                                 (abs)        000F81
_PORTDbits                                 (abs)        000F83
_PORTEbits                                 (abs)        000F84
_PR2                                       (abs)        000FCB
_RCIF                                      (abs)        007CF5
_RCREG                                     (abs)        000FAE
_RCSTA                                     (abs)        000FAB
_RCSTAbits                                 (abs)        000FAB
_SPBRG                                     (abs)        000FAF
_SPEN                                      (abs)        007D5F
_SPPCFG                                    (abs)        000F63
_SPPCON                                    (abs)        000F65
_SSPBUF                                    (abs)        000FC9
_SSPCON1                                   (abs)        000FC6
_SSPCON1bits                               (abs)        000FC6
_SSPSTAT                                   (abs)        000FC7
_SSPSTATbits                               (abs)        000FC7
_SYNC                                      (abs)        007D64
_SentenceType                              bssCOMRAM    000039
_T0CON                                     (abs)        000FD5
_T0CONbits                                 (abs)        000FD5
_T0IF                                      (abs)        007F92
_T2CON                                     (abs)        000FCA
_TMR0H                                     (abs)        000FD7
_TMR0IF                                    (abs)        007F92
_TMR0L                                     (abs)        000FD6
_TMR2                                      (abs)        000FCC
_TMR2IF                                    (abs)        007CF1
_TRISA                                     (abs)        000F92
_TRISB                                     (abs)        000F93
_TRISBbits                                 (abs)        000F93
_TRISC                                     (abs)        000F94
_TRISCbits                                 (abs)        000F94
_TRISD                                     (abs)        000F95
_TRISDbits                                 (abs)        000F95
_TRISE                                     (abs)        000F96
_TRMT                                      (abs)        007D61
_TXEN                                      (abs)        007D65
_TXREG                                     (abs)        000FAD
_TXSTA                                     (abs)        000FAC
_Term                                      bssCOMRAM    000038
__HRAM                                     (abs)        000000
__Habs1                                    abs1         000000
__Hbank0                                   bank0        000000
__Hbank1                                   bank1        000000
__Hbank2                                   bank2        000000
__Hbank3                                   bank3        000000
__Hbank4                                   bank4        000000
__Hbank5                                   bank5        000000
__Hbank6                                   bank6        000000
__Hbank7                                   bank7        000000
__Hbigbss                                  bigbss       000000
__Hbigdata                                 bigdata      000000
__Hbigram                                  bigram       000000
__Hbss                                     bss          000000
__HbssBANK0                                bssBANK0     000000
__HbssBANK1                                bssBANK1     000000
__HbssBANK2                                bssBANK2     000000
__HbssBANK3                                bssBANK3     000000
__HbssBIGRAM                               bssBIGRAM    000000
__HbssCOMRAM                               bssCOMRAM    000000
__Hcinit                                   cinit        000000
__Hclrtext                                 clrtext      000000
__Hcomram                                  comram       000000
__Hconfig                                  config       30000E
__Hconst                                   const        000000
__HcstackBANK0                             cstackBANK0  000000
__HcstackBANK1                             cstackBANK1  000000
__HcstackBANK3                             cstackBANK3  000000
__HcstackCOMRAM                            cstackCOMRAM 000000
__Hdata                                    data         000000
__HdataBANK1                               dataBANK1    000000
__HdataBANK3                               dataBANK3    000000
__HdataCOMRAM                              dataCOMRAM   000000
__Heeprom_data                             eeprom_data  000000
__Hfarbss                                  farbss       000000
__Hfardata                                 fardata      000000
__Hibigdata                                ibigdata     000000
__Hidata                                   idata        000000
__HidataBANK1                              idataBANK1   000000
__HidataBANK3                              idataBANK3   000000
__HidataCOMRAM                             idataCOMRAM  000000
__Hidloc                                   idloc        200008
__Hifardata                                ifardata     000000
__Hinit                                    init         000012
__Hintcode                                 intcode      00000E
__Hintcode_body                            intcode_body 000000
__Hintcodelo                               intcodelo    00000E
__Hintentry                                intentry     000000
__Hintret                                  intret       000000
__Hintsave_regs                            intsave_regs 000000
__Hirdata                                  irdata       000000
__Hmediumconst                             mediumconst  006280
__HnvFARRAM                                nvFARRAM     000000
__Hnvbit                                   nvbit        000000
__Hnvrram                                  nvrram       000000
__Hparam                                   rparam       000000
__Hpowerup                                 powerup      00000E
__Hram                                     ram          000000
__Hramtop                                  ramtop       000800
__Hrbit                                    rbit         000000
__Hrbss                                    rbss         000000
__Hrdata                                   rdata        000000
__Hreset_vec                               reset_vec    000004
__Hrparam                                  rparam       000000
__Hsfr                                     sfr          000000
__Hsmallconst                              smallconst   000000
__Hspace_0                                 (abs)        30000E
__Hspace_1                                 (abs)        000605
__Hspace_2                                 (abs)        000000
__Hstack                                   stack        000000
__Hstruct                                  struct       000000
__Htemp                                    temp         000041
__Htext                                    text         000000
__Htext0                                   text0        000000
__Htext1                                   text1        000000
__Htext10                                  text10       000000
__Htext11                                  text11       000000
__Htext12                                  text12       000000
__Htext13                                  text13       000000
__Htext14                                  text14       000000
__Htext15                                  text15       000000
__Htext16                                  text16       000000
__Htext17                                  text17       000000
__Htext18                                  text18       000000
__Htext19                                  text19       000000
__Htext2                                   text2        000000
__Htext20                                  text20       000000
__Htext21                                  text21       000000
__Htext22                                  text22       000000
__Htext23                                  text23       000000
__Htext24                                  text24       000000
__Htext25                                  text25       000000
__Htext26                                  text26       000000
__Htext27                                  text27       000000
__Htext28                                  text28       000000
__Htext29                                  text29       000000
__Htext3                                   text3        000000
__Htext30                                  text30       000000
__Htext31                                  text31       000000
__Htext32                                  text32       000000
__Htext33                                  text33       000000
__Htext34                                  text34       000000
__Htext35                                  text35       000000
__Htext36                                  text36       000000
__Htext37                                  text37       000000
__Htext38                                  text38       000000
__Htext39                                  text39       000000
__Htext4                                   text4        000000
__Htext40                                  text40       000000
__Htext41                                  text41       000000
__Htext42                                  text42       000000
__Htext43                                  text43       000000
__Htext44                                  text44       000000
__Htext45                                  text45       000000
__Htext46                                  text46       000000
__Htext47                                  text47       000000
__Htext48                                  text48       000000
__Htext49                                  text49       000000
__Htext5                                   text5        000000
__Htext50                                  text50       000000
__Htext51                                  text51       000000
__Htext52                                  text52       000000
__Htext53                                  text53       000000
__Htext54                                  text54       000000
__Htext55                                  text55       000000
__Htext56                                  text56       000000
__Htext57                                  text57       000000
__Htext58                                  text58       000000
__Htext59                                  text59       000000
__Htext6                                   text6        000000
__Htext60                                  text60       000000
__Htext61                                  text61       000000
__Htext62                                  text62       000000
__Htext63                                  text63       000000
__Htext64                                  text64       000000
__Htext65                                  text65       000000
__Htext66                                  text66       000000
__Htext67                                  text67       000000
__Htext68                                  text68       000000
__Htext69                                  text69       000000
__Htext7                                   text7        000000
__Htext70                                  text70       000000
__Htext71                                  text71       000000
__Htext72                                  text72       000000
__Htext73                                  text73       000000
__Htext74                                  text74       000000
__Htext75                                  text75       000000
__Htext76                                  text76       000000
__Htext77                                  text77       000000
__Htext78                                  text78       000000
__Htext79                                  text79       000000
__Htext8                                   text8        000000
__Htext80                                  text80       000000
__Htext81                                  text81       000000
__Htext82                                  text82       000000
__Htext83                                  text83       000000
__Htext84                                  text84       000000
__Htext85                                  text85       000000
__Htext86                                  text86       000000
__Htext87                                  text87       000000
__Htext88                                  text88       000000
__Htext9                                   text9        000000
__Htext90                                  text90       000000
__Htext91                                  text91       000000
__Htext92                                  text92       000000
__Htext93                                  text93       000000
__Htext94                                  text94       000000
__Htext95                                  text95       000000
__LRAM                                     (abs)        000001
__Labs1                                    abs1         000000
__Lbank0                                   bank0        000000
__Lbank1                                   bank1        000000
__Lbank2                                   bank2        000000
__Lbank3                                   bank3        000000
__Lbank4                                   bank4        000000
__Lbank5                                   bank5        000000
__Lbank6                                   bank6        000000
__Lbank7                                   bank7        000000
__Lbigbss                                  bigbss       000000
__Lbigdata                                 bigdata      000000
__Lbigram                                  bigram       000000
__Lbss                                     bss          000000
__LbssBANK0                                bssBANK0     000000
__LbssBANK1                                bssBANK1     000000
__LbssBANK2                                bssBANK2     000000
__LbssBANK3                                bssBANK3     000000
__LbssBIGRAM                               bssBIGRAM    000000
__LbssCOMRAM                               bssCOMRAM    000000
__Lcinit                                   cinit        000000
__Lclrtext                                 clrtext      000000
__Lcomram                                  comram       000000
__Lconfig                                  config       300000
__Lconst                                   const        000000
__LcstackBANK0                             cstackBANK0  000000
__LcstackBANK1                             cstackBANK1  000000
__LcstackBANK3                             cstackBANK3  000000
__LcstackCOMRAM                            cstackCOMRAM 000000
__Ldata                                    data         000000
__LdataBANK1                               dataBANK1    000000
__LdataBANK3                               dataBANK3    000000
__LdataCOMRAM                              dataCOMRAM   000000
__Leeprom_data                             eeprom_data  000000
__Lfarbss                                  farbss       000000
__Lfardata                                 fardata      000000
__Libigdata                                ibigdata     000000
__Lidata                                   idata        000000
__LidataBANK1                              idataBANK1   000000
__LidataBANK3                              idataBANK3   000000
__LidataCOMRAM                             idataCOMRAM  000000
__Lidloc                                   idloc        200000
__Lifardata                                ifardata     000000
__Linit                                    init         00000E
__Lintcode                                 intcode      000008
__Lintcode_body                            intcode_body 000000
__Lintcodelo                               intcodelo    00000E
__Lintentry                                intentry     000000
__Lintret                                  intret       000000
__Lintsave_regs                            intsave_regs 000000
__Lirdata                                  irdata       000000
__Lmediumconst                             mediumconst  006152
__LnvFARRAM                                nvFARRAM     000000
__Lnvbit                                   nvbit        000000
__Lnvrram                                  nvrram       000000
__Lparam                                   rparam       000000
__Lpowerup                                 powerup      00000E
__Lram                                     ram          000000
__Lramtop                                  ramtop       000800
__Lrbit                                    rbit         000000
__Lrbss                                    rbss         000000
__Lrdata                                   rdata        000000
__Lreset_vec                               reset_vec    000000
__Lrparam                                  rparam       000000
__Lsfr                                     sfr          000000
__Lsmallconst                              smallconst   000000
__Lspace_0                                 (abs)        000000
__Lspace_1                                 (abs)        000000
__Lspace_2                                 (abs)        000000
__Lstack                                   stack        000000
__Lstruct                                  struct       000000
__Ltemp                                    temp         000040
__Ltext                                    text         000000
__Ltext0                                   text0        000000
__Ltext1                                   text1        000000
__Ltext10                                  text10       000000
__Ltext11                                  text11       000000
__Ltext12                                  text12       000000
__Ltext13                                  text13       000000
__Ltext14                                  text14       000000
__Ltext15                                  text15       000000
__Ltext16                                  text16       000000
__Ltext17                                  text17       000000
__Ltext18                                  text18       000000
__Ltext19                                  text19       000000
__Ltext2                                   text2        000000
__Ltext20                                  text20       000000
__Ltext21                                  text21       000000
__Ltext22                                  text22       000000
__Ltext23                                  text23       000000
__Ltext24                                  text24       000000
__Ltext25                                  text25       000000
__Ltext26                                  text26       000000
__Ltext27                                  text27       000000
__Ltext28                                  text28       000000
__Ltext29                                  text29       000000
__Ltext3                                   text3        000000
__Ltext30                                  text30       000000
__Ltext31                                  text31       000000
__Ltext32                                  text32       000000
__Ltext33                                  text33       000000
__Ltext34                                  text34       000000
__Ltext35                                  text35       000000
__Ltext36                                  text36       000000
__Ltext37                                  text37       000000
__Ltext38                                  text38       000000
__Ltext39                                  text39       000000
__Ltext4                                   text4        000000
__Ltext40                                  text40       000000
__Ltext41                                  text41       000000
__Ltext42                                  text42       000000
__Ltext43                                  text43       000000
__Ltext44                                  text44       000000
__Ltext45                                  text45       000000
__Ltext46                                  text46       000000
__Ltext47                                  text47       000000
__Ltext48                                  text48       000000
__Ltext49                                  text49       000000
__Ltext5                                   text5        000000
__Ltext50                                  text50       000000
__Ltext51                                  text51       000000
__Ltext52                                  text52       000000
__Ltext53                                  text53       000000
__Ltext54                                  text54       000000
__Ltext55                                  text55       000000
__Ltext56                                  text56       000000
__Ltext57                                  text57       000000
__Ltext58                                  text58       000000
__Ltext59                                  text59       000000
__Ltext6                                   text6        000000
__Ltext60                                  text60       000000
__Ltext61                                  text61       000000
__Ltext62                                  text62       000000
__Ltext63                                  text63       000000
__Ltext64                                  text64       000000
__Ltext65                                  text65       000000
__Ltext66                                  text66       000000
__Ltext67                                  text67       000000
__Ltext68                                  text68       000000
__Ltext69                                  text69       000000
__Ltext7                                   text7        000000
__Ltext70                                  text70       000000
__Ltext71                                  text71       000000
__Ltext72                                  text72       000000
__Ltext73                                  text73       000000
__Ltext74                                  text74       000000
__Ltext75                                  text75       000000
__Ltext76                                  text76       000000
__Ltext77                                  text77       000000
__Ltext78                                  text78       000000
__Ltext79                                  text79       000000
__Ltext8                                   text8        000000
__Ltext80                                  text80       000000
__Ltext81                                  text81       000000
__Ltext82                                  text82       000000
__Ltext83                                  text83       000000
__Ltext84                                  text84       000000
__Ltext85                                  text85       000000
__Ltext86                                  text86       000000
__Ltext87                                  text87       000000
__Ltext88                                  text88       000000
__Ltext9                                   text9        000000
__Ltext90                                  text90       000000
__Ltext91                                  text91       000000
__Ltext92                                  text92       000000
__Ltext93                                  text93       000000
__Ltext94                                  text94       000000
__Ltext95                                  text95       000000
__S0                                       (abs)        30000E
__S1                                       (abs)        000605
__S2                                       (abs)        000000
___aldiv                                   text29       0041C8
___aldiv@counter                           cstackBANK0  000068
___aldiv@dividend                          cstackBANK0  000060
___aldiv@divisor                           cstackBANK0  000064
___aldiv@quotient                          cstackBANK0  00006A
___aldiv@sign                              cstackBANK0  000069
___inthi_sp                                stack        000000
___intlo_sp                                stack        000000
___lldiv                                   text63       004B44
___lldiv@counter                           cstackBANK0  00006C
___lldiv@dividend                          cstackBANK0  000060
___lldiv@divisor                           cstackBANK0  000064
___lldiv@quotient                          cstackBANK0  000068
___llmod                                   text35       004D98
___llmod@counter                           cstackBANK0  000068
___llmod@dividend                          cstackBANK0  000060
___llmod@divisor                           cstackBANK0  000064
___lmul                                    text56       004F7C
___lmul@multiplicand                       cstackBANK0  000064
___lmul@multiplier                         cstackBANK0  000060
___lmul@product                            cstackBANK0  000068
___lwdiv                                   text20       00502A
___lwdiv@counter                           cstackBANK0  000064
___lwdiv@dividend                          cstackBANK0  000060
___lwdiv@divisor                           cstackBANK0  000062
___lwdiv@quotient                          cstackBANK0  000065
___lwmod                                   text19       0052D4
___lwmod@counter                           cstackBANK0  000064
___lwmod@dividend                          cstackBANK0  000060
___lwmod@divisor                           cstackBANK0  000062
___param_bank                              (abs)        000000
___rparam_used                             (abs)        000001
___sp                                      stack        000000
___wmul                                    text62       0055A6
___wmul@multiplicand                       cstackBANK0  000062
___wmul@multiplier                         cstackBANK0  000060
___wmul@product                            cstackBANK0  000064
__accesstop                                (abs)        000060
__activetblptr                             (abs)        000002
__end_of_GPSRead                           text92       002B20
__end_of_Latitude                          text24       00574E
__end_of_Longitude                         text23       005742
__end_of___aldiv                           text29       004296
__end_of___lldiv                           text63       004BC8
__end_of___llmod                           text35       004E00
__end_of___lmul                            text56       004FD4
__end_of___lwdiv                           text20       00507E
__end_of___lwmod                           text19       005318
__end_of___wmul                            text62       0055CE
__end_of__initialization                   cinit        004340
__end_of_atoi                              text21       0041C8
__end_of_auto_mount                        text44       001402
__end_of_check_fs                          text54       004A36
__end_of_clust2sect                        text41       004404
__end_of_command                           text77       004E68
__end_of_config_timer_dois                 text9        00571A
__end_of_config_timer_zero                 text7        00566C
__end_of_configura_baudrate_uart           text28       003D8C
__end_of_create_chain                      text59       00351A
__end_of_dados_gps_to_sd                   text86       00539E
__end_of_delay                             text53       0055A6
__end_of_desliga_SPI                       text85       005772
__end_of_desliga_uart                      text84       005736
__end_of_disk_initialize                   text46       005458
__end_of_disk_ioctl                        text82       00557C
__end_of_disk_read                         text73       0049AA
__end_of_disk_status                       text67       005248
__end_of_disk_write                        text71       004ABE
__end_of_disparo_gravacao                  text13       0056B0
__end_of_dummy_clocks                      text80       00535C
__end_of_endereco_cursor_lcd               text50       004D2E
__end_of_escalonador                       text11       0046A0
__end_of_escreve_SPI                       text79       0056C4
__end_of_escreve_caractere_lcd             text52       004CBE
__end_of_escreve_cmd_lcd                   text25       00491A
__end_of_escreve_frase_ram_lcd             text51       0050D2
__end_of_escreve_inteiro_lcd               text16       0053DE
__end_of_escrita_sdcard                    text26       004556
__end_of_f_close                           text64       005550
__end_of_f_lseek                           text58       00188C
__end_of_f_mount                           text57       00516C
__end_of_f_open                            text36       002000
__end_of_f_sync                            text65       003FE8
__end_of_f_write                           text34       000ED0
__end_of_fprintf                           text31       001C6A
__end_of_fputc                             text33       00502A
__end_of_fputs                             text32       004ECA
__end_of_get_cluster                       text61       002FBC
__end_of_get_fattime                       text83       0040F0
__end_of_inicializa_SPI                    text30       005634
__end_of_inicializa_tarefas                text10       004D98
__end_of_inicializa_uart                   text27       0055F2
__end_of_init_hardware                     text3        00569A
__end_of_init_interrupt                    text6        0056D6
__end_of_init_lcd                          text2        004886
__end_of_init_oscilador                    text5        00577A
__end_of_init_ports                        text4        005650
__end_of_isdigit                           text22       005614
__end_of_isr                               intcode_body 003B14
__end_of_itoa                              text17       0052D4
__end_of_leitura_SPI                       text81       005766
__end_of_main                              text0        005524
__end_of_make_dirfile                      text38       0039C6
__end_of_memcmp                            text55       0047E8
__end_of_memcpy                            text43       005200
__end_of_memset                            text45       0054F6
__end_of_mensagem_inicial                  text1        004B44
__end_of_monta_sd                          text87       003EBE
__end_of_move_window                       text70       0036D0
__end_of_next_dir_entry                    text40       003858
__end_of_posicao_cursor_lcd                text49       004C46
__end_of_proceed                           text76       00575A
__end_of_put_cluster                       text60       002D9A
__end_of_recebe_dado_uart                  text91       00570C
__end_of_remove_chain                      text42       0045FC
__end_of_reserve_direntry                  text39       00288C
__end_of_response                          text75       005728
__end_of_sdc_disk_initialize               text47       002346
__end_of_sdc_disk_read                     text74       003C5A
__end_of_sdc_disk_status                   text68       005684
__end_of_sdc_disk_write                    text72       00335A
__end_of_sdc_reset                         text48       004744
__end_of_strcmp                            text94       005290
__end_of_stringcpy                         text93       005120
__end_of_strlen                            text88       00541C
__end_of_sync                              text69       004F24
__end_of_trace_path                        text37       0025F2
__end_of_troca_de_tela                     text12       003190
__end_of_utoa                              text18       0044AE
__end_of_validate                          text66       0051B8
__end_of_verifica_dados_operacionais       text14       00577C
__end_of_verifica_fence_externo            text15       000916
__end_of_wait_ready                        text78       005492
__end_of_write_timer_zero                  text8        0056E8
__end_ofi2_write_timer_zero                text90       0056FA
__end_ofmensagem_inicial@F4356             mediumconst  006175
__end_ofmensagem_inicial@F4358             mediumconst  006164
__initialization                           cinit        004296
__mediumconst                              mediumconst  006152
__pbssBANK0                                bssBANK0     0000ED
__pbssBANK1                                bssBANK1     000100
__pbssBANK2                                bssBANK2     000200
__pbssBANK3                                bssBANK3     0003D1
__pbssBIGRAM                               bssBIGRAM    0003E5
__pbssCOMRAM                               bssCOMRAM    000021
__pcinit                                   cinit        004296
__pcstackBANK0                             cstackBANK0  000060
__pcstackBANK1                             cstackBANK1  0001D4
__pcstackBANK3                             cstackBANK3  000300
__pcstackCOMRAM                            cstackCOMRAM 000001
__pdataBANK1                               dataBANK1    0001A1
__pdataBANK3                               dataBANK3    000379
__pdataCOMRAM                              dataCOMRAM   00003F
__pidataBANK1                              idataBANK1   005492
__pidataBANK3                              idataBANK3   004F24
__pidataCOMRAM                             idataCOMRAM  00577C
__pintcode                                 intcode      000008
__pintcode_body                            intcode_body 0039C6
__pmediumconst                             mediumconst  006152
__ptext0                                   text0        0054F6
__ptext1                                   text1        004ABE
__ptext10                                  text10       004D2E
__ptext11                                  text11       0045FC
__ptext12                                  text12       002FBC
__ptext13                                  text13       00569A
__ptext14                                  text14       00577A
__ptext15                                  text15       000012
__ptext16                                  text16       00539E
__ptext17                                  text17       005290
__ptext18                                  text18       004404
__ptext19                                  text19       0052D4
__ptext2                                   text2        0047E8
__ptext20                                  text20       00502A
__ptext21                                  text21       0040F0
__ptext22                                  text22       0055F2
__ptext23                                  text23       005736
__ptext24                                  text24       005742
__ptext25                                  text25       004886
__ptext26                                  text26       0044AE
__ptext27                                  text27       0055CE
__ptext28                                  text28       003C5A
__ptext29                                  text29       0041C8
__ptext3                                   text3        005684
__ptext30                                  text30       005614
__ptext31                                  text31       00188C
__ptext32                                  text32       004E68
__ptext33                                  text33       004FD4
__ptext34                                  text34       000916
__ptext35                                  text35       004D98
__ptext36                                  text36       001C6A
__ptext37                                  text37       002346
__ptext38                                  text38       003858
__ptext39                                  text39       0025F2
__ptext4                                   text4        005634
__ptext40                                  text40       0036D0
__ptext41                                  text41       00434E
__ptext42                                  text42       004556
__ptext43                                  text43       0051B8
__ptext44                                  text44       000ED0
__ptext45                                  text45       0054C6
__ptext46                                  text46       00541C
__ptext47                                  text47       002000
__ptext48                                  text48       0046A0
__ptext49                                  text49       004BC8
__ptext5                                   text5        005772
__ptext50                                  text50       004CBE
__ptext51                                  text51       00507E
__ptext52                                  text52       004C46
__ptext53                                  text53       00557C
__ptext54                                  text54       0049AA
__ptext55                                  text55       004744
__ptext56                                  text56       004F7C
__ptext57                                  text57       005120
__ptext58                                  text58       001402
__ptext59                                  text59       00335A
__ptext6                                   text6        0056C4
__ptext60                                  text60       002B20
__ptext61                                  text61       002D9A
__ptext62                                  text62       0055A6
__ptext63                                  text63       004B44
__ptext64                                  text64       005524
__ptext65                                  text65       003EBE
__ptext66                                  text66       00516C
__ptext67                                  text67       005200
__ptext68                                  text68       00566C
__ptext69                                  text69       004ECA
__ptext7                                   text7        005650
__ptext70                                  text70       00351A
__ptext71                                  text71       004A36
__ptext72                                  text72       003190
__ptext73                                  text73       00491A
__ptext74                                  text74       003B14
__ptext75                                  text75       00571A
__ptext76                                  text76       00574E
__ptext77                                  text77       004E00
__ptext78                                  text78       005458
__ptext79                                  text79       0056B0
__ptext8                                   text8        0056D6
__ptext80                                  text80       005318
__ptext81                                  text81       00575A
__ptext82                                  text82       005550
__ptext83                                  text83       003FE8
__ptext84                                  text84       005728
__ptext85                                  text85       005766
__ptext86                                  text86       00535C
__ptext87                                  text87       003D8C
__ptext88                                  text88       0053DE
__ptext9                                   text9        00570C
__ptext90                                  text90       0056E8
__ptext91                                  text91       0056FA
__ptext92                                  text92       00288C
__ptext93                                  text93       0050D2
__ptext94                                  text94       005248
__ptext95                                  text95       000000
__ramtop                                   ramtop       000800
__size_of_GPSRead                          (abs)        000000
__size_of_Latitude                         (abs)        000000
__size_of_Longitude                        (abs)        000000
__size_of___aldiv                          (abs)        000000
__size_of___lldiv                          (abs)        000000
__size_of___llmod                          (abs)        000000
__size_of___lmul                           (abs)        000000
__size_of___lwdiv                          (abs)        000000
__size_of___lwmod                          (abs)        000000
__size_of___wmul                           (abs)        000000
__size_of_atoi                             (abs)        000000
__size_of_auto_mount                       (abs)        000000
__size_of_check_fs                         (abs)        000000
__size_of_clust2sect                       (abs)        000000
__size_of_command                          (abs)        000000
__size_of_config_timer_dois                (abs)        000000
__size_of_config_timer_zero                (abs)        000000
__size_of_configura_baudrate_uart          (abs)        000000
__size_of_create_chain                     (abs)        000000
__size_of_dados_gps_to_sd                  (abs)        000000
__size_of_delay                            (abs)        000000
__size_of_desliga_SPI                      (abs)        000000
__size_of_desliga_uart                     (abs)        000000
__size_of_disk_initialize                  (abs)        000000
__size_of_disk_ioctl                       (abs)        000000
__size_of_disk_read                        (abs)        000000
__size_of_disk_status                      (abs)        000000
__size_of_disk_write                       (abs)        000000
__size_of_disparo_gravacao                 (abs)        000000
__size_of_dummy_clocks                     (abs)        000000
__size_of_endereco_cursor_lcd              (abs)        000000
__size_of_escalonador                      (abs)        000000
__size_of_escreve_SPI                      (abs)        000000
__size_of_escreve_caractere_lcd            (abs)        000000
__size_of_escreve_cmd_lcd                  (abs)        000000
__size_of_escreve_frase_ram_lcd            (abs)        000000
__size_of_escreve_inteiro_lcd              (abs)        000000
__size_of_escrita_sdcard                   (abs)        000000
__size_of_f_close                          (abs)        000000
__size_of_f_lseek                          (abs)        000000
__size_of_f_mount                          (abs)        000000
__size_of_f_open                           (abs)        000000
__size_of_f_sync                           (abs)        000000
__size_of_f_write                          (abs)        000000
__size_of_fprintf                          (abs)        000000
__size_of_fputc                            (abs)        000000
__size_of_fputs                            (abs)        000000
__size_of_get_cluster                      (abs)        000000
__size_of_get_fattime                      (abs)        000000
__size_of_inicializa_SPI                   (abs)        000000
__size_of_inicializa_tarefas               (abs)        000000
__size_of_inicializa_uart                  (abs)        000000
__size_of_init_hardware                    (abs)        000000
__size_of_init_interrupt                   (abs)        000000
__size_of_init_lcd                         (abs)        000000
__size_of_init_oscilador                   (abs)        000000
__size_of_init_ports                       (abs)        000000
__size_of_isdigit                          (abs)        000000
__size_of_isr                              (abs)        000000
__size_of_itoa                             (abs)        000000
__size_of_leitura_SPI                      (abs)        000000
__size_of_main                             (abs)        000000
__size_of_make_dirfile                     (abs)        000000
__size_of_memcmp                           (abs)        000000
__size_of_memcpy                           (abs)        000000
__size_of_memset                           (abs)        000000
__size_of_mensagem_inicial                 (abs)        000000
__size_of_monta_sd                         (abs)        000000
__size_of_move_window                      (abs)        000000
__size_of_next_dir_entry                   (abs)        000000
__size_of_posicao_cursor_lcd               (abs)        000000
__size_of_proceed                          (abs)        000000
__size_of_put_cluster                      (abs)        000000
__size_of_recebe_dado_uart                 (abs)        000000
__size_of_remove_chain                     (abs)        000000
__size_of_reserve_direntry                 (abs)        000000
__size_of_response                         (abs)        000000
__size_of_sdc_disk_initialize              (abs)        000000
__size_of_sdc_disk_read                    (abs)        000000
__size_of_sdc_disk_status                  (abs)        000000
__size_of_sdc_disk_write                   (abs)        000000
__size_of_sdc_reset                        (abs)        000000
__size_of_strcmp                           (abs)        000000
__size_of_stringcpy                        (abs)        000000
__size_of_strlen                           (abs)        000000
__size_of_sync                             (abs)        000000
__size_of_trace_path                       (abs)        000000
__size_of_troca_de_tela                    (abs)        000000
__size_of_utoa                             (abs)        000000
__size_of_validate                         (abs)        000000
__size_of_verifica_dados_operacionais      (abs)        000000
__size_of_verifica_fence_externo           (abs)        000000
__size_of_wait_ready                       (abs)        000000
__size_of_write_timer_zero                 (abs)        000000
__size_ofi2_write_timer_zero               (abs)        000000
__smallconst                               smallconst   000000
_atoi                                      text21       0040F0
_auto_mount                                text44       000ED0
_buffer                                    bssBANK1     00016A
_char_number                               bssCOMRAM    00003A
_check_fs                                  text54       0049AA
_clust2sect                                text41       00434E
_command                                   text77       004E00
_config_timer_dois                         text9        00570C
_config_timer_zero                         text7        005650
_configura_baudrate_uart                   text28       003C5A
_create_chain                              text59       00335A
_dado                                      bssCOMRAM    000033
_dado_arquivo                              bssBANK3     0003D1
_dados_gps_to_sd                           text86       00535C
_data_buff                                 bssCOMRAM    000029
_data_hoje                                 bssCOMRAM    000036
_data_uart_recebe                          bssCOMRAM    00003E
_delay                                     text53       00557C
_desliga_SPI                               text85       005766
_desliga_uart                              text84       005728
_disk_initialize                           text46       00541C
_disk_ioctl                                text82       005550
_disk_read                                 text73       00491A
_disk_status                               text67       005200
_disk_write                                text71       004A36
_disparo_gravacao                          text13       00569A
_dummy_clocks                              text80       005318
_endereco_cursor_lcd                       text50       004CBE
_escalonador                               text11       0045FC
_escreve_SPI                               text79       0056B0
_escreve_caractere_lcd                     text52       004C46
_escreve_cmd_lcd                           text25       004886
_escreve_frase_ram_lcd                     text51       00507E
_escreve_inteiro_lcd                       text16       00539E
_escrita_sdcard                            text26       0044AE
_estado                                    bssCOMRAM    000035
_f_close                                   text64       005524
_f_lseek                                   text58       001402
_f_mount                                   text57       005120
_f_open                                    text36       001C6A
_f_sync                                    text65       003EBE
_f_write                                   text34       000916
_fil                                       bssBANK1     000134
_filename                                  dataBANK1    0001C5
_flag                                      bssBANK0     0000F5
_fprintf                                   text31       00188C
_fprintf$2595                              cstackBANK3  000312
_fputc                                     text33       004FD4
_fputs                                     text32       004E68
_fs                                        bssBIGRAM    0003E5
_fsid                                      bssBANK0     0000F8
_get_cluster                               text61       002D9A
_get_fattime                               text83       003FE8
_inicializa_SPI                            text30       005614
_inicializa_tarefas                        text10       004D2E
_inicializa_uart                           text27       0055CE
_init_hardware                             text3        005684
_init_interrupt                            text6        0056C4
_init_lcd                                  text2        0047E8
_init_oscilador                            text5        005772
_init_ports                                text4        005634
_isdigit                                   text22       0055F2
_isdigit$2933                              cstackBANK0  000061
_isr                                       intcode      000008
_itoa                                      text17       005290
_leitura_SPI                               text81       00575A
_main                                      text0        0054F6
_make_dirfile                              text38       003858
_make_dirfile$2107                         cstackBANK0  00006E
_memcmp                                    text55       004744
_memcpy                                    text43       0051B8
_memset                                    text45       0054C6
_mensagem_inicial                          text1        004ABE
_monta_sd                                  text87       003D8C
_move_window                               text70       00351A
_next_dir_entry                            text40       0036D0
_p_tarefas                                 bssBANK0     0000ED
_poligono_ext                              bssBANK2     000200
_posicao_cursor_lcd                        text49       004BC8
[...]
 Defined at:
		line 69 in file "bibliotecas/SPI.c"
 Parameters:    Size  Location     Type
		None
 Auto vars:     Size  Location     Type
		None
 Return value:  Size  Location     Type
                  1    wreg      void 
 Registers used:
		wreg, status,2
 Tracked objects:
		On entry : 
		On exit  : 
		Unchanged: 
 Data sizes:     COMRAM   BANK0   BANK1   BANK2   BANK3   BANK4   BANK5   BANK6   BANK7
      Params:         0       0       0       0       0       0       0       0       0
      Locals:         0       0       0       0       0       0       0       0       0
      Temps:          0       0       0       0       0       0       0       0       0
      Totals:         0       0       0       0       0       0       0       0       0
Total ram usage:        0 bytes
 Hardware stack levels used:    1
 Hardware stack levels required when called:    3
 This function calls:
		Nothing
 This function is called by:
		_escrita_sdcard
		_leitura_sdcard
 This function uses a non-reentrant model


 *************** function _dados_gps_to_sd *****************
 Defined at:
		line 637 in file "bibliotecas/GPS.c"
 Parameters:    Size  Location     Type
		None
 Auto vars:     Size  Location     Type
		None
 Return value:  Size  Location     Type
                  1    wreg      void 
 Registers used:
		wreg, fsr1l, fsr1h, fsr2l, fsr2h, status,2, status,0, prodl, prodh, cstack
 Tracked objects:
		On entry : 
		On exit  : 
		Unchanged: 
 Data sizes:     COMRAM   BANK0   BANK1   BANK2   BANK3   BANK4   BANK5   BANK6   BANK7
      Params:         0       0       0       0       0       0       0       0       0
      Locals:         0       0       0       0       0       0       0       0       0
      Temps:          0       0       0       0       0       0       0       0       0
      Totals:         0       0       0       0       0       0       0       0       0
Total ram usage:        0 bytes
 Hardware stack levels used:    1
 Hardware stack levels required when called:    5
 This function calls:
		_monta_sd
 This function is called by:
		_main
 This function uses a non-reentrant model


 *************** function _monta_sd *****************
 Defined at:
		line 286 in file "bibliotecas/SDCard.c"
 Parameters:    Size  Location     Type
  index           1    wreg     unsigned char 
  dado            2    6[BANK0 ] PTR unsigned char 
		 -> rawDate(7), rawLongitude(13), rawLatitude(13), rawTime(11), 
 Auto vars:     Size  Location     Type
  index           1    8[BANK0 ] unsigned char 
  i               1   10[BANK0 ] unsigned char 
  size            1    9[BANK0 ] unsigned char 
 Return value:  Size  Location     Type
                  1    wreg      void 
 Registers used:
		wreg, fsr1l, fsr1h, fsr2l, fsr2h, status,2, status,0, prodl, prodh, cstack
 Tracked objects:
		On entry : 
		On exit  : 
		Unchanged: 
 Data sizes:     COMRAM   BANK0   BANK1   BANK2   BANK3   BANK4   BANK5   BANK6   BANK7
      Params:         0       2       0       0       0       0       0       0       0
      Locals:         0       3       0       0       0       0       0       0       0
      Temps:          0       0       0       0       0       0       0       0       0
      Totals:         0       5       0       0       0       0       0       0       0
Total ram usage:        5 bytes
 Hardware stack levels used:    1
 Hardware stack levels required when called:    4
 This function calls:
		_strlen
 This function is called by:
		_dados_gps_to_sd
 This function uses a non-reentrant model


 *************** function _strlen *****************
 Defined at:
		line 4 in file "C:\Program Files (x86)\Microchip\xc8\v1.45\sources\common\strlen.c"
 Parameters:    Size  Location     Type
  s               2    0[BANK0 ] PTR const unsigned char 
		 -> rawDate(7), rawLongitude(13), rawLatitude(13), rawTime(11), 
 Auto vars:     Size  Location     Type
  cp              2    4[BANK0 ] PTR const unsigned char 
		 -> rawDate(7), rawLongitude(13), rawLatitude(13), rawTime(11), 
 Return value:  Size  Location     Type
                  2    0[BANK0 ] unsigned int 
 Registers used:
		wreg, fsr2l, fsr2h, status,2, status,0
 Tracked objects:
		On entry : 
		On exit  : 
		Unchanged: 
 Data sizes:     COMRAM   BANK0   BANK1   BANK2   BANK3   BANK4   BANK5   BANK6   BANK7
      Params:         0       2       0       0       0       0       0       0       0
      Locals:         0       2       0       0       0       0       0       0       0
      Temps:          0       2       0       0       0       0       0       0       0
      Totals:         0       6       0       0       0       0       0       0       0
Total ram usage:        6 bytes
 Hardware stack levels used:    1
 Hardware stack levels required when called:    3
 This function calls:
		Nothing
 This function is called by:
		_monta_sd
 This function uses a non-reentrant model


 *************** function _isr *****************
 Defined at:
		line 102 in file "main.c"
 Parameters:    Size  Location     Type
		None
 Auto vars:     Size  Location     Type
  cont            1   31[COMRAM] unsigned char 
 Return value:  Size  Location     Type
                  1    wreg      void 
 Registers used:
		wreg, fsr1l, fsr1h, fsr2l, fsr2h, status,2, status,0, tblptrl, tblptrh, tblptru, prodl, prodh, cstack
 Tracked objects:
		On entry : 
		On exit  : 
		Unchanged: 
 Data sizes:     COMRAM   BANK0   BANK1   BANK2   BANK3   BANK4   BANK5   BANK6   BANK7
      Params:         0       0       0       0       0       0       0       0       0
      Locals:         1       0       0       0       0       0       0       0       0
      Temps:         20       0       0       0       0       0       0       0       0
      Totals:        21       0       0       0       0       0       0       0       0
Total ram usage:       21 bytes
 Hardware stack levels used:    1
 Hardware stack levels required when called:    2
 This function calls:
		_GPSRead
		_recebe_dado_uart
		i2_write_timer_zero
 This function is called by:
		Interrupt level 2
 This function uses a non-reentrant model


 *************** function i2_write_timer_zero *****************
 Defined at:
		line 138 in file "bibliotecas/hardware.c"
 Parameters:    Size  Location     Type
  timer0          2    0[COMRAM] unsigned int 
 Auto vars:     Size  Location     Type
  write_timer_    2    2[COMRAM] struct Timers
 Return value:  Size  Location     Type
                  1    wreg      void 
 Registers used:
		None
 Tracked objects:
		On entry : 
		On exit  : 
		Unchanged: 
 Data sizes:     COMRAM   BANK0   BANK1   BANK2   BANK3   BANK4   BANK5   BANK6   BANK7
      Params:         2       0       0       0       0       0       0       0       0
      Locals:         2       0       0       0       0       0       0       0       0
      Temps:          0       0       0       0       0       0       0       0       0
      Totals:         4       0       0       0       0       0       0       0       0
Total ram usage:        4 bytes
 Hardware stack levels used:    1
 This function calls:
		Nothing
 This function is called by:
		_isr
 This function uses a non-reentrant model


 *************** function _recebe_dado_uart *****************
 Defined at:
		line 138 in file "bibliotecas/uart.c"
 Parameters:    Size  Location     Type
		None
 Auto vars:     Size  Location     Type
		None
 Return value:  Size  Location     Type
                  1    wreg      unsigned char 
 Registers used:
		wreg, status,2
 Tracked objects:
		On entry : 
		On exit  : 
		Unchanged: 
 Data sizes:     COMRAM   BANK0   BANK1   BANK2   BANK3   BANK4   BANK5   BANK6   BANK7
      Params:         0       0       0       0       0       0       0       0       0
      Locals:         0       0       0       0       0       0       0       0       0
      Temps:          0       0       0       0       0       0       0       0       0
      Totals:         0       0       0       0       0       0       0       0       0
Total ram usage:        0 bytes
 Hardware stack levels used:    1
 This function calls:
		Nothing
 This function is called by:
		_isr
		_recebe_string_uart
 This function uses a non-reentrant model


 *************** function _GPSRead *****************
 Defined at:
		line 468 in file "bibliotecas/GPS.c"
 Parameters:    Size  Location     Type
  buff            1    wreg     unsigned char 
 Auto vars:     Size  Location     Type
  buff            1    9[COMRAM] unsigned char 
  c               1   10[COMRAM] unsigned char 
 Return value:  Size  Location     Type
                  2    8[None  ] int 
 Registers used:
		wreg, fsr1l, fsr1h, fsr2l, fsr2h, status,2, status,0, tblptrl, tblptrh, tblptru, prodl, prodh, cstack
 Tracked objects:
		On entry : 
		On exit  : 
		Unchanged: 
 Data sizes:     COMRAM   BANK0   BANK1   BANK2   BANK3   BANK4   BANK5   BANK6   BANK7
      Params:         0       0       0       0       0       0       0       0       0
      Locals:         2       0       0       0       0       0       0       0       0
      Temps:          0       0       0       0       0       0       0       0       0
      Totals:         2       0       0       0       0       0       0       0       0
Total ram usage:        2 bytes
 Hardware stack levels used:    1
 Hardware stack levels required when called:    1
 This function calls:
		_strcmp
		_stringcpy
 This function is called by:
		_isr
 This function uses a non-reentrant model


 *************** function _stringcpy *****************
 Defined at:
		line 459 in file "bibliotecas/GPS.c"
 Parameters:    Size  Location     Type
  str1            2    0[COMRAM] PTR unsigned char 
		 -> buffer(12), 
  str2            2    2[COMRAM] PTR unsigned char 
		 -> rawAltitude(7), rawSatellites(3), rawDate(7), rawCourse(6), 
		 -> rawSpeed(6), rawLongitude(13), rawLatitude(13), rawTime(11), 
		 -> sentence(6), 
  dir             2    4[COMRAM] int 
 Auto vars:     Size  Location     Type
  chr             1    8[COMRAM] unsigned char 
 Return value:  Size  Location     Type
                  1    wreg      void 
 Registers used:
		wreg, fsr1l, fsr1h, fsr2l, fsr2h, status,2, status,0, prodl, prodh
 Tracked objects:
		On entry : 
		On exit  : 
		Unchanged: 
 Data sizes:     COMRAM   BANK0   BANK1   BANK2   BANK3   BANK4   BANK5   BANK6   BANK7
      Params:         6       0       0       0       0       0       0       0       0
      Locals:         1       0       0       0       0       0       0       0       0
      Temps:          2       0       0       0       0       0       0       0       0
      Totals:         9       0       0       0       0       0       0       0       0
Total ram usage:        9 bytes
 Hardware stack levels used:    1
 This function calls:
		Nothing
 This function is called by:
		_GPSRead
 This function uses a non-reentrant model


 *************** function _strcmp *****************
 Defined at:
		line 33 in file "C:\Program Files (x86)\Microchip\xc8\v1.45\sources\common\strcmp.c"
 Parameters:    Size  Location     Type
  s1              2    0[COMRAM] PTR const unsigned char 
		 -> sentence(6), 
  s2              2    2[COMRAM] PTR const unsigned char 
		 -> STR_14(6), STR_13(6), 
 Auto vars:     Size  Location     Type
  r               1    5[COMRAM] char 
 Return value:  Size  Location     Type
                  2    0[COMRAM] int 
 Registers used:
		wreg, fsr2l, fsr2h, status,2, status,0, tblptrl, tblptrh, tblptru
 Tracked objects:
		On entry : 
		On exit  : 
		Unchanged: 
 Data sizes:     COMRAM   BANK0   BANK1   BANK2   BANK3   BANK4   BANK5   BANK6   BANK7
      Params:         4       0       0       0       0       0       0       0       0
      Locals:         1       0       0       0       0       0       0       0       0
      Temps:          1       0       0       0       0       0       0       0       0
      Totals:         6       0       0       0       0       0       0       0       0
Total ram usage:        6 bytes
 Hardware stack levels used:    1
 This function calls:
		Nothing
 This function is called by:
		_GPSRead
 This function uses a non-reentrant model



MODULE INFORMATION

Module		Function		Class		Link	Load	Size
bibliotecas/uart.c
		_configura_baudrate_uart		CODE           	3C5A	0000	307
		_recebe_dado_uart		CODE           	56FA	0000	19
		_desliga_uart  		CODE           	5728	0000	15
		_inicializa_uart		CODE           	55CE	0000	37

bibliotecas/uart.c estimated size: 378

bibliotecas/SPI.c
		_escreve_SPI   		CODE           	56B0	0000	21
		_inicializa_SPI		CODE           	5614	0000	33
		_desliga_SPI   		CODE           	5766	0000	13
		_leitura_SPI   		CODE           	575A	0000	13

bibliotecas/SPI.c estimated size: 80

bibliotecas/diskio.c
		_disk_initialize		CODE           	541C	0000	61
		_disk_write    		CODE           	4A36	0000	137
		_disk_status   		CODE           	5200	0000	73
		_sdc_reset     		CODE           	46A0	0000	165
		_disk_ioctl    		CODE           	5550	0000	45
		_sdc_disk_read 		CODE           	3B14	0000	327
		_sdc_disk_initialize		CODE           	2000	0000	839
		_disk_read     		CODE           	491A	0000	145
		_sdc_disk_write		CODE           	3190	0000	459
		_sdc_disk_status		CODE           	566C	0000	25

bibliotecas/diskio.c estimated size: 2276

C:\Program Files (x86)\Microchip\xc8\v1.45\sources\common\Umul16.c
		___wmul        		CODE           	55A6	0000	41

C:\Program Files (x86)\Microchip\xc8\v1.45\sources\common\Umul16.c estimated size: 41

C:\Program Files (x86)\Microchip\xc8\v1.45\sources\common\isdigit.c
		_isdigit       		CODE           	55F2	0000	35

C:\Program Files (x86)\Microchip\xc8\v1.45\sources\common\isdigit.c estimated size: 35

C:\Program Files (x86)\Microchip\xc8\v1.45\sources\common\memcmp.c
		_memcmp        		CODE           	4744	0000	165

C:\Program Files (x86)\Microchip\xc8\v1.45\sources\common\memcmp.c estimated size: 165

C:\Program Files (x86)\Microchip\xc8\v1.45\sources\common\memcpy.c
		_memcpy        		CODE           	51B8	0000	73

C:\Program Files (x86)\Microchip\xc8\v1.45\sources\common\memcpy.c estimated size: 73

C:\Program Files (x86)\Microchip\xc8\v1.45\sources\common\lwmod.c
		___lwmod       		CODE           	52D4	0000	69

C:\Program Files (x86)\Microchip\xc8\v1.45\sources\common\lwmod.c estimated size: 69

C:\Program Files (x86)\Microchip\xc8\v1.45\sources\common\llmod.c
		___llmod       		CODE           	4D98	0000	105

C:\Program Files (x86)\Microchip\xc8\v1.45\sources\common\llmod.c estimated size: 105

bibliotecas/SDCard.c
		_response      		CODE           	571A	0000	15
		_dummy_clocks  		CODE           	5318	0000	69
		_escrita_sdcard		CODE           	44AE	0000	169
		_monta_sd      		CODE           	3D8C	0000	307
		_command       		CODE           	4E00	0000	105
		_proceed       		CODE           	574E	0000	13
		_wait_ready    		CODE           	5458	0000	59

bibliotecas/SDCard.c estimated size: 737

C:\Program Files (x86)\Microchip\xc8\v1.45\sources\common\Umul32.c
		___lmul        		CODE           	4F7C	0000	89

C:\Program Files (x86)\Microchip\xc8\v1.45\sources\common\Umul32.c estimated size: 89

C:\Program Files (x86)\Microchip\xc8\v1.45\sources\common\atoi.c
		_atoi          		CODE           	40F0	0000	217

C:\Program Files (x86)\Microchip\xc8\v1.45\sources\common\atoi.c estimated size: 217

bibliotecas/hardware.c
		_init_hardware 		CODE           	5684	0000	23
		_config_timer_dois		CODE           	570C	0000	15
		_config_timer_zero		CODE           	5650	0000	29
		_init_ports    		CODE           	5634	0000	29
		_write_timer_zero		CODE           	56D6	0000	19
		_init_interrupt		CODE           	56C4	0000	19
		_init_oscilador		CODE           	5772	0000	9

bibliotecas/hardware.c estimated size: 143

shared
		mensagem_inicial@F4356		MEDIUMCONST    	6164	0000	18
		mensagem_inicial@F4358		MEDIUMCONST    	6153	0000	18
		__initialization		CODE           	4296	0000	171
		i2_write_timer_zero		CODE           	56E8	0000	19

shared estimated size: 226

C:\Program Files (x86)\Microchip\xc8\v1.45\sources\common\lwdiv.c
		___lwdiv       		CODE           	502A	0000	85

C:\Program Files (x86)\Microchip\xc8\v1.45\sources\common\lwdiv.c estimated size: 85

C:\Program Files (x86)\Microchip\xc8\v1.45\sources\common\lldiv.c
		___lldiv       		CODE           	4B44	0000	133

C:\Program Files (x86)\Microchip\xc8\v1.45\sources\common\lldiv.c estimated size: 133

C:\Program Files (x86)\Microchip\xc8\v1.45\sources\common\aldiv.c
		___aldiv       		CODE           	41C8	0000	207

C:\Program Files (x86)\Microchip\xc8\v1.45\sources\common\aldiv.c estimated size: 207

bibliotecas/display_lcd.c
		_delay         		CODE           	557C	0000	43
		_init_lcd      		CODE           	47E8	0000	159
		_endereco_cursor_lcd		CODE           	4CBE	0000	113
		_escreve_cmd_lcd		CODE           	4886	0000	149
		_posicao_cursor_lcd		CODE           	4BC8	0000	127
		_escreve_caractere_lcd		CODE           	4C46	0000	121
		_escreve_frase_ram_lcd		CODE           	507E	0000	85
		_escreve_inteiro_lcd		CODE           	539E	0000	65

bibliotecas/display_lcd.c estimated size: 862

main.c
		_main          		CODE           	54F6	0000	47
		_verifica_fence_externo		CODE           	0012	0000	2309
		_troca_de_tela 		CODE           	2FBC	0000	469
		_disparo_gravacao		CODE           	569A	0000	23
		_verifica_dados_operacionais		CODE           	577A	0000	3
		_isr           		CODE           	0008	0000	341
		_escalonador   		CODE           	45FC	0000	165
		_mensagem_inicial		CODE           	4ABE	0000	135
		_inicializa_tarefas		CODE           	4D2E	0000	107

main.c estimated size: 3599

C:\Program Files (x86)\Microchip\xc8\v1.45\sources\common\strlen.c
		_strlen        		CODE           	53DE	0000	63

C:\Program Files (x86)\Microchip\xc8\v1.45\sources\common\strlen.c estimated size: 63

C:\Program Files (x86)\Microchip\xc8\v1.45\sources\common\itoa.c
		_itoa          		CODE           	5290	0000	69
		_utoa          		CODE           	4404	0000	171

C:\Program Files (x86)\Microchip\xc8\v1.45\sources\common\itoa.c estimated size: 240

C:\Program Files (x86)\Microchip\xc8\v1.45\sources\common\strcmp.c
		_strcmp        		CODE           	5248	0000	73

C:\Program Files (x86)\Microchip\xc8\v1.45\sources\common\strcmp.c estimated size: 73

bibliotecas/GPS.c
		_stringcpy     		CODE           	50D2	0000	79
		_Longitude     		CODE           	5736	0000	13
		_GPSRead       		CODE           	288C	0000	661
		_dados_gps_to_sd		CODE           	535C	0000	67
		_Latitude      		CODE           	5742	0000	13

bibliotecas/GPS.c estimated size: 833

bibliotecas/tff.c
		_reserve_direntry		CODE           	25F2	0000	667
		_sync          		CODE           	4ECA	0000	91
		_remove_chain  		CODE           	4556	0000	167
		_f_mount       		CODE           	5120	0000	77
		_get_cluster   		CODE           	2D9A	0000	547
		_get_fattime   		CODE           	3FE8	0000	265
		_fputs         		CODE           	4E68	0000	99
		_auto_mount    		CODE           	0ED0	0000	1331
		_create_chain  		CODE           	335A	0000	449
		_f_lseek       		CODE           	1402	0000	1163
		_validate      		CODE           	516C	0000	77
		_check_fs      		CODE           	49AA	0000	141
		_fprintf       		CODE           	188C	0000	991
		_f_sync        		CODE           	3EBE	0000	299
		_trace_path    		CODE           	2346	0000	685
		_f_write       		CODE           	0916	0000	1467
		_fputc         		CODE           	4FD4	0000	87
		_put_cluster   		CODE           	2B20	0000	635
		_make_dirfile  		CODE           	3858	0000	367
		_clust2sect    		CODE           	434E	0000	183
		_f_open        		CODE           	1C6A	0000	919
		_next_dir_entry		CODE           	36D0	0000	393
		_f_close       		CODE           	5524	0000	45
		_move_window   		CODE           	351A	0000	439

bibliotecas/tff.c estimated size: 11584

C:\Program Files (x86)\Microchip\xc8\v1.45\sources\common\memset.c
		_memset        		CODE           	54C6	0000	49

C:\Program Files (x86)\Microchip\xc8\v1.45\sources\common\memset.c estimated size: 49

