Microchip MPLAB XC8 Compiler V1.45 ()

Linker command line:

-W-3 --edf=C:\Program Files (x86)\Microchip\xc8\v1.45\dat\en_msgs.txt -cs \
  -h+dist/default/production\SD_CARDV4.X.production.sym \
  --cmf=dist/default/production\SD_CARDV4.X.production.cmf -z -Q18F4550 \
  -oC:\Users\Felipe\AppData\Local\Temp\sbjs.2 \
  -Mdist/default/production/SD_CARDV4.X.production.map -E1 -ver=XC8 \
  -ASTACK=04ADh-07ffh -pstack=STACK -ACODE=00h-0627Fh -ACONST=00h-0627Fh \
  -ASMALLCONST=0800h-08FFhx90,06200h-0627Fh -AMEDIUMCONST=0800h-0627Fh \
  -ACOMRAM=01h-05Fh -AABS1=00h-07FFh -ABIGRAM=01h-07FFh \
  -ARAM=060h-0FFh,0100h-01FFhx7 -ABANK0=060h-0FFh -ABANK1=0100h-01FFh \
  -ABANK2=0200h-02FFh -ABANK3=0300h-03FFh -ABANK4=0400h-04FFh \
  -ABANK5=0500h-05FFh -ABANK6=0600h-06FFh -ABANK7=0700h-07FFh \
  -ASFR=0F60h-0FFFh -preset_vec=00h,intcode=08h,intcodelo,powerup,init \
  -pramtop=0800h -psmallconst=SMALLCONST -pmediumconst=MEDIUMCONST \
  -pconst=CONST -AFARRAM=00h-00h -ACONFIG=0300000h-030000Dh -pconfig=CONFIG \
  -AIDLOC=0200000h-0200007h -pidloc=IDLOC -AEEDATA=0F00000h-0F000FFh \
  -peeprom_data=EEDATA \
  -prdata=COMRAM,nvrram=COMRAM,nvbit=COMRAM,rbss=COMRAM,rbit=COMRAM \
  -pfarbss=FARRAM,fardata=FARRAM,nvFARRAM=FARRAM \
  -pintsave_regs=BIGRAM,bigbss=BIGRAM,bigdata=BIGRAM -pbss=RAM \
  -pidata=CODE,irdata=CODE,ibigdata=CODE,ifardata=CODE -prparam=COMRAM \
  C:\Users\Felipe\AppData\Local\Temp\sbjs.obj \
  dist/default/production\SD_CARDV4.X.production.obj 

Object code version is 3.11

Machine type is 18F4550

Call graph: (short form)




                Name                               Link     Load   Length Selector   Space Scale
C:\Users\Felipe\AppData\Local\Temp\sbjs.obj
                init                                  E        E        4        4       0
                reset_vec                             0        0        4        0       0
                idloc                            200000   200000        8   200000       0
                config                           300000   300000        E   300000       0
dist/default/production\SD_CARDV4.X.production.obj
                intcode                               8        8        6        4       0
                temp                                 46       46        1        1       1
                mediumconst                        604C     604C      234     3026       0
                text64                             3528     3528       12        4       0
                text63                             2B76     2B76       8E        4       0
                text62                             3516     3516       12        4       0
                intcode_body                       249E     249E      126        4       0
                text60                             34DE     34DE       14        4       0
                text59                             325C     325C       44        4       0
                text58                             3560     3560        C        4       0
                text57                             2C90     2C90       82        4       0
                text56                             316A     316A       56        4       0
                text55                             3212     3212       4A        4       0
                text54                             310E     310E       5C        4       0
                text53                             3358     3358       2E        4       0
                text52                             33FE     33FE       24        4       0
                text51                             2EEE     2EEE       72        4       0
                text50                             31C0     31C0       52        4       0
                text49                             3040     3040       6A        4       0
                text48                             2FD0     2FD0       70        4       0
                text47                             3554     3554        C        4       0
                text46                             33B2     33B2       28        4       0
                text45                             353A     353A        E        4       0
                text44                             127C     127C      34A        4       0
                text43                             1BEE     1BEE      15C        4       0
                text42                             2C04     2C04       8C        4       0
                text41                             2E08     2E08       74        4       0
                text40                             15C6     15C6      2BA        4       0
                text39                               12       12      634        4       0
                text38                             3386     3386       2C        4       0
                text37                             1E9A     1E9A      144        4       0
                text36                             296E     296E       C6        4       0
                text35                              B04      B04      3E8        4       0
                text34                             1880     1880      1BC        4       0
                text33                             2376     2376      128        4       0
                text32                             2F60     2F60       70        4       0
                text31                             26DA     26DA      100        4       0
                text30                             28A6     28A6       C8        4       0
                text29                             25C4     25C4      116        4       0
                text28                             1D4A     1D4A      150        4       0
                text27                              EEC      EEC      390        4       0
                text26                             1FDE     1FDE      140        4       0
                text25                              646      646      4BE        4       0
                text24                             356C     356C        A        4       0
                text23                             3444     3444       1E        4       0
                text22                             3462     3462       1C        4       0
                text21                             33DA     33DA       24        4       0
                text20                             1A3C     1A3C      1B2        4       0
                text19                             2A34     2A34       A4        4       0
                text18                             2D12     2D12       7C        4       0
                text17                             357E     357E        8        4       0
                text16                             331E     331E       3A        4       0
                text15                             27DA     27DA       CC        4       0
                text14                             211E     211E      130        4       0
                text13                             3422     3422       22        4       0
                text12                             3548     3548        C        4       0
                text11                             3504     3504       12        4       0
                text10                             347E     347E       1A        4       0
                text9                              34F2     34F2       12        4       0
                text8                              3576     3576        8        4       0
                text7                              34B0     34B0       18        4       0
                text6                              34C8     34C8       16        4       0
                text5                              2AD8     2AD8       9E        4       0
                text4                              32E2     32E2       3C        4       0
                text3                              30AA     30AA       64        4       0
                text2                              224E     224E      128        4       0
                text1                              2D8E     2D8E       7A        4       0
                text0                              32A0     32A0       42        4       0
                cstackCOMRAM                          1        1       2D        1       1
                cstackBANK0                          60       60       71       60       1
                cstackBANK1                         18E      18E       3F      100       1
                cstackBANK2                         280      280       2D      200       1
                bssBIGRAM                           2AD      2AD      200      2AD       1
                bssBANK2                            200      200       80      200       1
                dataBANK1                           1CD      1CD       18      100       1
                bssBANK1                            100      100       8E      100       1
                bssBANK0                             D1       D1        8       60       1
                bssCOMRAM                            2E       2E       18        1       1
                cinit                              2E7C     2E7C       72        4       0
                idataBANK1                         3498     3498       18        4       0

TOTAL           Name                               Link     Load   Length     Space
        CLASS   STACK          

        CLASS   CODE           
                intcode                               8        8        6         0
                init                                  E        E        4         0
                reset_vec                             0        0        4         0
                text64                             3528     3528       12         0
                text63                             2B76     2B76       8E         0
                text62                             3516     3516       12         0
                intcode_body                       249E     249E      126         0
                text60                             34DE     34DE       14         0
                text59                             325C     325C       44         0
                text58                             3560     3560        C         0
                text57                             2C90     2C90       82         0
                text56                             316A     316A       56         0
                text55                             3212     3212       4A         0
                text54                             310E     310E       5C         0
                text53                             3358     3358       2E         0
                text52                             33FE     33FE       24         0
                text51                             2EEE     2EEE       72         0
                text50                             31C0     31C0       52         0
                text49                             3040     3040       6A         0
                text48                             2FD0     2FD0       70         0
                text47                             3554     3554        C         0
                text46                             33B2     33B2       28         0
                text45                             353A     353A        E         0
                text44                             127C     127C      34A         0
                text43                             1BEE     1BEE      15C         0
                text42                             2C04     2C04       8C         0
                text41                             2E08     2E08       74         0
                text40                             15C6     15C6      2BA         0
                text39                               12       12      634         0
                text38                             3386     3386       2C         0
                text37                             1E9A     1E9A      144         0
                text36                             296E     296E       C6         0
                text35                              B04      B04      3E8         0
                text34                             1880     1880      1BC         0
                text33                             2376     2376      128         0
                text32                             2F60     2F60       70         0
                text31                             26DA     26DA      100         0
                text30                             28A6     28A6       C8         0
                text29                             25C4     25C4      116         0
                text28                             1D4A     1D4A      150         0
                text27                              EEC      EEC      390         0
                text26                             1FDE     1FDE      140         0
                text25                              646      646      4BE         0
                text24                             356C     356C        A         0
                text23                             3444     3444       1E         0
                text22                             3462     3462       1C         0
                text21                             33DA     33DA       24         0
                text20                             1A3C     1A3C      1B2         0
                text19                             2A34     2A34       A4         0
                text18                             2D12     2D12       7C         0
                text17                             357E     357E        8         0
                text16                             331E     331E       3A         0
                text15                             27DA     27DA       CC         0
                text14                             211E     211E      130         0
                text13                             3422     3422       22         0
                text12                             3548     3548        C         0
                text11                             3504     3504       12         0
                text10                             347E     347E       1A         0
                text9                              34F2     34F2       12         0
                text8                              3576     3576        8         0
                text7                              34B0     34B0       18         0
                text6                              34C8     34C8       16         0
                text5                              2AD8     2AD8       9E         0
                text4                              32E2     32E2       3C         0
                text3                              30AA     30AA       64         0
                text2                              224E     224E      128         0
                text1                              2D8E     2D8E       7A         0
                text0                              32A0     32A0       42         0
                cinit                              2E7C     2E7C       72         0
                idataBANK1                         3498     3498       18         0

        CLASS   CONST          

        CLASS   SMALLCONST     

        CLASS   MEDIUMCONST    
                mediumconst                        604C     604C      234         0

        CLASS   COMRAM         
                temp                                 46       46        1         1
                cstackCOMRAM                          1        1       2D         1
                bssCOMRAM                            2E       2E       18         1

        CLASS   ABS1           

        CLASS   BIGRAM         
                bssBIGRAM                           2AD      2AD      200         1

        CLASS   RAM            

        CLASS   BANK0          
                cstackBANK0                          60       60       71         1
                bssBANK0                             D1       D1        8         1

        CLASS   BANK1          
                cstackBANK1                         18E      18E       3F         1
                dataBANK1                           1CD      1CD       18         1
                bssBANK1                            100      100       8E         1

        CLASS   BANK2          
                cstackBANK2                         280      280       2D         1
                bssBANK2                            200      200       80         1

        CLASS   BANK3          

        CLASS   BANK4          

        CLASS   BANK5          

        CLASS   BANK6          

        CLASS   BANK7          

        CLASS   SFR            

        CLASS   FARRAM         

        CLASS   CONFIG         
                config                           300000   300000        E         0

        CLASS   IDLOC          
                idloc                            200000   200000        8         0

        CLASS   EEDATA         



SEGMENTS        Name                           Load    Length   Top    Selector   Space  Class

                reset_vec                      000000  000004  000004         0       0  CODE    
                cstackCOMRAM                   000001  000046  000047         1       1  COMRAM  
                intcode                        000008  00357E  003586         4       0  CODE    
                cstackBANK0                    000060  000079  0000D9        60       1  BANK0   
                bssBANK1                       000100  0000E5  0001E5       100       1  BANK1   
                bssBANK2                       000200  0000AD  0002AD       200       1  BANK2   
                bssBIGRAM                      0002AD  000200  0004AD       2AD       1  BIGRAM  
                mediumconst                    00604C  000234  006280      3026       0  MEDIUMCO
                idloc                          200000  000008  200008    200000       0  IDLOC   
                config                         300000  00000E  30000E    300000       0  CONFIG  


UNUSED ADDRESS RANGES

        Name                Unused          Largest block    Delta
        BANK0            0000D9-0000FF               27
        BANK1            0001E5-0001FF               1B
        BANK4            0004AD-0004FF               53
        BANK5            000500-0005FF              100
        BANK6            000600-0006FF              100
        BANK7            000700-0007FF              100
        BIGRAM           000047-00005F               19
                         0000D9-0000FF               27
                         0001E5-0001FF               1B
                         0004AD-0007FF              353
        CODE             000004-000007                4
                         003586-00604B             2AC6
        COMRAM           000047-00005F               19
        CONST            000004-000007                4
                         003586-00604B             2AC6
        EEDATA           F00000-F000FF              100
        MEDIUMCONST      003586-00604B             2AC6
        RAM              0000D9-0000FF               27
                         0001E5-0001FF               1B
                         0004AD-0007FF              100
        SFR              000F60-000FFF               A0
        SMALLCONST       003586-00604B              100
        STACK            0004AD-0007FF              353

                                  Symbol Table

?___aldiv                         cstackCOMRAM 00001A
?___lldiv                         cstackCOMRAM 00001A
?___lmul                          cstackCOMRAM 00001A
?_clust2sect                      cstackCOMRAM 000026
?_get_clust                       cstackCOMRAM 00001A
?_get_fat                         cstackCOMRAM 00002A
?_leitura_adc                     cstackCOMRAM 00001A
?_mem_cmp                         cstackCOMRAM 00001A
SDCard@FResult                    cstackBANK2  000280
SDCard@br                         cstackBANK2  000281
SDCard@fs                         cstackBANK2  000283
WriteSPI_@TempVar                 cstackCOMRAM 00001C
WriteSPI_@dado                    cstackCOMRAM 00001D
_ADCON0                           (abs)        000FC2
_ADCON0bits                       (abs)        000FC2
_ADCON1                           (abs)        000FC1
_ADCON1bits                       (abs)        000FC1
_ADCON2bits                       (abs)        000FC0
_ADRESH                           (abs)        000FC4
_ADRESL                           (abs)        000FC3
_BRGH                             (abs)        007D62
_CREN                             (abs)        007D5C
_CommaCounter                     bssCOMRAM    00003A
_Data_Buffer                      bssBANK1     00017F
_EEADR                            (abs)        000FA9
_EECON1bits                       (abs)        000FA6
_EECON2                           (abs)        000FA7
_EEDATA                           (abs)        000FA8
_E_W                              bssCOMRAM    00003B
_FatFs                            bssCOMRAM    000037
_GGA_Buffer                       bssBANK2     000200
_GGA_CODE                         bssCOMRAM    000032
_GGA_Index                        bssCOMRAM    000035
_GGA_Pointers                     bssBANK1     000126
_INT0IE                           (abs)        007F94
_INT0IF                           (abs)        007F91
_INTCON                           (abs)        000FF2
_INTCON2                          (abs)        000FF1
_INTCON3                          (abs)        000FF0
_INTCONbits                       (abs)        000FF2
_IsItGGAString                    bssCOMRAM    000039
_LATB                             (abs)        000F8A
_LATBbits                         (abs)        000F8A
_N_S                              bssCOMRAM    00003C
_OSCCONbits                       (abs)        000FD3
_PCL                              (abs)        000FF9
_PCLATH                           (abs)        000FFA
_PIE1                             (abs)        000F9D
_PIE1bits                         (abs)        000F9D
_PIR1bits                         (abs)        000F9E
_PIR2bits                         (abs)        000FA1
_PORTAbits                        (abs)        000F80
_PORTCbits                        (abs)        000F82
_PORTDbits                        (abs)        000F83
_PORTEbits                        (abs)        000F84
_PR2                              (abs)        000FCB
_RCIF                             (abs)        007CF5
_RCREG                            (abs)        000FAE
_RCSTA                            (abs)        000FAB
_RCSTAbits                        (abs)        000FAB
_Result                           bssCOMRAM    000042
_SDCard                           text20       001A3C
_SPBRG                            (abs)        000FAF
_SPEN                             (abs)        007D5F
_SPPCFG                           (abs)        000F63
_SPPCON                           (abs)        000F65
_SSPBUF                           (abs)        000FC9
_SSPCON1                          (abs)        000FC6
_SSPCON1bits                      (abs)        000FC6
_SSPSTAT                          (abs)        000FC7
_SSPSTATbits                      (abs)        000FC7
_SYNC                             (abs)        007D64
_T0CON                            (abs)        000FD5
_T0CONbits                        (abs)        000FD5
_T0IF                             (abs)        007F92
_T2CON                            (abs)        000FCA
_TMR0H                            (abs)        000FD7
_TMR0IF                           (abs)        007F92
_TMR0L                            (abs)        000FD6
_TMR2                             (abs)        000FCC
_TMR2IF                           (abs)        007CF1
_TRISA                            (abs)        000F92
_TRISAbits                        (abs)        000F92
_TRISB                            (abs)        000F93
_TRISBbits                        (abs)        000F93
_TRISC                            (abs)        000F94
_TRISCbits                        (abs)        000F94
_TRISD                            (abs)        000F95
_TRISDbits                        (abs)        000F95
_TRISE                            (abs)        000F96
_TRMT                             (abs)        007D61
_TXEN                             (abs)        007D65
_TXREG                            (abs)        000FAD
_TXSTA                            (abs)        000FAC
_WriteSPI_                        text55       003212
__CFG_BOR$ON                      (abs)        000000
__CFG_BORV$3                      (abs)        000000
__CFG_CCP2MX$OFF                  (abs)        000000
__CFG_CPUDIV$OSC1_PLL2            (abs)        000000
__CFG_FCMEN$OFF                   (abs)        000000
__CFG_FOSC$HS                     (abs)        000000
__CFG_IESO$OFF                    (abs)        000000
__CFG_LPT1OSC$OFF                 (abs)        000000
__CFG_LVP$OFF                     (abs)        000000
__CFG_MCLRE$ON                    (abs)        000000
__CFG_PBADEN$OFF                  (abs)        000000
__CFG_PLLDIV$5                    (abs)        000000
__CFG_PWRT$OFF                    (abs)        000000
__CFG_STVREN$ON                   (abs)        000000
__CFG_USBDIV$1                    (abs)        000000
__CFG_VREGEN$OFF                  (abs)        000000
__CFG_WDT$OFF                     (abs)        000000
__HRAM                            (abs)        000000
__Habs1                           abs1         000000
__Hbank0                          bank0        000000
__Hbank1                          bank1        000000
__Hbank2                          bank2        000000
__Hbank3                          bank3        000000
__Hbank4                          bank4        000000
__Hbank5                          bank5        000000
__Hbank6                          bank6        000000
__Hbank7                          bank7        000000
__Hbigbss                         bigbss       000000
__Hbigdata                        bigdata      000000
__Hbigram                         bigram       000000
__Hbss                            bss          000000
__HbssBANK0                       bssBANK0     000000
__HbssBANK1                       bssBANK1     000000
__HbssBANK2                       bssBANK2     000000
__HbssBIGRAM                      bssBIGRAM    000000
__HbssCOMRAM                      bssCOMRAM    000000
__Hcinit                          cinit        000000
__Hclrtext                        clrtext      000000
__Hcomram                         comram       000000
__Hconfig                         config       30000E
__Hconst                          const        000000
__HcstackBANK0                    cstackBANK0  000000
__HcstackBANK1                    cstackBANK1  000000
__HcstackBANK2                    cstackBANK2  000000
__HcstackCOMRAM                   cstackCOMRAM 000000
__Hdata                           data         000000
__HdataBANK1                      dataBANK1    000000
__Heeprom_data                    eeprom_data  000000
__Hfarbss                         farbss       000000
__Hfardata                        fardata      000000
__Hibigdata                       ibigdata     000000
__Hidata                          idata        000000
__HidataBANK1                     idataBANK1   000000
__Hidloc                          idloc        200008
__Hifardata                       ifardata     000000
__Hinit                           init         000012
__Hintcode                        intcode      00000E
__Hintcode_body                   intcode_body 000000
__Hintcodelo                      intcodelo    00000E
__Hintentry                       intentry     000000
__Hintret                         intret       000000
__Hintsave_regs                   intsave_regs 000000
__Hirdata                         irdata       000000
__Hmediumconst                    mediumconst  006280
__HnvFARRAM                       nvFARRAM     000000
__Hnvbit                          nvbit        000000
__Hnvrram                         nvrram       000000
__Hparam                          rparam       000000
__Hpowerup                        powerup      00000E
__Hram                            ram          000000
__Hramtop                         ramtop       000800
__Hrbit                           rbit         000000
__Hrbss                           rbss         000000
__Hrdata                          rdata        000000
__Hreset_vec                      reset_vec    000004
__Hrparam                         rparam       000000
__Hsfr                            sfr          000000
__Hsmallconst                     smallconst   000000
__Hspace_0                        (abs)        30000E
__Hspace_1                        (abs)        0004AD
__Hspace_2                        (abs)        000000
__Hstack                          stack        000000
__Hstruct                         struct       000000
__Htemp                           temp         000047
__Htext                           text         000000
__Htext0                          text0        000000
__Htext1                          text1        000000
__Htext10                         text10       000000
__Htext11                         text11       000000
__Htext12                         text12       000000
__Htext13                         text13       000000
__Htext14                         text14       000000
__Htext15                         text15       000000
__Htext16                         text16       000000
__Htext17                         text17       000000
__Htext18                         text18       000000
__Htext19                         text19       000000
__Htext2                          text2        000000
__Htext20                         text20       000000
__Htext21                         text21       000000
__Htext22                         text22       000000
__Htext23                         text23       000000
__Htext24                         text24       000000
__Htext25                         text25       000000
__Htext26                         text26       000000
__Htext27                         text27       000000
__Htext28                         text28       000000
__Htext29                         text29       000000
__Htext3                          text3        000000
__Htext30                         text30       000000
__Htext31                         text31       000000
__Htext32                         text32       000000
__Htext33                         text33       000000
__Htext34                         text34       000000
__Htext35                         text35       000000
__Htext36                         text36       000000
__Htext37                         text37       000000
__Htext38                         text38       000000
__Htext39                         text39       000000
__Htext4                          text4        000000
__Htext40                         text40       000000
__Htext41                         text41       000000
__Htext42                         text42       000000
__Htext43                         text43       000000
__Htext44                         text44       000000
__Htext45                         text45       000000
__Htext46                         text46       000000
__Htext47                         text47       000000
__Htext48                         text48       000000
__Htext49                         text49       000000
__Htext5                          text5        000000
__Htext50                         text50       000000
__Htext51                         text51       000000
__Htext52                         text52       000000
__Htext53                         text53       000000
__Htext54                         text54       000000
__Htext55                         text55       000000
__Htext56                         text56       000000
__Htext57                         text57       000000
__Htext58                         text58       000000
__Htext59                         text59       000000
__Htext6                          text6        000000
__Htext60                         text60       000000
__Htext62                         text62       000000
__Htext63                         text63       000000
__Htext64                         text64       000000
__Htext65                         text65       000000
__Htext7                          text7        000000
__Htext8                          text8        000000
__Htext9                          text9        000000
__LRAM                            (abs)        000001
__Labs1                           abs1         000000
__Lbank0                          bank0        000000
__Lbank1                          bank1        000000
__Lbank2                          bank2        000000
__Lbank3                          bank3        000000
__Lbank4                          bank4        000000
__Lbank5                          bank5        000000
__Lbank6                          bank6        000000
__Lbank7                          bank7        000000
__Lbigbss                         bigbss       000000
__Lbigdata                        bigdata      000000
__Lbigram                         bigram       000000
__Lbss                            bss          000000
__LbssBANK0                       bssBANK0     000000
__LbssBANK1                       bssBANK1     000000
__LbssBANK2                       bssBANK2     000000
__LbssBIGRAM                      bssBIGRAM    000000
__LbssCOMRAM                      bssCOMRAM    000000
__Lcinit                          cinit        000000
__Lclrtext                        clrtext      000000
__Lcomram                         comram       000000
__Lconfig                         config       300000
__Lconst                          const        000000
__LcstackBANK0                    cstackBANK0  000000
__LcstackBANK1                    cstackBANK1  000000
__LcstackBANK2                    cstackBANK2  000000
__LcstackCOMRAM                   cstackCOMRAM 000000
__Ldata                           data         000000
__LdataBANK1                      dataBANK1    000000
__Leeprom_data                    eeprom_data  000000
__Lfarbss                         farbss       000000
__Lfardata                        fardata      000000
__Libigdata                       ibigdata     000000
__Lidata                          idata        000000
__LidataBANK1                     idataBANK1   000000
__Lidloc                          idloc        200000
__Lifardata                       ifardata     000000
__Linit                           init         00000E
__Lintcode                        intcode      000008
__Lintcode_body                   intcode_body 000000
__Lintcodelo                      intcodelo    00000E
__Lintentry                       intentry     000000
__Lintret                         intret       000000
__Lintsave_regs                   intsave_regs 000000
__Lirdata                         irdata       000000
__Lmediumconst                    mediumconst  00604C
__LnvFARRAM                       nvFARRAM     000000
__Lnvbit                          nvbit        000000
__Lnvrram                         nvrram       000000
__Lparam                          rparam       000000
__Lpowerup                        powerup      00000E
__Lram                            ram          000000
__Lramtop                         ramtop       000800
__Lrbit                           rbit         000000
__Lrbss                           rbss         000000
__Lrdata                          rdata        000000
__Lreset_vec                      reset_vec    000000
__Lrparam                         rparam       000000
__Lsfr                            sfr          000000
__Lsmallconst                     smallconst   000000
__Lspace_0                        (abs)        000000
__Lspace_1                        (abs)        000000
__Lspace_2                        (abs)        000000
__Lstack                          stack        000000
__Lstruct                         struct       000000
__Ltemp                           temp         000046
__Ltext                           text         000000
__Ltext0                          text0        000000
__Ltext1                          text1        000000
__Ltext10                         text10       000000
__Ltext11                         text11       000000
__Ltext12                         text12       000000
__Ltext13                         text13       000000
__Ltext14                         text14       000000
__Ltext15                         text15       000000
__Ltext16                         text16       000000
__Ltext17                         text17       000000
__Ltext18                         text18       000000
__Ltext19                         text19       000000
__Ltext2                          text2        000000
__Ltext20                         text20       000000
__Ltext21                         text21       000000
__Ltext22                         text22       000000
__Ltext23                         text23       000000
__Ltext24                         text24       000000
__Ltext25                         text25       000000
__Ltext26                         text26       000000
__Ltext27                         text27       000000
__Ltext28                         text28       000000
__Ltext29                         text29       000000
__Ltext3                          text3        000000
__Ltext30                         text30       000000
__Ltext31                         text31       000000
__Ltext32                         text32       000000
__Ltext33                         text33       000000
__Ltext34                         text34       000000
__Ltext35                         text35       000000
__Ltext36                         text36       000000
__Ltext37                         text37       000000
__Ltext38                         text38       000000
__Ltext39                         text39       000000
__Ltext4                          text4        000000
__Ltext40                         text40       000000
__Ltext41                         text41       000000
__Ltext42                         text42       000000
__Ltext43                         text43       000000
__Ltext44                         text44       000000
__Ltext45                         text45       000000
__Ltext46                         text46       000000
__Ltext47                         text47       000000
__Ltext48                         text48       000000
__Ltext49                         text49       000000
__Ltext5                          text5        000000
__Ltext50                         text50       000000
__Ltext51                         text51       000000
__Ltext52                         text52       000000
__Ltext53                         text53       000000
__Ltext54                         text54       000000
__Ltext55                         text55       000000
__Ltext56                         text56       000000
__Ltext57                         text57       000000
__Ltext58                         text58       000000
__Ltext59                         text59       000000
__Ltext6                          text6        000000
__Ltext60                         text60       000000
__Ltext62                         text62       000000
__Ltext63                         text63       000000
__Ltext64                         text64       000000
__Ltext65                         text65       000000
__Ltext7                          text7        000000
__Ltext8                          text8        000000
__Ltext9                          text9        000000
__S0                              (abs)        30000E
__S1                              (abs)        0004AD
__S2                              (abs)        000000
___aldiv                          text15       0027DA
___aldiv@counter                  cstackCOMRAM 000022
___aldiv@dividend                 cstackCOMRAM 00001A
___aldiv@divisor                  cstackCOMRAM 00001E
___aldiv@quotient                 cstackCOMRAM 000024
___aldiv@sign                     cstackCOMRAM 000023
___inthi_sp                       stack        000000
___intlo_sp                       stack        000000
___lldiv                          text57       002C90
___lldiv@counter                  cstackCOMRAM 000026
___lldiv@dividend                 cstackCOMRAM 00001A
___lldiv@divisor                  cstackCOMRAM 00001E
___lldiv@quotient                 cstackCOMRAM 000022
___lmul                           text56       00316A
___lmul@multiplicand              cstackCOMRAM 00001E
___lmul@multiplier                cstackCOMRAM 00001A
___lmul@product                   cstackCOMRAM 000022
___param_bank                     (abs)        000000
___rparam_used                    (abs)        000001
___sp                             stack        000000
__accesstop                       (abs)        000060
__activetblptr                    (abs)        000002
__end_of_SDCard                   text20       001BEE
__end_of_WriteSPI_                text55       00325C
__end_of___aldiv                  text15       0028A6
__end_of___lldiv                  text57       002D12
__end_of___lmul                   text56       0031C0
__end_of__initialization          cinit        002EE0
__end_of__npowers_                mediumconst  006143
__end_of__powers_                 mediumconst  00611C
__end_of_acende_led4              text21       0033FE
__end_of_ativa_latch_shrc         text60       0034F2
__end_of_check_fs                 text43       001D4A
__end_of_clust2sect               text36       002A34
__end_of_command                  text54       00316A
__end_of_config_timer_dois        text12       003554
__end_of_config_timer_zero        text10       003498
__end_of_configura_baudrate_uart  text14       00224E
__end_of_controle_shrc            text58       00356C
__end_of_create_name              text37       001FDE
__end_of_delay                    text52       003422
__end_of_dir_find                 text31       0027DA
__end_of_dir_next                 text34       001A3C
__end_of_dir_rewind               text33       00249E
__end_of_disk_initialize          text40       001880
__end_of_disk_readp               text44       0015C6
__end_of_disk_writep              text26       00211E
__end_of_dpowers                  mediumconst  0060F5
__end_of_dummy_clocks             text53       003386
__end_of_endereco_cursor_lcd      text49       0030AA
__end_of_envia_dados_shrc         text59       0032A0
__end_of_escalonador              text19       002AD8
__end_of_escreve_caractere_lcd    text51       002F60
__end_of_escreve_cmd_lcd          text42       002C90
__end_of_escreve_frase_ram_lcd    text50       003212
__end_of_follow_path              text29       0026DA
__end_of_get_clust                text30       00296E
__end_of_get_fat                  text35       000EEC
__end_of_inicializa_SPI           text18       002D8E
__end_of_inicializa_shrc          text17       003586
__end_of_inicializa_tarefas       text16       003358
__end_of_inicializa_uart          text13       003444
__end_of_init_hardware            text6        0034DE
__end_of_init_interrupt           text9        003504
__end_of_init_lcd                 text5        002B76
__end_of_init_oscilador           text8        00357E
__end_of_init_ports               text7        0034C8
__end_of_isr                      intcode_body 0025C4
__end_of_leitura_adc              text3        00310E
__end_of_leitura_chaves_sistema   text4        00331E
__end_of_leitura_continua_adc     text2        002376
__end_of_main                     text0        0032E2
__end_of_mem_cmp                  text32       002FD0
__end_of_mem_set                  text38       0033B2
__end_of_mensagem_inicial         text1        002E08
__end_of_pf_mount                 text39       000646
__end_of_pf_open                  text28       001E9A
__end_of_pf_read                  text27       00127C
__end_of_pf_write                 text25       000B04
__end_of_posicao_cursor_lcd       text48       003040
__end_of_proceed                  text47       003560
__end_of_readover                 text24       003576
__end_of_recebe_dado_SPI          text46       0033DA
__end_of_recebe_dado_uart         text64       00353A
__end_of_reset                    text41       002E7C
__end_of_response                 text45       003548
__end_of_shrc_apaga_bit           text23       003462
__end_of_shrc_seta_bit            text22       00347E
__end_of_tratamento_uart          text63       002C04
__end_of_write_timer_zero         text11       003516
__end_ofcreate_name@cvt           mediumconst  0060CD
__end_ofi2_write_timer_zero       text62       003528
__end_ofleitura_chave@F3838       mediumconst  006198
__end_ofleitura_chave@F3840       mediumconst  006187
__end_ofleitura_chave@F3842       mediumconst  006176
__end_ofmensagem_inicial@F4035    mediumconst  006165
__end_ofmensagem_inicial@F4037    mediumconst  006154
__initialization                  cinit        002E7C
__mediumconst                     mediumconst  00604C
__npowers_                        mediumconst  00611C
__pbssBANK0                       bssBANK0     0000D1
__pbssBANK1                       bssBANK1     000100
__pbssBANK2                       bssBANK2     000200
__pbssBIGRAM                      bssBIGRAM    0002AD
__pbssCOMRAM                      bssCOMRAM    00002E
__pcinit                          cinit        002E7C
__pcstackBANK0                    cstackBANK0  000060
__pcstackBANK1                    cstackBANK1  00018E
__pcstackBANK2                    cstackBANK2  000280
__pcstackCOMRAM                   cstackCOMRAM 000001
__pdataBANK1                      dataBANK1    0001CD
__pidataBANK1                     idataBANK1   003498
__pintcode                        intcode      000008
__pintcode_body                   intcode_body 00249E
__pmediumconst                    mediumconst  00604C
__powers_                         mediumconst  0060F5
__ptext0                          text0        0032A0
__ptext1                          text1        002D8E
__ptext10                         text10       00347E
__ptext11                         text11       003504
__ptext12                         text12       003548
__ptext13                         text13       003422
__ptext14                         text14       00211E
__ptext15                         text15       0027DA
__ptext16                         text16       00331E
__ptext17                         text17       00357E
__ptext18                         text18       002D12
__ptext19                         text19       002A34
__ptext2                          text2        00224E
__ptext20                         text20       001A3C
__ptext21                         text21       0033DA
__ptext22                         text22       003462
__ptext23                         text23       003444
__ptext24                         text24       00356C
__ptext25                         text25       000646
__ptext26                         text26       001FDE
__ptext27                         text27       000EEC
__ptext28                         text28       001D4A
__ptext29                         text29       0025C4
__ptext3                          text3        0030AA
__ptext30                         text30       0028A6
__ptext31                         text31       0026DA
__ptext32                         text32       002F60
__ptext33                         text33       002376
__ptext34                         text34       001880
__ptext35                         text35       000B04
__ptext36                         text36       00296E
__ptext37                         text37       001E9A
__ptext38                         text38       003386
__ptext39                         text39       000012
__ptext4                          text4        0032E2
__ptext40                         text40       0015C6
__ptext41                         text41       002E08
__ptext42                         text42       002C04
__ptext43                         text43       001BEE
__ptext44                         text44       00127C
__ptext45                         text45       00353A
__ptext46                         text46       0033B2
__ptext47                         text47       003554
__ptext48                         text48       002FD0
__ptext49                         text49       003040
__ptext5                          text5        002AD8
__ptext50                         text50       0031C0
__ptext51                         text51       002EEE
__ptext52                         text52       0033FE
__ptext53                         text53       003358
__ptext54                         text54       00310E
__ptext55                         text55       003212
__ptext56                         text56       00316A
__ptext57                         text57       002C90
__ptext58                         text58       003560
__ptext59                         text59       00325C
__ptext6                          text6        0034C8
__ptext60                         text60       0034DE
__ptext62                         text62       003516
__ptext63                         text63       002B76
__ptext64                         text64       003528
__ptext65                         text65       000000
__ptext7                          text7        0034B0
__ptext8                          text8        003576
__ptext9                          text9        0034F2
__ramtop                          ramtop       000800
__size_of_SDCard                  (abs)        000000
__size_of_WriteSPI_               (abs)        000000
__size_of___aldiv                 (abs)        000000
__size_of___lldiv                 (abs)        000000
__size_of___lmul                  (abs)        000000
__size_of_acende_led4             (abs)        000000
__size_of_ativa_latch_shrc        (abs)        000000
__size_of_check_fs                (abs)        000000
__size_of_clust2sect              (abs)        000000
__size_of_command                 (abs)        000000
__size_of_config_timer_dois       (abs)        000000
__size_of_config_timer_zero       (abs)        000000
__size_of_configura_baudrate_uart (abs)        000000
__size_of_controle_shrc           (abs)        000000
__size_of_create_name             (abs)        000000
__size_of_delay                   (abs)        000000
__size_of_dir_find                (abs)        000000
__size_of_dir_next                (abs)        000000
__size_of_dir_rewind              (abs)        000000
__size_of_disk_initialize         (abs)        000000
__size_of_disk_readp              (abs)        000000
__size_of_disk_writep             (abs)        000000
__size_of_dummy_clocks            (abs)        000000
__size_of_endereco_cursor_lcd     (abs)        000000
__size_of_envia_dados_shrc        (abs)        000000
__size_of_escalonador             (abs)        000000
__size_of_escreve_caractere_lcd   (abs)        000000
__size_of_escreve_cmd_lcd         (abs)        000000
__size_of_escreve_frase_ram_lcd   (abs)        000000
__size_of_follow_path             (abs)        000000
__size_of_get_clust               (abs)        000000
__size_of_get_fat                 (abs)        000000
__size_of_inicializa_SPI          (abs)        000000
__size_of_inicializa_shrc         (abs)        000000
__size_of_inicializa_tarefas      (abs)        000000
__size_of_inicializa_uart         (abs)        000000
__size_of_init_hardware           (abs)        000000
__size_of_init_interrupt          (abs)        000000
__size_of_init_lcd                (abs)        000000
__size_of_init_oscilador          (abs)        000000
__size_of_init_ports              (abs)        000000
__size_of_isr                     (abs)        000000
__size_of_leitura_adc             (abs)        000000
__size_of_leitura_chaves_sistema  (abs)        000000
__size_of_leitura_continua_adc    (abs)        000000
__size_of_main                    (abs)        000000
__size_of_mem_cmp                 (abs)        000000
__size_of_mem_set                 (abs)        000000
__size_of_mensagem_inicial        (abs)        000000
__size_of_pf_mount                (abs)        000000
__size_of_pf_open                 (abs)        000000
__size_of_pf_read                 (abs)        000000
__size_of_pf_write                (abs)        000000
__size_of_posicao_cursor_lcd      (abs)        000000
__size_of_proceed                 (abs)        000000
__size_of_readover                (abs)        000000
__size_of_recebe_dado_SPI         (abs)        000000
__size_of_recebe_dado_uart        (abs)        000000
__size_of_reset                   (abs)        000000
__size_of_response                (abs)        000000
__size_of_shrc_apaga_bit          (abs)        000000
__size_of_shrc_seta_bit           (abs)        000000
__size_of_tratamento_uart         (abs)        000000
__size_of_write_timer_zero        (abs)        000000
__size_ofi2_write_timer_zero      (abs)        000000
__smallconst                      smallconst   000000
_acende_led4                      text21       0033DA
_ativa_latch_shrc                 text60       0034DE
_check_fs                         text43       001BEE
_clust2sect                       text36       00296E
_command                          text54       00310E
_config_timer_dois                text12       003548
_config_timer_zero                text10       00347E
_configura_baudrate_uart          text14       00211E
_controle_shrc                    text58       003560
_create_name                      text37       001E9A
_dado                             bssCOMRAM    000045
_data_buffer_32                   bssBANK1     00015F
_data_uart_recebe                 bssCOMRAM    000040
_delay                            text52       0033FE
_dir_find                         text31       0026DA
_dir_next                         text34       001880
_dir_rewind                       text33       002376
_dir_rewind$1692                  cstackBANK0  000069
_disk_initialize                  text40       0015C6
_disk_readp                       text44       00127C
_disk_writep                      text26       001FDE
_dpowers                          mediumconst  0060CD
_dummy_clocks                     text53       003358
_endereco_cursor_lcd              text49       003040
_envia_dados_shrc                 text59       00325C
_escalonador                      text19       002A34
_escreve_caractere_lcd            text51       002EEE
_escreve_cmd_lcd                  text42       002C04
_escreve_frase_ram_lcd            text50       0031C0
_estado                           bssCOMRAM    000044
_fileName                         dataBANK1    0001CD
_fileSize                         bssBANK1     000159
_flag                             bssBANK0     0000D7
_folder                           bssBANK2     000250
_follow_path                      text29       0025C4
_get_clust                        text30       0028A6
_get_fat                          text35       000B04
_get_fat$1632                     cstackBANK0  000088
_info_chaves                      bssBANK1     00014E
_inicializa_SPI                   text18       002D12
_inicializa_shrc                  text17       00357E
_inicializa_tarefas               text16       00331E
_inicializa_uart                  text13       003422
_init_hardware                    text6        0034C8
_init_interrupt                   text9        0034F2
_init_lcd                         text5        002AD8
_init_oscilador                   text8        003576
_init_ports                       text7        0034B0
_isr                              intcode      000008
_leitura_adc                      text3        0030AA
_leitura_chaves_sistema           text4        0032E2
_leitura_continua_adc             text2        00224E
_main                             text0        0032A0
_mem_cmp                          text32       002F60
_mem_set                          text38       003386
_mensagem_inicial                 text1        002D8E
_p_tarefas                        bssBANK0     0000D1
_pf_mount                         text39       000012
_pf_open                          text28       001D4A
_pf_read                          text27       000EEC
_pf_read$1886                     cstackBANK0  0000A7
_pf_write                         text25       000646
_posicao_cursor_lcd               text48       002FD0
_proceed                          text47       003554
_rd                               bssBANK1     00015D
_readover                         text24       00356C
_recebe_dado_SPI                  text46       0033B2
_recebe_dado_uart                 text64       003528
_reset                            text41       002E08
_response                         text45       00353A
_s                                bssCOMRAM    000041
_shrc_apaga_bit                   text23       003444
_shrc_seta_bit                    text22       003462
_sinaliza_int_timer               bssCOMRAM    00003F
_tarefa_em_execucao               bssCOMRAM    00003E
_tempo_backup                     bssBANK1     000155
_tempo_tarefa                     bssCOMRAM    00002E
_timeout_tarefa                   bssBANK0     0000D5
_tratamento_uart                  text63       002B76
_txt                              bssBANK1     00013A
_valor_leitura_adc                bssBANK1     000100
_write_timer_zero                 text11       003504
acende_led4@flag                  bssCOMRAM    00003D
btemp                             temp         000046
check_fs@buf                      cstackBANK0  000072
check_fs@sect                     cstackBANK0  000074
clust2sect@clst                   cstackCOMRAM 000026
clust2sect@fs                     cstackCOMRAM 00002A
command@CMD                       cstackCOMRAM 000024
command@CRC                       cstackCOMRAM 000022
command@arg                       cstackCOMRAM 00001E
command@argument                  cstackCOMRAM 000025
configura_baudrate_uart@baudrate  cstackCOMRAM 000028
configura_baudrate_uart@x         cstackCOMRAM 00002C
create_name@c                     cstackBANK0  000068
create_name@cvt                   mediumconst  00604D
create_name@d                     cstackBANK0  000060
create_name@dj                    cstackCOMRAM 000022
create_name@i                     cstackBANK0  000067
create_name@ni                    cstackBANK0  000063
create_name@p                     cstackBANK0  000061
create_name@path                  cstackCOMRAM 000024
create_name@sfn                   cstackBANK0  000065
create_name@si                    cstackBANK0  000064
delay@contador_ext                cstackCOMRAM 00001A
delay@contador_int                cstackCOMRAM 00001B
dir_find@c                        cstackBANK0  0000AD
dir_find@dir                      cstackBANK0  0000A9
dir_find@dj                       cstackBANK0  0000A7
dir_find@res                      cstackBANK0  0000AE
dir_next@clst                     cstackBANK0  0000A1
dir_next@dj                       cstackBANK0  000096
dir_next@fs                       cstackBANK0  00009F
dir_next@i                        cstackBANK0  0000A5
dir_rewind@clst                   cstackBANK0  00006F
dir_rewind@dj                     cstackCOMRAM 00002C
dir_rewind@fs                     cstackBANK0  00006D
disk_initialize@buff              cstackBANK0  000069
disk_initialize@count1            cstackBANK0  000064
disk_initialize@count2            cstackBANK0  000067
disk_initialize@i                 cstackBANK0  000062
disk_initialize@stat              cstackBANK0  000066
disk_readp@arr                    bssBIGRAM    0002AD
disk_readp@buff                   cstackBANK0  00006F
disk_readp@count                  cstackBANK0  000068
disk_readp@length                 cstackBANK0  000070
disk_readp@offset                 cstackBANK0  000066
disk_readp@ptr                    cstackBANK0  00006A
disk_readp@rd                     cstackBANK0  000060
disk_readp@sector                 cstackBANK0  000062
disk_readp@start_add              cstackBANK0  00006B
disk_writep@buff                  cstackBANK0  000068
disk_writep@i                     cstackBANK0  000064
disk_writep@j                     cstackBANK0  000066
disk_writep@sc                    cstackCOMRAM 000029
disk_writep@wr                    cstackCOMRAM 000026
dummy_clocks@i                    cstackCOMRAM 000021
dummy_clocks@n                    cstackCOMRAM 000020
end_of_initialization             cinit        002EE0
endereco_cursor_lcd@endereco      cstackCOMRAM 00001C
envia_dados_shrc@contador         cstackCOMRAM 00001A
envia_dados_shrc@data_to_shrc     cstackCOMRAM 00001B
escalonador@cont                  cstackBANK0  0000D0
escreve_caractere_lcd@data        cstackCOMRAM 00001C
escreve_cmd_lcd@comando           cstackCOMRAM 00001C
escreve_frase_ram_lcd@buffer      cstackCOMRAM 00001D
escreve_inteiro_lcd@F3966         dataBANK1    0001DE
escreve_inteiro_uart@F3956        dataBANK1    0001D7
follow_path@dir                   cstackBANK0  0000B1
follow_path@dj                    cstackBANK0  0000AF
follow_path@path                  cstackBANK0  0000B3
follow_path@res                   cstackBANK0  0000B5
get_clust@clst                    cstackCOMRAM 000028
get_clust@dir                     cstackCOMRAM 00001A
get_clust@fs                      cstackCOMRAM 000026
get_fat@bc                        cstackBANK0  000092
get_fat@buf                       cstackBANK0  00008E
get_fat@clst                      cstackCOMRAM 00002A
get_fat@fs                        cstackBANK0  000094
get_fat@ofs                       cstackBANK0  00008C
get_fat@wc                        cstackBANK0  00008A
i2_write_timer_zero               text62       003516
i2write_timer_zero@timer          cstackCOMRAM 000003
i2write_timer_zero@timer0         cstackCOMRAM 000001
inicializa_SPI@bus_mode           cstackCOMRAM 000020
inicializa_SPI@smp_phase          cstackCOMRAM 000021
inicializa_SPI@sync_mode          cstackCOMRAM 000022
int$flags                         temp         000046
int_func                          intcode_body 00249E
intlevel0                         text         000000
intlevel1                         text         000000
intlevel2                         text         000000
intlevel3                         text         000000
isr@cont                          cstackCOMRAM 000019
leitura_adc@canal                 cstackCOMRAM 000020
leitura_chave@F3838               mediumconst  006187
leitura_chave@F3840               mediumconst  006176
leitura_chave@F3842               mediumconst  006165
leitura_continua_adc@cont         cstackCOMRAM 000028
leitura_continua_adc@cont_int     cstackCOMRAM 000027
mem_cmp@cnt                       cstackCOMRAM 00001E
mem_cmp@d                         cstackCOMRAM 000023
mem_cmp@dst                       cstackCOMRAM 00001A
mem_cmp@r                         cstackCOMRAM 000027
mem_cmp@s                         cstackCOMRAM 000025
mem_cmp@src                       cstackCOMRAM 00001C
mem_set@cnt                       cstackCOMRAM 00001E
mem_set@d                         cstackCOMRAM 000020
mem_set@dst                       cstackCOMRAM 00001A
mem_set@val                       cstackCOMRAM 00001C
mensagem_inicial@F4035            mediumconst  006154
mensagem_inicial@F4037            mediumconst  006143
mensagem_inicial@msg_dois         cstackBANK0  000071
mensagem_inicial@msg_linha_um     cstackBANK0  000060
pf_mount@bsect                    cstackBANK0  0000BC
pf_mount@buf                      cstackBANK0  000090
pf_mount@fmt                      cstackBANK0  0000C4
pf_mount@fs                       cstackBANK0  000078
pf_mount@fsize                    cstackBANK0  0000C0
pf_mount@mclst                    cstackBANK0  0000B8
pf_mount@tsect                    cstackBANK0  0000B4
pf_open@dir                       cstackBANK1  00019A
pf_open@dj                        cstackBANK1  0001BD
pf_open@fs                        cstackBANK1  0001BB
pf_open@path                      cstackBANK0  0000B6
pf_open@res                       cstackBANK1  0001BA
pf_open@sp                        cstackBANK1  00018E
pf_read@br                        cstackBANK0  00009A
pf_read@btr                       cstackBANK0  000098
pf_read@buff                      cstackBANK0  000096
pf_read@clst                      cstackBANK0  0000B1
pf_read@cs                        cstackBANK0  0000B5
pf_read@dr                        cstackBANK0  0000A4
pf_read@fs                        cstackBANK0  0000B8
pf_read@rbuff                     cstackBANK0  0000A5
pf_read@rcnt                      cstackBANK0  0000B6
pf_read@remain                    cstackBANK0  0000AD
pf_read@sect                      cstackBANK0  0000A9
pf_write@btw                      cstackBANK0  000098
pf_write@buff                     cstackBANK0  000096
pf_write@bw                       cstackBANK0  00009A
pf_write@clst                     cstackBANK0  0000AE
pf_write@cs                       cstackBANK0  0000B2
pf_write@fs                       cstackBANK0  0000B5
pf_write@p                        cstackBANK0  0000A4
pf_write@remain                   cstackBANK0  0000AA
pf_write@sect                     cstackBANK0  0000A6
pf_write@wcnt                     cstackBANK0  0000B3
posicao_cursor_lcd@coluna         cstackCOMRAM 00001D
posicao_cursor_lcd@endereco       cstackCOMRAM 00001F
posicao_cursor_lcd@linha          cstackCOMRAM 00001E
readover@a                        cstackCOMRAM 00001A
recebe_dado_SPI@temp_var          cstackCOMRAM 00001C
reset@buff                        cstackCOMRAM 00002C
reset@count                       cstackCOMRAM 00002A
reset@i                           cstackCOMRAM 000028
response@buff                     cstackCOMRAM 00001D
shrc_apaga_bit@posicao_bit        cstackCOMRAM 00001C
shrc_seta_bit@posicao_bit         cstackCOMRAM 00001C
stackhi                           (abs)        0007FF
stacklo                           (abs)        0004AD
start                             init         00000E
start_initialization              cinit        002E7C
timer_dois@flag                   bssCOMRAM    000043
tratamento_uart@received_char     cstackCOMRAM 000001
write_timer_zero@timer            cstackCOMRAM 00001C
write_timer_zero@timer0           cstackCOMRAM 00001A
wtemp6                            temp         000047


FUNCTION INFORMATION:

 *************** function _main *****************
 Defined at:
		line 222 in file "main.c"
 Parameters:    Size  Location     Type
		None
 Auto vars:     Size  Location     Type
		None
 Return value:  Size  Location     Type
                  1    wreg      void 
 Registers used:
		wreg, fsr0l, fsr0h, fsr1l, fsr1h, fsr2l, fsr2h, status,2, status,0, pclath, tosl, tblptrl, tblptrh, tblptru, prodl, prodh, cstack
 Tracked objects:
		On entry : 
		On exit  : 
		Unchanged: 
 Data sizes:     COMRAM   BANK0   BANK1   BANK2   BANK3   BANK4   BANK5   BANK6   BANK7
      Params:         0       0       0       0       0       0       0       0       0
      Locals:         0       0       0       0       0       0       0       0       0
      Temps:          0       0       0       0       0       0       0       0       0
      Totals:         0       0       0       0       0       0       0       0       0
Total ram usage:        0 bytes
 Hardware stack levels required when called:   13
 This function calls:
		_controle_shrc
		_escalonador
		_inicializa_SPI
		_inicializa_shrc
		_inicializa_tarefas
		_inicializa_uart
		_init_hardware
		_init_lcd
		_leitura_chaves_sistema
		_leitura_continua_adc
		_mensagem_inicial
 This function is called by:
		Startup code after reset
 This function uses a non-reentrant model


 *************** function _mensagem_inicial *****************
 Defined at:
		line 256 in file "main.c"
 Parameters:    Size  Location     Type
		None
 Auto vars:     Size  Location     Type
  msg_dois       17   17[BANK0 ] const unsigned char [17]
  msg_linha_um   17    0[BANK0 ] const unsigned char [17]
 Return value:  Size  Location     Type
                  1    wreg      void 
 Registers used:
		wreg, fsr0l, fsr0h, fsr2l, fsr2h, status,2, status,0, tblptrl, tblptrh, tblptru, cstack
 Tracked objects:
		On entry : 
		On exit  : 
		Unchanged: 
 Data sizes:     COMRAM   BANK0   BANK1   BANK2   BANK3   BANK4   BANK5   BANK6   BANK7
      Params:         0       0       0       0       0       0       0       0       0
      Locals:         0      34       0       0       0       0       0       0       0
      Temps:          2       0       0       0       0       0       0       0       0
      Totals:         2      34       0       0       0       0       0       0       0
Total ram usage:       36 bytes
 Hardware stack levels used:    1
 Hardware stack levels required when called:    5
 This function calls:
		_escreve_cmd_lcd
		_escreve_frase_ram_lcd
		_posicao_cursor_lcd
 This function is called by:
		_main
 This function uses a non-reentrant model


 *************** function _leitura_continua_adc *****************
 Defined at:
		line 109 in file "bibliotecas/adc.c"
 Parameters:    Size  Location     Type
		None
 Auto vars:     Size  Location     Type
  cont_int        1   38[COMRAM] unsigned char 
  cont            1   39[COMRAM] unsigned char 
 Return value:  Size  Location     Type
                  1    wreg      void 
 Registers used:
		wreg, fsr2l, fsr2h, status,2, status,0, prodl, prodh, cstack
 Tracked objects:
		On entry : 
		On exit  : 
		Unchanged: 
 Data sizes:     COMRAM   BANK0   BANK1   BANK2   BANK3   BANK4   BANK5   BANK6   BANK7
      Params:         0       0       0       0       0       0       0       0       0
      Locals:         2       0       0       0       0       0       0       0       0
      Temps:          6       0       0       0       0       0       0       0       0
      Totals:         8       0       0       0       0       0       0       0       0
Total ram usage:        8 bytes
 Hardware stack levels used:    1
 Hardware stack levels required when called:    3
 This function calls:
		_leitura_adc
 This function is called by:
		_main
 This function uses a non-reentrant model


 *************** function _leitura_adc *****************
 Defined at:
		line 76 in file "bibliotecas/adc.c"
 Parameters:    Size  Location     Type
  canal           1    wreg     unsigned char 
 Auto vars:     Size  Location     Type
  canal           1   31[COMRAM] unsigned char 
 Return value:  Size  Location     Type
                  2   25[COMRAM] unsigned int 
 Registers used:
		wreg, status,2, status,0
 Tracked objects:
		On entry : 
		On exit  : 
		Unchanged: 
 Data sizes:     COMRAM   BANK0   BANK1   BANK2   BANK3   BANK4   BANK5   BANK6   BANK7
      Params:         2       0       0       0       0       0       0       0       0
      Locals:         1       0       0       0       0       0       0       0       0
      Temps:          4       0       0       0       0       0       0       0       0
      Totals:         7       0       0       0       0       0       0       0       0
Total ram usage:        7 bytes
 Hardware stack levels used:    1
 Hardware stack levels required when called:    2
 This function calls:
		Nothing
 This function is called by:
		_leitura_continua_adc
 This function uses a non-reentrant model


 *************** function _leitura_chaves_sistema *****************
 Defined at:
		line 47 in file "bibliotecas/chaves.c"
 Parameters:    Size  Location     Type
		None
 Auto vars:     Size  Location     Type
		None
 Return value:  Size  Location     Type
                  1    wreg      void 
 Registers used:
		wreg
 Tracked objects:
		On entry : 
		On exit  : 
		Unchanged: 
 Data sizes:     COMRAM   BANK0   BANK1   BANK2   BANK3   BANK4   BANK5   BANK6   BANK7
      Params:         0       0       0       0       0       0       0       0       0
      Locals:         0       0       0       0       0       0       0       0       0
      Temps:          0       0       0       0       0       0       0       0       0
      Totals:         0       0       0       0       0       0       0       0       0
Total ram usage:        0 bytes
 Hardware stack levels used:    1
 Hardware stack levels required when called:    2
 This function calls:
		Nothing
 This function is called by:
		_main
 This function uses a non-reentrant model


 *************** function _init_lcd *****************
 Defined at:
		line 71 in file "bibliotecas/display_lcd.c"
 Parameters:    Size  Location     Type
		None
 Auto vars:     Size  Location     Type
		None
 Return value:  Size  Location     Type
                  1    wreg      void 
 Registers used:
		wreg, status,2, status,0, cstack
 Tracked objects:
		On entry : 
		On exit  : 
		Unchanged: 
 Data sizes:     COMRAM   BANK0   BANK1   BANK2   BANK3   BANK4   BANK5   BANK6   BANK7
      Params:         0       0       0       0       0       0       0       0       0
      Locals:         0       0       0       0       0       0       0       0       0
      Temps:          1       0       0       0       0       0       0       0       0
      Totals:         1       0       0       0       0       0       0       0       0
Total ram usage:        1 bytes
 Hardware stack levels used:    1
 Hardware stack levels required when called:    4
 This function calls:
		_delay
		_escreve_cmd_lcd
 This function is called by:
		_main
 This function uses a non-reentrant model


 *************** function _init_hardware *****************
 Defined at:
		line 55 in file "bibliotecas/hardware.c"
 Parameters:    Size  Location     Type
		None
 Auto vars:     Size  Location     Type
		None
 Return value:  Size  Location     Type
                  1    wreg      void 
 Registers used:
		wreg, status,2, cstack
 Tracked objects:
		On entry : 
		On exit  : 
		Unchanged: 
 Data sizes:     COMRAM   BANK0   BANK1   BANK2   BANK3   BANK4   BANK5   BANK6   BANK7
      Params:         0       0       0       0       0       0       0       0       0
      Locals:         0       0       0       0       0       0       0       0       0
      Temps:          0       0       0       0       0       0       0       0       0
      Totals:         0       0       0       0       0       0       0       0       0
Total ram usage:        0 bytes
 Hardware stack levels used:    1
 Hardware stack levels required when called:    4
 This function calls:
		_config_timer_dois
		_config_timer_zero
		_init_interrupt
		_init_oscilador
		_init_ports
 This function is called by:
		_main
 This function uses a non-reentrant model


 *************** function _init_ports *****************
 Defined at:
		line 154 in file "bibliotecas/hardware.c"
 Parameters:    Size  Location     Type
		None
 Auto vars:     Size  Location     Type
		None
 Return value:  Size  Location     Type
                  1    wreg      void 
 Registers used:
		wreg, status,2
 Tracked objects:
		On entry : 
		On exit  : 
		Unchanged: 
 Data sizes:     COMRAM   BANK0   BANK1   BANK2   BANK3   BANK4   BANK5   BANK6   BANK7
      Params:         0       0       0       0       0       0       0       0       0
      Locals:         0       0       0       0       0       0       0       0       0
      Temps:          0       0       0       0       0       0       0       0       0
      Totals:         0       0       0       0       0       0       0       0       0
Total ram usage:        0 bytes
 Hardware stack levels used:    1
 Hardware stack levels required when called:    2
 This function calls:
		Nothing
 This function is called by:
		_init_hardware
 This function uses a non-reentrant model


 *************** function _init_oscilador *****************
 Defined at:
		line 171 in file "bibliotecas/hardware.c"
 Parameters:    Size  Location     Type
		None
 Auto vars:     Size  Location     Type
		None
 Return value:  Size  Location     Type
                  1    wreg      void 
 Registers used:
		None
 Tracked objects:
		On entry : 
		On exit  : 
		Unchanged: 
 Data sizes:     COMRAM   BANK0   BANK1   BANK2   BANK3   BANK4   BANK5   BANK6   BANK7
      Params:         0       0       0       0       0       0       0       0       0
      Locals:         0       0       0       0       0       0       0       0       0
      Temps:          0       0       0       0       0       0       0       0       0
      Totals:         0       0       0       0       0       0       0       0       0
Total ram usage:        0 bytes
 Hardware stack levels used:    1
 Hardware stack levels required when called:    2
 This function calls:
		Nothing
 This function is called by:
		_init_hardware
 This function uses a non-reentrant model


 *************** function _init_interrupt *****************
 Defined at:
		line 98 in file "bibliotecas/hardware.c"
 Parameters:    Size  Location     Type
		None
 Auto vars:     Size  Location     Type
		None
 Return value:  Size  Location     Type
                  1    wreg      void 
 Registers used:
		wreg, status,2
 Tracked objects:
		On entry : 
		On exit  : 
		Unchanged: 
 Data sizes:     COMRAM   BANK0   BANK1   BANK2   BANK3   BANK4   BANK5   BANK6   BANK7
      Params:         0       0       0       0       0       0       0       0       0
      Locals:         0       0       0       0       0       0       0       0       0
      Temps:          0       0       0       0       0       0       0       0       0
      Totals:         0       0       0       0       0       0       0       0       0
Total ram usage:        0 bytes
 Hardware stack levels used:    1
 Hardware stack levels required when called:    2
 This function calls:
		Nothing
 This function is called by:
		_init_hardware
 This function uses a non-reentrant model


 *************** function _config_timer_zero *****************
 Defined at:
		line 83 in file "bibliotecas/hardware.c"
 Parameters:    Size  Location     Type
		None
 Auto vars:     Size  Location     Type
		None
 Return value:  Size  Location     Type
                  1    wreg      void 
 Registers used:
		wreg, status,2, cstack
 Tracked objects:
		On entry : 
		On exit  : 
		Unchanged: 
 Data sizes:     COMRAM   BANK0   BANK1   BANK2   BANK3   BANK4   BANK5   BANK6   BANK7
      Params:         0       0       0       0       0       0       0       0       0
      Locals:         0       0       0       0       0       0       0       0       0
      Temps:          0       0       0       0       0       0       0       0       0
      Totals:         0       0       0       0       0       0       0       0       0
Total ram usage:        0 bytes
 Hardware stack levels used:    1
 Hardware stack levels required when called:    3
 This function calls:
		_write_timer_zero
 This function is called by:
		_init_hardware
 This function uses a non-reentrant model


 *************** function _write_timer_zero *****************
 Defined at:
		line 138 in file "bibliotecas/hardware.c"
 Parameters:    Size  Location     Type
  timer0          2   25[COMRAM] unsigned int 
 Auto vars:     Size  Location     Type
  timer           2   27[COMRAM] struct Timers
 Return value:  Size  Location     Type
[...]
		On entry : 
		On exit  : 
		Unchanged: 
 Data sizes:     COMRAM   BANK0   BANK1   BANK2   BANK3   BANK4   BANK5   BANK6   BANK7
      Params:         0       0       0       0       0       0       0       0       0
      Locals:         2       0       0       0       0       0       0       0       0
      Temps:          0       0       0       0       0       0       0       0       0
      Totals:         2       0       0       0       0       0       0       0       0
Total ram usage:        2 bytes
 Hardware stack levels used:    1
 Hardware stack levels required when called:    2
 This function calls:
		Nothing
 This function is called by:
		_init_lcd
		_escreve_cmd_lcd
		_endereco_cursor_lcd
		_escreve_caractere_lcd
 This function uses a non-reentrant model


 *************** function _dummy_clocks *****************
 Defined at:
		line 330 in file "bibliotecas/SDCard.c"
 Parameters:    Size  Location     Type
  n               1    wreg     unsigned char 
 Auto vars:     Size  Location     Type
  n               1   31[COMRAM] unsigned char 
  i               2   32[COMRAM] unsigned int 
 Return value:  Size  Location     Type
                  1    wreg      void 
 Registers used:
		wreg, status,2, status,0, cstack
 Tracked objects:
		On entry : 
		On exit  : 
		Unchanged: 
 Data sizes:     COMRAM   BANK0   BANK1   BANK2   BANK3   BANK4   BANK5   BANK6   BANK7
      Params:         0       0       0       0       0       0       0       0       0
      Locals:         3       0       0       0       0       0       0       0       0
      Temps:          2       0       0       0       0       0       0       0       0
      Totals:         5       0       0       0       0       0       0       0       0
Total ram usage:        5 bytes
 Hardware stack levels used:    1
 Hardware stack levels required when called:    3
 This function calls:
		_WriteSPI_
 This function is called by:
		_reset
		_disk_initialize
		_disk_readp
		_disk_writep
 This function uses a non-reentrant model


 *************** function _command *****************
 Defined at:
		line 351 in file "bibliotecas/SDCard.c"
 Parameters:    Size  Location     Type
  CMD             1    wreg     unsigned char 
  arg             4   29[COMRAM] unsigned long 
  CRC             1   33[COMRAM] unsigned char 
 Auto vars:     Size  Location     Type
  CMD             1   35[COMRAM] unsigned char 
  argument        1   36[COMRAM] unsigned char 
 Return value:  Size  Location     Type
                  1    wreg      void 
 Registers used:
		wreg, status,2, status,0, cstack
 Tracked objects:
		On entry : 
		On exit  : 
		Unchanged: 
 Data sizes:     COMRAM   BANK0   BANK1   BANK2   BANK3   BANK4   BANK5   BANK6   BANK7
      Params:         5       0       0       0       0       0       0       0       0
      Locals:         2       0       0       0       0       0       0       0       0
      Temps:          1       0       0       0       0       0       0       0       0
      Totals:         8       0       0       0       0       0       0       0       0
Total ram usage:        8 bytes
 Hardware stack levels used:    1
 Hardware stack levels required when called:    3
 This function calls:
		_WriteSPI_
 This function is called by:
		_reset
		_disk_initialize
		_disk_readp
		_disk_writep
 This function uses a non-reentrant model


 *************** function _WriteSPI_ *****************
 Defined at:
		line 125 in file "bibliotecas/SPI.c"
 Parameters:    Size  Location     Type
  dado            1    wreg     unsigned char 
 Auto vars:     Size  Location     Type
  dado            1   28[COMRAM] unsigned char 
  TempVar         1   27[COMRAM] unsigned char 
 Return value:  Size  Location     Type
                  1    wreg      unsigned char 
 Registers used:
		wreg, status,2, cstack
 Tracked objects:
		On entry : 
		On exit  : 
		Unchanged: 
 Data sizes:     COMRAM   BANK0   BANK1   BANK2   BANK3   BANK4   BANK5   BANK6   BANK7
      Params:         0       0       0       0       0       0       0       0       0
      Locals:         2       0       0       0       0       0       0       0       0
      Temps:          2       0       0       0       0       0       0       0       0
      Totals:         4       0       0       0       0       0       0       0       0
Total ram usage:        4 bytes
 Hardware stack levels used:    1
 Hardware stack levels required when called:    2
 This function calls:
		Nothing
 This function is called by:
		_dummy_clocks
		_proceed
		_command
		_disk_writep
 This function uses a non-reentrant model


 *************** function ___lmul *****************
 Defined at:
		line 15 in file "C:\Program Files (x86)\Microchip\xc8\v1.45\sources\common\Umul32.c"
 Parameters:    Size  Location     Type
  multiplier      4   25[COMRAM] unsigned long 
  multiplicand    4   29[COMRAM] unsigned long 
 Auto vars:     Size  Location     Type
  product         4   33[COMRAM] unsigned long 
 Return value:  Size  Location     Type
                  4   25[COMRAM] unsigned long 
 Registers used:
		wreg, status,2, status,0
 Tracked objects:
		On entry : 
		On exit  : 
		Unchanged: 
 Data sizes:     COMRAM   BANK0   BANK1   BANK2   BANK3   BANK4   BANK5   BANK6   BANK7
      Params:         8       0       0       0       0       0       0       0       0
      Locals:         4       0       0       0       0       0       0       0       0
      Temps:          0       0       0       0       0       0       0       0       0
      Totals:        12       0       0       0       0       0       0       0       0
Total ram usage:       12 bytes
 Hardware stack levels used:    1
 Hardware stack levels required when called:    2
 This function calls:
		Nothing
 This function is called by:
		_clust2sect
		_pf_mount
		_strtod
		_atol
 This function uses a non-reentrant model


 *************** function ___lldiv *****************
 Defined at:
		line 8 in file "C:\Program Files (x86)\Microchip\xc8\v1.45\sources\common\lldiv.c"
 Parameters:    Size  Location     Type
  dividend        4   25[COMRAM] unsigned long 
  divisor         4   29[COMRAM] unsigned long 
 Auto vars:     Size  Location     Type
  quotient        4   33[COMRAM] unsigned long 
  counter         1   37[COMRAM] unsigned char 
 Return value:  Size  Location     Type
                  4   25[COMRAM] unsigned long 
 Registers used:
		wreg, status,2, status,0
 Tracked objects:
		On entry : 
		On exit  : 
		Unchanged: 
 Data sizes:     COMRAM   BANK0   BANK1   BANK2   BANK3   BANK4   BANK5   BANK6   BANK7
      Params:         8       0       0       0       0       0       0       0       0
      Locals:         5       0       0       0       0       0       0       0       0
      Temps:          0       0       0       0       0       0       0       0       0
      Totals:        13       0       0       0       0       0       0       0       0
Total ram usage:       13 bytes
 Hardware stack levels used:    1
 Hardware stack levels required when called:    2
 This function calls:
		Nothing
 This function is called by:
		_pf_mount
		_pf_lseek
		_convert_time_to_UTC
		_sprintf
 This function uses a non-reentrant model


 *************** function _controle_shrc *****************
 Defined at:
		line 112 in file "bibliotecas/SHRC.c"
 Parameters:    Size  Location     Type
		None
 Auto vars:     Size  Location     Type
		None
 Return value:  Size  Location     Type
                  1    wreg      void 
 Registers used:
		wreg, status,2, status,0, cstack
 Tracked objects:
		On entry : 
		On exit  : 
		Unchanged: 
 Data sizes:     COMRAM   BANK0   BANK1   BANK2   BANK3   BANK4   BANK5   BANK6   BANK7
      Params:         0       0       0       0       0       0       0       0       0
      Locals:         0       0       0       0       0       0       0       0       0
      Temps:          0       0       0       0       0       0       0       0       0
      Totals:         0       0       0       0       0       0       0       0       0
Total ram usage:        0 bytes
 Hardware stack levels used:    1
 Hardware stack levels required when called:    3
 This function calls:
		_ativa_latch_shrc
		_envia_dados_shrc
 This function is called by:
		_main
		_timer_dois
 This function uses a non-reentrant model


 *************** function _envia_dados_shrc *****************
 Defined at:
		line 62 in file "bibliotecas/SHRC.c"
 Parameters:    Size  Location     Type
  data_to_shrc    1    wreg     unsigned char 
 Auto vars:     Size  Location     Type
  data_to_shrc    1   26[COMRAM] unsigned char 
  contador        1   25[COMRAM] unsigned char 
 Return value:  Size  Location     Type
                  1    wreg      void 
 Registers used:
		wreg, status,2, status,0
 Tracked objects:
		On entry : 
		On exit  : 
		Unchanged: 
 Data sizes:     COMRAM   BANK0   BANK1   BANK2   BANK3   BANK4   BANK5   BANK6   BANK7
      Params:         0       0       0       0       0       0       0       0       0
      Locals:         2       0       0       0       0       0       0       0       0
      Temps:          0       0       0       0       0       0       0       0       0
      Totals:         2       0       0       0       0       0       0       0       0
Total ram usage:        2 bytes
 Hardware stack levels used:    1
 Hardware stack levels required when called:    2
 This function calls:
		Nothing
 This function is called by:
		_controle_shrc
 This function uses a non-reentrant model


 *************** function _ativa_latch_shrc *****************
 Defined at:
		line 96 in file "bibliotecas/SHRC.c"
 Parameters:    Size  Location     Type
		None
 Auto vars:     Size  Location     Type
		None
 Return value:  Size  Location     Type
                  1    wreg      void 
 Registers used:
		wreg
 Tracked objects:
		On entry : 
		On exit  : 
		Unchanged: 
 Data sizes:     COMRAM   BANK0   BANK1   BANK2   BANK3   BANK4   BANK5   BANK6   BANK7
      Params:         0       0       0       0       0       0       0       0       0
      Locals:         0       0       0       0       0       0       0       0       0
      Temps:          0       0       0       0       0       0       0       0       0
      Totals:         0       0       0       0       0       0       0       0       0
Total ram usage:        0 bytes
 Hardware stack levels used:    1
 Hardware stack levels required when called:    2
 This function calls:
		Nothing
 This function is called by:
		_controle_shrc
 This function uses a non-reentrant model


 *************** function _isr *****************
 Defined at:
		line 111 in file "main.c"
 Parameters:    Size  Location     Type
		None
 Auto vars:     Size  Location     Type
  cont            1   24[COMRAM] unsigned char 
 Return value:  Size  Location     Type
                  1    wreg      void 
 Registers used:
		wreg, fsr2l, fsr2h, status,2, status,0, prodl, prodh, cstack
 Tracked objects:
		On entry : 
		On exit  : 
		Unchanged: 
 Data sizes:     COMRAM   BANK0   BANK1   BANK2   BANK3   BANK4   BANK5   BANK6   BANK7
      Params:         0       0       0       0       0       0       0       0       0
      Locals:         1       0       0       0       0       0       0       0       0
      Temps:         20       0       0       0       0       0       0       0       0
      Totals:        21       0       0       0       0       0       0       0       0
Total ram usage:       21 bytes
 Hardware stack levels used:    1
 Hardware stack levels required when called:    1
 This function calls:
		_recebe_dado_uart
		_tratamento_uart
		i2_write_timer_zero
 This function is called by:
		Interrupt level 2
 This function uses a non-reentrant model


 *************** function i2_write_timer_zero *****************
 Defined at:
		line 138 in file "bibliotecas/hardware.c"
 Parameters:    Size  Location     Type
  timer0          2    0[COMRAM] unsigned int 
 Auto vars:     Size  Location     Type
  write_timer_    2    2[COMRAM] struct Timers
 Return value:  Size  Location     Type
                  1    wreg      void 
 Registers used:
		None
 Tracked objects:
		On entry : 
		On exit  : 
		Unchanged: 
 Data sizes:     COMRAM   BANK0   BANK1   BANK2   BANK3   BANK4   BANK5   BANK6   BANK7
      Params:         2       0       0       0       0       0       0       0       0
      Locals:         2       0       0       0       0       0       0       0       0
      Temps:          0       0       0       0       0       0       0       0       0
      Totals:         4       0       0       0       0       0       0       0       0
Total ram usage:        4 bytes
 Hardware stack levels used:    1
 This function calls:
		Nothing
 This function is called by:
		_isr
 This function uses a non-reentrant model


 *************** function _tratamento_uart *****************
 Defined at:
		line 171 in file "bibliotecas/GPS.c"
 Parameters:    Size  Location     Type
  received_cha    1    wreg     unsigned char 
 Auto vars:     Size  Location     Type
  received_cha    1    0[COMRAM] unsigned char 
 Return value:  Size  Location     Type
                  1    wreg      void 
 Registers used:
		wreg, fsr2l, fsr2h, status,2, status,0, prodl, prodh
 Tracked objects:
		On entry : 
		On exit  : 
		Unchanged: 
 Data sizes:     COMRAM   BANK0   BANK1   BANK2   BANK3   BANK4   BANK5   BANK6   BANK7
      Params:         0       0       0       0       0       0       0       0       0
      Locals:         1       0       0       0       0       0       0       0       0
      Temps:          0       0       0       0       0       0       0       0       0
      Totals:         1       0       0       0       0       0       0       0       0
Total ram usage:        1 bytes
 Hardware stack levels used:    1
 This function calls:
		Nothing
 This function is called by:
		_isr
 This function uses a non-reentrant model


 *************** function _recebe_dado_uart *****************
 Defined at:
		line 138 in file "bibliotecas/uart.c"
 Parameters:    Size  Location     Type
		None
 Auto vars:     Size  Location     Type
		None
 Return value:  Size  Location     Type
                  1    wreg      unsigned char 
 Registers used:
		wreg, status,2
 Tracked objects:
		On entry : 
		On exit  : 
		Unchanged: 
 Data sizes:     COMRAM   BANK0   BANK1   BANK2   BANK3   BANK4   BANK5   BANK6   BANK7
      Params:         0       0       0       0       0       0       0       0       0
      Locals:         0       0       0       0       0       0       0       0       0
      Temps:          0       0       0       0       0       0       0       0       0
      Totals:         0       0       0       0       0       0       0       0       0
Total ram usage:        0 bytes
 Hardware stack levels used:    1
 This function calls:
		Nothing
 This function is called by:
		_isr
		_recebe_string_uart
 This function uses a non-reentrant model



MODULE INFORMATION

Module		Function		Class		Link	Load	Size
bibliotecas/uart.c
		_configura_baudrate_uart		CODE           	211E	0000	305
		_recebe_dado_uart		CODE           	3528	0000	19
		_inicializa_uart		CODE           	3422	0000	35

bibliotecas/uart.c estimated size: 359

bibliotecas/chaves.c
		_leitura_chaves_sistema		CODE           	32E2	0000	61

bibliotecas/chaves.c estimated size: 61

bibliotecas/SPI.c
		_inicializa_SPI		CODE           	2D12	0000	125
		_recebe_dado_SPI		CODE           	33B2	0000	41
		_WriteSPI_     		CODE           	3212	0000	75

bibliotecas/SPI.c estimated size: 241

bibliotecas/diskio.c
		_reset         		CODE           	2E08	0000	117
		_disk_initialize		CODE           	15C6	0000	699
		_disk_writep   		CODE           	1FDE	0000	321
		_readover      		CODE           	356C	0000	11
		_disk_readp    		CODE           	127C	0000	843

bibliotecas/diskio.c estimated size: 1991

bibliotecas/pff.c
		_get_clust     		CODE           	28A6	0000	201
		_get_fat       		CODE           	0B04	0000	1001
		_pf_write      		CODE           	0646	0000	1215
		_create_name   		CODE           	1E9A	0000	325
		_check_fs      		CODE           	1BEE	0000	349
		_mem_set       		CODE           	3386	0000	45
		_clust2sect    		CODE           	296E	0000	199
		_dir_next      		CODE           	1880	0000	445
		_dir_rewind    		CODE           	2376	0000	297
		_pf_open       		CODE           	1D4A	0000	337
		_dir_find      		CODE           	26DA	0000	257
		_mem_cmp       		CODE           	2F60	0000	113
		_pf_read       		CODE           	0EEC	0000	913
		_follow_path   		CODE           	25C4	0000	279
		_pf_mount      		CODE           	0012	0000	1589

bibliotecas/pff.c estimated size: 7565

bibliotecas/SDCard.c
		_response      		CODE           	353A	0000	15
		_dummy_clocks  		CODE           	3358	0000	47
		_command       		CODE           	310E	0000	93
		_proceed       		CODE           	3554	0000	13

bibliotecas/SDCard.c estimated size: 168

C:\Program Files (x86)\Microchip\xc8\v1.45\sources\common\Umul32.c
		___lmul        		CODE           	316A	0000	87

C:\Program Files (x86)\Microchip\xc8\v1.45\sources\common\Umul32.c estimated size: 87

bibliotecas/hardware.c
		_init_hardware 		CODE           	34C8	0000	23
		_config_timer_dois		CODE           	3548	0000	13
		_config_timer_zero		CODE           	347E	0000	27
		_init_ports    		CODE           	34B0	0000	25
		_write_timer_zero		CODE           	3504	0000	19
		_init_interrupt		CODE           	34F2	0000	19
		_init_oscilador		CODE           	3576	0000	9

bibliotecas/hardware.c estimated size: 135

shared
		mensagem_inicial@F4037		MEDIUMCONST    	6143	0000	18
		leitura_chave@F3840		MEDIUMCONST    	6176	0000	18
		leitura_chave@F3842		MEDIUMCONST    	6165	0000	18
		__powers_      		MEDIUMCONST    	60F5	0000	40
		leitura_chave@F3838		MEDIUMCONST    	6187	0000	18
		_dpowers       		MEDIUMCONST    	60CD	0000	41
		__npowers_     		MEDIUMCONST    	611C	0000	40
		__initialization		CODE           	2E7C	0000	101
		create_name@cvt		MEDIUMCONST    	604D	0000	129
		mensagem_inicial@F4035		MEDIUMCONST    	6154	0000	18
		i2_write_timer_zero		CODE           	3516	0000	19

shared estimated size: 460

bibliotecas/adc.c
		_leitura_continua_adc		CODE           	224E	0000	297
		_leitura_adc   		CODE           	30AA	0000	101

bibliotecas/adc.c estimated size: 398

C:\Program Files (x86)\Microchip\xc8\v1.45\sources\common\lldiv.c
		___lldiv       		CODE           	2C90	0000	131

C:\Program Files (x86)\Microchip\xc8\v1.45\sources\common\lldiv.c estimated size: 131

C:\Program Files (x86)\Microchip\xc8\v1.45\sources\common\aldiv.c
		___aldiv       		CODE           	27DA	0000	205

C:\Program Files (x86)\Microchip\xc8\v1.45\sources\common\aldiv.c estimated size: 205

bibliotecas/display_lcd.c
		_delay         		CODE           	33FE	0000	37
		_init_lcd      		CODE           	2AD8	0000	159
		_endereco_cursor_lcd		CODE           	3040	0000	107
		_escreve_cmd_lcd		CODE           	2C04	0000	141
		_posicao_cursor_lcd		CODE           	2FD0	0000	113
		_escreve_caractere_lcd		CODE           	2EEE	0000	115
		_escreve_frase_ram_lcd		CODE           	31C0	0000	83

bibliotecas/display_lcd.c estimated size: 755

main.c
		_main          		CODE           	32A0	0000	67
		_acende_led4   		CODE           	33DA	0000	37
		_isr           		CODE           	0008	0000	301
		_SDCard        		CODE           	1A3C	0000	435
		_escalonador   		CODE           	2A34	0000	165
		_mensagem_inicial		CODE           	2D8E	0000	123
		_inicializa_tarefas		CODE           	331E	0000	59

main.c estimated size: 1187

bibliotecas/GPS.c
		_tratamento_uart		CODE           	2B76	0000	143

bibliotecas/GPS.c estimated size: 143

bibliotecas/SHRC.c
		_shrc_apaga_bit		CODE           	3444	0000	31
		_ativa_latch_shrc		CODE           	34DE	0000	21
		_controle_shrc 		CODE           	3560	0000	13
		_shrc_seta_bit 		CODE           	3462	0000	29
		_inicializa_shrc		CODE           	357E	0000	9
		_envia_dados_shrc		CODE           	325C	0000	69

bibliotecas/SHRC.c estimated size: 172

