Microchip MPLAB XC8 Compiler V1.45 ()

Linker command line:

-W-3 --edf=C:\Program Files (x86)\Microchip\xc8\v1.45\dat\en_msgs.txt -cs \
  -h+dist/default/production\spi_sdcard.X.production.sym \
  --cmf=dist/default/production\spi_sdcard.X.production.cmf -z -w9 \
  --disl=596:off --norlf -Q18F4550 \
  -oC:\Users\Felipe\AppData\Local\Temp\s1fc.2 \
  -Mdist/default/production/spi_sdcard.X.production.map -E1 -ver=XC8 \
  -ACODE=00h-07FFFh -ACONST=00h-07FFFh -ASMALLCONST=0800h-08FFhx120 \
  -AMEDIUMCONST=0800h-07FFFh -ACOMRAM=01h-05Fh -AABS1=00h-07FFh \
  -ABIGRAM=01h-07FFh -ARAM=060h-0FFh,0100h-01FFhx7 -ABANK0=060h-0FFh \
  -ABANK1=0100h-01FFh -ABANK2=0200h-02FFh -ABANK3=0300h-03FFh \
  -ABANK4=0400h-04FFh -ABANK5=0500h-05FFh -ABANK6=0600h-06FFh \
  -ABANK7=0700h-07FFh -ASFR=0F60h-0FFFh \
  -preset_vec=00h,intcode,intcodelo,powerup,init -pramtop=0800h \
  -psmallconst=SMALLCONST -pmediumconst=MEDIUMCONST -pconst=CONST \
  -AFARRAM=00h-00h -ACONFIG=0300000h-030000Dh -pconfig=CONFIG \
  -AIDLOC=0200000h-0200007h -pidloc=IDLOC -AEEDATA=0F00000h-0F000FFh \
  -peeprom_data=EEDATA \
  -prdata=COMRAM,nvrram=COMRAM,nvbit=COMRAM,rbss=COMRAM,rbit=COMRAM \
  -pfarbss=FARRAM,fardata=FARRAM,nvFARRAM=FARRAM \
  -pintsave_regs=BIGRAM,bigbss=BIGRAM,bigdata=BIGRAM -pbss=RAM \
  -pidata=CODE,irdata=CODE,ibigdata=CODE,ifardata=CODE \
  C:\Users\Felipe\AppData\Local\Temp\s1fc.obj \
  dist/default/production\spi_sdcard.X.production.obj 

Object code version is 3.11

Machine type is 18F4550

Call graph: (short form)




                Name                               Link     Load   Length Selector   Space Scale
C:\Users\Felipe\AppData\Local\Temp\s1fc.obj
                init                                  0        0        4        0       0
dist/default/production\spi_sdcard.X.production.obj
                smallconst                          800      800       A6      400       0
                text28                             2B10     2B10       82      453       0
                text27                             2D1C     2D1C       56      453       0
                text26                             2DDC     2DDC       14      453       0
                text25                             2D72     2D72       3E      453       0
                text24                             2E0C     2E0C        C      453       0
                text23                             2DFE     2DFE        E      453       0
                text22                             2DF0     2DF0        E      453       0
                text21                             1B00     1B00      2AE      453       0
                text20                             20C4     20C4      152      453       0
                text19                             2C02     2C02       6A      453       0
                text18                             1F64     1F64      160      453       0
                text17                              8A6      8A6      636      453       0
                text16                             2DB0     2DB0       2C      453       0
                text15                             235C     235C      142      453       0
                text14                             29AC     29AC       C2      453       0
                text13                             139A     139A      3D6      453       0
                text12                             1DAE     1DAE      1B6      453       0
                text11                             249E     249E      126      453       0
                text10                             2B92     2B92       70      453       0
                text9                              27EC     27EC       F8      453       0
                text8                              28E4     28E4       C8      453       0
                text7                              25C4     25C4      116      453       0
                text6                              2216     2216      146      453       0
                text5                              1770     1770      390      453       0
                text4                              26DA     26DA      112      453       0
                text3                               EDC      EDC      4BE      453       0
                text2                              2C6C     2C6C       5A      453       0
                text1                              2E22     2E22        8      453       0
                text0                              2A6E     2A6E       A2      453       0
                cstackCOMRAM                          1        1       5F        1       1
                cstackBANK0                          60       60       8B       60       1
                bssBIGRAM                           16E      16E      600      16E       1
                dataBANK1                           164      164        A      100       1
                bssBANK1                            100      100       64      100       1
                bssBANK0                             EB       EB        D       60       1
                cinit                              2CC6     2CC6       56      453       0
                idataBANK1                         2E18     2E18        A      453       0

TOTAL           Name                               Link     Load   Length     Space
        CLASS   CODE           
                init                                  0        0        4         0
                text28                             2B10     2B10       82         0
                text27                             2D1C     2D1C       56         0
                text26                             2DDC     2DDC       14         0
                text25                             2D72     2D72       3E         0
                text24                             2E0C     2E0C        C         0
                text23                             2DFE     2DFE        E         0
                text22                             2DF0     2DF0        E         0
                text21                             1B00     1B00      2AE         0
                text20                             20C4     20C4      152         0
                text19                             2C02     2C02       6A         0
                text18                             1F64     1F64      160         0
                text17                              8A6      8A6      636         0
                text16                             2DB0     2DB0       2C         0
                text15                             235C     235C      142         0
                text14                             29AC     29AC       C2         0
                text13                             139A     139A      3D6         0
                text12                             1DAE     1DAE      1B6         0
                text11                             249E     249E      126         0
                text10                             2B92     2B92       70         0
                text9                              27EC     27EC       F8         0
                text8                              28E4     28E4       C8         0
                text7                              25C4     25C4      116         0
                text6                              2216     2216      146         0
                text5                              1770     1770      390         0
                text4                              26DA     26DA      112         0
                text3                               EDC      EDC      4BE         0
                text2                              2C6C     2C6C       5A         0
                text1                              2E22     2E22        8         0
                text0                              2A6E     2A6E       A2         0
                cinit                              2CC6     2CC6       56         0
                idataBANK1                         2E18     2E18        A         0

        CLASS   CONST          

        CLASS   SMALLCONST     
                smallconst                          800      800       A6         0

        CLASS   MEDIUMCONST    

        CLASS   COMRAM         
                cstackCOMRAM                          1        1       5F         1

        CLASS   ABS1           

        CLASS   BIGRAM         
                bssBIGRAM                           16E      16E      600         1

        CLASS   RAM            

        CLASS   BANK0          
                cstackBANK0                          60       60       8B         1
                bssBANK0                             EB       EB        D         1

        CLASS   BANK1          
                dataBANK1                           164      164        A         1
                bssBANK1                            100      100       64         1

        CLASS   BANK2          

        CLASS   BANK3          

        CLASS   BANK4          

        CLASS   BANK5          

        CLASS   BANK6          

        CLASS   BANK7          

        CLASS   SFR            

        CLASS   FARRAM         

        CLASS   CONFIG         

        CLASS   IDLOC          

        CLASS   EEDATA         

        CLASS   STACK          



SEGMENTS        Name                           Load    Length   Top    Selector   Space  Class

                reset_vec                      000000  000004  000004         0       0  CODE    
                cstackCOMRAM                   000001  00005F  000060         1       1  COMRAM  
                cstackBANK0                    000060  000098  0000F8        60       1  BANK0   
                bssBANK1                       000100  00006E  00016E       100       1  BANK1   
                bssBIGRAM                      00016E  000600  00076E       16E       1  BIGRAM  
                smallconst                     000800  0000A6  0008A6       400       0  SMALLCON
                text17                         0008A6  002584  002E2A       453       0  CODE    


UNUSED ADDRESS RANGES

        Name                Unused          Largest block    Delta
        BANK0            00F8-00FF              8
        BANK7            076E-07FF             92
        BIGRAM           00F8-00FF              8
                         076E-07FF             92
        CODE             0004-07FF            7FC
                         2E2A-7FFF           51D6
        CONFIG           300000-30000D              E
        CONST            0004-07FF            7FC
                         2E2A-7FFF           51D6
        EEDATA           F00000-F000FF            100
        IDLOC            200000-200007              8
        MEDIUMCONST      2E2A-7FFF           51D6
        RAM              00F8-00FF              8
                         076E-07FF             92
        SFR              0F60-0FFF             A0
        SMALLCONST       2E2A-7FFF            100

                                  Symbol Table

__HRAM                    (abs)        0000
__Habs1                   abs1         0000
__Hbank0                  bank0        0000
__Hbank1                  bank1        0000
__Hbank2                  bank2        0000
__Hbank3                  bank3        0000
__Hbank4                  bank4        0000
__Hbank5                  bank5        0000
__Hbank6                  bank6        0000
__Hbank7                  bank7        0000
__Hbigbss                 bigbss       0000
__Hbigdata                bigdata      0000
__Hbigram                 bigram       0000
__Hbss                    bss          0000
__HbssBANK0               bssBANK0     0000
__HbssBANK1               bssBANK1     0000
__HbssBIGRAM              bssBIGRAM    0000
__Hcinit                  cinit        0000
__Hclrtext                clrtext      0000
__Hcomram                 comram       0000
__Hconfig                 config       0000
__Hconst                  const        0000
__HcstackBANK0            cstackBANK0  0000
__HcstackCOMRAM           cstackCOMRAM 0000
__Hdata                   data         0000
__HdataBANK1              dataBANK1    0000
__Heeprom_data            eeprom_data  0000
__Hfarbss                 farbss       0000
__Hfardata                fardata      0000
__Hibigdata               ibigdata     0000
__Hidata                  idata        0000
__HidataBANK1             idataBANK1   0000
__Hidloc                  idloc        0000
__Hifardata               ifardata     0000
__Hintcode                intcode      0000
__Hintcode_body           intcode_body 0000
__Hintcodelo              intcodelo    0000
__Hintentry               intentry     0000
__Hintret                 intret       0000
__Hintsave_regs           intsave_regs 0000
__Hirdata                 irdata       0000
__Hmediumconst            mediumconst  0000
__HnvFARRAM               nvFARRAM     0000
__Hnvbit                  nvbit        0000
__Hnvrram                 nvrram       0000
__Hparam                  rparam       0000
__Hpowerup                powerup      0000
__Hram                    ram          0000
__Hrbit                   rbit         0000
__Hrbss                   rbss         0000
__Hrdata                  rdata        0000
__Hreset_vec              reset_vec    0000
__Hrparam                 rparam       0000
__Hsfr                    sfr          0000
__Hspace_2                (abs)        0000
__Hstack                  stack        0000
__Hstruct                 struct       0000
__Htemp                   temp         0000
__Htext                   text         0000
__Htext0                  text0        0000
__Htext1                  text1        0000
__Htext10                 text10       0000
__Htext11                 text11       0000
__Htext12                 text12       0000
__Htext13                 text13       0000
__Htext14                 text14       0000
__Htext15                 text15       0000
__Htext16                 text16       0000
__Htext17                 text17       0000
__Htext18                 text18       0000
__Htext19                 text19       0000
__Htext2                  text2        0000
__Htext20                 text20       0000
__Htext21                 text21       0000
__Htext22                 text22       0000
__Htext23                 text23       0000
__Htext24                 text24       0000
__Htext25                 text25       0000
__Htext26                 text26       0000
__Htext27                 text27       0000
__Htext28                 text28       0000
__Htext3                  text3        0000
__Htext4                  text4        0000
__Htext5                  text5        0000
__Htext6                  text6        0000
__Htext7                  text7        0000
__Htext8                  text8        0000
__Htext9                  text9        0000
__Labs1                   abs1         0000
__Lbank0                  bank0        0000
__Lbank1                  bank1        0000
__Lbank2                  bank2        0000
__Lbank3                  bank3        0000
__Lbank4                  bank4        0000
__Lbank5                  bank5        0000
__Lbank6                  bank6        0000
__Lbank7                  bank7        0000
__Lbigbss                 bigbss       0000
__Lbigdata                bigdata      0000
__Lbigram                 bigram       0000
__Lbss                    bss          0000
__LbssBANK0               bssBANK0     0000
__LbssBANK1               bssBANK1     0000
__LbssBIGRAM              bssBIGRAM    0000
__Lcinit                  cinit        0000
__Lclrtext                clrtext      0000
__Lcomram                 comram       0000
__Lconfig                 config       0000
__Lconst                  const        0000
__LcstackBANK0            cstackBANK0  0000
__LcstackCOMRAM           cstackCOMRAM 0000
__Ldata                   data         0000
__LdataBANK1              dataBANK1    0000
__Leeprom_data            eeprom_data  0000
__Lfarbss                 farbss       0000
__Lfardata                fardata      0000
__Libigdata               ibigdata     0000
__Lidata                  idata        0000
__LidataBANK1             idataBANK1   0000
__Lidloc                  idloc        0000
__Lifardata               ifardata     0000
__Linit                   init         0000
__Lintcode                intcode      0000
__Lintcode_body           intcode_body 0000
__Lintcodelo              intcodelo    0000
__Lintentry               intentry     0000
__Lintret                 intret       0000
__Lintsave_regs           intsave_regs 0000
__Lirdata                 irdata       0000
__Lmediumconst            mediumconst  0000
__LnvFARRAM               nvFARRAM     0000
__Lnvbit                  nvbit        0000
__Lnvrram                 nvrram       0000
__Lparam                  rparam       0000
__Lpowerup                powerup      0000
__Lram                    ram          0000
__Lrbit                   rbit         0000
__Lrbss                   rbss         0000
__Lrdata                  rdata        0000
__Lreset_vec              reset_vec    0000
__Lrparam                 rparam       0000
__Lsfr                    sfr          0000
__Lspace_0                (abs)        0000
__Lspace_1                (abs)        0000
__Lspace_2                (abs)        0000
__Lstack                  stack        0000
__Lstruct                 struct       0000
__Ltemp                   temp         0000
__Ltext                   text         0000
__Ltext0                  text0        0000
__Ltext1                  text1        0000
__Ltext10                 text10       0000
__Ltext11                 text11       0000
__Ltext12                 text12       0000
__Ltext13                 text13       0000
__Ltext14                 text14       0000
__Ltext15                 text15       0000
__Ltext16                 text16       0000
__Ltext17                 text17       0000
__Ltext18                 text18       0000
__Ltext19                 text19       0000
__Ltext2                  text2        0000
__Ltext20                 text20       0000
__Ltext21                 text21       0000
__Ltext22                 text22       0000
__Ltext23                 text23       0000
__Ltext24                 text24       0000
__Ltext25                 text25       0000
__Ltext26                 text26       0000
__Ltext27                 text27       0000
__Ltext28                 text28       0000
__Ltext3                  text3        0000
__Ltext4                  text4        0000
__Ltext5                  text5        0000
__Ltext6                  text6        0000
__Ltext7                  text7        0000
__Ltext8                  text8        0000
__Ltext9                  text9        0000
___inthi_sp               stack        0000
___intlo_sp               stack        0000
___param_bank             (abs)        0000
___sp                     stack        0000
__mediumconst             mediumconst  0000
__size_of_Command         (abs)        0000
__size_of_WriteSPI_       (abs)        0000
__size_of___lldiv         (abs)        0000
__size_of___lmul          (abs)        0000
__size_of_check_fs        (abs)        0000
__size_of_clust2sect      (abs)        0000
__size_of_create_name     (abs)        0000
__size_of_dir_find        (abs)        0000
__size_of_dir_next        (abs)        0000
__size_of_dir_rewind      (abs)        0000
__size_of_disk_initialize (abs)        0000
__size_of_disk_readp      (abs)        0000
__size_of_disk_writep     (abs)        0000
__size_of_follow_path     (abs)        0000
__size_of_get_clust       (abs)        0000
__size_of_get_fat         (abs)        0000
__size_of_inicializa_SPI  (abs)        0000
__size_of_main            (abs)        0000
__size_of_mem_cmp         (abs)        0000
__size_of_mem_set         (abs)        0000
__size_of_pf_mount        (abs)        0000
__size_of_pf_open         (abs)        0000
__size_of_pf_read         (abs)        0000
__size_of_pf_write        (abs)        0000
__size_of_proceed         (abs)        0000
__size_of_recebe_dado_SPI (abs)        0000
__size_of_reset           (abs)        0000
__size_of_response        (abs)        0000
__size_of_soft_hard_init  (abs)        0000
_dummy_clocks                              
_escreve_frase_ram_lcd                     
_posicao_cursor_lcd                        
_prossiga                                  
?___lldiv                 cstackCOMRAM 0001
?___lmul                  cstackCOMRAM 0001
?_dummy_clocks            cstackCOMRAM 0001
?_get_clust               cstackCOMRAM 0001
?_mem_cmp                 cstackCOMRAM 0001
WriteSPI_@dado            cstackCOMRAM 0001
__LRAM                    (abs)        0001
___lldiv@dividend         cstackCOMRAM 0001
___lmul@multiplier        cstackCOMRAM 0001
___rparam_used            (abs)        0001
__pcstackCOMRAM           cstackCOMRAM 0001
_escreve_frase_ram_lcd$0  cstackCOMRAM 0001
_posicao_cursor_lcd$1     cstackCOMRAM 0001
get_clust@dir             cstackCOMRAM 0001
Command@arg               cstackCOMRAM 0002
__activetblptr            (abs)        0002
__Hinit                   init         0004
___lldiv@divisor          cstackCOMRAM 0005
___lmul@multiplicand      cstackCOMRAM 0005
Command@CRC               cstackCOMRAM 0006
Command@CMD               cstackCOMRAM 0007
Command@argument          cstackCOMRAM 0008
___lldiv@quotient         cstackCOMRAM 0009
___lmul@product           cstackCOMRAM 0009
create_name@dj            cstackCOMRAM 0009
disk_readp@rd             cstackCOMRAM 0009
disk_writep@wr            cstackCOMRAM 0009
create_name@path          cstackCOMRAM 000B
disk_readp@sector         cstackCOMRAM 000B
disk_writep@sc            cstackCOMRAM 000C
?_clust2sect              cstackCOMRAM 000D
___lldiv@counter          cstackCOMRAM 000D
clust2sect@clst           cstackCOMRAM 000D
get_clust@fs              cstackCOMRAM 000D
disk_initialize@i         cstackCOMRAM 000E
disk_readp@offset         cstackCOMRAM 000F
get_clust@clst            cstackCOMRAM 000F
disk_initialize@count1    cstackCOMRAM 0010
disk_readp@count          cstackCOMRAM 0011
disk_initialize@stat      cstackCOMRAM 0012
disk_initialize@count2    cstackCOMRAM 0013
create_name@d             cstackCOMRAM 0014
disk_writep@i             cstackCOMRAM 0014
create_name@p             cstackCOMRAM 0015
disk_initialize@buff      cstackCOMRAM 0015
clust2sect@fs             cstackCOMRAM 0016
disk_writep@j             cstackCOMRAM 0016
create_name@ni            cstackCOMRAM 0017
disk_readp@ptr            cstackCOMRAM 0017
create_name@si            cstackCOMRAM 0018
dir_rewind@dj             cstackCOMRAM 0018
disk_readp@start_add      cstackCOMRAM 0018
disk_writep@buff          cstackCOMRAM 0018
create_name@sfn           cstackCOMRAM 0019
create_name@i             cstackCOMRAM 001B
create_name@c             cstackCOMRAM 001C
disk_readp@buff           cstackCOMRAM 001C
disk_readp@length         cstackCOMRAM 001D
_dir_rewind$605           cstackCOMRAM 001E
?_get_fat                 cstackCOMRAM 001F
check_fs@buf              cstackCOMRAM 001F
get_fat@clst              cstackCOMRAM 001F
check_fs@sect             cstackCOMRAM 0021
dir_rewind@fs             cstackCOMRAM 0022
dir_rewind@clst           cstackCOMRAM 0024
_get_fat$545              cstackCOMRAM 0039
get_fat@wc                cstackCOMRAM 003B
get_fat@ofs               cstackCOMRAM 003D
get_fat@buf               cstackCOMRAM 003F
get_fat@bc                cstackCOMRAM 0043
get_fat@fs                cstackCOMRAM 0045
dir_next@dj               cstackCOMRAM 0047
dir_next@fs               cstackCOMRAM 0050
dir_next@clst             cstackCOMRAM 0052
dir_next@i                cstackCOMRAM 0056
dir_find@dj               cstackCOMRAM 0058
dir_find@dir              cstackCOMRAM 005A
dir_find@c                cstackCOMRAM 005E
dir_find@res              cstackCOMRAM 005F
__accesstop               (abs)        0060
__pcstackBANK0            cstackBANK0  0060
follow_path@dj            cstackBANK0  0060
_pf_read$799              cstackBANK0  0062
follow_path@dir           cstackBANK0  0062
follow_path@path          cstackBANK0  0064
follow_path@res           cstackBANK0  0066
__pbssBANK0               bssBANK0     00EB
_fileSize                 bssBANK0     00EB
_FatFs                    bssBANK0     00EF
_flag                     bssBANK0     00F1
_rd                       bssBANK0     00F3
_estado                   bssBANK0     00F5
_s                        bssBANK0     00F6
_Result                   bssBANK0     00F7
__pbssBANK1               bssBANK1     0100
_folder                   bssBANK1     0100
_txt                      bssBANK1     0130
_data_buffer_32           bssBANK1     0144
__pdataBANK1              dataBANK1    0164
_fileName                 dataBANK1    0164
__pbssBIGRAM              bssBIGRAM    016E
_sector_buffer            bssBIGRAM    056E
__Hspace_1                (abs)        076E
__S1                      (abs)        076E
__Hramtop                 ramtop       0800
__Lramtop                 ramtop       0800
__Lsmallconst             smallconst   0800
__psmallconst             smallconst   0800
__ramtop                  ramtop       0800
__smallconst              smallconst   0800
__end_ofcreate_name@cvt   smallconst   0881
__Hsmallconst             smallconst   08A6
__ptext17                 text17       08A6
_pf_mount                 text17       08A6
__end_of_pf_mount         text17       0EDC
__ptext3                  text3        0EDC
_pf_write                 text3        0EDC
_SPPCFG                   (abs)        0F63
_SPPCON                   (abs)        0F65
_PORTBbits                (abs)        0F81
_LATB                     (abs)        0F8A
_LATBbits                 (abs)        0F8A
_TRISA                    (abs)        0F92
_TRISB                    (abs)        0F93
_TRISC                    (abs)        0F94
_TRISD                    (abs)        0F95
_TRISE                    (abs)        0F96
_PIE1                     (abs)        0F9D
_PIR1bits                 (abs)        0F9E
_SSPCON1                  (abs)        0FC6
_SSPCON1bits              (abs)        0FC6
_SSPSTATbits              (abs)        0FC7
_SSPBUF                   (abs)        0FC9
_T2CON                    (abs)        0FCA
_PR2                      (abs)        0FCB
_TMR2                     (abs)        0FCC
_OSCCONbits               (abs)        0FD3
_T0CON                    (abs)        0FD5
_T0CONbits                (abs)        0FD5
_TMR0L                    (abs)        0FD6
_TMR0H                    (abs)        0FD7
_INTCON3                  (abs)        0FF0
_INTCON2                  (abs)        0FF1
_INTCON                   (abs)        0FF2
_INTCONbits               (abs)        0FF2
__end_of_pf_write         text3        139A
__ptext13                 text13       139A
_get_fat                  text13       139A
__end_of_get_fat          text13       1770
__ptext5                  text5        1770
_pf_read                  text5        1770
__end_of_pf_read          text5        1B00
__ptext21                 text21       1B00
_disk_readp               text21       1B00
__end_of_disk_readp       text21       1DAE
__ptext12                 text12       1DAE
_dir_next                 text12       1DAE
__end_of_dir_next         text12       1F64
__ptext18                 text18       1F64
_disk_initialize          text18       1F64
__end_of_disk_initialize  text18       20C4
__ptext20                 text20       20C4
_check_fs                 text20       20C4
__end_of_check_fs         text20       2216
__ptext6                  text6        2216
_pf_open                  text6        2216
__end_of_pf_open          text6        235C
__ptext15                 text15       235C
_create_name              text15       235C
__end_of_create_name      text15       249E
__ptext11                 text11       249E
_dir_rewind               text11       249E
__end_of_dir_rewind       text11       25C4
__ptext7                  text7        25C4
_follow_path              text7        25C4
__end_of_follow_path      text7        26DA
__ptext4                  text4        26DA
_disk_writep              text4        26DA
__end_of_disk_writep      text4        27EC
__ptext9                  text9        27EC
_dir_find                 text9        27EC
__end_of_dir_find         text9        28E4
__ptext8                  text8        28E4
_get_clust                text8        28E4
__end_of_get_clust        text8        29AC
__ptext14                 text14       29AC
_clust2sect               text14       29AC
__end_of_clust2sect       text14       2A6E
__ptext0                  text0        2A6E
_main                     text0        2A6E
___lldiv                  text28       2B10
__end_of_main             text0        2B10
__ptext28                 text28       2B10
__end_of___lldiv          text28       2B92
__ptext10                 text10       2B92
_mem_cmp                  text10       2B92
__end_of_mem_cmp          text10       2C02
__ptext19                 text19       2C02
_reset                    text19       2C02
__end_of_reset            text19       2C6C
__ptext2                  text2        2C6C
_inicializa_SPI           text2        2C6C
__end_of_inicializa_SPI   text2        2CC6
__initialization          cinit        2CC6
__pcinit                  cinit        2CC6
__end_of__initialization  cinit        2D12
___lmul                   text27       2D1C
__ptext27                 text27       2D1C
_Command                  text25       2D72
__end_of___lmul           text27       2D72
__ptext25                 text25       2D72
__end_of_Command          text25       2DB0
__ptext16                 text16       2DB0
_mem_set                  text16       2DB0
_WriteSPI_                text26       2DDC
__end_of_mem_set          text16       2DDC
__ptext26                 text26       2DDC
__end_of_WriteSPI_        text26       2DF0
__ptext22                 text22       2DF0
_response                 text22       2DF0
__end_of_response         text22       2DFE
__ptext23                 text23       2DFE
_recebe_dado_SPI          text23       2DFE
__end_of_recebe_dado_SPI  text23       2E0C
__ptext24                 text24       2E0C
_proceed                  text24       2E0C
__end_of_proceed          text24       2E18
__pidataBANK1             idataBANK1   2E18
__ptext1                  text1        2E22
_soft_hard_init           text1        2E22
__Hspace_0                (abs)        2E2A
__S0                      (abs)        2E2A
__end_of_soft_hard_init   text1        2E2A
_TMR2IF                   (abs)        7CF1
disk_readp@arr            bssBIGRAM    016E
create_name@cvt           smallconst   0801
end_of_initialization     cinit        2D12
intlevel0                 text         0000
intlevel1                 text         0000
intlevel2                 text         0000
intlevel3                 text         0000
inicializa_SPI@SPI_mode   cstackCOMRAM 0001
mem_cmp@dst               cstackCOMRAM 0001
mem_set@dst               cstackCOMRAM 0001
mem_cmp@src               cstackCOMRAM 0003
mem_set@val               cstackCOMRAM 0003
mem_cmp@cnt               cstackCOMRAM 0005
mem_set@cnt               cstackCOMRAM 0005
mem_set@d                 cstackCOMRAM 0007
mem_cmp@d                 cstackCOMRAM 000A
mem_cmp@s                 cstackCOMRAM 000C
mem_cmp@r                 cstackCOMRAM 000E
stackhi                   (abs)        0000
stacklo                   (abs)        0000
start                     init         0000
response@buff             cstackCOMRAM 0001
reset@i                   cstackCOMRAM 0009
reset@count               cstackCOMRAM 000B
reset@buff                cstackCOMRAM 000D
pf_mount@fs               cstackCOMRAM 0029
pf_read@buff              cstackCOMRAM 0047
pf_write@buff             cstackCOMRAM 0047
pf_read@btr               cstackCOMRAM 0049
pf_write@btw              cstackCOMRAM 0049
pf_read@br                cstackCOMRAM 004B
pf_write@bw               cstackCOMRAM 004B
pf_mount@buf              cstackBANK0  0060
pf_read@rbuff             cstackBANK0  0060
pf_write@p                cstackBANK0  0060
pf_write@sect             cstackBANK0  0062
pf_read@dr                cstackBANK0  0064
pf_read@sect              cstackBANK0  0065
pf_write@remain           cstackBANK0  0066
pf_open@path              cstackBANK0  0067
pf_read@remain            cstackBANK0  0069
pf_write@clst             cstackBANK0  006A
pf_read@clst              cstackBANK0  006D
pf_write@cs               cstackBANK0  006E
pf_write@wcnt             cstackBANK0  006F
pf_read@cs                cstackBANK0  0071
pf_write@fs               cstackBANK0  0071
pf_read@rcnt              cstackBANK0  0072
pf_read@fs                cstackBANK0  0074
pf_open@sp                cstackBANK0  007F
pf_mount@tsect            cstackBANK0  0084
pf_mount@mclst            cstackBANK0  0088
pf_open@dir               cstackBANK0  008B
pf_mount@bsect            cstackBANK0  008C
pf_mount@fsize            cstackBANK0  0090
pf_mount@fmt              cstackBANK0  0094
pf_open@res               cstackBANK0  00AB
pf_open@fs                cstackBANK0  00AC
pf_open@dj                cstackBANK0  00AE
main@FResult              cstackBANK0  00BE
main@br                   cstackBANK0  00BF
main@fs                   cstackBANK0  00C1
start_initialization      cinit        2CC6
