Microchip MPLAB XC8 Compiler V2.32

Linker command line:

-W-3 --edf=C:\Program Files\Microchip\xc8\v2.32\pic\dat\en_msgs.txt -cn \
  -h+dist/default/production\SDCARDv2.X.production.sym \
  --cmf=dist/default/production\SDCARDv2.X.production.cmf -z -Q18F4550 \
  -oC:\Users\Felipe\AppData\Local\Temp\xcAs680.4 \
  -Mdist/default/production/SDCARDv2.X.production.map -E1 -ver=XC8 Compiler \
  -ASTACK=0542h-07FFh -pstack=STACK -ACODE=00h-0627Fh -ACONST=00h-0627Fh \
  -ASMALLCONST=0800h-08FFhx90,06200h-0627Fh -AMEDIUMCONST=0800h-0627Fh \
  -ACOMRAM=01h-05Fh -AABS1=00h-07FFh -ABIGRAM=01h-07FFh \
  -ARAM=060h-0FFh,0100h-01FFhx7 -ABANK0=060h-0FFh -ABANK1=0100h-01FFh \
  -ABANK2=0200h-02FFh -ABANK3=0300h-03FFh -ABANK4=0400h-04FFh \
  -ABANK5=0500h-05FFh -ABANK6=0600h-06FFh -ABANK7=0700h-07FFh \
  -ASFR=0F60h-0FFFh -ACONFIG=0300000h-030000Dh -AIDLOC=0200000h-0200007h \
  -AEEDATA=0F00000h-0F000FFh -peeprom_data=EEDATA \
  -preset_vec=00h,intcode=08h,intcodelo,powerup,init -pramtop=0800h \
  -psmallconst=SMALLCONST -pmediumconst=MEDIUMCONST -pconst=CONST \
  -AFARRAM=00h-00h \
  -prdata=COMRAM,nvrram=COMRAM,nvbit=COMRAM,rbss=COMRAM,rbit=COMRAM \
  -pfarbss=FARRAM,fardata=FARRAM,nvFARRAM=FARRAM \
  -pintsave_regs=BIGRAM,bigbss=BIGRAM,bigdata=BIGRAM -pbss=RAM \
  -pidata=CODE,irdata=CODE,ibigdata=CODE,ifardata=CODE -prparam=COMRAM \
  C:\Users\Felipe\AppData\Local\Temp\xcAs680.obj \
  dist/default/production\SDCARDv2.X.production.obj 

Object code version is 3.11

Machine type is 18F4550



                Name                               Link     Load   Length Selector   Space Scale
C:\Users\Felipe\AppData\Local\Temp\xcAs680.obj
                idloc                            200000   200000        8        0       5
                config                           300000   300000        E        0       4
                init                                  E        E        4        4       0
                reset_vec                             0        0        4        0       0
dist/default/production\SDCARDv2.X.production.obj
                intcode                               8        8        6        4       0
                idloc                            200000   200000        8        0       5
                config                           300000   300000        E        0       4
                temp                                 45       45        1        1       1
                mediumconst                        60EC     60EC      194     3076       0
                text95                             4C7C     4C7C       4A     23E3       0
                text94                             4D0E     4D0E       46     23E3       0
                text93                             20B2     20B2      2C8        4       0
                text92                             516E     516E       12     23E3       0
                text91                             5218     5218        A     23E3       0
                intcode_body                       3944     3944      118        4       0
                text89                             500A     500A       2A     23E3       0
                text88                             3A5C     3A5C      10C        4       0
                text87                             4E56     4E56       3A     23E3       0
                text86                             51EE     51EE        C     23E3       0
                text85                             51BC     51BC        E     23E3       0
                text84                             3C70     3C70      106        4       0
                text83                             509E     509E       20     23E3       0
                text82                             51E2     51E2        C     23E3       0
                text81                             4E1A     4E1A       3C     23E3       0
                text80                             5190     5190       10     23E3       0
                text79                             4EC6     4EC6       36     23E3       0
                text78                             4A3E     4A3E       5A     23E3       0
                text77                             51D6     51D6        C     23E3       0
                text76                             51CA     51CA        C     23E3       0
                text75                             36FA     36FA      126        4       0
                text74                             4838     4838       70     23E3       0
                text73                             2F4A     2F4A      1B8        4       0
                text72                             4BE4     4BE4       4E     23E3       0
                text71                             3102     3102      1AA        4       0
                text70                             4B92     4B92       52     23E3       0
                text69                             5180     5180       10     23E3       0
                text68                             4F2E     4F2E       30     23E3       0
                text67                             4CC6     4CC6       48     23E3       0
                text66                             3820     3820      124        4       0
                text65                             4FE0     4FE0       2A     23E3       0
                text64                             465A     465A       82        4       0
                text63                             5034     5034       26     23E3       0
                text62                             2D28     2D28      222        4       0
                text61                             285E     285E      266        4       0
                text60                             32AC     32AC      18C        4       0
                text59                             1272     1272      48A        4       0
                text58                             4C32     4C32       4A     23E3       0
                text57                             4A98     4A98       56     23E3       0
                text56                             43A0     43A0       92        4       0
                text55                             45D8     45D8       82        4       0
                text54                             50DC     50DC       1E     23E3       0
                text53                             47C6     47C6       72     23E3       0
                text52                             4B40     4B40       52     23E3       0
                text51                             48A8     48A8       6A     23E3       0
                text50                             49E0     49E0       5E     23E3       0
                text49                             4432     4432       90        4       0
                text48                             1DAC     1DAC      306        4       0
                text47                             4FB6     4FB6       2A     23E3       0
                text46                             4F8A     4F8A       2C     23E3       0
                text45                              D2C      D2C      546        4       0
                text44                             4D54     4D54       44     23E3       0
                text43                             4270     4270       9C        4       0
                text42                             3FDC     3FDC       B2        4       0
                text41                             3438     3438      164        4       0
                text40                             25F0     25F0      26E        4       0
                text39                             359C     359C      15E        4       0
                text38                             237A     237A      276        4       0
                text37                             1A7A     1A7A      332        4       0
                text36                             522A     522A        4     23E3       0
                text35                             497A     497A       66     23E3       0
                text34                              7A2      7A2      58A        4       0
                text33                             4DDA     4DDA       40     23E3       0
                text32                             454E     454E       8A        4       0
                text31                             16FC     16FC      37E        4       0
                text30                             507E     507E       20     23E3       0
                text29                             3F10     3F10       CC        4       0
                text28                             3B68     3B68      108        4       0
                text27                             505A     505A       24     23E3       0
                text26                             3E44     3E44       CC        4       0
                text25                             520E     520E        A     23E3       0
                text24                             5204     5204        A     23E3       0
                text23                             44C2     44C2       8C        4       0
                text22                             50BE     50BE       1E     23E3       0
                text21                             3D76     3D76       CE        4       0
                text20                             4AEE     4AEE       52     23E3       0
                text19                             4D98     4D98       42     23E3       0
                text18                             430C     430C       94        4       0
                text17                             4EFC     4EFC       32     23E3       0
                text16                             4E90     4E90       36     23E3       0
                text15                               12       12      790        4       0
                text14                             522E     522E        2     23E3       0
                text13                             5146     5146       16     23E3       0
                text12                             2AC4     2AC4      264        4       0
                text11                             408E     408E       A6        4       0
                text10                             4912     4912       68     23E3       0
                text9                              51AE     51AE        E     23E3       0
                text8                              51FA     51FA        A     23E3       0
                text7                              5116     5116       1A     23E3       0
                text6                              515C     515C       12     23E3       0
                text5                              5222     5222        8     23E3       0
                text4                              50FA     50FA       1C     23E3       0
                text3                              5130     5130       16     23E3       0
                text2                              41D2     41D2       9E        4       0
                text1                              46DC     46DC       76        4       0
                text0                              4F5E     4F5E       2C     23E3       0
                cstackCOMRAM                          1        1       2B        1       1
                cstackBANK0                          60       60       99       60       1
                cstackBANK3                         300      300       22      300       1
                bssBIGRAM                           322      322      220      322       1
                dataBANK2                           274      274       73      200       1
                bssBANK2                            200      200       74      200       1
                dataBANK1                           1EF      1EF        E      100       1
                bssBANK1                            100      100       EF      100       1
                bssBANK0                             F9       F9        2       60       1
                dataCOMRAM                           44       44        1        1       1
                bssCOMRAM                            2C       2C       18        1       1
                cinit                              4134     4134       9E        4       0
                idataBANK2                         4752     4752       73        4       0
                idataBANK1                         51A0     51A0        E     23E3       0
                idataCOMRAM                        5230     5230        1     23E3       0

TOTAL           Name                               Link     Load   Length     Space
        CLASS   STACK          

        CLASS   CODE           
                intcode                               8        8        6         0
                init                                  E        E        4         0
                reset_vec                             0        0        4         0
                text95                             4C7C     4C7C       4A         0
                text94                             4D0E     4D0E       46         0
                text93                             20B2     20B2      2C8         0
                text92                             516E     516E       12         0
                text91                             5218     5218        A         0
                intcode_body                       3944     3944      118         0
                text89                             500A     500A       2A         0
                text88                             3A5C     3A5C      10C         0
                text87                             4E56     4E56       3A         0
                text86                             51EE     51EE        C         0
                text85                             51BC     51BC        E         0
                text84                             3C70     3C70      106         0
                text83                             509E     509E       20         0
                text82                             51E2     51E2        C         0
                text81                             4E1A     4E1A       3C         0
                text80                             5190     5190       10         0
                text79                             4EC6     4EC6       36         0
                text78                             4A3E     4A3E       5A         0
                text77                             51D6     51D6        C         0
                text76                             51CA     51CA        C         0
                text75                             36FA     36FA      126         0
                text74                             4838     4838       70         0
                text73                             2F4A     2F4A      1B8         0
                text72                             4BE4     4BE4       4E         0
                text71                             3102     3102      1AA         0
                text70                             4B92     4B92       52         0
                text69                             5180     5180       10         0
                text68                             4F2E     4F2E       30         0
                text67                             4CC6     4CC6       48         0
                text66                             3820     3820      124         0
                text65                             4FE0     4FE0       2A         0
                text64                             465A     465A       82         0
                text63                             5034     5034       26         0
                text62                             2D28     2D28      222         0
                text61                             285E     285E      266         0
                text60                             32AC     32AC      18C         0
                text59                             1272     1272      48A         0
                text58                             4C32     4C32       4A         0
                text57                             4A98     4A98       56         0
                text56                             43A0     43A0       92         0
                text55                             45D8     45D8       82         0
                text54                             50DC     50DC       1E         0
                text53                             47C6     47C6       72         0
                text52                             4B40     4B40       52         0
                text51                             48A8     48A8       6A         0
                text50                             49E0     49E0       5E         0
                text49                             4432     4432       90         0
                text48                             1DAC     1DAC      306         0
                text47                             4FB6     4FB6       2A         0
                text46                             4F8A     4F8A       2C         0
                text45                              D2C      D2C      546         0
                text44                             4D54     4D54       44         0
                text43                             4270     4270       9C         0
                text42                             3FDC     3FDC       B2         0
                text41                             3438     3438      164         0
                text40                             25F0     25F0      26E         0
                text39                             359C     359C      15E         0
                text38                             237A     237A      276         0
                text37                             1A7A     1A7A      332         0
                text36                             522A     522A        4         0
                text35                             497A     497A       66         0
                text34                              7A2      7A2      58A         0
                text33                             4DDA     4DDA       40         0
                text32                             454E     454E       8A         0
                text31                             16FC     16FC      37E         0
                text30                             507E     507E       20         0
                text29                             3F10     3F10       CC         0
                text28                             3B68     3B68      108         0
                text27                             505A     505A       24         0
                text26                             3E44     3E44       CC         0
                text25                             520E     520E        A         0
                text24                             5204     5204        A         0
                text23                             44C2     44C2       8C         0
                text22                             50BE     50BE       1E         0
                text21                             3D76     3D76       CE         0
                text20                             4AEE     4AEE       52         0
                text19                             4D98     4D98       42         0
                text18                             430C     430C       94         0
                text17                             4EFC     4EFC       32         0
                text16                             4E90     4E90       36         0
                text15                               12       12      790         0
                text14                             522E     522E        2         0
                text13                             5146     5146       16         0
                text12                             2AC4     2AC4      264         0
                text11                             408E     408E       A6         0
                text10                             4912     4912       68         0
                text9                              51AE     51AE        E         0
                text8                              51FA     51FA        A         0
                text7                              5116     5116       1A         0
                text6                              515C     515C       12         0
                text5                              5222     5222        8         0
                text4                              50FA     50FA       1C         0
                text3                              5130     5130       16         0
                text2                              41D2     41D2       9E         0
                text1                              46DC     46DC       76         0
                text0                              4F5E     4F5E       2C         0
                cinit                              4134     4134       9E         0
                idataBANK2                         4752     4752       73         0
                idataBANK1                         51A0     51A0        E         0
                idataCOMRAM                        5230     5230        1         0

        CLASS   CONST          

        CLASS   SMALLCONST     

        CLASS   MEDIUMCONST    
                mediumconst                        60EC     60EC      194         0

        CLASS   COMRAM         
                temp                                 45       45        1         1
                cstackCOMRAM                          1        1       2B         1
                dataCOMRAM                           44       44        1         1
                bssCOMRAM                            2C       2C       18         1

        CLASS   ABS1           

        CLASS   BIGRAM         
                bssBIGRAM                           322      322      220         1

        CLASS   RAM            

        CLASS   BANK0          
                cstackBANK0                          60       60       99         1
                bssBANK0                             F9       F9        2         1

        CLASS   BANK1          
                dataBANK1                           1EF      1EF        E         1
                bssBANK1                            100      100       EF         1

        CLASS   BANK2          
                dataBANK2                           274      274       73         1
                bssBANK2                            200      200       74         1

        CLASS   BANK3          
                cstackBANK3                         300      300       22         1

        CLASS   BANK4          

        CLASS   BANK5          

        CLASS   BANK6          

        CLASS   BANK7          

        CLASS   SFR            

        CLASS   CONFIG         
                config                           300000   300000        E         4

        CLASS   IDLOC          
                idloc                            200000   200000        8         5

        CLASS   EEDATA         

        CLASS   FARRAM         



SEGMENTS        Name                           Load    Length   Top    Selector   Space  Class

                reset_vec                      000000  000004  000004         0       0  CODE    
                cstackCOMRAM                   000001  000045  000046         1       1  COMRAM  
                intcode                        000008  0047BD  0047C5         4       0  CODE    
                cstackBANK0                    000060  00009B  0000FB        60       1  BANK0   
                bssBANK1                       000100  0000FD  0001FD       100       1  BANK1   
                bssBANK2                       000200  0000E7  0002E7       200       1  BANK2   
                cstackBANK3                    000300  000022  000322       300       1  BANK3   
                bssBIGRAM                      000322  000220  000542       322       1  BIGRAM  
                text53                         0047C6  000A6B  005231      23E3       0  CODE    
                mediumconst                    0060EC  000194  006280      3076       0  MEDIUMCO


UNUSED ADDRESS RANGES

        Name                Unused          Largest block    Delta
        BANK0            0000FB-0000FF                5
        BANK1            0001FD-0001FF                3
        BANK2            0002E7-0002FF               19
        BANK5            000542-0005FF               BE
        BANK6            000600-0006FF              100
        BANK7            000700-0007FF              100
        BIGRAM           000046-00005F               1A
                         0000FB-0000FF                5
                         0001FD-0001FF                3
                         0002E7-0002FF               19
                         000542-0007FF              2BE
        CODE             000004-000007                4
                         0047C5-0047C5                1
                         005231-0060EB              EBB
        COMRAM           000046-00005F               1A
        CONST            000004-000007                4
                         0047C5-0047C5                1
                         005231-0060EB              EBB
        EEDATA           F00000-F000FF              100
        MEDIUMCONST      0047C5-0047C5                1
                         005231-0060EB              EBB
        RAM              0000FB-0000FF                5
                         0001FD-0001FF                3
                         0002E7-0002FF               19
                         000542-0007FF              100
        SFR              000F60-000FFF               A0
        SMALLCONST       0047C5-0047C5                1
                         005231-0060EB              100
        STACK            000542-0007FF              2BE

                                  Symbol Table

?_Latitude                             cstackCOMRAM 00001B
?_Longitude                            cstackCOMRAM 00001B
?___aldiv                              cstackCOMRAM 00001B
?___lldiv                              cstackCOMRAM 00001B
?___llmod                              cstackCOMRAM 00001B
?___lmul                               cstackCOMRAM 00001B
?___lwdiv                              cstackCOMRAM 00001B
?___lwmod                              cstackCOMRAM 00001B
?___wmul                               cstackCOMRAM 00001B
?_atoi                                 cstackCOMRAM 000021
?_clust2sect                           cstackCOMRAM 000027
?_create_chain                         cstackBANK0  0000A6
?_fprintf                              cstackBANK0  0000E0
?_fputc                                cstackBANK0  0000D2
?_fputs                                cstackBANK0  0000D9
?_get_cluster                          cstackBANK0  00008E
?_get_fattime                          cstackCOMRAM 00001B
?_memcmp                               cstackCOMRAM 00001B
?_strcmp                               cstackCOMRAM 000001
?_strlen                               cstackCOMRAM 00001B
GPSRead@buff                           cstackCOMRAM 00000C
GPSRead@c                              cstackCOMRAM 00000D
_ADCON1                                (abs)        000FC1
_BRGH                                  (abs)        007D62
_CREN                                  (abs)        007D5C
_FatFs                                 bssBANK0     0000F9
_GPGGA_ok                              bssBANK1     00011E
_GPRMC_ok                              bssBANK1     000120
_GPSRead                               text93       0020B2
_INT0IE                                (abs)        007F94
_INT0IF                                (abs)        007F91
_INTCON                                (abs)        000FF2
_INTCON2                               (abs)        000FF1
_INTCON3                               (abs)        000FF0
_INTCONbits                            (abs)        000FF2
_LATB                                  (abs)        000F8A
_LATBbits                              (abs)        000F8A
_LATCbits                              (abs)        000F8B
_Latitude                              text25       00520E
_Longitude                             text24       005204
_OSCCONbits                            (abs)        000FD3
_PCL                                   (abs)        000FF9
_PCLATH                                (abs)        000FFA
_PIE1                                  (abs)        000F9D
_PIE1bits                              (abs)        000F9D
_PIR1bits                              (abs)        000F9E
_PORTBbits                             (abs)        000F81
_PORTDbits                             (abs)        000F83
_PORTEbits                             (abs)        000F84
_PR2                                   (abs)        000FCB
_RCIF                                  (abs)        007CF5
_RCREG                                 (abs)        000FAE
_RCSTA                                 (abs)        000FAB
_RCSTAbits                             (abs)        000FAB
_SPBRG                                 (abs)        000FAF
_SPEN                                  (abs)        007D5F
_SPPCFG                                (abs)        000F63
_SPPCON                                (abs)        000F65
_SSPBUF                                (abs)        000FC9
_SSPCON1                               (abs)        000FC6
_SSPCON1bits                           (abs)        000FC6
_SSPSTAT                               (abs)        000FC7
_SSPSTATbits                           (abs)        000FC7
_SYNC                                  (abs)        007D64
_SentenceType                          bssCOMRAM    00003D
_T0CON                                 (abs)        000FD5
_T0CONbits                             (abs)        000FD5
_T0IF                                  (abs)        007F92
_T2CON                                 (abs)        000FCA
_TMR0                                  (abs)        000FD6
_TMR0IF                                (abs)        007F92
_TMR2                                  (abs)        000FCC
_TRISA                                 (abs)        000F92
_TRISB                                 (abs)        000F93
_TRISBbits                             (abs)        000F93
_TRISC                                 (abs)        000F94
_TRISCbits                             (abs)        000F94
_TRISD                                 (abs)        000F95
_TRISDbits                             (abs)        000F95
_TRISE                                 (abs)        000F96
_TXEN                                  (abs)        007D65
_TXSTA                                 (abs)        000FAC
_Term                                  bssCOMRAM    00003C
__HRAM                                 (abs)        000000
__Habs1                                abs1         000000
__Hbank0                               bank0        000000
__Hbank1                               bank1        000000
__Hbank2                               bank2        000000
__Hbank3                               bank3        000000
__Hbank4                               bank4        000000
__Hbank5                               bank5        000000
__Hbank6                               bank6        000000
__Hbank7                               bank7        000000
__Hbigbss                              bigbss       000000
__Hbigdata                             bigdata      000000
__Hbigram                              bigram       000000
__Hbss                                 bss          000000
__HbssBANK0                            bssBANK0     000000
__HbssBANK1                            bssBANK1     000000
__HbssBANK2                            bssBANK2     000000
__HbssBIGRAM                           bssBIGRAM    000000
__HbssCOMRAM                           bssCOMRAM    000000
__Hcinit                               cinit        000000
__Hclrtext                             clrtext      000000
__Hcomram                              comram       000000
__Hconfig                              config       30000E
__Hconst                               const        000000
__HcstackBANK0                         cstackBANK0  000000
__HcstackBANK3                         cstackBANK3  000000
__HcstackCOMRAM                        cstackCOMRAM 000000
__Hdata                                data         000000
__HdataBANK1                           dataBANK1    000000
__HdataBANK2                           dataBANK2    000000
__HdataCOMRAM                          dataCOMRAM   000000
__Heeprom_data                         eeprom_data  000000
__Hfarbss                              farbss       000000
__Hfardata                             fardata      000000
__Hibigdata                            ibigdata     000000
__Hidata                               idata        000000
__HidataBANK1                          idataBANK1   000000
__HidataBANK2                          idataBANK2   000000
__HidataCOMRAM                         idataCOMRAM  000000
__Hidloc                               idloc        200008
__Hifardata                            ifardata     000000
__Hinit                                init         000012
__Hintcode                             intcode      00000E
__Hintcode_body                        intcode_body 000000
__Hintcodelo                           intcodelo    00000E
__Hintentry                            intentry     000000
__Hintret                              intret       000000
__Hintsave_regs                        intsave_regs 000000
__Hirdata                              irdata       000000
__Hmediumconst                         mediumconst  006280
__HnvFARRAM                            nvFARRAM     000000
__Hnvbit                               nvbit        000000
__Hnvrram                              nvrram       000000
__Hparam                               rparam       000000
__Hpowerup                             powerup      00000E
__Hram                                 ram          000000
__Hramtop                              ramtop       000800
__Hrbit                                rbit         000000
__Hrbss                                rbss         000000
__Hrdata                               rdata        000000
__Hreset_vec                           reset_vec    000004
__Hrparam                              rparam       000000
__Hsfr                                 sfr          000000
__Hsmallconst                          smallconst   000000
__Hspace_0                             (abs)        006280
__Hspace_1                             (abs)        000542
__Hspace_2                             (abs)        000000
__Hspace_4                             (abs)        60000E
__Hstack                               stack        000000
__Hstruct                              struct       000000
__Htemp                                temp         000046
__Htext                                text         000000
__Htext0                               text0        000000
__Htext1                               text1        000000
__Htext10                              text10       000000
__Htext11                              text11       000000
__Htext12                              text12       000000
__Htext13                              text13       000000
__Htext14                              text14       000000
__Htext15                              text15       000000
__Htext16                              text16       000000
__Htext17                              text17       000000
__Htext18                              text18       000000
__Htext19                              text19       000000
__Htext2                               text2        000000
__Htext20                              text20       000000
__Htext21                              text21       000000
__Htext22                              text22       000000
__Htext23                              text23       000000
__Htext24                              text24       000000
__Htext25                              text25       000000
__Htext26                              text26       000000
__Htext27                              text27       000000
__Htext28                              text28       000000
__Htext29                              text29       000000
__Htext3                               text3        000000
__Htext30                              text30       000000
__Htext31                              text31       000000
__Htext32                              text32       000000
__Htext33                              text33       000000
__Htext34                              text34       000000
__Htext35                              text35       000000
__Htext36                              text36       000000
__Htext37                              text37       000000
__Htext38                              text38       000000
__Htext39                              text39       000000
__Htext4                               text4        000000
__Htext40                              text40       000000
__Htext41                              text41       000000
__Htext42                              text42       000000
__Htext43                              text43       000000
__Htext44                              text44       000000
__Htext45                              text45       000000
__Htext46                              text46       000000
__Htext47                              text47       000000
__Htext48                              text48       000000
__Htext49                              text49       000000
__Htext5                               text5        000000
__Htext50                              text50       000000
__Htext51                              text51       000000
__Htext52                              text52       000000
__Htext53                              text53       000000
__Htext54                              text54       000000
__Htext55                              text55       000000
__Htext56                              text56       000000
__Htext57                              text57       000000
__Htext58                              text58       000000
__Htext59                              text59       000000
__Htext6                               text6        000000
__Htext60                              text60       000000
__Htext61                              text61       000000
__Htext62                              text62       000000
__Htext63                              text63       000000
__Htext64                              text64       000000
__Htext65                              text65       000000
__Htext66                              text66       000000
__Htext67                              text67       000000
__Htext68                              text68       000000
__Htext69                              text69       000000
__Htext7                               text7        000000
__Htext70                              text70       000000
__Htext71                              text71       000000
__Htext72                              text72       000000
__Htext73                              text73       000000
__Htext74                              text74       000000
__Htext75                              text75       000000
__Htext76                              text76       000000
__Htext77                              text77       000000
__Htext78                              text78       000000
__Htext79                              text79       000000
__Htext8                               text8        000000
__Htext80                              text80       000000
__Htext81                              text81       000000
__Htext82                              text82       000000
__Htext83                              text83       000000
__Htext84                              text84       000000
__Htext85                              text85       000000
__Htext86                              text86       000000
__Htext87                              text87       000000
__Htext88                              text88       000000
__Htext89                              text89       000000
__Htext9                               text9        000000
__Htext91                              text91       000000
__Htext92                              text92       000000
__Htext93                              text93       000000
__Htext94                              text94       000000
__Htext95                              text95       000000
__Htext96                              text96       000000
__LRAM                                 (abs)        000001
__Labs1                                abs1         000000
__Lbank0                               bank0        000000
__Lbank1                               bank1        000000
__Lbank2                               bank2        000000
__Lbank3                               bank3        000000
__Lbank4                               bank4        000000
__Lbank5                               bank5        000000
__Lbank6                               bank6        000000
__Lbank7                               bank7        000000
__Lbigbss                              bigbss       000000
__Lbigdata                             bigdata      000000
__Lbigram                              bigram       000000
__Lbss                                 bss          000000
__LbssBANK0                            bssBANK0     000000
__LbssBANK1                            bssBANK1     000000
__LbssBANK2                            bssBANK2     000000
__LbssBIGRAM                           bssBIGRAM    000000
__LbssCOMRAM                           bssCOMRAM    000000
__Lcinit                               cinit        000000
__Lclrtext                             clrtext      000000
__Lcomram                              comram       000000
__Lconfig                              config       000000
__Lconst                               const        000000
__LcstackBANK0                         cstackBANK0  000000
__LcstackBANK3                         cstackBANK3  000000
__LcstackCOMRAM                        cstackCOMRAM 000000
__Ldata                                data         000000
__LdataBANK1                           dataBANK1    000000
__LdataBANK2                           dataBANK2    000000
__LdataCOMRAM                          dataCOMRAM   000000
__Leeprom_data                         eeprom_data  000000
__Lfarbss                              farbss       000000
__Lfardata                             fardata      000000
__Libigdata                            ibigdata     000000
__Lidata                               idata        000000
__LidataBANK1                          idataBANK1   000000
__LidataBANK2                          idataBANK2   000000
__LidataCOMRAM                         idataCOMRAM  000000
__Lidloc                               idloc        000000
__Lifardata                            ifardata     000000
__Linit                                init         00000E
__Lintcode                             intcode      000008
__Lintcode_body                        intcode_body 000000
__Lintcodelo                           intcodelo    00000E
__Lintentry                            intentry     000000
__Lintret                              intret       000000
__Lintsave_regs                        intsave_regs 000000
__Lirdata                              irdata       000000
__Lmediumconst                         mediumconst  0060EC
__LnvFARRAM                            nvFARRAM     000000
__Lnvbit                               nvbit        000000
__Lnvrram                              nvrram       000000
__Lparam                               rparam       000000
__Lpowerup                             powerup      00000E
__Lram                                 ram          000000
__Lramtop                              ramtop       000800
__Lrbit                                rbit         000000
__Lrbss                                rbss         000000
__Lrdata                               rdata        000000
__Lreset_vec                           reset_vec    000000
__Lrparam                              rparam       000000
__Lsfr                                 sfr          000000
__Lsmallconst                          smallconst   000000
__Lspace_0                             (abs)        000000
__Lspace_1                             (abs)        000000
__Lspace_2                             (abs)        000000
__Lspace_4                             (abs)        000000
__Lstack                               stack        000000
__Lstruct                              struct       000000
__Ltemp                                temp         000045
__Ltext                                text         000000
__Ltext0                               text0        000000
__Ltext1                               text1        000000
__Ltext10                              text10       000000
__Ltext11                              text11       000000
__Ltext12                              text12       000000
__Ltext13                              text13       000000
__Ltext14                              text14       000000
__Ltext15                              text15       000000
__Ltext16                              text16       000000
__Ltext17                              text17       000000
__Ltext18                              text18       000000
__Ltext19                              text19       000000
__Ltext2                               text2        000000
__Ltext20                              text20       000000
__Ltext21                              text21       000000
__Ltext22                              text22       000000
__Ltext23                              text23       000000
__Ltext24                              text24       000000
__Ltext25                              text25       000000
__Ltext26                              text26       000000
__Ltext27                              text27       000000
__Ltext28                              text28       000000
__Ltext29                              text29       000000
__Ltext3                               text3        000000
__Ltext30                              text30       000000
__Ltext31                              text31       000000
__Ltext32                              text32       000000
__Ltext33                              text33       000000
__Ltext34                              text34       000000
__Ltext35                              text35       000000
__Ltext36                              text36       000000
__Ltext37                              text37       000000
__Ltext38                              text38       000000
__Ltext39                              text39       000000
__Ltext4                               text4        000000
__Ltext40                              text40       000000
__Ltext41                              text41       000000
__Ltext42                              text42       000000
__Ltext43                              text43       000000
__Ltext44                              text44       000000
__Ltext45                              text45       000000
__Ltext46                              text46       000000
__Ltext47                              text47       000000
__Ltext48                              text48       000000
__Ltext49                              text49       000000
__Ltext5                               text5        000000
__Ltext50                              text50       000000
__Ltext51                              text51       000000
__Ltext52                              text52       000000
__Ltext53                              text53       000000
__Ltext54                              text54       000000
__Ltext55                              text55       000000
__Ltext56                              text56       000000
__Ltext57                              text57       000000
__Ltext58                              text58       000000
__Ltext59                              text59       000000
__Ltext6                               text6        000000
__Ltext60                              text60       000000
__Ltext61                              text61       000000
__Ltext62                              text62       000000
__Ltext63                              text63       000000
__Ltext64                              text64       000000
__Ltext65                              text65       000000
__Ltext66                              text66       000000
__Ltext67                              text67       000000
__Ltext68                              text68       000000
__Ltext69                              text69       000000
__Ltext7                               text7        000000
__Ltext70                              text70       000000
__Ltext71                              text71       000000
__Ltext72                              text72       000000
__Ltext73                              text73       000000
__Ltext74                              text74       000000
__Ltext75                              text75       000000
__Ltext76                              text76       000000
__Ltext77                              text77       000000
__Ltext78                              text78       000000
__Ltext79                              text79       000000
__Ltext8                               text8        000000
__Ltext80                              text80       000000
__Ltext81                              text81       000000
__Ltext82                              text82       000000
__Ltext83                              text83       000000
__Ltext84                              text84       000000
__Ltext85                              text85       000000
__Ltext86                              text86       000000
__Ltext87                              text87       000000
__Ltext88                              text88       000000
__Ltext89                              text89       000000
__Ltext9                               text9        000000
__Ltext91                              text91       000000
__Ltext92                              text92       000000
__Ltext93                              text93       000000
__Ltext94                              text94       000000
__Ltext95                              text95       000000
__Ltext96                              text96       000000
__S0                                   (abs)        006280
__S1                                   (abs)        000542
__S2                                   (abs)        000000
__S4                                   (abs)        000000
__S5                                   (abs)        000000
___aldiv                               text29       003F10
___aldiv@counter                       cstackCOMRAM 000023
___aldiv@dividend                      cstackCOMRAM 00001B
___aldiv@divisor                       cstackCOMRAM 00001F
___aldiv@quotient                      cstackCOMRAM 000025
___aldiv@sign                          cstackCOMRAM 000024
___inthi_sp                            stack        000000
___intlo_sp                            stack        000000
___lldiv                               text64       00465A
___lldiv@counter                       cstackCOMRAM 000027
___lldiv@dividend                      cstackCOMRAM 00001B
___lldiv@divisor                       cstackCOMRAM 00001F
___lldiv@quotient                      cstackCOMRAM 000023
___llmod                               text35       00497A
___llmod@counter                       cstackCOMRAM 000023
___llmod@dividend                      cstackCOMRAM 00001B
___llmod@divisor                       cstackCOMRAM 00001F
___lmul                                text57       004A98
___lmul@multiplicand                   cstackCOMRAM 00001F
___lmul@multiplier                     cstackCOMRAM 00001B
___lmul@product                        cstackCOMRAM 000023
___lwdiv                               text20       004AEE
___lwdiv@counter                       cstackCOMRAM 00001F
___lwdiv@dividend                      cstackCOMRAM 00001B
___lwdiv@divisor                       cstackCOMRAM 00001D
___lwdiv@quotient                      cstackCOMRAM 000020
___lwmod                               text19       004D98
___lwmod@counter                       cstackCOMRAM 00001F
___lwmod@dividend                      cstackCOMRAM 00001B
___lwmod@divisor                       cstackCOMRAM 00001D
___param_bank                          (abs)        000000
___rparam_used                         (abs)        000001
___sp                                  stack        000000
___wmul                                text63       005034
___wmul@multiplicand                   cstackCOMRAM 00001D
___wmul@multiplier                     cstackCOMRAM 00001B
___wmul@product                        cstackCOMRAM 00001F
__accesstop                            (abs)        000060
__activetblptr                         (abs)        000002
__end_of_GPSRead                       text93       00237A
__end_of_Latitude                      text25       005218
__end_of_Longitude                     text24       00520E
__end_of___aldiv                       text29       003FDC
__end_of___lldiv                       text64       0046DC
__end_of___llmod                       text35       0049E0
__end_of___lmul                        text57       004AEE
__end_of___lwdiv                       text20       004B40
__end_of___lwmod                       text19       004DDA
__end_of___wmul                        text63       00505A
__end_of__initialization               cinit        0041C4
__end_of_atoi                          text21       003E44
__end_of_auto_mount                    text45       001272
__end_of_check_fs                      text55       00465A
__end_of_clust2sect                    text42       00408E
__end_of_command                       text78       004A98
__end_of_config_timer_dois             text9        0051BC
__end_of_config_timer_zero             text7        005130
__end_of_configura_baudrate_uart       text28       003C70
__end_of_create_chain                  text60       003438
__end_of_dados_gps_to_sd               text87       004E90
__end_of_delay                         text54       0050FA
__end_of_desliga_SPI                   text86       0051FA
__end_of_desliga_uart                  text85       0051CA
__end_of_disk_initialize               text47       004FE0
__end_of_disk_ioctl                    text83       0050BE
__end_of_disk_read                     text74       0048A8
__end_of_disk_status                   text68       004F5E
__end_of_disk_write                    text72       004C32
__end_of_disparo_gravacao              text13       00515C
__end_of_dummy_clocks                  text81       004E56
__end_of_endereco_cursor_lcd           text51       004912
__end_of_escalonador                   text11       004134
__end_of_escreve_SPI                   text80       0051A0
__end_of_escreve_caractere_lcd         text53       004838
__end_of_escreve_cmd_lcd               text23       00454E
__end_of_escreve_frase_ram_lcd         text52       004B92
__end_of_escreve_inteiro_lcd           text16       004EC6
__end_of_escrita_sdcard                text26       003F10
__end_of_f_close                       text65       00500A
__end_of_f_lseek                       text59       0016FC
__end_of_f_mount                       text58       004C7C
__end_of_f_open                        text37       001DAC
__end_of_f_sync                        text66       003944
__end_of_f_write                       text34       000D2C
__end_of_fix                           text36       00522E
__end_of_fprintf                       text31       001A7A
__end_of_fputc                         text33       004E1A
__end_of_fputs                         text32       0045D8
__end_of_get_cluster                   text62       002F4A
__end_of_get_fattime                   text84       003D76
__end_of_inicializa_SPI                text30       00509E
__end_of_inicializa_tarefas            text10       00497A
__end_of_inicializa_uart               text27       00507E
__end_of_init_hardware                 text3        005146
__end_of_init_interrupt                text6        00516E
__end_of_init_lcd                      text2        004270
__end_of_init_oscilador                text5        00522A
__end_of_init_ports                    text4        005116
__end_of_isdigit                       text22       0050DC
__end_of_isr                           intcode_body 003A5C
__end_of_itoa                          text17       004F2E
__end_of_leitura_SPI                   text82       0051EE
__end_of_main                          text0        004F8A
__end_of_make_dirfile                  text39       0036FA
__end_of_memcmp                        text56       004432
__end_of_memcpy                        text44       004D98
__end_of_memset                        text46       004FB6
__end_of_mensagem_inicial              text1        004752
__end_of_monta_sd                      text88       003B68
__end_of_move_window                   text71       0032AC
__end_of_next_dir_entry                text41       00359C
__end_of_posicao_cursor_lcd            text50       004A3E
__end_of_proceed                       text77       0051E2
__end_of_put_cluster                   text61       002AC4
__end_of_recebe_dado_uart              text92       005180
__end_of_remove_chain                  text43       00430C
__end_of_reserve_direntry              text40       00285E
__end_of_response                      text76       0051D6
__end_of_sdc_disk_initialize           text48       0020B2
__end_of_sdc_disk_read                 text75       003820
__end_of_sdc_disk_status               text69       005190
__end_of_sdc_disk_write                text73       003102
__end_of_sdc_reset                     text49       0044C2
__end_of_strcmp                        text95       004CC6
__end_of_stringcpy                     text94       004D54
__end_of_strlen                        text89       005034
__end_of_sync                          text70       004BE4
__end_of_trace_path                    text38       0025F0
__end_of_troca_de_tela                 text12       002D28
__end_of_utoa                          text18       0043A0
__end_of_validate                      text67       004D0E
__end_of_verifica_dados_operacionais   text14       005230
__end_of_verifica_fence_externo        text15       0007A2
__end_of_wait_ready                    text79       004EFC
__end_of_write_timer_zero              text8        005204
__end_ofi2_write_timer_zero            text91       005222
__end_ofmensagem_inicial@F3633         mediumconst  00610F
__end_ofmensagem_inicial@F3635         mediumconst  0060FE
__initialization                       cinit        004134
__mediumconst                          mediumconst  0060EC
__pbssBANK0                            bssBANK0     0000F9
__pbssBANK1                            bssBANK1     000100
__pbssBANK2                            bssBANK2     000200
__pbssBIGRAM                           bssBIGRAM    000322
__pbssCOMRAM                           bssCOMRAM    00002C
__pcinit                               cinit        004134
__pcstackBANK0                         cstackBANK0  000060
__pcstackBANK3                         cstackBANK3  000300
__pcstackCOMRAM                        cstackCOMRAM 000001
__pdataBANK1                           dataBANK1    0001EF
__pdataBANK2                           dataBANK2    000274
__pdataCOMRAM                          dataCOMRAM   000044
__pidataBANK1                          idataBANK1   0051A0
__pidataBANK2                          idataBANK2   004752
__pidataCOMRAM                         idataCOMRAM  005230
__pintcode                             intcode      000008
__pintcode_body                        intcode_body 003944
__pmediumconst                         mediumconst  0060EC
__ptext0                               text0        004F5E
__ptext1                               text1        0046DC
__ptext10                              text10       004912
__ptext11                              text11       00408E
__ptext12                              text12       002AC4
__ptext13                              text13       005146
__ptext14                              text14       00522E
__ptext15                              text15       000012
__ptext16                              text16       004E90
__ptext17                              text17       004EFC
__ptext18                              text18       00430C
__ptext19                              text19       004D98
__ptext2                               text2        0041D2
__ptext20                              text20       004AEE
__ptext21                              text21       003D76
__ptext22                              text22       0050BE
__ptext23                              text23       0044C2
__ptext24                              text24       005204
__ptext25                              text25       00520E
__ptext26                              text26       003E44
__ptext27                              text27       00505A
__ptext28                              text28       003B68
__ptext29                              text29       003F10
__ptext3                               text3        005130
__ptext30                              text30       00507E
__ptext31                              text31       0016FC
__ptext32                              text32       00454E
__ptext33                              text33       004DDA
__ptext34                              text34       0007A2
__ptext35                              text35       00497A
__ptext36                              text36       00522A
__ptext37                              text37       001A7A
__ptext38                              text38       00237A
__ptext39                              text39       00359C
__ptext4                               text4        0050FA
__ptext40                              text40       0025F0
__ptext41                              text41       003438
__ptext42                              text42       003FDC
__ptext43                              text43       004270
__ptext44                              text44       004D54
__ptext45                              text45       000D2C
__ptext46                              text46       004F8A
__ptext47                              text47       004FB6
__ptext48                              text48       001DAC
__ptext49                              text49       004432
__ptext5                               text5        005222
__ptext50                              text50       0049E0
__ptext51                              text51       0048A8
__ptext52                              text52       004B40
__ptext53                              text53       0047C6
__ptext54                              text54       0050DC
__ptext55                              text55       0045D8
__ptext56                              text56       0043A0
__ptext57                              text57       004A98
__ptext58                              text58       004C32
__ptext59                              text59       001272
__ptext6                               text6        00515C
__ptext60                              text60       0032AC
__ptext61                              text61       00285E
__ptext62                              text62       002D28
__ptext63                              text63       005034
__ptext64                              text64       00465A
__ptext65                              text65       004FE0
__ptext66                              text66       003820
__ptext67                              text67       004CC6
__ptext68                              text68       004F2E
__ptext69                              text69       005180
__ptext7                               text7        005116
__ptext70                              text70       004B92
__ptext71                              text71       003102
__ptext72                              text72       004BE4
__ptext73                              text73       002F4A
__ptext74                              text74       004838
__ptext75                              text75       0036FA
__ptext76                              text76       0051CA
__ptext77                              text77       0051D6
__ptext78                              text78       004A3E
__ptext79                              text79       004EC6
__ptext8                               text8        0051FA
__ptext80                              text80       005190
__ptext81                              text81       004E1A
__ptext82                              text82       0051E2
__ptext83                              text83       00509E
__ptext84                              text84       003C70
__ptext85                              text85       0051BC
__ptext86                              text86       0051EE
__ptext87                              text87       004E56
__ptext88                              text88       003A5C
__ptext89                              text89       00500A
__ptext9                               text9        0051AE
__ptext91                              text91       005218
__ptext92                              text92       00516E
__ptext93                              text93       0020B2
__ptext94                              text94       004D0E
__ptext95                              text95       004C7C
__ptext96                              text96       000000
__ramtop                               ramtop       000800
__size_of_GPSRead                      (abs)        000000
__size_of_Latitude                     (abs)        000000
__size_of_Longitude                    (abs)        000000
__size_of___aldiv                      (abs)        000000
__size_of___lldiv                      (abs)        000000
__size_of___llmod                      (abs)        000000
__size_of___lmul                       (abs)        000000
__size_of___lwdiv                      (abs)        000000
__size_of___lwmod                      (abs)        000000
__size_of___wmul                       (abs)        000000
__size_of_atoi                         (abs)        000000
__size_of_auto_mount                   (abs)        000000
__size_of_check_fs                     (abs)        000000
__size_of_clust2sect                   (abs)        000000
__size_of_command                      (abs)        000000
__size_of_config_timer_dois            (abs)        000000
__size_of_config_timer_zero            (abs)        000000
__size_of_configura_baudrate_uart      (abs)        000000
__size_of_create_chain                 (abs)        000000
__size_of_dados_gps_to_sd              (abs)        000000
__size_of_delay                        (abs)        000000
__size_of_desliga_SPI                  (abs)        000000
__size_of_desliga_uart                 (abs)        000000
__size_of_disk_initialize              (abs)        000000
__size_of_disk_ioctl                   (abs)        000000
__size_of_disk_read                    (abs)        000000
__size_of_disk_status                  (abs)        000000
__size_of_disk_write                   (abs)        000000
__size_of_disparo_gravacao             (abs)        000000
__size_of_dummy_clocks                 (abs)        000000
__size_of_endereco_cursor_lcd          (abs)        000000
__size_of_escalonador                  (abs)        000000
__size_of_escreve_SPI                  (abs)        000000
__size_of_escreve_caractere_lcd        (abs)        000000
__size_of_escreve_cmd_lcd              (abs)        000000
__size_of_escreve_frase_ram_lcd        (abs)        000000
__size_of_escreve_inteiro_lcd          (abs)        000000
__size_of_escrita_sdcard               (abs)        000000
__size_of_f_close                      (abs)        000000
__size_of_f_lseek                      (abs)        000000
__size_of_f_mount                      (abs)        000000
__size_of_f_open                       (abs)        000000
__size_of_f_sync                       (abs)        000000
__size_of_f_write                      (abs)        000000
__size_of_fix                          (abs)        000000
__size_of_fprintf                      (abs)        000000
__size_of_fputc                        (abs)        000000
__size_of_fputs                        (abs)        000000
__size_of_get_cluster                  (abs)        000000
__size_of_get_fattime                  (abs)        000000
__size_of_inicializa_SPI               (abs)        000000
__size_of_inicializa_tarefas           (abs)        000000
__size_of_inicializa_uart              (abs)        000000
__size_of_init_hardware                (abs)        000000
__size_of_init_interrupt               (abs)        000000
__size_of_init_lcd                     (abs)        000000
__size_of_init_oscilador               (abs)        000000
__size_of_init_ports                   (abs)        000000
__size_of_isdigit                      (abs)        000000
__size_of_isr                          (abs)        000000
__size_of_itoa                         (abs)        000000
__size_of_leitura_SPI                  (abs)        000000
__size_of_main                         (abs)        000000
__size_of_make_dirfile                 (abs)        000000
__size_of_memcmp                       (abs)        000000
__size_of_memcpy                       (abs)        000000
__size_of_memset                       (abs)        000000
__size_of_mensagem_inicial             (abs)        000000
__size_of_monta_sd                     (abs)        000000
__size_of_move_window                  (abs)        000000
__size_of_next_dir_entry               (abs)        000000
__size_of_posicao_cursor_lcd           (abs)        000000
__size_of_proceed                      (abs)        000000
__size_of_put_cluster                  (abs)        000000
__size_of_recebe_dado_uart             (abs)        000000
__size_of_remove_chain                 (abs)        000000
__size_of_reserve_direntry             (abs)        000000
__size_of_response                     (abs)        000000
__size_of_sdc_disk_initialize          (abs)        000000
__size_of_sdc_disk_read                (abs)        000000
__size_of_sdc_disk_status              (abs)        000000
__size_of_sdc_disk_write               (abs)        000000
__size_of_sdc_reset                    (abs)        000000
__size_of_strcmp                       (abs)        000000
__size_of_stringcpy                    (abs)        000000
__size_of_strlen                       (abs)        000000
__size_of_sync                         (abs)        000000
__size_of_trace_path                   (abs)        000000
__size_of_troca_de_tela                (abs)        000000
__size_of_utoa                         (abs)        000000
__size_of_validate                     (abs)        000000
__size_of_verifica_dados_operacionais  (abs)        000000
__size_of_verifica_fence_externo       (abs)        000000
__size_of_wait_ready                   (abs)        000000
__size_of_write_timer_zero             (abs)        000000
__size_ofi2_write_timer_zero           (abs)        000000
__smallconst                           smallconst   000000
_atoi                                  text21       003D76
_auto_mount                            text45       000D2C
_buffer                                bssBANK1     0001C0
_char_number                           bssCOMRAM    00003E
_check_fs                              text55       0045D8
_clust2sect                            text42       003FDC
_command                               text78       004A3E
_config_timer_dois                     text9        0051AE
_config_timer_zero                     text7        005116
_configura_baudrate_uart               text28       003B68
_create_chain                          text60       0032AC
_dado                                  bssCOMRAM    000039
_dado_arquivo                          bssBANK2     00023B
_dados_gps_to_sd                       text87       004E56
_data_buff                             bssBANK1     00011A
_data_hoje                             bssCOMRAM    00003A
_data_uart_recebe                      bssCOMRAM    000043
_delay                                 text54       0050DC
_desliga_SPI                           text86       0051EE
_desliga_uart                          text85       0051BC
_disk_initialize                       text47       004FB6
_disk_ioctl                            text83       00509E
_disk_read                             text74       004838
_disk_status                           text68       004F2E
_disk_write                            text72       004BE4
_disparo_gravacao                      text13       005146
_dummy_clocks                          text81       004E1A
_endereco_cursor_lcd                   text51       0048A8
_escalonador                           text11       00408E
_escreve_SPI                           text80       005190
_escreve_caractere_lcd                 text53       0047C6
_escreve_cmd_lcd                       text23       0044C2
_escreve_frase_ram_lcd                 text52       004B40
_escreve_inteiro_lcd                   text16       004E90
_escrita_sdcard                        text26       003E44
_estado                                bssCOMRAM    000038
_f_close                               text65       004FE0
_f_lseek                               text59       001272
_f_mount                               text58       004C32
_f_open                                text37       001A7A
_f_sync                                text66       003820
_f_write                               text34       0007A2
_fil                                   bssBANK1     0001A4
_filename                              bssBANK1     00011C
_fix                                   text36       00522A
_flag                                  bssCOMRAM    00002C
_fprintf                               text31       0016FC
_fprintf$2589                          cstackBANK3  000312
_fputc                                 text33       004DDA
_fputs                                 text32       00454E
_fs                                    bssBIGRAM    000322
_fsid                                  bssBANK1     000118
_get_cluster                           text62       002D28
_get_fattime                           text84       003C70
_inicializa_SPI                        text30       00507E
_inicializa_tarefas                    text10       004912
_inicializa_uart                       text27       00505A
_init_hardware                         text3        005130
_init_interrupt                        text6        00515C
_init_lcd                              text2        0041D2
_init_oscilador                        text5        005222
_init_ports                            text4        0050FA
_isdigit                               text22       0050BE
_isdigit$3178                          cstackCOMRAM 00001C
_isr                                   intcode      000008
_itoa                                  text17       004EFC
_leitura_SPI                           text82       0051E2
_main                                  text0        004F5E
_make_dirfile                          text39       00359C
_make_dirfile$2102                     cstackBANK0  000060
_memcmp                                text56       0043A0
_memcpy                                text44       004D54
_memset                                text46       004F8A
_mensagem_inicial                      text1        0046DC
_monta_sd                              text88       003A5C
_move_window                           text71       003102
_next_dir_entry                        text41       003438
_p_tarefas                             bssBANK1     000110
_point_buff_gps_lat                    bssCOMRAM    000031
_point_buff_gps_long                   bssCOMRAM    00002F
_poligono_ext                          bssBANK1     000124
_posicao_cursor_lcd                    text50       0049E0
_proceed                               text77       0051D6
_put_cluster                           text61       00285E
_put_cluster$1992                      cstackBANK0  000098
_put_cluster$1993                      cstackBANK0  00009A
_rawAltitude                           bssBANK1     0001CC
_rawCourse                             bssBANK1     0001DA
_rawDate                               bssBANK1     0001D3
_rawFix                                bssCOMRAM    00003B
_rawLatitude                           bssBANK2     00025C
_rawLongitude                          bssBANK2     00024F
_rawSatellites                         bssBANK1     0001EC
_rawSpeed                              bssBANK1     0001E0
_rawTime                               bssBANK2     000269
_recebe_dado_uart                      text92       00516E
_remove_chain                          text43       004270
_reserve_direntry                      text40       0025F0
_response                              text76       0051CA
_sdc_disk_initialize                   text48       001DAC
_sdc_disk_read                         text75       0036FA
_sdc_disk_status                       text69       005180
_sdc_disk_write                        text73       002F4A
_sdc_reset                             text49       004432
_sentence                              bssBANK1     0001E6
_sinaliza_int_timer                    bssCOMRAM    000042
_strcmp                                text95       004C7C
_string_dado                           bssBANK2     000200
_stringcpy                             text94       004D0E
_strlen                                text89       00500A
_sync                                  text70       004B92
_tarefa_em_execucao                    bssCOMRAM    000041
_tempo_backup                          bssBANK1     000108
_tempo_tarefa                          bssBANK1     000100
_time_atualizacao                      bssCOMRAM    000033
_time_sd                               bssCOMRAM    000035
_timeout_tarefa                        bssBANK1     000122
_trace_path                            text38       00237A
_trace_path$2149                       cstackBANK0  0000B8
_trace_path$2151                       cstackBANK0  0000BA
_troca_de_tela                         text12       002AC4
_utoa                                  text18       00430C
_validate                              text67       004CC6
_verifica_dados_operacionais           text14       00522E
_verifica_fence_externo                text15       000012
_wait_ready                            text79       004EC6
_write_timer_zero                      text8        0051FA
atoi@a                                 cstackCOMRAM 000026
atoi@s                                 cstackCOMRAM 000021
atoi@sign                              cstackCOMRAM 000025
auto_mount@bootsect                    cstackBANK0  00009D
auto_mount@chk_wp                      cstackBANK0  000082
auto_mount@fatsize                     cstackBANK0  0000A9
auto_mount@fmt                         cstackBANK0  0000A7
auto_mount@fs                          cstackBANK0  0000AD
auto_mount@maxclust                    cstackBANK0  000099
[...]
f_lseek@clust                          cstackBANK0  0000D3
f_lseek@csize                          cstackBANK0  0000CF
f_lseek@fp                             cstackBANK0  0000B4
f_lseek@ifptr                          cstackBANK0  0000CB
f_lseek@ofs                            cstackBANK0  0000B6
f_lseek@res                            cstackBANK0  0000CA
f_mount@drv                            cstackCOMRAM 00001D
f_mount@fs                             cstackCOMRAM 00001B
f_open@dir                             cstackBANK0  0000E2
f_open@dj                              cstackBANK0  0000E4
f_open@dw                              cstackBANK0  0000DD
f_open@fn                              cstackBANK0  0000CF
f_open@fp                              cstackBANK0  0000C6
f_open@mode                            cstackBANK0  0000CA
f_open@path                            cstackBANK0  0000C8
f_open@res                             cstackBANK0  0000E1
f_open@rs                              cstackBANK0  0000DB
f_sync@dir                             cstackBANK0  000097
f_sync@fp                              cstackBANK0  000090
f_sync@res                             cstackBANK0  000096
f_sync@tim                             cstackBANK0  000092
f_write@btw                            cstackBANK0  0000B7
f_write@buff                           cstackBANK0  0000B6
f_write@bw                             cstackBANK0  0000B9
f_write@cc                             cstackBANK0  0000CC
f_write@clust                          cstackBANK0  0000CE
f_write@fp                             cstackBANK0  0000B4
f_write@res                            cstackBANK0  0000C6
f_write@sect                           cstackBANK0  0000C8
f_write@wbuff                          cstackBANK0  0000C7
f_write@wcnt                           cstackBANK0  0000D0
fprintf@arp                            cstackBANK3  00031C
fprintf@c                              cstackBANK3  000321
fprintf@cc                             cstackBANK3  00031D
fprintf@f                              cstackBANK3  000316
fprintf@fil                            cstackBANK0  0000E0
fprintf@i                              cstackBANK3  00031F
fprintf@r                              cstackBANK3  000317
fprintf@res                            cstackBANK3  000310
fprintf@s                              cstackBANK3  000300
fprintf@str                            cstackBANK0  0000E2
fprintf@val                            cstackBANK3  000318
fprintf@w                              cstackBANK3  000314
fputc@bw                               cstackBANK0  0000D7
fputc@c                                cstackBANK0  0000D6
fputc@chr                              cstackBANK0  0000D2
fputc@fil                              cstackBANK0  0000D4
fputs@fil                              cstackBANK0  0000DB
fputs@n                                cstackBANK0  0000DE
fputs@str                              cstackBANK0  0000D9
get_cluster@bc                         cstackBANK0  00009F
get_cluster@clust                      cstackBANK0  00008E
get_cluster@fatsect                    cstackBANK0  00009B
get_cluster@fs                         cstackBANK0  0000A1
get_cluster@wc                         cstackBANK0  000099
get_fattime@f_time                     cstackCOMRAM 00001F
i2_write_timer_zero                    text91       005218
i2write_timer_zero@timer0              cstackCOMRAM 000001
int$flags                              temp         000045
int_func                               intcode_body 003944
intlevel0                              text         000000
intlevel1                              text         000000
intlevel2                              text         000000
intlevel3                              text         000000
isa$std                                (abs)        000001
isa$xinst                              (abs)        000000
isdigit@c                              cstackCOMRAM 00001D
isr@cont                               cstackCOMRAM 00001A
itoa@base                              cstackBANK0  000063
itoa@buf                               cstackBANK0  000060
itoa@val                               cstackBANK0  000061
make_dirfile@a                         cstackBANK0  000064
make_dirfile@b                         cstackBANK0  000062
make_dirfile@c                         cstackBANK0  000066
make_dirfile@dirname                   cstackCOMRAM 000024
make_dirfile@n                         cstackBANK0  000065
make_dirfile@path                      cstackCOMRAM 000023
make_dirfile@t                         cstackBANK0  000063
memcmp@n                               cstackCOMRAM 00001F
memcmp@s1                              cstackCOMRAM 00001B
memcmp@s2                              cstackCOMRAM 00001D
memcpy@d                               cstackCOMRAM 000022
memcpy@d1                              cstackCOMRAM 00001B
memcpy@n                               cstackCOMRAM 00001F
memcpy@s                               cstackCOMRAM 000024
memcpy@s1                              cstackCOMRAM 00001D
memcpy@tmp                             cstackCOMRAM 000021
memset@c                               cstackCOMRAM 00001D
memset@n                               cstackCOMRAM 00001F
memset@p                               cstackCOMRAM 000021
memset@p1                              cstackCOMRAM 00001B
mensagem_inicial@F3633                 mediumconst  0060FE
mensagem_inicial@F3635                 mediumconst  0060ED
mensagem_inicial@msg_dois              cstackBANK0  000071
mensagem_inicial@msg_linha_um          cstackBANK0  000060
monta_sd@dado                          cstackCOMRAM 00001F
monta_sd@i                             cstackCOMRAM 000023
monta_sd@index                         cstackCOMRAM 000021
monta_sd@size                          cstackCOMRAM 000022
move_window@fs                         cstackBANK0  00008C
move_window@n                          cstackBANK0  000087
move_window@sector                     cstackBANK0  000079
move_window@wsect                      cstackBANK0  000088
next_dir_entry@clust                   cstackBANK0  0000AB
next_dir_entry@dj                      cstackBANK0  0000A3
next_dir_entry@idx                     cstackBANK0  0000AD
posicao_cursor_lcd@coluna              cstackCOMRAM 00001E
posicao_cursor_lcd@endereco            cstackCOMRAM 000020
posicao_cursor_lcd@linha               cstackCOMRAM 00001F
put_cluster@bc                         cstackBANK0  0000A0
put_cluster@clust                      cstackBANK0  00008E
put_cluster@fatsect                    cstackBANK0  00009C
put_cluster@fs                         cstackBANK0  0000A4
put_cluster@p                          cstackBANK0  0000A2
put_cluster@val                        cstackBANK0  000090
remove_chain@clust                     cstackBANK0  0000A6
remove_chain@fs                        cstackBANK0  0000AC
remove_chain@nxt                       cstackBANK0  0000AA
reserve_direntry@c                     cstackBANK0  0000C1
reserve_direntry@clust                 cstackBANK0  0000C2
reserve_direntry@dir                   cstackBANK0  0000B5
reserve_direntry@dj                    cstackBANK0  0000B4
reserve_direntry@dptr                  cstackBANK0  0000BF
reserve_direntry@fs                    cstackBANK0  0000C4
reserve_direntry@n                     cstackBANK0  0000BE
reserve_direntry@sector                cstackBANK0  0000BA
response@buff                          cstackCOMRAM 00001B
sdc_disk_initialize@buff               cstackBANK0  00006A
sdc_disk_initialize@buff_i             cstackBANK0  000066
sdc_disk_initialize@count1             cstackBANK0  000062
sdc_disk_initialize@count2             cstackBANK0  000068
sdc_disk_initialize@crc_number         cstackBANK0  000064
sdc_disk_initialize@ocr                cstackBANK0  000067
sdc_disk_initialize@stat               cstackBANK0  000061
sdc_disk_read@buff                     cstackBANK0  00006D
sdc_disk_read@count                    cstackBANK0  000066
sdc_disk_read@length                   cstackBANK0  00006B
sdc_disk_read@p_buff                   cstackBANK0  000060
sdc_disk_read@sector                   cstackBANK0  000062
sdc_disk_read@start_add                cstackBANK0  000067
sdc_disk_status@pdrv                   cstackCOMRAM 00001B
sdc_disk_write@buff                    cstackBANK0  00006C
sdc_disk_write@count                   cstackBANK0  000066
sdc_disk_write@count1                  cstackBANK0  000067
sdc_disk_write@j                       cstackBANK0  00006A
sdc_disk_write@p_buff                  cstackBANK0  000060
sdc_disk_write@res                     cstackBANK0  000069
sdc_disk_write@sector                  cstackBANK0  000062
sdc_reset@buff                         cstackCOMRAM 00002B
sdc_reset@count                        cstackCOMRAM 000029
sdc_reset@count_nosd                   cstackCOMRAM 000027
stackhi                                (abs)        0007FF
stacklo                                (abs)        000542
start                                  init         00000E
start_initialization                   cinit        004134
strcmp@r                               cstackCOMRAM 000007
strcmp@s1                              cstackCOMRAM 000001
strcmp@s2                              cstackCOMRAM 000003
stringcpy@chr                          cstackCOMRAM 000009
stringcpy@dir                          cstackCOMRAM 000005
stringcpy@str1                         cstackCOMRAM 000001
stringcpy@str2                         cstackCOMRAM 000003
strlen@cp                              cstackCOMRAM 00001D
strlen@s                               cstackCOMRAM 00001B
sync@fs                                cstackBANK0  00008E
trace_path@clust                       cstackBANK0  0000BE
trace_path@dir                         cstackBANK0  0000B3
trace_path@dj                          cstackBANK0  0000AF
trace_path@dptr                        cstackBANK0  0000C1
trace_path@ds                          cstackBANK0  0000C0
trace_path@fn                          cstackBANK0  0000B0
trace_path@fs                          cstackBANK0  0000BC
trace_path@path                        cstackBANK0  0000B1
troca_de_tela@last_state               bssCOMRAM    00003F
troca_de_tela@state                    bssCOMRAM    000040
ttemp5                                 temp         000046
ttemp6                                 temp         000049
ttemp7                                 temp         00004D
utoa@base                              cstackCOMRAM 000025
utoa@buf                               cstackCOMRAM 000022
utoa@c                                 cstackCOMRAM 000029
utoa@v                                 cstackCOMRAM 000027
utoa@val                               cstackCOMRAM 000023
validate@fs                            cstackCOMRAM 00001E
validate@id                            cstackCOMRAM 000020
verifica_fence_externo@F3640           dataBANK2    0002A4
verifica_fence_externo@F3643           dataBANK2    000274
verifica_fence_externo@F3654           dataBANK2    0002DC
verifica_fence_externo@F3656           dataBANK2    0002D0
verifica_fence_externo@count           cstackBANK0  0000EC
verifica_fence_externo@fence_diff_lat  cstackBANK0  0000A2
verifica_fence_externo@fence_diff_long cstackBANK0  000072
verifica_fence_externo@i               cstackBANK0  0000EE
verifica_fence_externo@j               cstackBANK0  0000EB
verifica_fence_externo@point           cstackBANK0  0000ED
verifica_fence_externo@point_dif_lat   cstackBANK0  0000E9
verifica_fence_externo@point_dif_long  cstackBANK0  0000EA
verifica_fence_externo@temp_buff_lat   cstackBANK0  0000DA
verifica_fence_externo@temp_buff_long  cstackBANK0  0000CE
verifica_fence_externo@temp_var_deg    cstackBANK0  0000E5
wait_ready@res                         cstackCOMRAM 00001F
wait_ready@timeout                     cstackCOMRAM 00001B
write_timer_zero@timer0                cstackCOMRAM 00001B
wtemp8                                 temp         000046


MODULE INFORMATION

Module		Function		Class		Link	Load	Size
bibliotecas/uart.c
		_configura_baudrate_uart		CODE           	3B68	0000	264
		_recebe_dado_uart		CODE           	516E	0000	18
		_desliga_uart  		CODE           	51BC	0000	14
		_inicializa_uart		CODE           	505A	0000	36

bibliotecas/uart.c estimated size: 332

bibliotecas/SPI.c
		_escreve_SPI   		CODE           	5190	0000	16
		_inicializa_SPI		CODE           	507E	0000	32
		_desliga_SPI   		CODE           	51EE	0000	12
		_leitura_SPI   		CODE           	51E2	0000	12

bibliotecas/SPI.c estimated size: 72

C:\Program Files\Microchip\xc8\v2.32\pic\sources\c90\common\isdigit.c
		_isdigit       		CODE           	50BE	0000	30

C:\Program Files\Microchip\xc8\v2.32\pic\sources\c90\common\isdigit.c estimated size: 30

bibliotecas/diskio.c
		_disk_initialize		CODE           	4FB6	0000	42
		_disk_write    		CODE           	4BE4	0000	78
		_disk_status   		CODE           	4F2E	0000	48
		_sdc_reset     		CODE           	4432	0000	144
		_disk_ioctl    		CODE           	509E	0000	32
		_sdc_disk_read 		CODE           	36FA	0000	294
		_sdc_disk_initialize		CODE           	1DAC	0000	774
		_disk_read     		CODE           	4838	0000	112
		_sdc_disk_write		CODE           	2F4A	0000	440
		_sdc_disk_status		CODE           	5180	0000	16

bibliotecas/diskio.c estimated size: 1980

C:\Program Files\Microchip\xc8\v2.32\pic\sources\c90\common\Umul32.c
		___lmul        		CODE           	4A98	0000	86

C:\Program Files\Microchip\xc8\v2.32\pic\sources\c90\common\Umul32.c estimated size: 86

C:\Program Files\Microchip\xc8\v2.32\pic\sources\c90\common\strlen.c
		_strlen        		CODE           	500A	0000	42

C:\Program Files\Microchip\xc8\v2.32\pic\sources\c90\common\strlen.c estimated size: 42

C:\Program Files\Microchip\xc8\v2.32\pic\sources\c90\common\strcmp.c
		_strcmp        		CODE           	4C7C	0000	74

C:\Program Files\Microchip\xc8\v2.32\pic\sources\c90\common\strcmp.c estimated size: 74

C:\Program Files\Microchip\xc8\v2.32\pic\sources\c90\common\memset.c
		_memset        		CODE           	4F8A	0000	44

C:\Program Files\Microchip\xc8\v2.32\pic\sources\c90\common\memset.c estimated size: 44

bibliotecas/SDCard.c
		_response      		CODE           	51CA	0000	12
		_dummy_clocks  		CODE           	4E1A	0000	60
		_escrita_sdcard		CODE           	3E44	0000	204
		_monta_sd      		CODE           	3A5C	0000	268
		_command       		CODE           	4A3E	0000	90
		_proceed       		CODE           	51D6	0000	12
		_wait_ready    		CODE           	4EC6	0000	54

bibliotecas/SDCard.c estimated size: 700

C:\Program Files\Microchip\xc8\v2.32\pic\sources\c90\common\lwmod.c
		___lwmod       		CODE           	4D98	0000	66

C:\Program Files\Microchip\xc8\v2.32\pic\sources\c90\common\lwmod.c estimated size: 66

C:\Program Files\Microchip\xc8\v2.32\pic\sources\c90\common\llmod.c
		___llmod       		CODE           	497A	0000	102

C:\Program Files\Microchip\xc8\v2.32\pic\sources\c90\common\llmod.c estimated size: 102

C:\Program Files\Microchip\xc8\v2.32\pic\sources\c90\common\atoi.c
		_atoi          		CODE           	3D76	0000	206

C:\Program Files\Microchip\xc8\v2.32\pic\sources\c90\common\atoi.c estimated size: 206

bibliotecas/hardware.c
		_init_hardware 		CODE           	5130	0000	22
		_config_timer_dois		CODE           	51AE	0000	14
		_config_timer_zero		CODE           	5116	0000	26
		_init_ports    		CODE           	50FA	0000	28
		_write_timer_zero		CODE           	51FA	0000	10
		_init_interrupt		CODE           	515C	0000	18
		_init_oscilador		CODE           	5222	0000	8

bibliotecas/hardware.c estimated size: 126

shared
		__initialization		CODE           	4134	0000	144
		mensagem_inicial@F3633		MEDIUMCONST    	60FE	0000	17
		i2_write_timer_zero		CODE           	5218	0000	10
		mensagem_inicial@F3635		MEDIUMCONST    	60ED	0000	17

shared estimated size: 188

C:\Program Files\Microchip\xc8\v2.32\pic\sources\c90\common\memcmp.c
		_memcmp        		CODE           	43A0	0000	146

C:\Program Files\Microchip\xc8\v2.32\pic\sources\c90\common\memcmp.c estimated size: 146

C:\Program Files\Microchip\xc8\v2.32\pic\sources\c90\common\memcpy.c
		_memcpy        		CODE           	4D54	0000	68

C:\Program Files\Microchip\xc8\v2.32\pic\sources\c90\common\memcpy.c estimated size: 68

bibliotecas/display_lcd.c
		_delay         		CODE           	50DC	0000	30
		_init_lcd      		CODE           	41D2	0000	158
		_endereco_cursor_lcd		CODE           	48A8	0000	106
		_escreve_cmd_lcd		CODE           	44C2	0000	140
		_posicao_cursor_lcd		CODE           	49E0	0000	94
		_escreve_caractere_lcd		CODE           	47C6	0000	114
		_escreve_frase_ram_lcd		CODE           	4B40	0000	82
		_escreve_inteiro_lcd		CODE           	4E90	0000	54

bibliotecas/display_lcd.c estimated size: 778

C:\Program Files\Microchip\xc8\v2.32\pic\sources\c90\common\lwdiv.c
		___lwdiv       		CODE           	4AEE	0000	82

C:\Program Files\Microchip\xc8\v2.32\pic\sources\c90\common\lwdiv.c estimated size: 82

C:\Program Files\Microchip\xc8\v2.32\pic\sources\c90\common\Umul16.c
		___wmul        		CODE           	5034	0000	38

C:\Program Files\Microchip\xc8\v2.32\pic\sources\c90\common\Umul16.c estimated size: 38

main.c
		_main          		CODE           	4F5E	0000	44
		_verifica_fence_externo		CODE           	0012	0000	1936
		_troca_de_tela 		CODE           	2AC4	0000	612
		_disparo_gravacao		CODE           	5146	0000	22
		_verifica_dados_operacionais		CODE           	522E	0000	2
		_isr           		CODE           	0008	0000	286
		_escalonador   		CODE           	408E	0000	166
		_mensagem_inicial		CODE           	46DC	0000	118
		_inicializa_tarefas		CODE           	4912	0000	104

main.c estimated size: 3290

bibliotecas/GPS.c
		_stringcpy     		CODE           	4D0E	0000	70
		_Longitude     		CODE           	5204	0000	10
		_fix           		CODE           	522A	0000	4
		_GPSRead       		CODE           	20B2	0000	712
		_dados_gps_to_sd		CODE           	4E56	0000	58
		_Latitude      		CODE           	520E	0000	10

bibliotecas/GPS.c estimated size: 864

bibliotecas/tff.c
		_reserve_direntry		CODE           	25F0	0000	622
		_sync          		CODE           	4B92	0000	82
		_remove_chain  		CODE           	4270	0000	156
		_f_mount       		CODE           	4C32	0000	74
		_get_cluster   		CODE           	2D28	0000	546
		_get_fattime   		CODE           	3C70	0000	262
		_fputs         		CODE           	454E	0000	138
		_auto_mount    		CODE           	0D2C	0000	1350
		_create_chain  		CODE           	32AC	0000	396
		_f_lseek       		CODE           	1272	0000	1162
		_validate      		CODE           	4CC6	0000	72
		_check_fs      		CODE           	45D8	0000	130
		_fprintf       		CODE           	16FC	0000	894
		_f_sync        		CODE           	3820	0000	292
		_trace_path    		CODE           	237A	0000	630
		_f_write       		CODE           	07A2	0000	1418
		_fputc         		CODE           	4DDA	0000	64
		_put_cluster   		CODE           	285E	0000	614
		_make_dirfile  		CODE           	359C	0000	350
		_clust2sect    		CODE           	3FDC	0000	178
		_f_open        		CODE           	1A7A	0000	818
		_next_dir_entry		CODE           	3438	0000	356
		_f_close       		CODE           	4FE0	0000	42
		_move_window   		CODE           	3102	0000	426

bibliotecas/tff.c estimated size: 11072

C:\Program Files\Microchip\xc8\v2.32\pic\sources\c90\common\aldiv.c
		___aldiv       		CODE           	3F10	0000	204

C:\Program Files\Microchip\xc8\v2.32\pic\sources\c90\common\aldiv.c estimated size: 204

C:\Program Files\Microchip\xc8\v2.32\pic\sources\c90\common\itoa.c
		_itoa          		CODE           	4EFC	0000	50
		_utoa          		CODE           	430C	0000	148

C:\Program Files\Microchip\xc8\v2.32\pic\sources\c90\common\itoa.c estimated size: 198

C:\Program Files\Microchip\xc8\v2.32\pic\sources\c90\common\__lldiv.c
		___lldiv       		CODE           	465A	0000	130

C:\Program Files\Microchip\xc8\v2.32\pic\sources\c90\common\__lldiv.c estimated size: 130

