Microchip MPLAB XC8 Compiler V1.45 ()

Linker command line:

-W-3 --edf=C:\Program Files (x86)\Microchip\xc8\v1.45\dat\en_msgs.txt -cs \
  -h+dist/default/production\SDCARDV6.production.sym \
  --cmf=dist/default/production\SDCARDV6.production.cmf -z -Q18F4550 \
  -oC:\Users\Felipe\AppData\Local\Temp\s9uo.2 \
  -Mdist/default/production/SDCARDV6.production.map -E1 -ver=XC8 \
  -ASTACK=04E6h-07ffh -pstack=STACK -ACODE=00h-0627Fh -ACONST=00h-0627Fh \
  -ASMALLCONST=0800h-08FFhx90,06200h-0627Fh -AMEDIUMCONST=0800h-0627Fh \
  -ACOMRAM=01h-05Fh -AABS1=00h-07FFh -ABIGRAM=01h-07FFh \
  -ARAM=060h-0FFh,0100h-01FFhx7 -ABANK0=060h-0FFh -ABANK1=0100h-01FFh \
  -ABANK2=0200h-02FFh -ABANK3=0300h-03FFh -ABANK4=0400h-04FFh \
  -ABANK5=0500h-05FFh -ABANK6=0600h-06FFh -ABANK7=0700h-07FFh \
  -ASFR=0F60h-0FFFh -preset_vec=00h,intcode=08h,intcodelo,powerup,init \
  -pramtop=0800h -psmallconst=SMALLCONST -pmediumconst=MEDIUMCONST \
  -pconst=CONST -AFARRAM=00h-00h -ACONFIG=0300000h-030000Dh -pconfig=CONFIG \
  -AIDLOC=0200000h-0200007h -pidloc=IDLOC -AEEDATA=0F00000h-0F000FFh \
  -peeprom_data=EEDATA \
  -prdata=COMRAM,nvrram=COMRAM,nvbit=COMRAM,rbss=COMRAM,rbit=COMRAM \
  -pfarbss=FARRAM,fardata=FARRAM,nvFARRAM=FARRAM \
  -pintsave_regs=BIGRAM,bigbss=BIGRAM,bigdata=BIGRAM -pbss=RAM \
  -pidata=CODE,irdata=CODE,ibigdata=CODE,ifardata=CODE -prparam=COMRAM \
  C:\Users\Felipe\AppData\Local\Temp\s9uo.obj \
  dist/default/production\SDCARDV6.production.obj 

Object code version is 3.11

Machine type is 18F4550

Call graph: (short form)




                Name                               Link     Load   Length Selector   Space Scale
C:\Users\Felipe\AppData\Local\Temp\s9uo.obj
                init                                  E        E        4        4       0
                reset_vec                             0        0        4        0       0
                idloc                            200000   200000        8   200000       0
                config                           300000   300000        E   300000       0
dist/default/production\SDCARDV6.production.obj
                intcode                               8        8        6        4       0
                temp                                 46       46        1        1       1
                mediumconst                        60C4     60C4      1BC     3062       0
                text70                             3A76     3A76       12     1CE9       0
                text69                             3A64     3A64       12     1CE9       0
                intcode_body                       283E     283E      120        4       0
                text67                             295E     295E      108        4       0
                text66                             3942     3942       28        4       0
                text65                             3A52     3A52       12     1CE9       0
                text64                             3990     3990       24        4       0
                text63                             32B4     32B4       72        4       0
                text62                             35B8     35B8       52        4       0
                text61                             3396     3396       6A        4       0
                text60                             3326     3326       70        4       0
                text59                             3AAE     3AAE        A     1CE9       0
                text58                             388A     388A       36        4       0
                text57                             3400     3400       5E        4       0
                text56                             3818     3818       3C        4       0
                text55                             2F2E     2F2E       8C        4       0
                text54                             3566     3566       52        4       0
                text53                             36E0     36E0       42        4       0
                text52                             2D50     2D50       A4        4       0
                text51                             369C     369C       44        4       0
                text50                             379E     379E       3E        4       0
                text49                             3AA2     3AA2        C     1CE9       0
                text48                             3A96     3A96        C     1CE9       0
                text47                             1FA6     1FA6      1AC        4       0
                text46                             2B32     2B32       C2        4       0
                text45                             2460     2460      17E        4       0
                text44                             3044     3044       88        4       0
                text43                             1DF0     1DF0      1B6        4       0
                text42                             34B8     34B8       58        4       0
                text41                             3A1A     3A1A       14     1CE9       0
                text40                             3760     3760       3E        4       0
                text39                             3654     3654       48        4       0
                text38                             2714     2714      12A        4       0
                text37                             38EC     38EC       2C        4       0
                text36                             360A     360A       4A        4       0
                text35                             30CC     30CC       82        4       0
                text34                             3510     3510       56        4       0
                text33                             2E92     2E92       9C        4       0
                text32                             2FBA     2FBA       8A        4       0
                text31                             2A66     2A66       CC        4       0
                text30                              AFE      AFE      3D4        4       0
                text29                             37DC     37DC       3C        4       0
                text28                             38C0     38C0       2C        4       0
                text27                              5DE      5DE      520        4       0
                text26                             345E     345E       5A        4       0
                text25                             396A     396A       26        4       0
                text24                             1A0E     1A0E      222        4       0
                text23                             1794     1794      27A        4       0
                text22                             2CAA     2CAA       A6        4       0
                text21                             1C30     1C30      1C0        4       0
                text20                             2BF4     2BF4       B6        4       0
                text19                             2152     2152      188        4       0
                text18                             1264     1264      29A        4       0
                text17                             22DA     22DA      186        4       0
                text16                             14FE     14FE      296        4       0
                text15                              ED2      ED2      392        4       0
                text14                               12       12      5CC        4       0
                text13                             25DE     25DE      136        4       0
                text12                             31C8     31C8       7A        4       0
                text11                             3722     3722       3E        4       0
                text10                             3918     3918       2A        4       0
                text9                              3A88     3A88        E     1CE9       0
                text8                              3A40     3A40       12     1CE9       0
                text7                              39D2     39D2       1A     1CE9       0
                text6                              3A2E     3A2E       12     1CE9       0
                text5                              3AB8     3AB8        8     1CE9       0
                text4                              39EC     39EC       18     1CE9       0
                text3                              3A04     3A04       16     1CE9       0
                text2                              2DF4     2DF4       9E        4       0
                text1                              314E     314E       7A        4       0
                text0                              3854     3854       36        4       0
                cstackCOMRAM                          1        1       2D        1       1
                cstackBANK0                          60       60       89       60       1
                cstackBANK1                         19A      19A       42      100       1
                bssBIGRAM                           2C6      2C6      220      2C6       1
                bssBANK2                            200      200       C6      200       1
                dataBANK1                           1DC      1DC       1D      100       1
                bssBANK1                            100      100       9A      100       1
                bssBANK0                             E9       E9        E       60       1
                bssCOMRAM                            2E       2E       18        1       1
                cinit                              3242     3242       72        4       0
                idataBANK1                         39B4     39B4       1D        4       0

TOTAL           Name                               Link     Load   Length     Space
        CLASS   STACK          

        CLASS   CODE           
                intcode                               8        8        6         0
                init                                  E        E        4         0
                reset_vec                             0        0        4         0
                text70                             3A76     3A76       12         0
                text69                             3A64     3A64       12         0
                intcode_body                       283E     283E      120         0
                text67                             295E     295E      108         0
                text66                             3942     3942       28         0
                text65                             3A52     3A52       12         0
                text64                             3990     3990       24         0
                text63                             32B4     32B4       72         0
                text62                             35B8     35B8       52         0
                text61                             3396     3396       6A         0
                text60                             3326     3326       70         0
                text59                             3AAE     3AAE        A         0
                text58                             388A     388A       36         0
                text57                             3400     3400       5E         0
                text56                             3818     3818       3C         0
                text55                             2F2E     2F2E       8C         0
                text54                             3566     3566       52         0
                text53                             36E0     36E0       42         0
                text52                             2D50     2D50       A4         0
                text51                             369C     369C       44         0
                text50                             379E     379E       3E         0
                text49                             3AA2     3AA2        C         0
                text48                             3A96     3A96        C         0
                text47                             1FA6     1FA6      1AC         0
                text46                             2B32     2B32       C2         0
                text45                             2460     2460      17E         0
                text44                             3044     3044       88         0
                text43                             1DF0     1DF0      1B6         0
                text42                             34B8     34B8       58         0
                text41                             3A1A     3A1A       14         0
                text40                             3760     3760       3E         0
                text39                             3654     3654       48         0
                text38                             2714     2714      12A         0
                text37                             38EC     38EC       2C         0
                text36                             360A     360A       4A         0
                text35                             30CC     30CC       82         0
                text34                             3510     3510       56         0
                text33                             2E92     2E92       9C         0
                text32                             2FBA     2FBA       8A         0
                text31                             2A66     2A66       CC         0
                text30                              AFE      AFE      3D4         0
                text29                             37DC     37DC       3C         0
                text28                             38C0     38C0       2C         0
                text27                              5DE      5DE      520         0
                text26                             345E     345E       5A         0
                text25                             396A     396A       26         0
                text24                             1A0E     1A0E      222         0
                text23                             1794     1794      27A         0
                text22                             2CAA     2CAA       A6         0
                text21                             1C30     1C30      1C0         0
                text20                             2BF4     2BF4       B6         0
                text19                             2152     2152      188         0
                text18                             1264     1264      29A         0
                text17                             22DA     22DA      186         0
                text16                             14FE     14FE      296         0
                text15                              ED2      ED2      392         0
                text14                               12       12      5CC         0
                text13                             25DE     25DE      136         0
                text12                             31C8     31C8       7A         0
                text11                             3722     3722       3E         0
                text10                             3918     3918       2A         0
                text9                              3A88     3A88        E         0
                text8                              3A40     3A40       12         0
                text7                              39D2     39D2       1A         0
                text6                              3A2E     3A2E       12         0
                text5                              3AB8     3AB8        8         0
                text4                              39EC     39EC       18         0
                text3                              3A04     3A04       16         0
                text2                              2DF4     2DF4       9E         0
                text1                              314E     314E       7A         0
                text0                              3854     3854       36         0
                cinit                              3242     3242       72         0
                idataBANK1                         39B4     39B4       1D         0

        CLASS   CONST          

        CLASS   SMALLCONST     

        CLASS   MEDIUMCONST    
                mediumconst                        60C4     60C4      1BC         0

        CLASS   COMRAM         
                temp                                 46       46        1         1
                cstackCOMRAM                          1        1       2D         1
                bssCOMRAM                            2E       2E       18         1

        CLASS   ABS1           

        CLASS   BIGRAM         
                bssBIGRAM                           2C6      2C6      220         1

        CLASS   RAM            

        CLASS   BANK0          
                cstackBANK0                          60       60       89         1
                bssBANK0                             E9       E9        E         1

        CLASS   BANK1          
                cstackBANK1                         19A      19A       42         1
                dataBANK1                           1DC      1DC       1D         1
                bssBANK1                            100      100       9A         1

        CLASS   BANK2          
                bssBANK2                            200      200       C6         1

        CLASS   BANK3          

        CLASS   BANK4          

        CLASS   BANK5          

        CLASS   BANK6          

        CLASS   BANK7          

        CLASS   SFR            

        CLASS   FARRAM         

        CLASS   CONFIG         
                config                           300000   300000        E         0

        CLASS   IDLOC          
                idloc                            200000   200000        8         0

        CLASS   EEDATA         



SEGMENTS        Name                           Load    Length   Top    Selector   Space  Class

                reset_vec                      000000  000004  000004         0       0  CODE    
                cstackCOMRAM                   000001  000046  000047         1       1  COMRAM  
                intcode                        000008  0039C9  0039D1         4       0  CODE    
                cstackBANK0                    000060  000097  0000F7        60       1  BANK0   
                bssBANK1                       000100  0000F9  0001F9       100       1  BANK1   
                bssBANK2                       000200  0000C6  0002C6       200       1  BANK2   
                bssBIGRAM                      0002C6  000220  0004E6       2C6       1  BIGRAM  
                text7                          0039D2  0000EE  003AC0      1CE9       0  CODE    
                mediumconst                    0060C4  0001BC  006280      3062       0  MEDIUMCO
                idloc                          200000  000008  200008    200000       0  IDLOC   
                config                         300000  00000E  30000E    300000       0  CONFIG  


UNUSED ADDRESS RANGES

        Name                Unused          Largest block    Delta
        BANK0            0000F7-0000FF                9
        BANK1            0001F9-0001FF                7
        BANK4            0004E6-0004FF               1A
        BANK5            000500-0005FF              100
        BANK6            000600-0006FF              100
        BANK7            000700-0007FF              100
        BIGRAM           000047-00005F               19
                         0000F7-0000FF                9
                         0001F9-0001FF                7
                         0004E6-0007FF              31A
        CODE             000004-000007                4
                         0039D1-0039D1                1
                         003AC0-0060C3             2604
        COMRAM           000047-00005F               19
        CONST            000004-000007                4
                         0039D1-0039D1                1
                         003AC0-0060C3             2604
        EEDATA           F00000-F000FF              100
        MEDIUMCONST      0039D1-0039D1                1
                         003AC0-0060C3             2604
        RAM              0000F7-0000FF                9
                         0001F9-0001FF                7
                         0004E6-0007FF              100
        SFR              000F60-000FFF               A0
        SMALLCONST       0039D1-0039D1                1
                         003AC0-0060C3              100
        STACK            0004E6-0007FF              31A

                                  Symbol Table

?___lldiv                       cstackCOMRAM 00001A
?___lmul                        cstackCOMRAM 00001A
?___lwdiv                       cstackCOMRAM 00001A
?___lwmod                       cstackCOMRAM 00001A
?___wmul                        cstackCOMRAM 00001A
?_clust2sect                    cstackCOMRAM 000026
?_create_chain                  cstackBANK0  0000B8
?_get_cluster                   cstackBANK0  0000A2
?_get_fattime                   cstackCOMRAM 00001A
?_memcmp                        cstackCOMRAM 00001A
SDCard@FResult                  cstackBANK1  0001BF
SDCard@bw                       cstackBANK1  0001BD
SDCard@fil                      cstackBANK1  0001C0
WriteSPI_@TempVar               cstackCOMRAM 00001A
WriteSPI_@dado                  cstackCOMRAM 00001B
_ADCON1                         (abs)        000FC1
_BRGH                           (abs)        007D62
_CREN                           (abs)        007D5C
_EEADR                          (abs)        000FA9
_EECON1bits                     (abs)        000FA6
_EECON2                         (abs)        000FA7
_EEDATA                         (abs)        000FA8
_E_W                            bssCOMRAM    000041
_FatFs                          bssBANK0     0000EF
_INT0IE                         (abs)        007F94
_INT0IF                         (abs)        007F91
_INTCON                         (abs)        000FF2
_INTCON2                        (abs)        000FF1
_INTCON3                        (abs)        000FF0
_INTCONbits                     (abs)        000FF2
_LATB                           (abs)        000F8A
_LATBbits                       (abs)        000F8A
_LATCbits                       (abs)        000F8B
_OSCCONbits                     (abs)        000FD3
_PCL                            (abs)        000FF9
_PCLATH                         (abs)        000FFA
_PIE1                           (abs)        000F9D
_PIE1bits                       (abs)        000F9D
_PIR1bits                       (abs)        000F9E
_PIR2bits                       (abs)        000FA1
_PORTAbits                      (abs)        000F80
_PORTBbits                      (abs)        000F81
_PORTCbits                      (abs)        000F82
_PORTDbits                      (abs)        000F83
_PORTEbits                      (abs)        000F84
_PR2                            (abs)        000FCB
_RCIF                           (abs)        007CF5
_RCREG                          (abs)        000FAE
_RCSTA                          (abs)        000FAB
_RCSTAbits                      (abs)        000FAB
_ReadSPI_                       text59       003AAE
_Result                         bssCOMRAM    00003C
_SDCard                         text13       0025DE
_SPBRG                          (abs)        000FAF
_SPEN                           (abs)        007D5F
_SPPCFG                         (abs)        000F63
_SPPCON                         (abs)        000F65
_SSPBUF                         (abs)        000FC9
_SSPCON1                        (abs)        000FC6
_SSPCON1bits                    (abs)        000FC6
_SSPSTAT                        (abs)        000FC7
_SSPSTATbits                    (abs)        000FC7
_SYNC                           (abs)        007D64
_T0CON                          (abs)        000FD5
_T0CONbits                      (abs)        000FD5
_T0IF                           (abs)        007F92
_T2CON                          (abs)        000FCA
_TMR0H                          (abs)        000FD7
_TMR0IF                         (abs)        007F92
_TMR0L                          (abs)        000FD6
_TMR2                           (abs)        000FCC
_TMR2IF                         (abs)        007CF1
_TRISA                          (abs)        000F92
_TRISAbits                      (abs)        000F92
_TRISB                          (abs)        000F93
_TRISBbits                      (abs)        000F93
_TRISC                          (abs)        000F94
_TRISCbits                      (abs)        000F94
_TRISD                          (abs)        000F95
_TRISDbits                      (abs)        000F95
_TRISE                          (abs)        000F96
_TRMT                           (abs)        007D61
_TXEN                           (abs)        007D65
_TXREG                          (abs)        000FAD
_TXSTA                          (abs)        000FAC
_WriteSPI_                      text65       003A52
__HRAM                          (abs)        000000
__Habs1                         abs1         000000
__Hbank0                        bank0        000000
__Hbank1                        bank1        000000
__Hbank2                        bank2        000000
__Hbank3                        bank3        000000
__Hbank4                        bank4        000000
__Hbank5                        bank5        000000
__Hbank6                        bank6        000000
__Hbank7                        bank7        000000
__Hbigbss                       bigbss       000000
__Hbigdata                      bigdata      000000
__Hbigram                       bigram       000000
__Hbss                          bss          000000
__HbssBANK0                     bssBANK0     000000
__HbssBANK1                     bssBANK1     000000
__HbssBANK2                     bssBANK2     000000
__HbssBIGRAM                    bssBIGRAM    000000
__HbssCOMRAM                    bssCOMRAM    000000
__Hcinit                        cinit        000000
__Hclrtext                      clrtext      000000
__Hcomram                       comram       000000
__Hconfig                       config       30000E
__Hconst                        const        000000
__HcstackBANK0                  cstackBANK0  000000
__HcstackBANK1                  cstackBANK1  000000
__HcstackCOMRAM                 cstackCOMRAM 000000
__Hdata                         data         000000
__HdataBANK1                    dataBANK1    000000
__Heeprom_data                  eeprom_data  000000
__Hfarbss                       farbss       000000
__Hfardata                      fardata      000000
__Hibigdata                     ibigdata     000000
__Hidata                        idata        000000
__HidataBANK1                   idataBANK1   000000
__Hidloc                        idloc        200008
__Hifardata                     ifardata     000000
__Hinit                         init         000012
__Hintcode                      intcode      00000E
__Hintcode_body                 intcode_body 000000
__Hintcodelo                    intcodelo    00000E
__Hintentry                     intentry     000000
__Hintret                       intret       000000
__Hintsave_regs                 intsave_regs 000000
__Hirdata                       irdata       000000
__Hmediumconst                  mediumconst  006280
__HnvFARRAM                     nvFARRAM     000000
__Hnvbit                        nvbit        000000
__Hnvrram                       nvrram       000000
__Hparam                        rparam       000000
__Hpowerup                      powerup      00000E
__Hram                          ram          000000
__Hramtop                       ramtop       000800
__Hrbit                         rbit         000000
__Hrbss                         rbss         000000
__Hrdata                        rdata        000000
__Hreset_vec                    reset_vec    000004
__Hrparam                       rparam       000000
__Hsfr                          sfr          000000
__Hsmallconst                   smallconst   000000
__Hspace_0                      (abs)        30000E
__Hspace_1                      (abs)        0004E6
__Hspace_2                      (abs)        000000
__Hstack                        stack        000000
__Hstruct                       struct       000000
__Htemp                         temp         000047
__Htext                         text         000000
__Htext0                        text0        000000
__Htext1                        text1        000000
__Htext10                       text10       000000
__Htext11                       text11       000000
__Htext12                       text12       000000
__Htext13                       text13       000000
__Htext14                       text14       000000
__Htext15                       text15       000000
__Htext16                       text16       000000
__Htext17                       text17       000000
__Htext18                       text18       000000
__Htext19                       text19       000000
__Htext2                        text2        000000
__Htext20                       text20       000000
__Htext21                       text21       000000
__Htext22                       text22       000000
__Htext23                       text23       000000
__Htext24                       text24       000000
__Htext25                       text25       000000
__Htext26                       text26       000000
__Htext27                       text27       000000
__Htext28                       text28       000000
__Htext29                       text29       000000
__Htext3                        text3        000000
__Htext30                       text30       000000
__Htext31                       text31       000000
__Htext32                       text32       000000
__Htext33                       text33       000000
__Htext34                       text34       000000
__Htext35                       text35       000000
__Htext36                       text36       000000
__Htext37                       text37       000000
__Htext38                       text38       000000
__Htext39                       text39       000000
__Htext4                        text4        000000
__Htext40                       text40       000000
__Htext41                       text41       000000
__Htext42                       text42       000000
__Htext43                       text43       000000
__Htext44                       text44       000000
__Htext45                       text45       000000
__Htext46                       text46       000000
__Htext47                       text47       000000
__Htext48                       text48       000000
__Htext49                       text49       000000
__Htext5                        text5        000000
__Htext50                       text50       000000
__Htext51                       text51       000000
__Htext52                       text52       000000
__Htext53                       text53       000000
__Htext54                       text54       000000
__Htext55                       text55       000000
__Htext56                       text56       000000
__Htext57                       text57       000000
__Htext58                       text58       000000
__Htext59                       text59       000000
__Htext6                        text6        000000
__Htext60                       text60       000000
__Htext61                       text61       000000
__Htext62                       text62       000000
__Htext63                       text63       000000
__Htext64                       text64       000000
__Htext65                       text65       000000
__Htext66                       text66       000000
__Htext67                       text67       000000
__Htext69                       text69       000000
__Htext7                        text7        000000
__Htext70                       text70       000000
__Htext8                        text8        000000
__Htext9                        text9        000000
__LRAM                          (abs)        000001
__Labs1                         abs1         000000
__Lbank0                        bank0        000000
__Lbank1                        bank1        000000
__Lbank2                        bank2        000000
__Lbank3                        bank3        000000
__Lbank4                        bank4        000000
__Lbank5                        bank5        000000
__Lbank6                        bank6        000000
__Lbank7                        bank7        000000
__Lbigbss                       bigbss       000000
__Lbigdata                      bigdata      000000
__Lbigram                       bigram       000000
__Lbss                          bss          000000
__LbssBANK0                     bssBANK0     000000
__LbssBANK1                     bssBANK1     000000
__LbssBANK2                     bssBANK2     000000
__LbssBIGRAM                    bssBIGRAM    000000
__LbssCOMRAM                    bssCOMRAM    000000
__Lcinit                        cinit        000000
__Lclrtext                      clrtext      000000
__Lcomram                       comram       000000
__Lconfig                       config       300000
__Lconst                        const        000000
__LcstackBANK0                  cstackBANK0  000000
__LcstackBANK1                  cstackBANK1  000000
__LcstackCOMRAM                 cstackCOMRAM 000000
__Ldata                         data         000000
__LdataBANK1                    dataBANK1    000000
__Leeprom_data                  eeprom_data  000000
__Lfarbss                       farbss       000000
__Lfardata                      fardata      000000
__Libigdata                     ibigdata     000000
__Lidata                        idata        000000
__LidataBANK1                   idataBANK1   000000
__Lidloc                        idloc        200000
__Lifardata                     ifardata     000000
__Linit                         init         00000E
__Lintcode                      intcode      000008
__Lintcode_body                 intcode_body 000000
__Lintcodelo                    intcodelo    00000E
__Lintentry                     intentry     000000
__Lintret                       intret       000000
__Lintsave_regs                 intsave_regs 000000
__Lirdata                       irdata       000000
__Lmediumconst                  mediumconst  0060C4
__LnvFARRAM                     nvFARRAM     000000
__Lnvbit                        nvbit        000000
__Lnvrram                       nvrram       000000
__Lparam                        rparam       000000
__Lpowerup                      powerup      00000E
__Lram                          ram          000000
__Lramtop                       ramtop       000800
__Lrbit                         rbit         000000
__Lrbss                         rbss         000000
__Lrdata                        rdata        000000
__Lreset_vec                    reset_vec    000000
__Lrparam                       rparam       000000
__Lsfr                          sfr          000000
__Lsmallconst                   smallconst   000000
__Lspace_0                      (abs)        000000
__Lspace_1                      (abs)        000000
__Lspace_2                      (abs)        000000
__Lstack                        stack        000000
__Lstruct                       struct       000000
__Ltemp                         temp         000046
__Ltext                         text         000000
__Ltext0                        text0        000000
__Ltext1                        text1        000000
__Ltext10                       text10       000000
__Ltext11                       text11       000000
__Ltext12                       text12       000000
__Ltext13                       text13       000000
__Ltext14                       text14       000000
__Ltext15                       text15       000000
__Ltext16                       text16       000000
__Ltext17                       text17       000000
__Ltext18                       text18       000000
__Ltext19                       text19       000000
__Ltext2                        text2        000000
__Ltext20                       text20       000000
__Ltext21                       text21       000000
__Ltext22                       text22       000000
__Ltext23                       text23       000000
__Ltext24                       text24       000000
__Ltext25                       text25       000000
__Ltext26                       text26       000000
__Ltext27                       text27       000000
__Ltext28                       text28       000000
__Ltext29                       text29       000000
__Ltext3                        text3        000000
__Ltext30                       text30       000000
__Ltext31                       text31       000000
__Ltext32                       text32       000000
__Ltext33                       text33       000000
__Ltext34                       text34       000000
__Ltext35                       text35       000000
__Ltext36                       text36       000000
__Ltext37                       text37       000000
__Ltext38                       text38       000000
__Ltext39                       text39       000000
__Ltext4                        text4        000000
__Ltext40                       text40       000000
__Ltext41                       text41       000000
__Ltext42                       text42       000000
__Ltext43                       text43       000000
__Ltext44                       text44       000000
__Ltext45                       text45       000000
__Ltext46                       text46       000000
__Ltext47                       text47       000000
__Ltext48                       text48       000000
__Ltext49                       text49       000000
__Ltext5                        text5        000000
__Ltext50                       text50       000000
__Ltext51                       text51       000000
__Ltext52                       text52       000000
__Ltext53                       text53       000000
__Ltext54                       text54       000000
__Ltext55                       text55       000000
__Ltext56                       text56       000000
__Ltext57                       text57       000000
__Ltext58                       text58       000000
__Ltext59                       text59       000000
__Ltext6                        text6        000000
__Ltext60                       text60       000000
__Ltext61                       text61       000000
__Ltext62                       text62       000000
__Ltext63                       text63       000000
__Ltext64                       text64       000000
__Ltext65                       text65       000000
__Ltext66                       text66       000000
__Ltext67                       text67       000000
__Ltext69                       text69       000000
__Ltext7                        text7        000000
__Ltext70                       text70       000000
__Ltext8                        text8        000000
__Ltext9                        text9        000000
__S0                            (abs)        30000E
__S1                            (abs)        0004E6
__S2                            (abs)        000000
___inthi_sp                     stack        000000
___intlo_sp                     stack        000000
___lldiv                        text35       0030CC
___lldiv@counter                cstackCOMRAM 000026
___lldiv@dividend               cstackCOMRAM 00001A
___lldiv@divisor                cstackCOMRAM 00001E
___lldiv@quotient               cstackCOMRAM 000022
___lmul                         text34       003510
___lmul@multiplicand            cstackCOMRAM 00001E
___lmul@multiplier              cstackCOMRAM 00001A
___lmul@product                 cstackCOMRAM 000022
___lwdiv                        text54       003566
___lwdiv@counter                cstackCOMRAM 00001E
___lwdiv@dividend               cstackCOMRAM 00001A
___lwdiv@divisor                cstackCOMRAM 00001C
___lwdiv@quotient               cstackCOMRAM 00001F
___lwmod                        text53       0036E0
___lwmod@counter                cstackCOMRAM 00001E
___lwmod@dividend               cstackCOMRAM 00001A
___lwmod@divisor                cstackCOMRAM 00001C
___param_bank                   (abs)        000000
___rparam_used                  (abs)        000001
___sp                           stack        000000
___wmul                         text25       00396A
___wmul@multiplicand            cstackCOMRAM 00001C
___wmul@multiplier              cstackCOMRAM 00001A
___wmul@product                 cstackCOMRAM 00001E
__accesstop                     (abs)        000060
__activetblptr                  (abs)        000002
__end_of_ReadSPI_               text59       003AB8
__end_of_SDCard                 text13       002714
__end_of_WriteSPI_              text65       003A64
__end_of___lldiv                text35       00314E
__end_of___lmul                 text34       003566
__end_of___lwdiv                text54       0035B8
__end_of___lwmod                text53       003722
__end_of___wmul                 text25       003990
__end_of__initialization        cinit        0032A6
__end_of__npowers_              mediumconst  00613B
__end_of__powers_               mediumconst  006114
__end_of_auto_mount             text27       000AFE
__end_of_check_fs               text32       003044
__end_of_clust2sect             text20       002CAA
__end_of_command                text57       00345E
__end_of_config_timer_dois      text9        003A96
__end_of_config_timer_zero      text7        0039EC
__end_of_create_chain           text21       001DF0
__end_of_delay                  text64       0039B4
__end_of_disk_initialize        text29       003818
__end_of_disk_ioctl             text66       00396A
__end_of_disk_read              text46       002BF4
__end_of_disk_status            text40       00379E
__end_of_disk_write             text44       0030CC
__end_of_dpowers                mediumconst  0060ED
__end_of_dummy_clocks           text56       003854
__end_of_endereco_cursor_lcd    text61       003400
__end_of_escalonador            text12       003242
__end_of_escreve_caractere_lcd  text63       003326
__end_of_escreve_cmd_lcd        text55       002FBA
__end_of_escreve_frase_ram_lcd  text62       00360A
__end_of_escreve_inteiro_lcd    text50       0037DC
__end_of_f_close                text37       003918
__end_of_f_mount                text36       003654
__end_of_f_open                 text15       001264
__end_of_f_sync                 text38       00283E
__end_of_f_write                text14       0005DE
__end_of_get_cluster            text24       001C30
__end_of_get_fattime            text67       002A66
__end_of_inicializa_SPI         text11       003760
__end_of_inicializa_tarefas     text10       003942
__end_of_init_hardware          text3        003A1A
__end_of_init_interrupt         text6        003A40
__end_of_init_lcd               text2        002E92
__end_of_init_oscilador         text5        003AC0
__end_of_init_ports             text4        003A04
__end_of_isr                    intcode_body 00295E
__end_of_itoa                   text51       0036E0
__end_of_main                   text0        00388A
__end_of_make_dirfile           text17       002460
__end_of_memcmp                 text33       002F2E
__end_of_memcpy                 text26       0034B8
__end_of_memset                 text28       0038EC
__end_of_mensagem_inicial       text1        0031C8
__end_of_move_window            text43       001FA6
__end_of_next_dir_entry         text19       0022DA
__end_of_posicao_cursor_lcd     text60       003396
__end_of_proceed                text49       003AAE
__end_of_put_cluster            text23       001A0E
__end_of_recebe_dado_uart       text70       003A88
__end_of_remove_chain           text22       002D50
__end_of_reserve_direntry       text18       0014FE
__end_of_response               text48       003AA2
__end_of_sdc_disk_initialize    text30       000ED2
__end_of_sdc_disk_read          text47       002152
__end_of_sdc_disk_status        text41       003A2E
__end_of_sdc_disk_write         text45       0025DE
__end_of_sdc_reset              text31       002B32
__end_of_sync                   text42       003510
__end_of_trace_path             text16       001794
__end_of_utoa                   text52       002DF4
__end_of_validate               text39       00369C
__end_of_wait_ready             text58       0038C0
__end_of_write_timer_zero       text8        003A52
__end_ofi2_write_timer_zero     text69       003A76
__end_ofleitura_chave@F3838     mediumconst  00616E
__end_ofleitura_chave@F3840     mediumconst  00615D
__end_ofleitura_chave@F3842     mediumconst  00614C
__end_ofmensagem_inicial@F4097  mediumconst  006190
__end_ofmensagem_inicial@F4099  mediumconst  00617F
__initialization                cinit        003242
__mediumconst                   mediumconst  0060C4
__npowers_                      mediumconst  006114
__pbssBANK0                     bssBANK0     0000E9
__pbssBANK1                     bssBANK1     000100
__pbssBANK2                     bssBANK2     000200
__pbssBIGRAM                    bssBIGRAM    0002C6
__pbssCOMRAM                    bssCOMRAM    00002E
__pcinit                        cinit        003242
__pcstackBANK0                  cstackBANK0  000060
__pcstackBANK1                  cstackBANK1  00019A
__pcstackCOMRAM                 cstackCOMRAM 000001
__pdataBANK1                    dataBANK1    0001DC
__pidataBANK1                   idataBANK1   0039B4
__pintcode                      intcode      000008
__pintcode_body                 intcode_body 00283E
__pmediumconst                  mediumconst  0060C4
__powers_                       mediumconst  0060ED
__ptext0                        text0        003854
__ptext1                        text1        00314E
__ptext10                       text10       003918
__ptext11                       text11       003722
__ptext12                       text12       0031C8
__ptext13                       text13       0025DE
__ptext14                       text14       000012
__ptext15                       text15       000ED2
__ptext16                       text16       0014FE
__ptext17                       text17       0022DA
__ptext18                       text18       001264
__ptext19                       text19       002152
__ptext2                        text2        002DF4
__ptext20                       text20       002BF4
__ptext21                       text21       001C30
__ptext22                       text22       002CAA
__ptext23                       text23       001794
__ptext24                       text24       001A0E
__ptext25                       text25       00396A
__ptext26                       text26       00345E
__ptext27                       text27       0005DE
__ptext28                       text28       0038C0
__ptext29                       text29       0037DC
__ptext3                        text3        003A04
__ptext30                       text30       000AFE
__ptext31                       text31       002A66
__ptext32                       text32       002FBA
__ptext33                       text33       002E92
__ptext34                       text34       003510
__ptext35                       text35       0030CC
__ptext36                       text36       00360A
__ptext37                       text37       0038EC
__ptext38                       text38       002714
__ptext39                       text39       003654
__ptext4                        text4        0039EC
__ptext40                       text40       003760
__ptext41                       text41       003A1A
__ptext42                       text42       0034B8
__ptext43                       text43       001DF0
__ptext44                       text44       003044
__ptext45                       text45       002460
__ptext46                       text46       002B32
__ptext47                       text47       001FA6
__ptext48                       text48       003A96
__ptext49                       text49       003AA2
__ptext5                        text5        003AB8
__ptext50                       text50       00379E
__ptext51                       text51       00369C
__ptext52                       text52       002D50
__ptext53                       text53       0036E0
__ptext54                       text54       003566
__ptext55                       text55       002F2E
__ptext56                       text56       003818
__ptext57                       text57       003400
__ptext58                       text58       00388A
__ptext59                       text59       003AAE
__ptext6                        text6        003A2E
__ptext60                       text60       003326
__ptext61                       text61       003396
__ptext62                       text62       0035B8
__ptext63                       text63       0032B4
__ptext64                       text64       003990
__ptext65                       text65       003A52
__ptext66                       text66       003942
__ptext67                       text67       00295E
__ptext69                       text69       003A64
__ptext7                        text7        0039D2
__ptext70                       text70       003A76
__ptext8                        text8        003A40
__ptext9                        text9        003A88
__ramtop                        ramtop       000800
__size_of_ReadSPI_              (abs)        000000
__size_of_SDCard                (abs)        000000
__size_of_WriteSPI_             (abs)        000000
__size_of___lldiv               (abs)        000000
__size_of___lmul                (abs)        000000
__size_of___lwdiv               (abs)        000000
__size_of___lwmod               (abs)        000000
__size_of___wmul                (abs)        000000
__size_of_auto_mount            (abs)        000000
__size_of_check_fs              (abs)        000000
__size_of_clust2sect            (abs)        000000
__size_of_command               (abs)        000000
__size_of_config_timer_dois     (abs)        000000
__size_of_config_timer_zero     (abs)        000000
__size_of_create_chain          (abs)        000000
__size_of_delay                 (abs)        000000
__size_of_disk_initialize       (abs)        000000
__size_of_disk_ioctl            (abs)        000000
__size_of_disk_read             (abs)        000000
__size_of_disk_status           (abs)        000000
__size_of_disk_write            (abs)        000000
__size_of_dummy_clocks          (abs)        000000
__size_of_endereco_cursor_lcd   (abs)        000000
__size_of_escalonador           (abs)        000000
__size_of_escreve_caractere_lcd (abs)        000000
__size_of_escreve_cmd_lcd       (abs)        000000
__size_of_escreve_frase_ram_lcd (abs)        000000
__size_of_escreve_inteiro_lcd   (abs)        000000
__size_of_f_close               (abs)        000000
__size_of_f_mount               (abs)        000000
__size_of_f_open                (abs)        000000
__size_of_f_sync                (abs)        000000
__size_of_f_write               (abs)        000000
__size_of_get_cluster           (abs)        000000
__size_of_get_fattime           (abs)        000000
__size_of_inicializa_SPI        (abs)        000000
__size_of_inicializa_tarefas    (abs)        000000
__size_of_init_hardware         (abs)        000000
__size_of_init_interrupt        (abs)        000000
__size_of_init_lcd              (abs)        000000
__size_of_init_oscilador        (abs)        000000
__size_of_init_ports            (abs)        000000
__size_of_isr                   (abs)        000000
__size_of_itoa                  (abs)        000000
__size_of_main                  (abs)        000000
__size_of_make_dirfile          (abs)        000000
__size_of_memcmp                (abs)        000000
__size_of_memcpy                (abs)        000000
__size_of_memset                (abs)        000000
__size_of_mensagem_inicial      (abs)        000000
__size_of_move_window           (abs)        000000
__size_of_next_dir_entry        (abs)        000000
__size_of_posicao_cursor_lcd    (abs)        000000
__size_of_proceed               (abs)        000000
__size_of_put_cluster           (abs)        000000
__size_of_recebe_dado_uart      (abs)        000000
__size_of_remove_chain          (abs)        000000
__size_of_reserve_direntry      (abs)        000000
__size_of_response              (abs)        000000
__size_of_sdc_disk_initialize   (abs)        000000
__size_of_sdc_disk_read         (abs)        000000
__size_of_sdc_disk_status       (abs)        000000
__size_of_sdc_disk_write        (abs)        000000
__size_of_sdc_reset             (abs)        000000
__size_of_sync                  (abs)        000000
__size_of_trace_path            (abs)        000000
__size_of_utoa                  (abs)        000000
__size_of_validate              (abs)        000000
__size_of_wait_ready            (abs)        000000
__size_of_write_timer_zero      (abs)        000000
__size_ofi2_write_timer_zero    (abs)        000000
__smallconst                    smallconst   000000
_auto_mount                     text27       0005DE
_buff                           bssBANK1     000120
_check_fs                       text32       002FBA
_clust2sect                     text20       002BF4
_comma_counter_gga              bssCOMRAM    000040
_comma_counter_rmc              bssCOMRAM    00003F
_command                        text57       003400
_config_timer_dois              text9        003A88
_config_timer_zero              text7        0039D2
_create_chain                   text21       001C30
_dado                           bssCOMRAM    00003A
_dado_buffer                    bssBANK1     000193
_data_buff                      bssBANK0     0000F1
_data_buffer                    bssBANK1     000184
_data_buffer_32                 bssBANK1     000100
_data_uart_recebe               bssCOMRAM    000045
_delay                          text64       003990
_disk_initialize                text29       0037DC
_disk_ioctl                     text66       003942
_disk_read                      text46       002B32
_disk_status                    text40       003760
_disk_write                     text44       003044
_dpowers                        mediumconst  0060C5
_dummy_clocks                   text56       003818
_endereco_cursor_lcd            text61       003396
_escalonador                    text12       0031C8
_escreve_caractere_lcd          text63       0032B4
_escreve_cmd_lcd                text55       002F2E
_escreve_frase_ram_lcd          text62       0035B8
_escreve_inteiro_lcd            text50       00379E
_estado                         bssCOMRAM    000039
_f_close                        text37       0038EC
_f_mount                        text36       00360A
_f_open                         text15       000ED2
_f_sync                         text38       002714
_f_time                         bssBANK1     000168
_f_write                        text14       000012
_fileName                       dataBANK1    0001DC
_fileSize                       bssBANK1     000178
_folder                         bssBANK2     000296
_fs                             bssBIGRAM    0002C6
_fsid                           bssBANK0     0000ED
_get_cluster                    text24       001A0E
_get_fattime                    text67       00295E
_gga_buffer                     bssBANK2     000200
_gga_code                       bssCOMRAM    000031
_gga_index                      bssCOMRAM    000036
_gga_pointers                   bssBANK1     000148
_info_chaves                    bssBANK1     000171
_inicializa_SPI                 text11       003722
_inicializa_tarefas             text10       003918
_init_hardware                  text3        003A04
_init_interrupt                 text6        003A2E
_init_lcd                       text2        002DF4
_init_oscilador                 text5        003AB8
_init_ports                     text4        0039EC
_is_it_gga_string               bssCOMRAM    00003E
_is_it_rmc_string               bssCOMRAM    00003D
_isr                            intcode      000008
_itoa                           text51       00369C
_main                           text0        003854
_make_dirfile                   text17       0022DA
_make_dirfile$2510              cstackBANK0  000060
_memcmp                         text33       002E92
_memcpy                         text26       00345E
_memset                         text28       0038C0
_mensagem_inicial               text1        00314E
_move_window                    text43       001DF0
_n_s                            bssCOMRAM    000042
_next_dir_entry                 text19       002152
_p_tarefas                      bssBANK1     000180
_posicao_cursor_lcd             text60       003326
_proceed                        text49       003AA2
_put_cluster                    text23       001794
_put_cluster$2400               cstackBANK0  0000AA
_put_cluster$2401               cstackBANK0  0000AC
_rd                             bssBANK0     0000F3
_recebe_dado_uart               text70       003A76
_remove_chain                   text22       002CAA
_reserve_direntry               text18       001264
_response                       text48       003A96
_rmc_buffer                     bssBANK2     000250
_rmc_code                       bssCOMRAM    00002E
_rmc_index                      bssCOMRAM    000034
_rmc_pointers                   bssBANK1     00015C
_s                              bssCOMRAM    00003B
_sdc_disk_initialize            text30       000AFE
_sdc_disk_read                  text47       001FA6
_sdc_disk_status                text41       003A1A
_sdc_disk_write                 text45       002460
_sdc_reset                      text31       002A66
_sinaliza_int_timer             bssCOMRAM    000044
_sync                           text42       0034B8
_tarefa_em_execucao             bssCOMRAM    000043
_tempo_backup                   bssBANK1     00017C
_tempo_tarefa                   bssBANK0     0000E9
_timeout_tarefa                 bssBANK0     0000F5
_trace_path                     text16       0014FE
_trace_path$2557                cstackBANK0  0000CE
_trace_path$2559                cstackBANK0  0000D0
_txt                            bssBANK1     000134
_utoa                           text52       002D50
_validate                       text39       003654
_wait_ready                     text58       00388A
_write_timer_zero               text8        003A40
auto_mount@bootsect             cstackBANK0  0000AB
auto_mount@chk_wp               cstackBANK0  000097
auto_mount@fatsize              cstackBANK0  0000B7
auto_mount@fmt                  cstackBANK0  0000B6
auto_mount@fs                   cstackBANK0  0000BB
auto_mount@maxclust             cstackBANK0  0000A7
auto_mount@p                    cstackBANK0  0000B3
auto_mount@path                 cstackBANK0  000095
auto_mount@stat                 cstackBANK0  0000B5
auto_mount@totalsect            cstackBANK0  0000AF
btemp                           temp         000046
check_fs@fs                     cstackBANK0  000093
check_fs@sect                   cstackBANK0  00008D
clust2sect@clust                cstackCOMRAM 000026
clust2sect@fs                   cstackCOMRAM 00002A
command@CMD                     cstackCOMRAM 000025
command@CRC                     cstackCOMRAM 000024
command@arg                     cstackCOMRAM 000020
command@argument                cstackCOMRAM 000026
create_chain@clust              cstackBANK0  0000B8
create_chain@cstat              cstackBANK0  0000C0
create_chain@fs                 cstackBANK0  0000BE
create_chain@mcl                cstackBANK0  0000BC
create_chain@ncl                cstackBANK0  0000C4
create_chain@scl                cstackBANK0  0000C2
delay@contador_ext              cstackCOMRAM 00001A
delay@contador_int              cstackCOMRAM 00001B
disk_initialize@pdrv            cstackBANK0  000081
disk_initialize@stat            cstackBANK0  000082
disk_ioctl@buff                 cstackCOMRAM 00001B
disk_ioctl@cmd                  cstackCOMRAM 00001A
disk_ioctl@pdrv                 cstackCOMRAM 00001D
disk_ioctl@res                  cstackCOMRAM 00001E
disk_read@buff                  cstackBANK0  000080
disk_read@count                 cstackBANK0  000086
disk_read@pdrv                  cstackBANK0  000089
disk_read@res                   cstackBANK0  00008C
disk_read@result                cstackBANK0  00008A
disk_read@sector                cstackBANK0  000082
disk_status@pdrv                cstackCOMRAM 00001F
disk_status@result              cstackCOMRAM 00001D
disk_status@stat                cstackCOMRAM 000020
disk_write@buff                 cstackBANK0  000080
disk_write@count                cstackBANK0  000086
disk_write@pdrv                 cstackBANK0  000088
disk_write@res                  cstackBANK0  00008B
disk_write@result               cstackBANK0  000089
disk_write@sector               cstackBANK0  000082
dummy_clocks@i                  cstackCOMRAM 00001D
dummy_clocks@n                  cstackCOMRAM 00001C
end_of_initialization           cinit        0032A6
endereco_cursor_lcd@endereco    cstackCOMRAM 00001C
escalonador@cont                cstackCOMRAM 00001C
escreve_caractere_lcd@data      cstackCOMRAM 00001C
escreve_cmd_lcd@comando         cstackCOMRAM 00001C
escreve_frase_ram_lcd@buffer    cstackCOMRAM 00001D
escreve_inteiro_lcd@F3966       dataBANK1    0001F2
escreve_inteiro_lcd@texto       cstackBANK0  000066
escreve_inteiro_lcd@valor       cstackCOMRAM 00002C
escreve_inteiro_uart@F3956      dataBANK1    0001EB
f_close@fp                      cstackBANK0  0000AD
f_close@res                     cstackBANK0  0000AF
f_mount@drv                     cstackCOMRAM 00001C
f_mount@fs                      cstackCOMRAM 00001A
f_open@dir                      cstackBANK1  0001AD
f_open@dj                       cstackBANK1  0001AF
f_open@dw                       cstackBANK1  0001A8
f_open@fn                       cstackBANK1  00019A
f_open@fp                       cstackBANK0  0000D9
f_open@mode                     cstackBANK0  0000DD
f_open@path                     cstackBANK0  0000DB
f_open@res                      cstackBANK1  0001AC
f_open@rs                       cstackBANK1  0001A6
f_sync@dir                      cstackBANK0  0000AB
f_sync@fp                       cstackBANK0  0000A4
f_sync@res                      cstackBANK0  0000AA
f_sync@tim                      cstackBANK0  0000A6
f_write@btw                     cstackBANK0  0000CA
f_write@buff                    cstackBANK0  0000C8
f_write@bw                      cstackBANK0  0000CC
f_write@cc                      cstackBANK0  0000E1
f_write@clust                   cstackBANK0  0000E3
f_write@fp                      cstackBANK0  0000C6
f_write@res                     cstackBANK0  0000E0
f_write@sect                    cstackBANK0  0000DC
f_write@wbuff                   cstackBANK0  0000DA
f_write@wcnt                    cstackBANK0  0000E5
get_cluster@bc                  cstackBANK0  0000B1
get_cluster@clust               cstackBANK0  0000A2
get_cluster@fatsect             cstackBANK0  0000AD
get_cluster@fs                  cstackBANK0  0000B3
get_cluster@wc                  cstackBANK0  0000AB
get_fattime@f_time              cstackCOMRAM 00001E
i2_write_timer_zero             text69       003A64
i2write_timer_zero@timer        cstackCOMRAM 000003
i2write_timer_zero@timer0       cstackCOMRAM 000001
inicializa_SPI@bus_mode         cstackCOMRAM 000020
inicializa_SPI@smp_phase        cstackCOMRAM 000021
int$flags                       temp         000046
int_func                        intcode_body 00283E
intlevel0                       text         000000
intlevel1                       text         000000
intlevel2                       text         000000
intlevel3                       text         000000
isr@cont                        cstackCOMRAM 000019
itoa@base                       cstackBANK0  000064
itoa@buf                        cstackBANK0  000060
itoa@cp                         cstackCOMRAM 00002A
itoa@val                        cstackBANK0  000062
leitura_chave@F3838             mediumconst  00615D
leitura_chave@F3840             mediumconst  00614C
leitura_chave@F3842             mediumconst  00613B
make_dirfile@a                  cstackBANK0  000064
make_dirfile@b                  cstackBANK0  000062
make_dirfile@c                  cstackBANK0  000066
make_dirfile@dirname            cstackCOMRAM 000024
make_dirfile@n                  cstackBANK0  000065
make_dirfile@path               cstackCOMRAM 000022
make_dirfile@t                  cstackBANK0  000063
memcmp@n                        cstackCOMRAM 00001E
memcmp@s1                       cstackCOMRAM 00001A
memcmp@s2                       cstackCOMRAM 00001C
memcpy@d                        cstackCOMRAM 000021
memcpy@d1                       cstackCOMRAM 00001A
memcpy@n                        cstackCOMRAM 00001E
memcpy@s                        cstackCOMRAM 000023
memcpy@s1                       cstackCOMRAM 00001C
memcpy@tmp                      cstackCOMRAM 000020
memset@c                        cstackCOMRAM 00001C
memset@n                        cstackCOMRAM 00001E
memset@p                        cstackCOMRAM 000020
memset@p1                       cstackCOMRAM 00001A
mensagem_inicial@F4097          mediumconst  00617F
mensagem_inicial@F4099          mediumconst  00616E
mensagem_inicial@msg_dois       cstackBANK0  000071
mensagem_inicial@msg_linha_um   cstackBANK0  000060
move_window@fs                  cstackBANK0  0000A0
move_window@n                   cstackBANK0  00009B
move_window@sector              cstackBANK0  00008D
move_window@wsect               cstackBANK0  00009C
next_dir_entry@clust            cstackBANK0  0000BE
next_dir_entry@dj               cstackBANK0  0000B5
next_dir_entry@idx              cstackBANK0  0000C0
posicao_cursor_lcd@coluna       cstackCOMRAM 00001D
posicao_cursor_lcd@endereco     cstackCOMRAM 00001F
posicao_cursor_lcd@linha        cstackCOMRAM 00001E
put_cluster@bc                  cstackBANK0  0000B2
put_cluster@clust               cstackBANK0  0000A2
put_cluster@fatsect             cstackBANK0  0000AE
put_cluster@fs                  cstackBANK0  0000B6
put_cluster@p                   cstackBANK0  0000B4
put_cluster@val                 cstackBANK0  0000A4
remove_chain@clust              cstackBANK0  0000B8
remove_chain@fs                 cstackBANK0  0000BE
remove_chain@nxt                cstackBANK0  0000BC
reserve_direntry@c              cstackBANK0  0000D3
reserve_direntry@clust          cstackBANK0  0000D4
reserve_direntry@dir            cstackBANK0  0000C8
reserve_direntry@dj             cstackBANK0  0000C6
reserve_direntry@dptr           cstackBANK0  0000D1
reserve_direntry@fs             cstackBANK0  0000D6
reserve_direntry@n              cstackBANK0  0000D0
reserve_direntry@sector         cstackBANK0  0000CC
response@buff                   cstackCOMRAM 00001A
sdc_disk_initialize@buff        cstackBANK0  000080
sdc_disk_initialize@buff_i      cstackBANK0  00007C
sdc_disk_initialize@count1      cstackBANK0  000078
sdc_disk_initialize@count2      cstackBANK0  00007E
sdc_disk_initialize@crc_number  cstackBANK0  00007A
sdc_disk_initialize@i           cstackBANK0  000075
sdc_disk_initialize@ocr         cstackBANK0  00007D
sdc_disk_initialize@stat        cstackBANK0  000077
sdc_disk_read@buff              cstackBANK0  00007F
sdc_disk_read@count             cstackBANK0  000073
sdc_disk_read@length            cstackBANK0  00007D
sdc_disk_read@p_buff            cstackBANK0  00006D
sdc_disk_read@ptr               cstackBANK0  000078
sdc_disk_read@sector            cstackBANK0  00006F
sdc_disk_read@start_add         cstackBANK0  000079
sdc_disk_status@pdrv            cstackCOMRAM 00001B
sdc_disk_status@stat            cstackCOMRAM 00001A
sdc_disk_write@buff             cstackBANK0  00007F
sdc_disk_write@count            cstackBANK0  000073
sdc_disk_write@count1           cstackBANK0  00007A
sdc_disk_write@i                cstackBANK0  000078
sdc_disk_write@j                cstackBANK0  00007D
sdc_disk_write@p_buff           cstackBANK0  00006D
sdc_disk_write@res              cstackBANK0  00007C
sdc_disk_write@sector           cstackBANK0  00006F
sdc_reset@buff                  cstackBANK0  000073
sdc_reset@count                 cstackBANK0  000071
sdc_reset@count_nosd            cstackBANK0  00006F
sdc_reset@i                     cstackBANK0  00006D
stackhi                         (abs)        0007FF
stacklo                         (abs)        0004E6
start                           init         00000E
start_initialization            cinit        003242
sync@fs                         cstackBANK0  0000A2
timer_dois@flag                 bssCOMRAM    000038
trace_path@clust                cstackBANK0  0000D4
trace_path@dir                  cstackBANK0  0000C8
trace_path@dj                   cstackBANK0  0000C2
trace_path@dptr                 cstackBANK0  0000D7
trace_path@ds                   cstackBANK0  0000D6
trace_path@fn                   cstackBANK0  0000C4
trace_path@fs                   cstackBANK0  0000D2
trace_path@path                 cstackBANK0  0000C6
utoa@base                       cstackCOMRAM 000025
utoa@buf                        cstackCOMRAM 000021
utoa@c                          cstackCOMRAM 000029
utoa@v                          cstackCOMRAM 000027
utoa@val                        cstackCOMRAM 000023
validate@fs                     cstackCOMRAM 000021
validate@id                     cstackCOMRAM 000023
wait_ready@res                  cstackCOMRAM 00001E
wait_ready@timeout              cstackCOMRAM 00001A
write_timer_zero@timer          cstackCOMRAM 00001C
write_timer_zero@timer0         cstackCOMRAM 00001A
wtemp6                          temp         000047


FUNCTION INFORMATION:

 *************** function _main *****************
 Defined at:
		line 218 in file "main.c"
 Parameters:    Size  Location     Type
		None
 Auto vars:     Size  Location     Type
		None
 Return value:  Size  Location     Type
                  1    wreg      void 
 Registers used:
		wreg, fsr0l, fsr0h, fsr1l, fsr1h, fsr2l, fsr2h, status,2, status,0, tblptrl, tblptrh, tblptru, prodl, prodh, cstack
 Tracked objects:
		On entry : 
		On exit  : 
		Unchanged: 
 Data sizes:     COMRAM   BANK0   BANK1   BANK2   BANK3   BANK4   BANK5   BANK6   BANK7
      Params:         0       0       0       0       0       0       0       0       0
      Locals:         0       0       0       0       0       0       0       0       0
      Temps:          0       0       0       0       0       0       0       0       0
      Totals:         0       0       0       0       0       0       0       0       0
Total ram usage:        0 bytes
 Hardware stack levels required when called:   14
 This function calls:
		_SDCard
		_escalonador
		_inicializa_SPI
		_inicializa_tarefas
		_init_hardware
		_init_lcd
		_mensagem_inicial
 This function is called by:
		Startup code after reset
 This function uses a non-reentrant model


 *************** function _mensagem_inicial *****************
 Defined at:
		line 249 in file "main.c"
 Parameters:    Size  Location     Type
		None
 Auto vars:     Size  Location     Type
  msg_dois       17   17[BANK0 ] const unsigned char [17]
  msg_linha_um   17    0[BANK0 ] const unsigned char [17]
 Return value:  Size  Location     Type
                  1    wreg      void 
 Registers used:
		wreg, fsr0l, fsr0h, fsr2l, fsr2h, status,2, status,0, tblptrl, tblptrh, tblptru, cstack
 Tracked objects:
		On entry : 
		On exit  : 
		Unchanged: 
 Data sizes:     COMRAM   BANK0   BANK1   BANK2   BANK3   BANK4   BANK5   BANK6   BANK7
      Params:         0       0       0       0       0       0       0       0       0
      Locals:         0      34       0       0       0       0       0       0       0
      Temps:          2       0       0       0       0       0       0       0       0
      Totals:         2      34       0       0       0       0       0       0       0
Total ram usage:       36 bytes
 Hardware stack levels used:    1
 Hardware stack levels required when called:    5
 This function calls:
		_escreve_cmd_lcd
		_escreve_frase_ram_lcd
		_posicao_cursor_lcd
 This function is called by:
		_main
 This function uses a non-reentrant model


 *************** function _init_lcd *****************
 Defined at:
		line 71 in file "bibliotecas/display_lcd.c"
 Parameters:    Size  Location     Type
		None
 Auto vars:     Size  Location     Type
		None
 Return value:  Size  Location     Type
                  1    wreg      void 
 Registers used:
		wreg, status,2, status,0, cstack
 Tracked objects:
		On entry : 
		On exit  : 
		Unchanged: 
 Data sizes:     COMRAM   BANK0   BANK1   BANK2   BANK3   BANK4   BANK5   BANK6   BANK7
      Params:         0       0       0       0       0       0       0       0       0
      Locals:         0       0       0       0       0       0       0       0       0
      Temps:          1       0       0       0       0       0       0       0       0
      Totals:         1       0       0       0       0       0       0       0       0
Total ram usage:        1 bytes
 Hardware stack levels used:    1
 Hardware stack levels required when called:    4
 This function calls:
		_delay
		_escreve_cmd_lcd
 This function is called by:
		_main
 This function uses a non-reentrant model


 *************** function _init_hardware *****************
 Defined at:
		line 55 in file "bibliotecas/hardware.c"
 Parameters:    Size  Location     Type
		None
 Auto vars:     Size  Location     Type
		None
 Return value:  Size  Location     Type
                  1    wreg      void 
 Registers used:
		wreg, status,2, cstack
 Tracked objects:
		On entry : 
		On exit  : 
		Unchanged: 
 Data sizes:     COMRAM   BANK0   BANK1   BANK2   BANK3   BANK4   BANK5   BANK6   BANK7
      Params:         0       0       0       0       0       0       0       0       0
      Locals:         0       0       0       0       0       0       0       0       0
      Temps:          0       0       0       0       0       0       0       0       0
      Totals:         0       0       0       0       0       0       0       0       0
Total ram usage:        0 bytes
 Hardware stack levels used:    1
 Hardware stack levels required when called:    4
 This function calls:
		_config_timer_dois
		_config_timer_zero
		_init_interrupt
		_init_oscilador
		_init_ports
 This function is called by:
		_main
 This function uses a non-reentrant model


 *************** function _init_ports *****************
 Defined at:
		line 154 in file "bibliotecas/hardware.c"
 Parameters:    Size  Location     Type
		None
 Auto vars:     Size  Location     Type
		None
 Return value:  Size  Location     Type
                  1    wreg      void 
 Registers used:
		wreg, status,2
 Tracked objects:
		On entry : 
		On exit  : 
		Unchanged: 
 Data sizes:     COMRAM   BANK0   BANK1   BANK2   BANK3   BANK4   BANK5   BANK6   BANK7
      Params:         0       0       0       0       0       0       0       0       0
      Locals:         0       0       0       0       0       0       0       0       0
      Temps:          0       0       0       0       0       0       0       0       0
      Totals:         0       0       0       0       0       0       0       0       0
Total ram usage:        0 bytes
 Hardware stack levels used:    1
 Hardware stack levels required when called:    2
 This function calls:
		Nothing
 This function is called by:
		_init_hardware
 This function uses a non-reentrant model


 *************** function _init_oscilador *****************
 Defined at:
		line 171 in file "bibliotecas/hardware.c"
 Parameters:    Size  Location     Type
		None
 Auto vars:     Size  Location     Type
		None
 Return value:  Size  Location     Type
                  1    wreg      void 
 Registers used:
		None
 Tracked objects:
		On entry : 
		On exit  : 
		Unchanged: 
 Data sizes:     COMRAM   BANK0   BANK1   BANK2   BANK3   BANK4   BANK5   BANK6   BANK7
      Params:         0       0       0       0       0       0       0       0       0
      Locals:         0       0       0       0       0       0       0       0       0
      Temps:          0       0       0       0       0       0       0       0       0
      Totals:         0       0       0       0       0       0       0       0       0
Total ram usage:        0 bytes
 Hardware stack levels used:    1
 Hardware stack levels required when called:    2
 This function calls:
		Nothing
 This function is called by:
		_init_hardware
 This function uses a non-reentrant model


 *************** function _init_interrupt *****************
 Defined at:
		line 98 in file "bibliotecas/hardware.c"
 Parameters:    Size  Location     Type
		None
 Auto vars:     Size  Location     Type
		None
 Return value:  Size  Location     Type
                  1    wreg      void 
 Registers used:
		wreg, status,2
 Tracked objects:
		On entry : 
		On exit  : 
		Unchanged: 
 Data sizes:     COMRAM   BANK0   BANK1   BANK2   BANK3   BANK4   BANK5   BANK6   BANK7
      Params:         0       0       0       0       0       0       0       0       0
      Locals:         0       0       0       0       0       0       0       0       0
      Temps:          0       0       0       0       0       0       0       0       0
      Totals:         0       0       0       0       0       0       0       0       0
Total ram usage:        0 bytes
 Hardware stack levels used:    1
 Hardware stack levels required when called:    2
[...]
  endereco        1   30[COMRAM] unsigned char 
 Return value:  Size  Location     Type
                  1    wreg      void 
 Registers used:
		wreg, status,2, status,0, cstack
 Tracked objects:
		On entry : 
		On exit  : 
		Unchanged: 
 Data sizes:     COMRAM   BANK0   BANK1   BANK2   BANK3   BANK4   BANK5   BANK6   BANK7
      Params:         1       0       0       0       0       0       0       0       0
      Locals:         2       0       0       0       0       0       0       0       0
      Temps:          0       0       0       0       0       0       0       0       0
      Totals:         3       0       0       0       0       0       0       0       0
Total ram usage:        3 bytes
 Hardware stack levels used:    1
 Hardware stack levels required when called:    4
 This function calls:
		_endereco_cursor_lcd
 This function is called by:
		_mensagem_inicial
		_command
		_SDCard
		_inicializa_SPI
		_disk_read
		_sdc_reset
		_sdc_disk_initialize
		_sdc_disk_read
		_sdc_disk_write
		_auto_mount
		_gps
		_leitura_chave
 This function uses a non-reentrant model


 *************** function _endereco_cursor_lcd *****************
 Defined at:
		line 218 in file "bibliotecas/display_lcd.c"
 Parameters:    Size  Location     Type
  endereco        1    wreg     unsigned char 
 Auto vars:     Size  Location     Type
  endereco        1   27[COMRAM] unsigned char 
 Return value:  Size  Location     Type
                  1    wreg      void 
 Registers used:
		wreg, status,2, status,0, cstack
 Tracked objects:
		On entry : 
		On exit  : 
		Unchanged: 
 Data sizes:     COMRAM   BANK0   BANK1   BANK2   BANK3   BANK4   BANK5   BANK6   BANK7
      Params:         0       0       0       0       0       0       0       0       0
      Locals:         1       0       0       0       0       0       0       0       0
      Temps:          0       0       0       0       0       0       0       0       0
      Totals:         1       0       0       0       0       0       0       0       0
Total ram usage:        1 bytes
 Hardware stack levels used:    1
 Hardware stack levels required when called:    3
 This function calls:
		_delay
 This function is called by:
		_posicao_cursor_lcd
		_cria_caractere_lcd
 This function uses a non-reentrant model


 *************** function _escreve_frase_ram_lcd *****************
 Defined at:
		line 445 in file "bibliotecas/display_lcd.c"
 Parameters:    Size  Location     Type
  buffer          2   28[COMRAM] PTR unsigned char 
		 -> STR_26(13), STR_25(7), STR_24(11), STR_23(9), 
		 -> STR_22(11), STR_21(10), STR_20(16), STR_19(16), 
		 -> STR_18(11), escreve_inteiro_lcd@texto(7), leitura_chave@pos_ignicao_on(17), leitura_chave@pos_ignicao_crank(17), 
		 -> leitura_chave@pos_ignicao_off(17), STR_16(17), STR_15(14), STR_14(18), 
		 -> STR_11(16), STR_10(14), STR_5(5), gps@gps_buffer(15), 
		 -> dado_buffer(7), STR_2(6), data_buffer(15), STR_1(6), 
		 -> mensagem_inicial@msg_dois(17), mensagem_inicial@msg_linha_um(17), 
 Auto vars:     Size  Location     Type
		None
 Return value:  Size  Location     Type
                  1    wreg      void 
 Registers used:
		wreg, fsr0l, fsr0h, status,2, status,0, tblptrl, tblptrh, tblptru, cstack
 Tracked objects:
		On entry : 
		On exit  : 
		Unchanged: 
 Data sizes:     COMRAM   BANK0   BANK1   BANK2   BANK3   BANK4   BANK5   BANK6   BANK7
      Params:         2       0       0       0       0       0       0       0       0
      Locals:         0       0       0       0       0       0       0       0       0
      Temps:          0       0       0       0       0       0       0       0       0
      Totals:         2       0       0       0       0       0       0       0       0
Total ram usage:        2 bytes
 Hardware stack levels used:    1
 Hardware stack levels required when called:    4
 This function calls:
		_escreve_caractere_lcd
 This function is called by:
		_mensagem_inicial
		_command
		_SDCard
		_inicializa_SPI
		_escreve_inteiro_lcd
		_sdc_reset
		_sdc_disk_initialize
		_sdc_disk_read
		_sdc_disk_write
		_gps
		_leitura_chave
 This function uses a non-reentrant model


 *************** function _escreve_caractere_lcd *****************
 Defined at:
		line 323 in file "bibliotecas/display_lcd.c"
 Parameters:    Size  Location     Type
  data            1    wreg     unsigned char 
 Auto vars:     Size  Location     Type
  data            1   27[COMRAM] unsigned char 
 Return value:  Size  Location     Type
                  1    wreg      void 
 Registers used:
		wreg, status,2, status,0, cstack
 Tracked objects:
		On entry : 
		On exit  : 
		Unchanged: 
 Data sizes:     COMRAM   BANK0   BANK1   BANK2   BANK3   BANK4   BANK5   BANK6   BANK7
      Params:         0       0       0       0       0       0       0       0       0
      Locals:         1       0       0       0       0       0       0       0       0
      Temps:          0       0       0       0       0       0       0       0       0
      Totals:         1       0       0       0       0       0       0       0       0
Total ram usage:        1 bytes
 Hardware stack levels used:    1
 Hardware stack levels required when called:    3
 This function calls:
		_delay
 This function is called by:
		_escreve_frase_ram_lcd
		_escreve_float_lcd
		_escreve_frase_lcd
		_cria_caractere_lcd
 This function uses a non-reentrant model


 *************** function _delay *****************
 Defined at:
		line 45 in file "bibliotecas/display_lcd.c"
 Parameters:    Size  Location     Type
		None
 Auto vars:     Size  Location     Type
  contador_int    1   26[COMRAM] unsigned char 
  contador_ext    1   25[COMRAM] unsigned char 
 Return value:  Size  Location     Type
                  1    wreg      void 
 Registers used:
		wreg, status,2, status,0
 Tracked objects:
		On entry : 
		On exit  : 
		Unchanged: 
 Data sizes:     COMRAM   BANK0   BANK1   BANK2   BANK3   BANK4   BANK5   BANK6   BANK7
      Params:         0       0       0       0       0       0       0       0       0
      Locals:         2       0       0       0       0       0       0       0       0
      Temps:          0       0       0       0       0       0       0       0       0
      Totals:         2       0       0       0       0       0       0       0       0
Total ram usage:        2 bytes
 Hardware stack levels used:    1
 Hardware stack levels required when called:    2
 This function calls:
		Nothing
 This function is called by:
		_init_lcd
		_escreve_cmd_lcd
		_endereco_cursor_lcd
		_escreve_caractere_lcd
 This function uses a non-reentrant model


 *************** function _WriteSPI_ *****************
 Defined at:
		line 139 in file "bibliotecas/SPI.c"
 Parameters:    Size  Location     Type
  dado            1    wreg     unsigned char 
 Auto vars:     Size  Location     Type
  dado            1   26[COMRAM] unsigned char 
  TempVar         1   25[COMRAM] unsigned char 
 Return value:  Size  Location     Type
                  1    wreg      void 
 Registers used:
		wreg
 Tracked objects:
		On entry : 
		On exit  : 
		Unchanged: 
 Data sizes:     COMRAM   BANK0   BANK1   BANK2   BANK3   BANK4   BANK5   BANK6   BANK7
      Params:         0       0       0       0       0       0       0       0       0
      Locals:         2       0       0       0       0       0       0       0       0
      Temps:          0       0       0       0       0       0       0       0       0
      Totals:         2       0       0       0       0       0       0       0       0
Total ram usage:        2 bytes
 Hardware stack levels used:    1
 Hardware stack levels required when called:    2
 This function calls:
		Nothing
 This function is called by:
		_proceed
		_command
		_sdc_disk_write
 This function uses a non-reentrant model


 *************** function _disk_ioctl *****************
 Defined at:
		line 248 in file "bibliotecas/diskio.c"
 Parameters:    Size  Location     Type
  pdrv            1    wreg     unsigned char 
  cmd             1   25[COMRAM] unsigned char 
  buff            2   26[COMRAM] PTR void 
		 -> NULL(0), 
 Auto vars:     Size  Location     Type
  pdrv            1   28[COMRAM] unsigned char 
  result          2    0        int 
  res             1   29[COMRAM] enum E25
 Return value:  Size  Location     Type
                  1    wreg      enum E25
 Registers used:
		wreg, status,2, status,0
 Tracked objects:
		On entry : 
		On exit  : 
		Unchanged: 
 Data sizes:     COMRAM   BANK0   BANK1   BANK2   BANK3   BANK4   BANK5   BANK6   BANK7
      Params:         3       0       0       0       0       0       0       0       0
      Locals:         2       0       0       0       0       0       0       0       0
      Temps:          0       0       0       0       0       0       0       0       0
      Totals:         5       0       0       0       0       0       0       0       0
Total ram usage:        5 bytes
 Hardware stack levels used:    1
 Hardware stack levels required when called:    2
 This function calls:
		Nothing
 This function is called by:
		_sync
 This function uses a non-reentrant model


 *************** function _get_fattime *****************
 Defined at:
		line 810 in file "bibliotecas/tff.c"
 Parameters:    Size  Location     Type
		None
 Auto vars:     Size  Location     Type
  f_time          9   29[COMRAM] struct .
 Return value:  Size  Location     Type
                  4   25[COMRAM] unsigned long 
 Registers used:
		wreg, status,2, status,0
 Tracked objects:
		On entry : 
		On exit  : 
		Unchanged: 
 Data sizes:     COMRAM   BANK0   BANK1   BANK2   BANK3   BANK4   BANK5   BANK6   BANK7
      Params:         4       0       0       0       0       0       0       0       0
      Locals:         9       0       0       0       0       0       0       0       0
      Temps:          0      38       0       0       0       0       0       0       0
      Totals:        13      38       0       0       0       0       0       0       0
Total ram usage:       51 bytes
 Hardware stack levels used:    1
 Hardware stack levels required when called:    2
 This function calls:
		Nothing
 This function is called by:
		_f_open
		_f_sync
		_f_mkdir
 This function uses a non-reentrant model


 *************** function _isr *****************
 Defined at:
		line 107 in file "main.c"
 Parameters:    Size  Location     Type
		None
 Auto vars:     Size  Location     Type
  cont            1   24[COMRAM] unsigned char 
 Return value:  Size  Location     Type
                  1    wreg      void 
 Registers used:
		wreg, fsr2l, fsr2h, status,2, status,0, prodl, prodh, cstack
 Tracked objects:
		On entry : 
		On exit  : 
		Unchanged: 
 Data sizes:     COMRAM   BANK0   BANK1   BANK2   BANK3   BANK4   BANK5   BANK6   BANK7
      Params:         0       0       0       0       0       0       0       0       0
      Locals:         1       0       0       0       0       0       0       0       0
      Temps:         20       0       0       0       0       0       0       0       0
      Totals:        21       0       0       0       0       0       0       0       0
Total ram usage:       21 bytes
 Hardware stack levels used:    1
 Hardware stack levels required when called:    1
 This function calls:
		_recebe_dado_uart
		i2_write_timer_zero
 This function is called by:
		Interrupt level 2
 This function uses a non-reentrant model


 *************** function i2_write_timer_zero *****************
 Defined at:
		line 138 in file "bibliotecas/hardware.c"
 Parameters:    Size  Location     Type
  timer0          2    0[COMRAM] unsigned int 
 Auto vars:     Size  Location     Type
  write_timer_    2    2[COMRAM] struct Timers
 Return value:  Size  Location     Type
                  1    wreg      void 
 Registers used:
		None
 Tracked objects:
		On entry : 
		On exit  : 
		Unchanged: 
 Data sizes:     COMRAM   BANK0   BANK1   BANK2   BANK3   BANK4   BANK5   BANK6   BANK7
      Params:         2       0       0       0       0       0       0       0       0
      Locals:         2       0       0       0       0       0       0       0       0
      Temps:          0       0       0       0       0       0       0       0       0
      Totals:         4       0       0       0       0       0       0       0       0
Total ram usage:        4 bytes
 Hardware stack levels used:    1
 This function calls:
		Nothing
 This function is called by:
		_isr
 This function uses a non-reentrant model


 *************** function _recebe_dado_uart *****************
 Defined at:
		line 138 in file "bibliotecas/uart.c"
 Parameters:    Size  Location     Type
		None
 Auto vars:     Size  Location     Type
		None
 Return value:  Size  Location     Type
                  1    wreg      unsigned char 
 Registers used:
		wreg, status,2
 Tracked objects:
		On entry : 
		On exit  : 
		Unchanged: 
 Data sizes:     COMRAM   BANK0   BANK1   BANK2   BANK3   BANK4   BANK5   BANK6   BANK7
      Params:         0       0       0       0       0       0       0       0       0
      Locals:         0       0       0       0       0       0       0       0       0
      Temps:          0       0       0       0       0       0       0       0       0
      Totals:         0       0       0       0       0       0       0       0       0
Total ram usage:        0 bytes
 Hardware stack levels used:    1
 This function calls:
		Nothing
 This function is called by:
		_isr
		_recebe_string_uart
 This function uses a non-reentrant model



MODULE INFORMATION

Module		Function		Class		Link	Load	Size
bibliotecas/uart.c
		_recebe_dado_uart		CODE           	3A76	0000	19

bibliotecas/uart.c estimated size: 19

bibliotecas/SPI.c
		_inicializa_SPI		CODE           	3722	0000	63
		_ReadSPI_      		CODE           	3AAE	0000	11
		_WriteSPI_     		CODE           	3A52	0000	19

bibliotecas/SPI.c estimated size: 93

bibliotecas/diskio.c
		_disk_initialize		CODE           	37DC	0000	61
		_disk_write    		CODE           	3044	0000	137
		_disk_status   		CODE           	3760	0000	63
		_sdc_reset     		CODE           	2A66	0000	205
		_disk_ioctl    		CODE           	3942	0000	41
		_sdc_disk_read 		CODE           	1FA6	0000	429
		_sdc_disk_initialize		CODE           	0AFE	0000	981
		_disk_read     		CODE           	2B32	0000	195
		_sdc_disk_write		CODE           	2460	0000	383
		_sdc_disk_status		CODE           	3A1A	0000	21

bibliotecas/diskio.c estimated size: 2516

C:\Program Files (x86)\Microchip\xc8\v1.45\sources\common\Umul16.c
		___wmul        		CODE           	396A	0000	39

C:\Program Files (x86)\Microchip\xc8\v1.45\sources\common\Umul16.c estimated size: 39

C:\Program Files (x86)\Microchip\xc8\v1.45\sources\common\memcmp.c
		_memcmp        		CODE           	2E92	0000	157

C:\Program Files (x86)\Microchip\xc8\v1.45\sources\common\memcmp.c estimated size: 157

C:\Program Files (x86)\Microchip\xc8\v1.45\sources\common\memcpy.c
		_memcpy        		CODE           	345E	0000	91

C:\Program Files (x86)\Microchip\xc8\v1.45\sources\common\memcpy.c estimated size: 91

C:\Program Files (x86)\Microchip\xc8\v1.45\sources\common\lwmod.c
		___lwmod       		CODE           	36E0	0000	67

C:\Program Files (x86)\Microchip\xc8\v1.45\sources\common\lwmod.c estimated size: 67

bibliotecas/SDCard.c
		_response      		CODE           	3A96	0000	13
		_dummy_clocks  		CODE           	3818	0000	61
		_SDCard        		CODE           	25DE	0000	311
		_command       		CODE           	3400	0000	95
		_proceed       		CODE           	3AA2	0000	13
		_wait_ready    		CODE           	388A	0000	55

bibliotecas/SDCard.c estimated size: 548

C:\Program Files (x86)\Microchip\xc8\v1.45\sources\common\Umul32.c
		___lmul        		CODE           	3510	0000	87

C:\Program Files (x86)\Microchip\xc8\v1.45\sources\common\Umul32.c estimated size: 87

bibliotecas/hardware.c
		_init_hardware 		CODE           	3A04	0000	23
		_config_timer_dois		CODE           	3A88	0000	15
		_config_timer_zero		CODE           	39D2	0000	27
		_init_ports    		CODE           	39EC	0000	25
		_write_timer_zero		CODE           	3A40	0000	19
		_init_interrupt		CODE           	3A2E	0000	19
		_init_oscilador		CODE           	3AB8	0000	9

bibliotecas/hardware.c estimated size: 137

shared
		leitura_chave@F3840		MEDIUMCONST    	614C	0000	18
		leitura_chave@F3842		MEDIUMCONST    	613B	0000	18
		__powers_      		MEDIUMCONST    	60ED	0000	40
		leitura_chave@F3838		MEDIUMCONST    	615D	0000	18
		_dpowers       		MEDIUMCONST    	60C5	0000	41
		__npowers_     		MEDIUMCONST    	6114	0000	40
		__initialization		CODE           	3242	0000	101
		mensagem_inicial@F4097		MEDIUMCONST    	617F	0000	18
		i2_write_timer_zero		CODE           	3A64	0000	19
		mensagem_inicial@F4099		MEDIUMCONST    	616E	0000	18

shared estimated size: 331

C:\Program Files (x86)\Microchip\xc8\v1.45\sources\common\lwdiv.c
		___lwdiv       		CODE           	3566	0000	83

C:\Program Files (x86)\Microchip\xc8\v1.45\sources\common\lwdiv.c estimated size: 83

C:\Program Files (x86)\Microchip\xc8\v1.45\sources\common\lldiv.c
		___lldiv       		CODE           	30CC	0000	131

C:\Program Files (x86)\Microchip\xc8\v1.45\sources\common\lldiv.c estimated size: 131

bibliotecas/display_lcd.c
		_delay         		CODE           	3990	0000	37
		_init_lcd      		CODE           	2DF4	0000	159
		_endereco_cursor_lcd		CODE           	3396	0000	107
		_escreve_cmd_lcd		CODE           	2F2E	0000	141
		_posicao_cursor_lcd		CODE           	3326	0000	113
		_escreve_caractere_lcd		CODE           	32B4	0000	115
		_escreve_frase_ram_lcd		CODE           	35B8	0000	83
		_escreve_inteiro_lcd		CODE           	379E	0000	63

bibliotecas/display_lcd.c estimated size: 818

main.c
		_main          		CODE           	3854	0000	55
		_isr           		CODE           	0008	0000	295
		_escalonador   		CODE           	31C8	0000	123
		_mensagem_inicial		CODE           	314E	0000	123
		_inicializa_tarefas		CODE           	3918	0000	43

main.c estimated size: 639

C:\Program Files (x86)\Microchip\xc8\v1.45\sources\common\itoa.c
		_itoa          		CODE           	369C	0000	69
		_utoa          		CODE           	2D50	0000	165

C:\Program Files (x86)\Microchip\xc8\v1.45\sources\common\itoa.c estimated size: 234

bibliotecas/tff.c
		_reserve_direntry		CODE           	1264	0000	667
		_sync          		CODE           	34B8	0000	89
		_remove_chain  		CODE           	2CAA	0000	167
		_f_mount       		CODE           	360A	0000	75
		_get_cluster   		CODE           	1A0E	0000	547
		_get_fattime   		CODE           	295E	0000	265
		_auto_mount    		CODE           	05DE	0000	1313
		_create_chain  		CODE           	1C30	0000	449
		_validate      		CODE           	3654	0000	73
		_check_fs      		CODE           	2FBA	0000	139
		_f_sync        		CODE           	2714	0000	299
		_trace_path    		CODE           	14FE	0000	663
		_f_write       		CODE           	0012	0000	1485
		_put_cluster   		CODE           	1794	0000	635
		_make_dirfile  		CODE           	22DA	0000	391
		_clust2sect    		CODE           	2BF4	0000	183
		_f_open        		CODE           	0ED2	0000	915
		_next_dir_entry		CODE           	2152	0000	393
		_f_close       		CODE           	38EC	0000	45
		_move_window   		CODE           	1DF0	0000	439

bibliotecas/tff.c estimated size: 9232

C:\Program Files (x86)\Microchip\xc8\v1.45\sources\common\memset.c
		_memset        		CODE           	38C0	0000	45

C:\Program Files (x86)\Microchip\xc8\v1.45\sources\common\memset.c estimated size: 45

