Microchip MPLAB XC8 Compiler V1.41 ()

Linker command line:

-W-3 --edf=C:\Program Files (x86)\Microchip\xc8\v1.41\dat\en_msgs.txt -cs \
  -h+dist/default/production\SDCARDV6.production.sym \
  --cmf=dist/default/production\SDCARDV6.production.cmf -z -Q18F4550 \
  -oC:\Users\decso\AppData\Local\Temp\snr8.2 \
  -Mdist/default/production/SDCARDV6.production.map -E1 -ver=XC8 \
  -ASTACK=0476h-07ffh -pstack=STACK -ACODE=00h-0627Fh -ACONST=00h-0627Fh \
  -ASMALLCONST=0800h-08FFhx90,06200h-0627Fh -AMEDIUMCONST=0800h-0627Fh \
  -ACOMRAM=01h-05Fh -AABS1=00h-07FFh -ABIGRAM=01h-07FFh \
  -ARAM=060h-0FFh,0100h-01FFhx7 -ABANK0=060h-0FFh -ABANK1=0100h-01FFh \
  -ABANK2=0200h-02FFh -ABANK3=0300h-03FFh -ABANK4=0400h-04FFh \
  -ABANK5=0500h-05FFh -ABANK6=0600h-06FFh -ABANK7=0700h-07FFh \
  -ASFR=0F60h-0FFFh -preset_vec=00h,intcode=08h,intcodelo,powerup,init \
  -pramtop=0800h -psmallconst=SMALLCONST -pmediumconst=MEDIUMCONST \
  -pconst=CONST -AFARRAM=00h-00h -ACONFIG=0300000h-030000Dh -pconfig=CONFIG \
  -AIDLOC=0200000h-0200007h -pidloc=IDLOC -AEEDATA=0F00000h-0F000FFh \
  -peeprom_data=EEDATA \
  -prdata=COMRAM,nvrram=COMRAM,nvbit=COMRAM,rbss=COMRAM,rbit=COMRAM \
  -pfarbss=FARRAM,fardata=FARRAM,nvFARRAM=FARRAM \
  -pintsave_regs=BIGRAM,bigbss=BIGRAM,bigdata=BIGRAM -pbss=RAM \
  -pidata=CODE,irdata=CODE,ibigdata=CODE,ifardata=CODE -prparam=COMRAM \
  C:\Users\decso\AppData\Local\Temp\snr8.obj \
  dist/default/production\SDCARDV6.production.obj 

Object code version is 3.11

Machine type is 18F4550

Call graph: (short form)




                Name                               Link     Load   Length Selector   Space Scale
C:\Users\decso\AppData\Local\Temp\snr8.obj
                init                                  E        E        4        4       0
                reset_vec                             0        0        4        0       0
                idloc                            200000   200000        8   200000       0
                config                           300000   300000        E   300000       0
dist/default/production\SDCARDV6.production.obj
                intcode                               8        8        6        4       0
                temp                                 4A       4A        1        1       1
                mediumconst                        602A     602A      256     3015       0
                text67                             35D0     35D0       12        4       0
                text66                             231E     231E      118        4       0
                text65                             35BE     35BE       12        4       0
                intcode_body                       1FC0     1FC0      124        4       0
                text63                             3586     3586       14        4       0
                text62                             32FC     32FC       44        4       0
                text61                             35FC     35FC        C        4       0
                text60                             2B5E     2B5E       90        4       0
                text59                             33E6     33E6       30        4       0
                text58                             2792     2792       AE        4       0
                text57                             11C0     11C0      268        4       0
                text56                             3268     3268       4C        4       0
                text55                             1894     1894      144        4       0
                text54                             2CFE     2CFE       82        4       0
                text53                             309A     309A       66        4       0
                text52                             3164     3164       5C        4       0
                text51                             1E98     1E98      128        4       0
                text50                             1B12     1B12      132        4       0
                text49                             2C7A     2C7A       84        4       0
                text48                             2F56     2F56       70        4       0
                text47                             20E4     20E4      120        4       0
                text46                             34B4     34B4       26        4       0
                text45                             1428     1428      24E        4       0
                text44                             3520     3520       1E        4       0
                text43                              DAA      DAA      416        4       0
                text42                               12       12      948        4       0
                text41                             2204     2204      11A        4       0
                text40                             337A     337A       38        4       0
                text39                             252E     252E       E6        4       0
                text38                             19D8     19D8      13A        4       0
                text37                             34DA     34DA       24        4       0
                text36                             2BEE     2BEE       8C        4       0
                text35                             2E74     2E74       72        4       0
                text34                             3216     3216       52        4       0
                text33                             3340     3340       3A        4       0
                text32                             3030     3030       6A        4       0
                text31                             31C0     31C0       56        4       0
                text30                             2436     2436       F8        4       0
                text29                             2D80     2D80       7C        4       0
                text28                             2DFC     2DFC       78        4       0
                text27                             348E     348E       26        4       0
                text26                              95A      95A      450        4       0
                text25                             3468     3468       26        4       0
                text24                             298A     298A       A4        4       0
                text23                             28E6     28E6       A4        4       0
                text22                             3416     3416       2C        4       0
                text21                             2FC6     2FC6       6A        4       0
                text20                             2EE6     2EE6       70        4       0
                text19                             1676     1676      21E        4       0
                text18                             26E0     26E0       B2        4       0
                text17                             361A     361A        8        4       0
                text16                             3442     3442       26        4       0
                text15                             2614     2614       CC        4       0
                text14                             1C44     1C44      12C        4       0
                text13                             34FE     34FE       22        4       0
                text12                             35F0     35F0        C        4       0
                text11                             35AC     35AC       12        4       0
                text10                             353E     353E       1A        4       0
                text9                              359A     359A       12        4       0
                text8                              3612     3612        8        4       0
                text7                              3558     3558       18        4       0
                text6                              3570     3570       16        4       0
                text5                              2A2E     2A2E       9E        4       0
                text4                              32B4     32B4       48        4       0
                text3                              3100     3100       64        4       0
                text2                              1D70     1D70      128        4       0
                text1                              2840     2840       A6        4       0
                text0                              33B2     33B2       34        4       0
                cstackCOMRAM                          1        1       34        1       1
                cstackBANK0                          60       60       5C       60       1
                cstackBANK1                         1D9      1D9       1D      100       1
                bssBIGRAM                           276      276      200      276       1
                bssBANK2                            200      200       76      200       1
                dataBANK1                           1F6      1F6        A      100       1
                bssBANK1                            100      100       D9      100       1
                dataBANK0                            E5       E5        E       60       1
                bssBANK0                             BC       BC       29       60       1
                bssCOMRAM                            35       35       15        1       1
                cinit                              2ACC     2ACC       92        4       0
                idataBANK1                         3608     3608        A        4       0
                idataBANK0                         35E2     35E2        E        4       0

TOTAL           Name                               Link     Load   Length     Space
        CLASS   STACK          

        CLASS   CODE           
                intcode                               8        8        6         0
                init                                  E        E        4         0
                reset_vec                             0        0        4         0
                text67                             35D0     35D0       12         0
                text66                             231E     231E      118         0
                text65                             35BE     35BE       12         0
                intcode_body                       1FC0     1FC0      124         0
                text63                             3586     3586       14         0
                text62                             32FC     32FC       44         0
                text61                             35FC     35FC        C         0
                text60                             2B5E     2B5E       90         0
                text59                             33E6     33E6       30         0
                text58                             2792     2792       AE         0
                text57                             11C0     11C0      268         0
                text56                             3268     3268       4C         0
                text55                             1894     1894      144         0
                text54                             2CFE     2CFE       82         0
                text53                             309A     309A       66         0
                text52                             3164     3164       5C         0
                text51                             1E98     1E98      128         0
                text50                             1B12     1B12      132         0
                text49                             2C7A     2C7A       84         0
                text48                             2F56     2F56       70         0
                text47                             20E4     20E4      120         0
                text46                             34B4     34B4       26         0
                text45                             1428     1428      24E         0
                text44                             3520     3520       1E         0
                text43                              DAA      DAA      416         0
                text42                               12       12      948         0
                text41                             2204     2204      11A         0
                text40                             337A     337A       38         0
                text39                             252E     252E       E6         0
                text38                             19D8     19D8      13A         0
                text37                             34DA     34DA       24         0
                text36                             2BEE     2BEE       8C         0
                text35                             2E74     2E74       72         0
                text34                             3216     3216       52         0
                text33                             3340     3340       3A         0
                text32                             3030     3030       6A         0
                text31                             31C0     31C0       56         0
                text30                             2436     2436       F8         0
                text29                             2D80     2D80       7C         0
                text28                             2DFC     2DFC       78         0
                text27                             348E     348E       26         0
                text26                              95A      95A      450         0
                text25                             3468     3468       26         0
                text24                             298A     298A       A4         0
                text23                             28E6     28E6       A4         0
                text22                             3416     3416       2C         0
                text21                             2FC6     2FC6       6A         0
                text20                             2EE6     2EE6       70         0
                text19                             1676     1676      21E         0
                text18                             26E0     26E0       B2         0
                text17                             361A     361A        8         0
                text16                             3442     3442       26         0
                text15                             2614     2614       CC         0
                text14                             1C44     1C44      12C         0
                text13                             34FE     34FE       22         0
                text12                             35F0     35F0        C         0
                text11                             35AC     35AC       12         0
                text10                             353E     353E       1A         0
                text9                              359A     359A       12         0
                text8                              3612     3612        8         0
                text7                              3558     3558       18         0
                text6                              3570     3570       16         0
                text5                              2A2E     2A2E       9E         0
                text4                              32B4     32B4       48         0
                text3                              3100     3100       64         0
                text2                              1D70     1D70      128         0
                text1                              2840     2840       A6         0
                text0                              33B2     33B2       34         0
                cinit                              2ACC     2ACC       92         0
                idataBANK1                         3608     3608        A         0
                idataBANK0                         35E2     35E2        E         0

        CLASS   CONST          

        CLASS   SMALLCONST     

        CLASS   MEDIUMCONST    
                mediumconst                        602A     602A      256         0

        CLASS   COMRAM         
                temp                                 4A       4A        1         1
                cstackCOMRAM                          1        1       34         1
                bssCOMRAM                            35       35       15         1

        CLASS   ABS1           

        CLASS   BIGRAM         
                bssBIGRAM                           276      276      200         1

        CLASS   RAM            

        CLASS   BANK0          
                cstackBANK0                          60       60       5C         1
                dataBANK0                            E5       E5        E         1
                bssBANK0                             BC       BC       29         1

        CLASS   BANK1          
                cstackBANK1                         1D9      1D9       1D         1
                dataBANK1                           1F6      1F6        A         1
                bssBANK1                            100      100       D9         1

        CLASS   BANK2          
                bssBANK2                            200      200       76         1

        CLASS   BANK3          

        CLASS   BANK4          

        CLASS   BANK5          

        CLASS   BANK6          

        CLASS   BANK7          

        CLASS   SFR            

        CLASS   FARRAM         

        CLASS   CONFIG         
                config                           300000   300000        E         0

        CLASS   IDLOC          
                idloc                            200000   200000        8         0

        CLASS   EEDATA         



SEGMENTS        Name                           Load    Length   Top    Selector   Space  Class

                reset_vec                      000000  000004  000004         0       0  CODE    
                cstackCOMRAM                   000001  00004A  00004B         1       1  COMRAM  
                intcode                        000008  00361A  003622         4       0  CODE    
                cstackBANK0                    000060  000093  0000F3        60       1  BANK0   
                bssBANK1                       000100  000100  000200       100       1  BANK1   
                bssBANK2                       000200  000076  000276       200       1  BANK2   
                bssBIGRAM                      000276  000200  000476       276       1  BIGRAM  
                mediumconst                    00602A  000256  006280      3015       0  MEDIUMCO
                idloc                          200000  000008  200008    200000       0  IDLOC   
                config                         300000  00000E  30000E    300000       0  CONFIG  


UNUSED ADDRESS RANGES

        Name                Unused          Largest block    Delta
        BANK0            0000F3-0000FF                D
        BANK4            000476-0004FF               8A
        BANK5            000500-0005FF              100
        BANK6            000600-0006FF              100
        BANK7            000700-0007FF              100
        BIGRAM           00004B-00005F               15
                         0000F3-0000FF                D
                         000476-0007FF              38A
        CODE             000004-000007                4
                         003622-006029             2A08
        COMRAM           00004B-00005F               15
        CONST            000004-000007                4
                         003622-006029             2A08
        EEDATA           F00000-F000FF              100
        MEDIUMCONST      003622-006029             2A08
        RAM              0000F3-0000FF                D
                         000476-0007FF              100
        SFR              000F60-000FFF               A0
        SMALLCONST       003622-006029              100
        STACK            000476-0007FF              38A

                                  Symbol Table

?___aldiv                         cstackCOMRAM 000016
?___altoft                        cstackCOMRAM 00001E
?___awdiv                         cstackCOMRAM 00001C
?___awmod                         cstackCOMRAM 000016
?___awtoft                        cstackCOMRAM 00001E
?___ftadd                         cstackBANK0  000070
?___ftdiv                         cstackCOMRAM 00001E
?___ftmul                         cstackCOMRAM 00002A
?___ftneg                         cstackBANK0  000066
?___ftpack                        cstackCOMRAM 000016
?___ftsub                         cstackBANK0  00007C
?___fttol                         cstackBANK0  00006D
?___lldiv                         cstackCOMRAM 00001F
?___llmod                         cstackCOMRAM 000016
?___lltoft                        cstackCOMRAM 00001E
?___lmul                          cstackCOMRAM 000016
?___wmul                          cstackCOMRAM 000024
?__div_to_l_                      cstackCOMRAM 000016
?__tdiv_to_l_                     cstackCOMRAM 000016
?_atof                            cstackBANK0  000074
?_atol                            cstackCOMRAM 000022
?_convert_to_degrees              cstackBANK0  00007C
?_fround                          cstackBANK0  000066
?_get_gpstime                     cstackCOMRAM 000030
?_get_latitude                    cstackBANK0  000077
?_get_longitude                   cstackBANK0  000077
?_leitura_adc                     cstackCOMRAM 000016
?_scale                           cstackBANK0  000066
?_sprintf                         cstackBANK0  000082
?_strlen                          cstackCOMRAM 000016
?_strtod                          cstackBANK0  000069
_ADCON0                           (abs)        000FC2
_ADCON0bits                       (abs)        000FC2
_ADCON1                           (abs)        000FC1
_ADCON1bits                       (abs)        000FC1
_ADCON2bits                       (abs)        000FC0
_ADRESH                           (abs)        000FC4
_ADRESL                           (abs)        000FC3
_BRGH                             (abs)        007D62
_CREN                             (abs)        007D5C
_EEADR                            (abs)        000FA9
_EECON1bits                       (abs)        000FA6
_EECON2                           (abs)        000FA7
_EEDATA                           (abs)        000FA8
_E_W                              bssBANK0     0000DC
_FatFs                            bssCOMRAM    000038
_INT0IE                           (abs)        007F94
_INT0IF                           (abs)        007F91
_INTCON                           (abs)        000FF2
_INTCON2                          (abs)        000FF1
_INTCON3                          (abs)        000FF0
_INTCONbits                       (abs)        000FF2
_LATB                             (abs)        000F8A
_LATBbits                         (abs)        000F8A
_OSCCONbits                       (abs)        000FD3
_PCL                              (abs)        000FF9
_PCLATH                           (abs)        000FFA
_PIE1                             (abs)        000F9D
_PIE1bits                         (abs)        000F9D
_PIR1bits                         (abs)        000F9E
_PIR2bits                         (abs)        000FA1
_PORTAbits                        (abs)        000F80
_PORTCbits                        (abs)        000F82
_PORTDbits                        (abs)        000F83
_PORTEbits                        (abs)        000F84
_PR2                              (abs)        000FCB
_RCIF                             (abs)        007CF5
_RCREG                            (abs)        000FAE
_RCSTA                            (abs)        000FAB
_RCSTAbits                        (abs)        000FAB
_Result                           bssCOMRAM    000042
_SPBRG                            (abs)        000FAF
_SPEN                             (abs)        007D5F
_SPPCFG                           (abs)        000F63
_SPPCON                           (abs)        000F65
_SSPBUF                           (abs)        000FC9
_SSPCON1                          (abs)        000FC6
_SSPCON1bits                      (abs)        000FC6
_SSPSTAT                          (abs)        000FC7
_SSPSTATbits                      (abs)        000FC7
_SYNC                             (abs)        007D64
_T0CON                            (abs)        000FD5
_T0CONbits                        (abs)        000FD5
_T0IF                             (abs)        007F92
_T2CON                            (abs)        000FCA
_TMR0H                            (abs)        000FD7
_TMR0IF                           (abs)        007F92
_TMR0L                            (abs)        000FD6
_TMR2                             (abs)        000FCC
_TMR2IF                           (abs)        007CF1
_TRISA                            (abs)        000F92
_TRISAbits                        (abs)        000F92
_TRISB                            (abs)        000F93
_TRISBbits                        (abs)        000F93
_TRISC                            (abs)        000F94
_TRISCbits                        (abs)        000F94
_TRISD                            (abs)        000F95
_TRISDbits                        (abs)        000F95
_TRISE                            (abs)        000F96
_TRMT                             (abs)        007D61
_TXEN                             (abs)        007D65
_TXREG                            (abs)        000FAD
_TXSTA                            (abs)        000FAC
__CFG_BOR$ON                      (abs)        000000
__CFG_BORV$3                      (abs)        000000
__CFG_CCP2MX$OFF                  (abs)        000000
__CFG_CPUDIV$OSC1_PLL2            (abs)        000000
__CFG_FCMEN$OFF                   (abs)        000000
__CFG_FOSC$HS                     (abs)        000000
__CFG_IESO$OFF                    (abs)        000000
__CFG_LPT1OSC$OFF                 (abs)        000000
__CFG_LVP$OFF                     (abs)        000000
__CFG_MCLRE$ON                    (abs)        000000
__CFG_PBADEN$OFF                  (abs)        000000
__CFG_PLLDIV$5                    (abs)        000000
__CFG_PWRT$OFF                    (abs)        000000
__CFG_STVREN$ON                   (abs)        000000
__CFG_USBDIV$1                    (abs)        000000
__CFG_VREGEN$OFF                  (abs)        000000
__CFG_WDT$OFF                     (abs)        000000
__HRAM                            (abs)        000000
__Habs1                           abs1         000000
__Hbank0                          bank0        000000
__Hbank1                          bank1        000000
__Hbank2                          bank2        000000
__Hbank3                          bank3        000000
__Hbank4                          bank4        000000
__Hbank5                          bank5        000000
__Hbank6                          bank6        000000
__Hbank7                          bank7        000000
__Hbigbss                         bigbss       000000
__Hbigdata                        bigdata      000000
__Hbigram                         bigram       000000
__Hbss                            bss          000000
__HbssBANK0                       bssBANK0     000000
__HbssBANK1                       bssBANK1     000000
__HbssBANK2                       bssBANK2     000000
__HbssBIGRAM                      bssBIGRAM    000000
__HbssCOMRAM                      bssCOMRAM    000000
__Hcinit                          cinit        000000
__Hclrtext                        clrtext      000000
__Hcomram                         comram       000000
__Hconfig                         config       30000E
__Hconst                          const        000000
__HcstackBANK0                    cstackBANK0  000000
__HcstackBANK1                    cstackBANK1  000000
__HcstackCOMRAM                   cstackCOMRAM 000000
__Hdata                           data         000000
__HdataBANK0                      dataBANK0    000000
__HdataBANK1                      dataBANK1    000000
__Heeprom_data                    eeprom_data  000000
__Hfarbss                         farbss       000000
__Hfardata                        fardata      000000
__Hibigdata                       ibigdata     000000
__Hidata                          idata        000000
__HidataBANK0                     idataBANK0   000000
__HidataBANK1                     idataBANK1   000000
__Hidloc                          idloc        200008
__Hifardata                       ifardata     000000
__Hinit                           init         000012
__Hintcode                        intcode      00000E
__Hintcode_body                   intcode_body 000000
__Hintcodelo                      intcodelo    00000E
__Hintentry                       intentry     000000
__Hintret                         intret       000000
__Hintsave_regs                   intsave_regs 000000
__Hirdata                         irdata       000000
__Hmediumconst                    mediumconst  006280
__HnvFARRAM                       nvFARRAM     000000
__Hnvbit                          nvbit        000000
__Hnvrram                         nvrram       000000
__Hparam                          rparam       000000
__Hpowerup                        powerup      00000E
__Hram                            ram          000000
__Hramtop                         ramtop       000800
__Hrbit                           rbit         000000
__Hrbss                           rbss         000000
__Hrdata                          rdata        000000
__Hreset_vec                      reset_vec    000004
__Hrparam                         rparam       000000
__Hsfr                            sfr          000000
__Hsmallconst                     smallconst   000000
__Hspace_0                        (abs)        30000E
__Hspace_1                        (abs)        000476
__Hspace_2                        (abs)        000000
__Hstack                          stack        000000
__Hstruct                         struct       000000
__Htemp                           temp         00004B
__Htext                           text         000000
__Htext0                          text0        000000
__Htext1                          text1        000000
__Htext10                         text10       000000
__Htext11                         text11       000000
__Htext12                         text12       000000
__Htext13                         text13       000000
__Htext14                         text14       000000
__Htext15                         text15       000000
__Htext16                         text16       000000
__Htext17                         text17       000000
__Htext18                         text18       000000
__Htext19                         text19       000000
__Htext2                          text2        000000
__Htext20                         text20       000000
__Htext21                         text21       000000
__Htext22                         text22       000000
__Htext23                         text23       000000
__Htext24                         text24       000000
__Htext25                         text25       000000
__Htext26                         text26       000000
__Htext27                         text27       000000
__Htext28                         text28       000000
__Htext29                         text29       000000
__Htext3                          text3        000000
__Htext30                         text30       000000
__Htext31                         text31       000000
__Htext32                         text32       000000
__Htext33                         text33       000000
__Htext34                         text34       000000
__Htext35                         text35       000000
__Htext36                         text36       000000
__Htext37                         text37       000000
__Htext38                         text38       000000
__Htext39                         text39       000000
__Htext4                          text4        000000
__Htext40                         text40       000000
__Htext41                         text41       000000
__Htext42                         text42       000000
__Htext43                         text43       000000
__Htext44                         text44       000000
__Htext45                         text45       000000
__Htext46                         text46       000000
__Htext47                         text47       000000
__Htext48                         text48       000000
__Htext49                         text49       000000
__Htext5                          text5        000000
__Htext50                         text50       000000
__Htext51                         text51       000000
__Htext52                         text52       000000
__Htext53                         text53       000000
__Htext54                         text54       000000
__Htext55                         text55       000000
__Htext56                         text56       000000
__Htext57                         text57       000000
__Htext58                         text58       000000
__Htext59                         text59       000000
__Htext6                          text6        000000
__Htext60                         text60       000000
__Htext61                         text61       000000
__Htext62                         text62       000000
__Htext63                         text63       000000
__Htext65                         text65       000000
__Htext66                         text66       000000
__Htext67                         text67       000000
__Htext68                         text68       000000
__Htext7                          text7        000000
__Htext8                          text8        000000
__Htext9                          text9        000000
__LRAM                            (abs)        000001
__Labs1                           abs1         000000
__Lbank0                          bank0        000000
__Lbank1                          bank1        000000
__Lbank2                          bank2        000000
__Lbank3                          bank3        000000
__Lbank4                          bank4        000000
__Lbank5                          bank5        000000
__Lbank6                          bank6        000000
__Lbank7                          bank7        000000
__Lbigbss                         bigbss       000000
__Lbigdata                        bigdata      000000
__Lbigram                         bigram       000000
__Lbss                            bss          000000
__LbssBANK0                       bssBANK0     000000
__LbssBANK1                       bssBANK1     000000
__LbssBANK2                       bssBANK2     000000
__LbssBIGRAM                      bssBIGRAM    000000
__LbssCOMRAM                      bssCOMRAM    000000
__Lcinit                          cinit        000000
__Lclrtext                        clrtext      000000
__Lcomram                         comram       000000
__Lconfig                         config       300000
__Lconst                          const        000000
__LcstackBANK0                    cstackBANK0  000000
__LcstackBANK1                    cstackBANK1  000000
__LcstackCOMRAM                   cstackCOMRAM 000000
__Ldata                           data         000000
__LdataBANK0                      dataBANK0    000000
__LdataBANK1                      dataBANK1    000000
__Leeprom_data                    eeprom_data  000000
__Lfarbss                         farbss       000000
__Lfardata                        fardata      000000
__Libigdata                       ibigdata     000000
__Lidata                          idata        000000
__LidataBANK0                     idataBANK0   000000
__LidataBANK1                     idataBANK1   000000
__Lidloc                          idloc        200000
__Lifardata                       ifardata     000000
__Linit                           init         00000E
__Lintcode                        intcode      000008
__Lintcode_body                   intcode_body 000000
__Lintcodelo                      intcodelo    00000E
__Lintentry                       intentry     000000
__Lintret                         intret       000000
__Lintsave_regs                   intsave_regs 000000
__Lirdata                         irdata       000000
__Lmediumconst                    mediumconst  00602A
__LnvFARRAM                       nvFARRAM     000000
__Lnvbit                          nvbit        000000
__Lnvrram                         nvrram       000000
__Lparam                          rparam       000000
__Lpowerup                        powerup      00000E
__Lram                            ram          000000
__Lramtop                         ramtop       000800
__Lrbit                           rbit         000000
__Lrbss                           rbss         000000
__Lrdata                          rdata        000000
__Lreset_vec                      reset_vec    000000
__Lrparam                         rparam       000000
__Lsfr                            sfr          000000
__Lsmallconst                     smallconst   000000
__Lspace_0                        (abs)        000000
__Lspace_1                        (abs)        000000
__Lspace_2                        (abs)        000000
__Lstack                          stack        000000
__Lstruct                         struct       000000
__Ltemp                           temp         00004A
__Ltext                           text         000000
__Ltext0                          text0        000000
__Ltext1                          text1        000000
__Ltext10                         text10       000000
__Ltext11                         text11       000000
__Ltext12                         text12       000000
__Ltext13                         text13       000000
__Ltext14                         text14       000000
__Ltext15                         text15       000000
__Ltext16                         text16       000000
__Ltext17                         text17       000000
__Ltext18                         text18       000000
__Ltext19                         text19       000000
__Ltext2                          text2        000000
__Ltext20                         text20       000000
__Ltext21                         text21       000000
__Ltext22                         text22       000000
__Ltext23                         text23       000000
__Ltext24                         text24       000000
__Ltext25                         text25       000000
__Ltext26                         text26       000000
__Ltext27                         text27       000000
__Ltext28                         text28       000000
__Ltext29                         text29       000000
__Ltext3                          text3        000000
__Ltext30                         text30       000000
__Ltext31                         text31       000000
__Ltext32                         text32       000000
__Ltext33                         text33       000000
__Ltext34                         text34       000000
__Ltext35                         text35       000000
__Ltext36                         text36       000000
__Ltext37                         text37       000000
__Ltext38                         text38       000000
__Ltext39                         text39       000000
__Ltext4                          text4        000000
__Ltext40                         text40       000000
__Ltext41                         text41       000000
__Ltext42                         text42       000000
__Ltext43                         text43       000000
__Ltext44                         text44       000000
__Ltext45                         text45       000000
__Ltext46                         text46       000000
__Ltext47                         text47       000000
__Ltext48                         text48       000000
__Ltext49                         text49       000000
__Ltext5                          text5        000000
__Ltext50                         text50       000000
__Ltext51                         text51       000000
__Ltext52                         text52       000000
__Ltext53                         text53       000000
__Ltext54                         text54       000000
__Ltext55                         text55       000000
__Ltext56                         text56       000000
__Ltext57                         text57       000000
__Ltext58                         text58       000000
__Ltext59                         text59       000000
__Ltext6                          text6        000000
__Ltext60                         text60       000000
__Ltext61                         text61       000000
__Ltext62                         text62       000000
__Ltext63                         text63       000000
__Ltext65                         text65       000000
__Ltext66                         text66       000000
__Ltext67                         text67       000000
__Ltext68                         text68       000000
__Ltext7                          text7        000000
__Ltext8                          text8        000000
__Ltext9                          text9        000000
__S0                              (abs)        30000E
__S1                              (abs)        000476
__S2                              (abs)        000000
___aldiv                          text15       002614
___aldiv@counter                  cstackCOMRAM 00001E
___aldiv@dividend                 cstackCOMRAM 000016
___aldiv@divisor                  cstackCOMRAM 00001A
___aldiv@quotient                 cstackCOMRAM 000020
___aldiv@sign                     cstackCOMRAM 00001F
___altoft                         text28       002DFC
___altoft@c                       cstackCOMRAM 00001E
___altoft@exp                     cstackCOMRAM 000026
___altoft@sign                    cstackCOMRAM 000027
___awdiv                          text49       002C7A
___awdiv@counter                  cstackCOMRAM 000020
___awdiv@dividend                 cstackCOMRAM 00001C
___awdiv@divisor                  cstackCOMRAM 00001E
___awdiv@quotient                 cstackCOMRAM 000022
___awdiv@sign                     cstackCOMRAM 000021
___awmod                          text48       002F56
___awmod@counter                  cstackCOMRAM 00001A
___awmod@dividend                 cstackCOMRAM 000016
___awmod@divisor                  cstackCOMRAM 000018
___awmod@sign                     cstackCOMRAM 00001B
___awtoft                         text40       00337A
___awtoft@c                       cstackCOMRAM 00001E
___awtoft@sign                    cstackCOMRAM 000021
___ftadd                          text57       0011C0
___ftadd@exp1                     cstackBANK0  00007B
___ftadd@exp2                     cstackBANK0  00007A
___ftadd@f1                       cstackBANK0  000070
___ftadd@f2                       cstackBANK0  000073
___ftadd@sign                     cstackBANK0  000079
___ftdiv                          text39       00252E
___ftdiv@cntr                     cstackCOMRAM 000027
___ftdiv@exp                      cstackCOMRAM 00002B
___ftdiv@f1                       cstackCOMRAM 00001E
___ftdiv@f2                       cstackCOMRAM 000021
___ftdiv@f3                       cstackCOMRAM 000028
___ftdiv@sign                     cstackCOMRAM 00002C
___ftge                           text60       002B5E
___ftge@ff1                       cstackCOMRAM 000016
___ftge@ff2                       cstackCOMRAM 000019
___ftmul                          text47       0020E4
___ftmul@cntr                     cstackBANK0  000064
___ftmul@exp                      cstackBANK0  000060
___ftmul@f1                       cstackCOMRAM 00002A
___ftmul@f2                       cstackCOMRAM 00002D
___ftmul@f3_as_product            cstackBANK0  000061
___ftmul@sign                     cstackBANK0  000065
___ftneg                          text59       0033E6
___ftneg@f1                       cstackBANK0  000066
___ftpack                         text58       002792
___ftpack@arg                     cstackCOMRAM 000016
___ftpack@exp                     cstackCOMRAM 000019
___ftpack@sign                    cstackCOMRAM 00001A
___ftsub                          text56       003268
___ftsub@f1                       cstackBANK0  00007C
___ftsub@f2                       cstackBANK0  00007F
___fttol                          text55       001894
___fttol@exp1                     cstackBANK0  00007B
___fttol@f1                       cstackBANK0  00006D
___fttol@lval                     cstackBANK0  000077
___fttol@sign1                    cstackBANK0  000076
___inthi_sp                       stack        000000
___intlo_sp                       stack        000000
___lldiv                          text54       002CFE
___lldiv@counter                  cstackCOMRAM 00002B
___lldiv@dividend                 cstackCOMRAM 00001F
___lldiv@divisor                  cstackCOMRAM 000023
___lldiv@quotient                 cstackCOMRAM 000027
___llmod                          text53       00309A
___llmod@counter                  cstackCOMRAM 00001E
___llmod@dividend                 cstackCOMRAM 000016
___llmod@divisor                  cstackCOMRAM 00001A
___lltoft                         text52       003164
___lltoft@c                       cstackCOMRAM 00001E
___lltoft@exp                     cstackCOMRAM 000026
___lmul                           text31       0031C0
___lmul@multiplicand              cstackCOMRAM 00001A
___lmul@multiplier                cstackCOMRAM 000016
___lmul@product                   cstackCOMRAM 00001E
___param_bank                     (abs)        000000
___rparam_used                    (abs)        000001
___sp                             stack        000000
___wmul                           text46       0034B4
___wmul@multiplicand              cstackCOMRAM 000026
___wmul@multiplier                cstackCOMRAM 000024
___wmul@product                   cstackCOMRAM 000028
__accesstop                       (abs)        000060
__activetblptr                    (abs)        000002
__div_to_l_                       text51       001E98
__div_to_l_@cntr                  cstackCOMRAM 000020
__div_to_l_@exp1                  cstackCOMRAM 000021
__div_to_l_@f1                    cstackCOMRAM 000016
__div_to_l_@f2                    cstackCOMRAM 000019
__div_to_l_@quot                  cstackCOMRAM 00001C
__end_of___aldiv                  text15       0026E0
__end_of___altoft                 text28       002E74
__end_of___awdiv                  text49       002CFE
__end_of___awmod                  text48       002FC6
__end_of___awtoft                 text40       0033B2
__end_of___ftadd                  text57       001428
__end_of___ftdiv                  text39       002614
__end_of___ftge                   text60       002BEE
__end_of___ftmul                  text47       002204
__end_of___ftneg                  text59       003416
__end_of___ftpack                 text58       002840
__end_of___ftsub                  text56       0032B4
__end_of___fttol                  text55       0019D8
__end_of___lldiv                  text54       002D80
__end_of___llmod                  text53       003100
__end_of___lltoft                 text52       0031C0
__end_of___lmul                   text31       003216
__end_of___wmul                   text46       0034DA
__end_of__div_to_l_               text51       001FC0
__end_of__initialization          cinit        002B50
__end_of__npowers_                mediumconst  006121
__end_of__powers_                 mediumconst  0060FA
__end_of__tdiv_to_l_              text50       001C44
__end_of_ativa_latch_shrc         text63       00359A
__end_of_atof                     text25       00348E
__end_of_atol                     text30       00252E
__end_of_config_timer_dois        text12       0035FC
__end_of_config_timer_zero        text10       003558
__end_of_configura_baudrate_uart  text14       001D70
__end_of_controle_shrc            text61       003608
__end_of_convert_time_to_utc      text41       00231E
__end_of_convert_to_degrees       text38       001B12
__end_of_delay                    text37       0034FE
__end_of_dpowers                  mediumconst  0060D3
__end_of_endereco_cursor_lcd      text21       003030
__end_of_envia_dados_shrc         text62       003340
__end_of_escalonador              text18       002792
__end_of_escreve_caractere_lcd    text35       002EE6
__end_of_escreve_cmd_lcd          text36       002C7A
__end_of_escreve_frase_ram_lcd    text34       003268
__end_of_fround                   text45       001676
__end_of_get_dt                   text32       00309A
__end_of_get_gpstime              text29       002DFC
__end_of_get_latitude             text24       002A2E
__end_of_get_longitude            text23       00298A
__end_of_gps                      text19       001894
__end_of_inicializa_shrc          text17       003622
__end_of_inicializa_tarefas       text16       003468
__end_of_inicializa_uart          text13       003520
__end_of_init_hardware            text6        003586
__end_of_init_interrupt           text9        0035AC
__end_of_init_lcd                 text5        002ACC
__end_of_init_oscilador           text8        00361A
__end_of_init_ports               text7        003570
__end_of_isdigit                  text44       00353E
__end_of_isr                      intcode_body 0020E4
__end_of_isspace                  text27       0034B4
__end_of_leitura_adc              text3        003164
__end_of_leitura_chaves_sistema   text4        0032FC
__end_of_leitura_continua_adc     text2        001E98
__end_of_main                     text0        0033E6
__end_of_memset                   text22       003442
__end_of_mensagem_inicial         text1        0028E6
__end_of_posicao_cursor_lcd       text20       002F56
__end_of_recebe_dado_uart         text67       0035E2
__end_of_scale                    text43       0011C0
__end_of_sprintf                  text42       00095A
__end_of_strlen                   text33       00337A
__end_of_strtod                   text26       000DAA
__end_of_tratamento_uart          text66       002436
__end_of_write_timer_zero         text11       0035BE
__end_ofcreate_name@cvt           mediumconst  0060AB
__end_ofi2_write_timer_zero       text65       0035D0
__end_ofleitura_chave@F3834       mediumconst  006154
__end_ofleitura_chave@F3836       mediumconst  006143
__end_ofleitura_chave@F3838       mediumconst  006132
__end_ofmensagem_inicial@F4018    mediumconst  006176
__end_ofmensagem_inicial@F4020    mediumconst  006165
__initialization                  cinit        002ACC
__mediumconst                     mediumconst  00602A
__npowers_                        mediumconst  0060FA
__pbssBANK0                       bssBANK0     0000BC
__pbssBANK1                       bssBANK1     000100
__pbssBANK2                       bssBANK2     000200
__pbssBIGRAM                      bssBIGRAM    000276
__pbssCOMRAM                      bssCOMRAM    000035
__pcinit                          cinit        002ACC
__pcstackBANK0                    cstackBANK0  000060
__pcstackBANK1                    cstackBANK1  0001D9
__pcstackCOMRAM                   cstackCOMRAM 000001
__pdataBANK0                      dataBANK0    0000E5
__pdataBANK1                      dataBANK1    0001F6
__pidataBANK0                     idataBANK0   0035E2
__pidataBANK1                     idataBANK1   003608
__pintcode                        intcode      000008
__pintcode_body                   intcode_body 001FC0
__pmediumconst                    mediumconst  00602A
__powers_                         mediumconst  0060D3
__ptext0                          text0        0033B2
__ptext1                          text1        002840
__ptext10                         text10       00353E
__ptext11                         text11       0035AC
__ptext12                         text12       0035F0
__ptext13                         text13       0034FE
__ptext14                         text14       001C44
__ptext15                         text15       002614
__ptext16                         text16       003442
__ptext17                         text17       00361A
__ptext18                         text18       0026E0
__ptext19                         text19       001676
__ptext2                          text2        001D70
__ptext20                         text20       002EE6
__ptext21                         text21       002FC6
__ptext22                         text22       003416
__ptext23                         text23       0028E6
__ptext24                         text24       00298A
__ptext25                         text25       003468
__ptext26                         text26       00095A
__ptext27                         text27       00348E
__ptext28                         text28       002DFC
__ptext29                         text29       002D80
__ptext3                          text3        003100
__ptext30                         text30       002436
__ptext31                         text31       0031C0
__ptext32                         text32       003030
__ptext33                         text33       003340
__ptext34                         text34       003216
__ptext35                         text35       002E74
__ptext36                         text36       002BEE
__ptext37                         text37       0034DA
__ptext38                         text38       0019D8
__ptext39                         text39       00252E
__ptext4                          text4        0032B4
__ptext40                         text40       00337A
__ptext41                         text41       002204
__ptext42                         text42       000012
__ptext43                         text43       000DAA
__ptext44                         text44       003520
__ptext45                         text45       001428
__ptext46                         text46       0034B4
__ptext47                         text47       0020E4
__ptext48                         text48       002F56
__ptext49                         text49       002C7A
__ptext5                          text5        002A2E
__ptext50                         text50       001B12
__ptext51                         text51       001E98
__ptext52                         text52       003164
__ptext53                         text53       00309A
__ptext54                         text54       002CFE
__ptext55                         text55       001894
__ptext56                         text56       003268
__ptext57                         text57       0011C0
__ptext58                         text58       002792
__ptext59                         text59       0033E6
__ptext6                          text6        003570
__ptext60                         text60       002B5E
__ptext61                         text61       0035FC
__ptext62                         text62       0032FC
__ptext63                         text63       003586
__ptext65                         text65       0035BE
__ptext66                         text66       00231E
__ptext67                         text67       0035D0
__ptext68                         text68       000000
__ptext7                          text7        003558
__ptext8                          text8        003612
__ptext9                          text9        00359A
__ramtop                          ramtop       000800
__size_of___aldiv                 (abs)        000000
__size_of___altoft                (abs)        000000
__size_of___awdiv                 (abs)        000000
__size_of___awmod                 (abs)        000000
__size_of___awtoft                (abs)        000000
__size_of___ftadd                 (abs)        000000
__size_of___ftdiv                 (abs)        000000
__size_of___ftge                  (abs)        000000
__size_of___ftmul                 (abs)        000000
__size_of___ftneg                 (abs)        000000
__size_of___ftpack                (abs)        000000
__size_of___ftsub                 (abs)        000000
__size_of___fttol                 (abs)        000000
__size_of___lldiv                 (abs)        000000
__size_of___llmod                 (abs)        000000
__size_of___lltoft                (abs)        000000
__size_of___lmul                  (abs)        000000
__size_of___wmul                  (abs)        000000
__size_of__div_to_l_              (abs)        000000
__size_of__tdiv_to_l_             (abs)        000000
__size_of_ativa_latch_shrc        (abs)        000000
__size_of_atof                    (abs)        000000
__size_of_atol                    (abs)        000000
__size_of_config_timer_dois       (abs)        000000
__size_of_config_timer_zero       (abs)        000000
__size_of_configura_baudrate_uart (abs)        000000
__size_of_controle_shrc           (abs)        000000
__size_of_convert_time_to_utc     (abs)        000000
__size_of_convert_to_degrees      (abs)        000000
__size_of_delay                   (abs)        000000
__size_of_endereco_cursor_lcd     (abs)        000000
__size_of_envia_dados_shrc        (abs)        000000
__size_of_escalonador             (abs)        000000
__size_of_escreve_caractere_lcd   (abs)        000000
__size_of_escreve_cmd_lcd         (abs)        000000
__size_of_escreve_frase_ram_lcd   (abs)        000000
__size_of_fround                  (abs)        000000
__size_of_get_dt                  (abs)        000000
__size_of_get_gpstime             (abs)        000000
__size_of_get_latitude            (abs)        000000
__size_of_get_longitude           (abs)        000000
__size_of_gps                     (abs)        000000
__size_of_inicializa_shrc         (abs)        000000
__size_of_inicializa_tarefas      (abs)        000000
__size_of_inicializa_uart         (abs)        000000
__size_of_init_hardware           (abs)        000000
__size_of_init_interrupt          (abs)        000000
__size_of_init_lcd                (abs)        000000
__size_of_init_oscilador          (abs)        000000
__size_of_init_ports              (abs)        000000
__size_of_isdigit                 (abs)        000000
__size_of_isr                     (abs)        000000
__size_of_isspace                 (abs)        000000
__size_of_leitura_adc             (abs)        000000
__size_of_leitura_chaves_sistema  (abs)        000000
__size_of_leitura_continua_adc    (abs)        000000
__size_of_main                    (abs)        000000
__size_of_memset                  (abs)        000000
__size_of_mensagem_inicial        (abs)        000000
__size_of_posicao_cursor_lcd      (abs)        000000
__size_of_recebe_dado_uart        (abs)        000000
__size_of_scale                   (abs)        000000
__size_of_sprintf                 (abs)        000000
__size_of_strlen                  (abs)        000000
__size_of_strtod                  (abs)        000000
__size_of_tratamento_uart         (abs)        000000
__size_of_write_timer_zero        (abs)        000000
__size_ofi2_write_timer_zero      (abs)        000000
__smallconst                      smallconst   000000
__tdiv_to_l_                      text50       001B12
__tdiv_to_l_@cntr                 cstackCOMRAM 000023
__tdiv_to_l_@exp1                 cstackCOMRAM 000024
__tdiv_to_l_@f1                   cstackCOMRAM 000016
__tdiv_to_l_@f2                   cstackCOMRAM 000019
__tdiv_to_l_@quot                 cstackCOMRAM 00001F
_ativa_latch_shrc                 text63       003586
_atof                             text25       003468
_atol                             text30       002436
_comma_counter_gga                bssCOMRAM    000046
_comma_counter_rmc                bssCOMRAM    000045
_config_timer_dois                text12       0035F0
_config_timer_zero                text10       00353E
_configura_baudrate_uart          text14       001C44
_controle_shrc                    text61       0035FC
_convert_time_to_utc              text41       002204
_convert_time_to_utc$3371         cstackBANK0  0000AD
_convert_to_degrees               text38       0019D8
_dado                             bssCOMRAM    000040
_dado_buffer                      bssBANK0     0000DE
_data_buffer                      bssBANK1     0001CA
_data_buffer_32                   bssBANK1     0001AA
_data_uart_recebe                 bssCOMRAM    000049
_delay                            text37       0034DA
_dpowers                          mediumconst  0060AB
_endereco_cursor_lcd              text21       002FC6
_envia_dados_shrc                 text62       0032FC
_escalonador                      text18       0026E0
_escreve_caractere_lcd            text35       002E74
_escreve_cmd_lcd                  text36       002BEE
_escreve_frase_ram_lcd            text34       003216
_estado                           bssCOMRAM    00003F
_fileName                         dataBANK1    0001F6
_fileSize                         bssBANK0     0000C3
_flag                             bssBANK0     0000D6
_folder                           bssBANK2     000246
_fround                           text45       001428
_fround$3372                      cstackBANK0  00006C
_fround$3373                      cstackBANK0  000069
_get_dt                           text32       003030
_get_gpstime                      text29       002D80
_get_latitude                     text24       00298A
_get_longitude                    text23       0028E6
_gga_buffer                       bssBANK1     000100
_gga_code                         bssCOMRAM    000035
_gga_index                        bssCOMRAM    00003C
_gga_pointers                     bssBANK1     00018A
_gps                              text19       001676
_info_chaves                      bssBANK0     0000BC
_inicializa_shrc                  text17       00361A
_inicializa_tarefas               text16       003442
_inicializa_uart                  text13       0034FE
_init_hardware                    text6        003570
_init_interrupt                   text9        00359A
_init_lcd                         text5        002A2E
_init_oscilador                   text8        003612
_init_ports                       text7        003558
_is_it_gga_string                 bssCOMRAM    000044
_is_it_rmc_string                 bssCOMRAM    000043
_isdigit                          text44       003520
_isdigit$2851                     cstackCOMRAM 000017
_isr                              intcode      000008
_isspace                          text27       00348E
_isspace$2854                     cstackCOMRAM 000017
_leitura_adc                      text3        003100
_leitura_chaves_sistema           text4        0032B4
_leitura_continua_adc             text2        001D70
_main                             text0        0033B2
_memset                           text22       003416
_mensagem_inicial                 text1        002840
_n_s                              bssBANK0     0000DD
_p_tarefas                        bssBANK0     0000CF
_posicao_cursor_lcd               text20       002EE6
_rd                               bssBANK0     0000D8
_recebe_dado_uart                 text67       0035D0
_rmc_buffer                       bssBANK2     000200
_rmc_code                         bssBANK0     0000D3
_rmc_index                        bssCOMRAM    00003A
_rmc_pointers                     bssBANK1     00019E
_s                                bssCOMRAM    000041
_scale                            text43       000DAA
_scale$3374                       cstackBANK0  000069
_sinaliza_int_timer               bssCOMRAM    000048
_sprintf                          text42       000012
_sprintf$3375                     cstackBANK0  000092
_strlen                           text33       003340
_strtod                           text26       00095A
_tarefa_em_execucao               bssCOMRAM    000047
_tempo_backup                     bssBANK0     0000CB
_tempo_tarefa                     bssBANK0     0000C7
_timeout_tarefa                   bssBANK0     0000DA
_tratamento_uart                  text66       00231E
_txt                              bssBANK1     000176
_valor_leitura_adc                bssBANK1     000150
_write_timer_zero                 text11       0035AC
atof@s                            cstackBANK0  000074
atol@a                            cstackCOMRAM 00002B
atol@c                            cstackCOMRAM 00002F
atol@s                            cstackCOMRAM 000022
atol@sign                         cstackCOMRAM 00002A
btemp                             temp         00004A
configura_baudrate_uart@baudrate  cstackCOMRAM 000024
configura_baudrate_uart@x         cstackCOMRAM 000030
convert_time_to_utc@hour          cstackBANK0  0000B1
convert_time_to_utc@min           cstackBANK0  0000B3
convert_time_to_utc@sec           cstackBANK0  0000B5
convert_time_to_utc@utc_time      cstackBANK0  0000A9
convert_to_degrees@dec_deg        cstackBANK0  000082
convert_to_degrees@decimal        cstackBANK0  000087
convert_to_degrees@degrees        cstackBANK0  000085
convert_to_degrees@minutes        cstackBANK0  00007F
convert_to_degrees@nmea_lat_long  cstackBANK0  00007C
create_name@cvt                   mediumconst  00602B
delay@contador_ext                cstackCOMRAM 000016
delay@contador_int                cstackCOMRAM 000017
disk_readp@arr                    bssBIGRAM    000276
end_of_initialization             cinit        002B50
endereco_cursor_lcd@endereco      cstackCOMRAM 000018
envia_dados_shrc@contador         cstackCOMRAM 000016
envia_dados_shrc@data_to_shrc     cstackCOMRAM 000017
escalonador@cont                  cstackBANK0  0000BB
escreve_caractere_lcd@data        cstackCOMRAM 000018
escreve_cmd_lcd@comando           cstackCOMRAM 000018
escreve_frase_ram_lcd@buffer      cstackCOMRAM 000019
escreve_inteiro_lcd@F3962         dataBANK0    0000EC
escreve_inteiro_uart@F3952        dataBANK0    0000E5
fround@prec                       cstackBANK0  00006F
get_dt@dt_index                   cstackCOMRAM 000023
get_dt@dt_pointer                 cstackCOMRAM 000021
get_dt@index                      cstackCOMRAM 000022
get_gpstime@_time                 cstackBANK0  00006F
get_gpstime@index                 cstackBANK0  000073
get_gpstime@time_buffer           cstackBANK0  000060
get_latitude@_latitude            cstackBANK0  000089
get_latitude@index                cstackBANK0  00008D
get_latitude@lat_buffer           cstackBANK0  00007A
get_latitude@lat_index            cstackBANK0  00008E
get_latitude@lat_pointer          cstackBANK0  00008C
get_longitude@_longitude          cstackBANK0  000089
get_longitude@index               cstackBANK0  00008D
get_longitude@long_buffer         cstackBANK0  00007A
get_longitude@long_index          cstackBANK0  00008E
get_longitude@long_pointer        cstackBANK0  00008C
gps@date                          cstackBANK1  0001D9
gps@gps_buffer                    cstackBANK1  0001DD
gps@latitude                      cstackBANK1  0001F0
gps@longitude                     cstackBANK1  0001F3
gps@time                          cstackBANK1  0001EC
i2_write_timer_zero               text65       0035BE
i2write_timer_zero@timer          cstackCOMRAM 000003
i2write_timer_zero@timer0         cstackCOMRAM 000001
int$flags                         temp         00004A
int_func                          intcode_body 001FC0
intlevel0                         text         000000
intlevel1                         text         000000
intlevel2                         text         000000
intlevel3                         text         000000
isdigit@c                         cstackCOMRAM 000018
isr@cont                          cstackCOMRAM 000015
isspace@c                         cstackCOMRAM 000018
leitura_adc@canal                 cstackCOMRAM 00001C
leitura_chave@F3834               mediumconst  006143
leitura_chave@F3836               mediumconst  006132
leitura_chave@F3838               mediumconst  006121
leitura_continua_adc@cont         cstackCOMRAM 000024
leitura_continua_adc@cont_int     cstackCOMRAM 000023
memset@c                          cstackCOMRAM 000018
memset@n                          cstackCOMRAM 00001A
memset@p                          cstackCOMRAM 00001C
memset@p1                         cstackCOMRAM 000016
mensagem_inicial@F4018            mediumconst  006165
mensagem_inicial@F4020            mediumconst  006154
mensagem_inicial@msg_dois         cstackBANK0  000071
mensagem_inicial@msg_linha_um     cstackBANK0  000060
posicao_cursor_lcd@coluna         cstackCOMRAM 000019
posicao_cursor_lcd@endereco       cstackCOMRAM 00001B
posicao_cursor_lcd@linha          cstackCOMRAM 00001A
scale@scl                         cstackBANK0  00006C
sprintf@ap                        cstackBANK0  000095
sprintf@c                         cstackBANK0  0000A8
sprintf@exp                       cstackBANK0  000099
sprintf@f                         cstackBANK0  000084
sprintf@flag                      cstackBANK0  000097
sprintf@fval                      cstackBANK0  0000A5
sprintf@prec                      cstackBANK0  0000A3
sprintf@sp                        cstackBANK0  000082
sprintf@tmpval                    cstackBANK0  00009B
sprintf@val                       cstackBANK0  00009F
stackhi                           (abs)        0007FF
stacklo                           (abs)        000476
start                             init         00000E
start_initialization              cinit        002ACC
strlen@cp                         cstackCOMRAM 00001A
strlen@s                          cstackCOMRAM 000016
strtod@_u                         cstackBANK0  000070
strtod@eexp                       cstackBANK0  00006D
strtod@expon                      cstackBANK0  00006F
strtod@flags                      cstackBANK0  00006E
strtod@res                        cstackBANK0  00006B
strtod@s                          cstackBANK0  000069
timer_dois@flag                   bssCOMRAM    00003E
tratamento_uart@received_char     cstackCOMRAM 000001
write_timer_zero@timer            cstackCOMRAM 000018
write_timer_zero@timer0           cstackCOMRAM 000016


FUNCTION INFORMATION:

 *************** function _main *****************
 Defined at:
		line 205 in file "main.c"
 Parameters:    Size  Location     Type
		None
 Auto vars:     Size  Location     Type
		None
 Return value:  Size  Location     Type
                  1    wreg      void 
 Registers used:
		wreg, fsr0l, fsr0h, fsr1l, fsr1h, fsr2l, fsr2h, status,2, status,0, pclath, tosl, tblptrl, tblptrh, tblptru, prodl, prodh, cstack
 Tracked objects:
		On entry : 
		On exit  : 
		Unchanged: 
 Data sizes:     COMRAM   BANK0   BANK1   BANK2   BANK3   BANK4   BANK5   BANK6   BANK7
      Params:         0       0       0       0       0       0       0       0       0
      Locals:         0       0       0       0       0       0       0       0       0
      Temps:          0       0       0       0       0       0       0       0       0
      Totals:         0       0       0       0       0       0       0       0       0
Total ram usage:        0 bytes
 Hardware stack levels required when called:    9
 This function calls:
		_controle_shrc
		_escalonador
		_inicializa_shrc
		_inicializa_tarefas
		_inicializa_uart
		_init_hardware
		_init_lcd
		_leitura_chaves_sistema
		_leitura_continua_adc
		_mensagem_inicial
 This function is called by:
		Startup code after reset
 This function uses a non-reentrant model


 *************** function _mensagem_inicial *****************
 Defined at:
		line 236 in file "main.c"
 Parameters:    Size  Location     Type
		None
 Auto vars:     Size  Location     Type
  msg_dois       17   17[BANK0 ] const unsigned char [17]
  msg_linha_um   17    0[BANK0 ] const unsigned char [17]
 Return value:  Size  Location     Type
                  1    wreg      void 
 Registers used:
		wreg, fsr0l, fsr0h, fsr2l, fsr2h, status,2, status,0, tblptrl, tblptrh, tblptru, cstack
 Tracked objects:
		On entry : 
		On exit  : 
		Unchanged: 
 Data sizes:     COMRAM   BANK0   BANK1   BANK2   BANK3   BANK4   BANK5   BANK6   BANK7
      Params:         0       0       0       0       0       0       0       0       0
      Locals:         0      34       0       0       0       0       0       0       0
      Temps:          2       0       0       0       0       0       0       0       0
      Totals:         2      34       0       0       0       0       0       0       0
Total ram usage:       36 bytes
 Hardware stack levels used:    1
 Hardware stack levels required when called:    5
 This function calls:
		_escreve_cmd_lcd
		_escreve_frase_ram_lcd
		_posicao_cursor_lcd
 This function is called by:
		_main
 This function uses a non-reentrant model


 *************** function _leitura_continua_adc *****************
 Defined at:
		line 109 in file "bibliotecas/adc.c"
 Parameters:    Size  Location     Type
		None
 Auto vars:     Size  Location     Type
  cont_int        1   34[COMRAM] unsigned char 
  cont            1   35[COMRAM] unsigned char 
 Return value:  Size  Location     Type
                  1    wreg      void 
 Registers used:
		wreg, fsr2l, fsr2h, status,2, status,0, prodl, prodh, cstack
 Tracked objects:
		On entry : 
		On exit  : 
		Unchanged: 
 Data sizes:     COMRAM   BANK0   BANK1   BANK2   BANK3   BANK4   BANK5   BANK6   BANK7
      Params:         0       0       0       0       0       0       0       0       0
      Locals:         2       0       0       0       0       0       0       0       0
      Temps:          6       0       0       0       0       0       0       0       0
      Totals:         8       0       0       0       0       0       0       0       0
Total ram usage:        8 bytes
 Hardware stack levels used:    1
 Hardware stack levels required when called:    3
 This function calls:
		_leitura_adc
 This function is called by:
		_main
 This function uses a non-reentrant model


 *************** function _leitura_adc *****************
 Defined at:
		line 76 in file "bibliotecas/adc.c"
 Parameters:    Size  Location     Type
  canal           1    wreg     unsigned char 
 Auto vars:     Size  Location     Type
  canal           1   27[COMRAM] unsigned char 
 Return value:  Size  Location     Type
                  2   21[COMRAM] unsigned int 
 Registers used:
		wreg, status,2, status,0
 Tracked objects:
		On entry : 
		On exit  : 
		Unchanged: 
 Data sizes:     COMRAM   BANK0   BANK1   BANK2   BANK3   BANK4   BANK5   BANK6   BANK7
      Params:         2       0       0       0       0       0       0       0       0
      Locals:         1       0       0       0       0       0       0       0       0
      Temps:          4       0       0       0       0       0       0       0       0
      Totals:         7       0       0       0       0       0       0       0       0
Total ram usage:        7 bytes
 Hardware stack levels used:    1
 Hardware stack levels required when called:    2
 This function calls:
		Nothing
 This function is called by:
		_leitura_continua_adc
 This function uses a non-reentrant model


 *************** function _leitura_chaves_sistema *****************
 Defined at:
		line 47 in file "bibliotecas/chaves.c"
 Parameters:    Size  Location     Type
		None
 Auto vars:     Size  Location     Type
		None
 Return value:  Size  Location     Type
                  1    wreg      void 
 Registers used:
		wreg
 Tracked objects:
		On entry : 
		On exit  : 
		Unchanged: 
 Data sizes:     COMRAM   BANK0   BANK1   BANK2   BANK3   BANK4   BANK5   BANK6   BANK7
      Params:         0       0       0       0       0       0       0       0       0
      Locals:         0       0       0       0       0       0       0       0       0
      Temps:          0       0       0       0       0       0       0       0       0
      Totals:         0       0       0       0       0       0       0       0       0
Total ram usage:        0 bytes
 Hardware stack levels used:    1
 Hardware stack levels required when called:    2
 This function calls:
		Nothing
 This function is called by:
		_main
 This function uses a non-reentrant model


 *************** function _init_lcd *****************
 Defined at:
		line 71 in file "bibliotecas/display_lcd.c"
 Parameters:    Size  Location     Type
		None
 Auto vars:     Size  Location     Type
		None
 Return value:  Size  Location     Type
                  1    wreg      void 
 Registers used:
		wreg, status,2, status,0, cstack
 Tracked objects:
		On entry : 
		On exit  : 
		Unchanged: 
 Data sizes:     COMRAM   BANK0   BANK1   BANK2   BANK3   BANK4   BANK5   BANK6   BANK7
      Params:         0       0       0       0       0       0       0       0       0
      Locals:         0       0       0       0       0       0       0       0       0
      Temps:          1       0       0       0       0       0       0       0       0
      Totals:         1       0       0       0       0       0       0       0       0
Total ram usage:        1 bytes
 Hardware stack levels used:    1
 Hardware stack levels required when called:    4
 This function calls:
		_delay
		_escreve_cmd_lcd
 This function is called by:
		_main
 This function uses a non-reentrant model


 *************** function _init_hardware *****************
 Defined at:
		line 55 in file "bibliotecas/hardware.c"
 Parameters:    Size  Location     Type
		None
 Auto vars:     Size  Location     Type
		None
 Return value:  Size  Location     Type
                  1    wreg      void 
 Registers used:
		wreg, status,2, cstack
 Tracked objects:
		On entry : 
		On exit  : 
		Unchanged: 
 Data sizes:     COMRAM   BANK0   BANK1   BANK2   BANK3   BANK4   BANK5   BANK6   BANK7
      Params:         0       0       0       0       0       0       0       0       0
      Locals:         0       0       0       0       0       0       0       0       0
      Temps:          0       0       0       0       0       0       0       0       0
      Totals:         0       0       0       0       0       0       0       0       0
Total ram usage:        0 bytes
 Hardware stack levels used:    1
[...]
      Params:         5       0       0       0       0       0       0       0       0
      Locals:         0       0       0       0       0       0       0       0       0
      Temps:          3       0       0       0       0       0       0       0       0
      Totals:         8       0       0       0       0       0       0       0       0
Total ram usage:        8 bytes
 Hardware stack levels used:    1
 Hardware stack levels required when called:    2
 This function calls:
		Nothing
 This function is called by:
		___altoft
		___awtoft
		___ftadd
		___ftdiv
		___ftmul
		___lltoft
 This function uses a non-reentrant model


 *************** function ___ftneg *****************
 Defined at:
		line 15 in file "C:\Program Files (x86)\Microchip\xc8\v1.41\sources\common\ftneg.c"
 Parameters:    Size  Location     Type
  f1              3    6[BANK0 ] float 
 Auto vars:     Size  Location     Type
		None
 Return value:  Size  Location     Type
                  3    6[BANK0 ] float 
 Registers used:
		wreg, status,2, status,0
 Tracked objects:
		On entry : 
		On exit  : 
		Unchanged: 
 Data sizes:     COMRAM   BANK0   BANK1   BANK2   BANK3   BANK4   BANK5   BANK6   BANK7
      Params:         0       3       0       0       0       0       0       0       0
      Locals:         0       0       0       0       0       0       0       0       0
      Temps:          0       0       0       0       0       0       0       0       0
      Totals:         0       3       0       0       0       0       0       0       0
Total ram usage:        3 bytes
 Hardware stack levels used:    1
 Hardware stack levels required when called:    2
 This function calls:
		Nothing
 This function is called by:
		_convert_to_degrees
		_sprintf
		_strtod
		_escreve_float_lcd
 This function uses a non-reentrant model


 *************** function ___ftge *****************
 Defined at:
		line 4 in file "C:\Program Files (x86)\Microchip\xc8\v1.41\sources\common\ftge.c"
 Parameters:    Size  Location     Type
  ff1             3   21[COMRAM] float 
  ff2             3   24[COMRAM] float 
 Auto vars:     Size  Location     Type
		None
 Return value:  Size  Location     Type
		None               void
 Registers used:
		wreg, status,2, status,0
 Tracked objects:
		On entry : 
		On exit  : 
		Unchanged: 
 Data sizes:     COMRAM   BANK0   BANK1   BANK2   BANK3   BANK4   BANK5   BANK6   BANK7
      Params:         6       0       0       0       0       0       0       0       0
      Locals:         0       0       0       0       0       0       0       0       0
      Temps:          3       0       0       0       0       0       0       0       0
      Totals:         9       0       0       0       0       0       0       0       0
Total ram usage:        9 bytes
 Hardware stack levels used:    1
 Hardware stack levels required when called:    2
 This function calls:
		Nothing
 This function is called by:
		_sprintf
		_strtod
		_escreve_float_lcd
 This function uses a non-reentrant model


 *************** function _controle_shrc *****************
 Defined at:
		line 112 in file "bibliotecas/SHRC.c"
 Parameters:    Size  Location     Type
		None
 Auto vars:     Size  Location     Type
		None
 Return value:  Size  Location     Type
                  1    wreg      void 
 Registers used:
		wreg, status,2, status,0, cstack
 Tracked objects:
		On entry : 
		On exit  : 
		Unchanged: 
 Data sizes:     COMRAM   BANK0   BANK1   BANK2   BANK3   BANK4   BANK5   BANK6   BANK7
      Params:         0       0       0       0       0       0       0       0       0
      Locals:         0       0       0       0       0       0       0       0       0
      Temps:          0       0       0       0       0       0       0       0       0
      Totals:         0       0       0       0       0       0       0       0       0
Total ram usage:        0 bytes
 Hardware stack levels used:    1
 Hardware stack levels required when called:    3
 This function calls:
		_ativa_latch_shrc
		_envia_dados_shrc
 This function is called by:
		_main
		_timer_dois
 This function uses a non-reentrant model


 *************** function _envia_dados_shrc *****************
 Defined at:
		line 62 in file "bibliotecas/SHRC.c"
 Parameters:    Size  Location     Type
  data_to_shrc    1    wreg     unsigned char 
 Auto vars:     Size  Location     Type
  data_to_shrc    1   22[COMRAM] unsigned char 
  contador        1   21[COMRAM] unsigned char 
 Return value:  Size  Location     Type
                  1    wreg      void 
 Registers used:
		wreg, status,2, status,0
 Tracked objects:
		On entry : 
		On exit  : 
		Unchanged: 
 Data sizes:     COMRAM   BANK0   BANK1   BANK2   BANK3   BANK4   BANK5   BANK6   BANK7
      Params:         0       0       0       0       0       0       0       0       0
      Locals:         2       0       0       0       0       0       0       0       0
      Temps:          0       0       0       0       0       0       0       0       0
      Totals:         2       0       0       0       0       0       0       0       0
Total ram usage:        2 bytes
 Hardware stack levels used:    1
 Hardware stack levels required when called:    2
 This function calls:
		Nothing
 This function is called by:
		_controle_shrc
 This function uses a non-reentrant model


 *************** function _ativa_latch_shrc *****************
 Defined at:
		line 96 in file "bibliotecas/SHRC.c"
 Parameters:    Size  Location     Type
		None
 Auto vars:     Size  Location     Type
		None
 Return value:  Size  Location     Type
                  1    wreg      void 
 Registers used:
		wreg
 Tracked objects:
		On entry : 
		On exit  : 
		Unchanged: 
 Data sizes:     COMRAM   BANK0   BANK1   BANK2   BANK3   BANK4   BANK5   BANK6   BANK7
      Params:         0       0       0       0       0       0       0       0       0
      Locals:         0       0       0       0       0       0       0       0       0
      Temps:          0       0       0       0       0       0       0       0       0
      Totals:         0       0       0       0       0       0       0       0       0
Total ram usage:        0 bytes
 Hardware stack levels used:    1
 Hardware stack levels required when called:    2
 This function calls:
		Nothing
 This function is called by:
		_controle_shrc
 This function uses a non-reentrant model


 *************** function _isr *****************
 Defined at:
		line 96 in file "main.c"
 Parameters:    Size  Location     Type
		None
 Auto vars:     Size  Location     Type
  cont            1   20[COMRAM] unsigned char 
 Return value:  Size  Location     Type
                  1    wreg      void 
 Registers used:
		wreg, fsr2l, fsr2h, status,2, status,0, prodl, prodh, cstack
 Tracked objects:
		On entry : 
		On exit  : 
		Unchanged: 
 Data sizes:     COMRAM   BANK0   BANK1   BANK2   BANK3   BANK4   BANK5   BANK6   BANK7
      Params:         0       0       0       0       0       0       0       0       0
      Locals:         1       0       0       0       0       0       0       0       0
      Temps:         16       0       0       0       0       0       0       0       0
      Totals:        17       0       0       0       0       0       0       0       0
Total ram usage:       17 bytes
 Hardware stack levels used:    1
 Hardware stack levels required when called:    1
 This function calls:
		_recebe_dado_uart
		_tratamento_uart
		i2_write_timer_zero
 This function is called by:
		Interrupt level 2
 This function uses a non-reentrant model


 *************** function i2_write_timer_zero *****************
 Defined at:
		line 138 in file "bibliotecas/hardware.c"
 Parameters:    Size  Location     Type
  timer0          2    0[COMRAM] unsigned int 
 Auto vars:     Size  Location     Type
  write_timer_    2    2[COMRAM] struct Timers
 Return value:  Size  Location     Type
                  1    wreg      void 
 Registers used:
		None
 Tracked objects:
		On entry : 
		On exit  : 
		Unchanged: 
 Data sizes:     COMRAM   BANK0   BANK1   BANK2   BANK3   BANK4   BANK5   BANK6   BANK7
      Params:         2       0       0       0       0       0       0       0       0
      Locals:         2       0       0       0       0       0       0       0       0
      Temps:          0       0       0       0       0       0       0       0       0
      Totals:         4       0       0       0       0       0       0       0       0
Total ram usage:        4 bytes
 Hardware stack levels used:    1
 This function calls:
		Nothing
 This function is called by:
		_isr
 This function uses a non-reentrant model


 *************** function _tratamento_uart *****************
 Defined at:
		line 312 in file "bibliotecas/GPS.c"
 Parameters:    Size  Location     Type
  received_cha    1    wreg     unsigned char 
 Auto vars:     Size  Location     Type
  received_cha    1    0[COMRAM] unsigned char 
 Return value:  Size  Location     Type
                  1    wreg      void 
 Registers used:
		wreg, fsr2l, fsr2h, status,2, status,0, prodl, prodh
 Tracked objects:
		On entry : 
		On exit  : 
		Unchanged: 
 Data sizes:     COMRAM   BANK0   BANK1   BANK2   BANK3   BANK4   BANK5   BANK6   BANK7
      Params:         0       0       0       0       0       0       0       0       0
      Locals:         1       0       0       0       0       0       0       0       0
      Temps:          0       0       0       0       0       0       0       0       0
      Totals:         1       0       0       0       0       0       0       0       0
Total ram usage:        1 bytes
 Hardware stack levels used:    1
 This function calls:
		Nothing
 This function is called by:
		_isr
 This function uses a non-reentrant model


 *************** function _recebe_dado_uart *****************
 Defined at:
		line 138 in file "bibliotecas/uart.c"
 Parameters:    Size  Location     Type
		None
 Auto vars:     Size  Location     Type
		None
 Return value:  Size  Location     Type
                  1    wreg      unsigned char 
 Registers used:
		wreg, status,2
 Tracked objects:
		On entry : 
		On exit  : 
		Unchanged: 
 Data sizes:     COMRAM   BANK0   BANK1   BANK2   BANK3   BANK4   BANK5   BANK6   BANK7
      Params:         0       0       0       0       0       0       0       0       0
      Locals:         0       0       0       0       0       0       0       0       0
      Temps:          0       0       0       0       0       0       0       0       0
      Totals:         0       0       0       0       0       0       0       0       0
Total ram usage:        0 bytes
 Hardware stack levels used:    1
 This function calls:
		Nothing
 This function is called by:
		_isr
		_recebe_string_uart
 This function uses a non-reentrant model



MODULE INFORMATION

Module		Function		Class		Link	Load	Size
C:\Program Files (x86)\Microchip\xc8\v1.41\sources\common\awdiv.c
		___awdiv       		CODE           	2C7A	0000	133

C:\Program Files (x86)\Microchip\xc8\v1.41\sources\common\awdiv.c estimated size: 133

bibliotecas/uart.c
		_configura_baudrate_uart		CODE           	1C44	0000	301
		_recebe_dado_uart		CODE           	35D0	0000	19
		_inicializa_uart		CODE           	34FE	0000	35

bibliotecas/uart.c estimated size: 355

bibliotecas/chaves.c
		_leitura_chaves_sistema		CODE           	32B4	0000	73

bibliotecas/chaves.c estimated size: 73

C:\Program Files (x86)\Microchip\xc8\v1.41\sources\common\atol.c
		_atol          		CODE           	2436	0000	249

C:\Program Files (x86)\Microchip\xc8\v1.41\sources\common\atol.c estimated size: 249

C:\Program Files (x86)\Microchip\xc8\v1.41\sources\common\lldiv.c
		___lldiv       		CODE           	2CFE	0000	131

C:\Program Files (x86)\Microchip\xc8\v1.41\sources\common\lldiv.c estimated size: 131

C:\Program Files (x86)\Microchip\xc8\v1.41\sources\common\aldiv.c
		___aldiv       		CODE           	2614	0000	205

C:\Program Files (x86)\Microchip\xc8\v1.41\sources\common\aldiv.c estimated size: 205

C:\Program Files (x86)\Microchip\xc8\v1.41\sources\common\doprnt.c
		_scale         		CODE           	0DAA	0000	1047
		_sprintf       		CODE           	0012	0000	2377
		_fround        		CODE           	1428	0000	591

C:\Program Files (x86)\Microchip\xc8\v1.41\sources\common\doprnt.c estimated size: 4015

C:\Program Files (x86)\Microchip\xc8\v1.41\sources\common\ftdivl.c
		__tdiv_to_l_   		CODE           	1B12	0000	307

C:\Program Files (x86)\Microchip\xc8\v1.41\sources\common\ftdivl.c estimated size: 307

C:\Program Files (x86)\Microchip\xc8\v1.41\sources\common\fttol.c
		___fttol       		CODE           	1894	0000	325

C:\Program Files (x86)\Microchip\xc8\v1.41\sources\common\fttol.c estimated size: 325

C:\Program Files (x86)\Microchip\xc8\v1.41\sources\common\Umul16.c
		___wmul        		CODE           	34B4	0000	39

C:\Program Files (x86)\Microchip\xc8\v1.41\sources\common\Umul16.c estimated size: 39

C:\Program Files (x86)\Microchip\xc8\v1.41\sources\common\isdigit.c
		_isdigit       		CODE           	3520	0000	31

C:\Program Files (x86)\Microchip\xc8\v1.41\sources\common\isdigit.c estimated size: 31

C:\Program Files (x86)\Microchip\xc8\v1.41\sources\common\atof.c
		_atof          		CODE           	3468	0000	39
		_strtod        		CODE           	095A	0000	1105

C:\Program Files (x86)\Microchip\xc8\v1.41\sources\common\atof.c estimated size: 1144

C:\Program Files (x86)\Microchip\xc8\v1.41\sources\common\ftadd.c
		___ftadd       		CODE           	11C0	0000	617

C:\Program Files (x86)\Microchip\xc8\v1.41\sources\common\ftadd.c estimated size: 617

C:\Program Files (x86)\Microchip\xc8\v1.41\sources\common\ftge.c
		___ftge        		CODE           	2B5E	0000	145

C:\Program Files (x86)\Microchip\xc8\v1.41\sources\common\ftge.c estimated size: 145

C:\Program Files (x86)\Microchip\xc8\v1.41\sources\common\Umul32.c
		___lmul        		CODE           	31C0	0000	87

C:\Program Files (x86)\Microchip\xc8\v1.41\sources\common\Umul32.c estimated size: 87

C:\Program Files (x86)\Microchip\xc8\v1.41\sources\common\fldivl.c
		__div_to_l_    		CODE           	1E98	0000	297

C:\Program Files (x86)\Microchip\xc8\v1.41\sources\common\fldivl.c estimated size: 297

C:\Program Files (x86)\Microchip\xc8\v1.41\sources\common\ftneg.c
		___ftneg       		CODE           	33E6	0000	49

C:\Program Files (x86)\Microchip\xc8\v1.41\sources\common\ftneg.c estimated size: 49

C:\Program Files (x86)\Microchip\xc8\v1.41\sources\common\ftsub.c
		___ftsub       		CODE           	3268	0000	77

C:\Program Files (x86)\Microchip\xc8\v1.41\sources\common\ftsub.c estimated size: 77

C:\Program Files (x86)\Microchip\xc8\v1.41\sources\common\float.c
		___ftpack      		CODE           	2792	0000	175

C:\Program Files (x86)\Microchip\xc8\v1.41\sources\common\float.c estimated size: 175

bibliotecas/hardware.c
		_init_hardware 		CODE           	3570	0000	23
		_config_timer_dois		CODE           	35F0	0000	13
		_config_timer_zero		CODE           	353E	0000	27
		_init_ports    		CODE           	3558	0000	25
		_write_timer_zero		CODE           	35AC	0000	19
		_init_interrupt		CODE           	359A	0000	19
		_init_oscilador		CODE           	3612	0000	9

bibliotecas/hardware.c estimated size: 135

shared
		mensagem_inicial@F4018		MEDIUMCONST    	6165	0000	18
		leitura_chave@F3834		MEDIUMCONST    	6143	0000	18
		__powers_      		MEDIUMCONST    	60D3	0000	40
		leitura_chave@F3836		MEDIUMCONST    	6132	0000	18
		leitura_chave@F3838		MEDIUMCONST    	6121	0000	18
		_dpowers       		MEDIUMCONST    	60AB	0000	41
		__npowers_     		MEDIUMCONST    	60FA	0000	40
		__initialization		CODE           	2ACC	0000	133
		create_name@cvt		MEDIUMCONST    	602B	0000	129
		mensagem_inicial@F4020		MEDIUMCONST    	6154	0000	18
		i2_write_timer_zero		CODE           	35BE	0000	19

shared estimated size: 492

C:\Program Files (x86)\Microchip\xc8\v1.41\sources\common\strlen.c
		_strlen        		CODE           	3340	0000	59

C:\Program Files (x86)\Microchip\xc8\v1.41\sources\common\strlen.c estimated size: 59

C:\Program Files (x86)\Microchip\xc8\v1.41\sources\common\awmod.c
		___awmod       		CODE           	2F56	0000	113

C:\Program Files (x86)\Microchip\xc8\v1.41\sources\common\awmod.c estimated size: 113

C:\Program Files (x86)\Microchip\xc8\v1.41\sources\common\awtoft.c
		___awtoft      		CODE           	337A	0000	57

C:\Program Files (x86)\Microchip\xc8\v1.41\sources\common\awtoft.c estimated size: 57

C:\Program Files (x86)\Microchip\xc8\v1.41\sources\common\altoft.c
		___altoft      		CODE           	2DFC	0000	121

C:\Program Files (x86)\Microchip\xc8\v1.41\sources\common\altoft.c estimated size: 121

bibliotecas/adc.c
		_leitura_continua_adc		CODE           	1D70	0000	297
		_leitura_adc   		CODE           	3100	0000	101

bibliotecas/adc.c estimated size: 398

C:\Program Files (x86)\Microchip\xc8\v1.41\sources\common\llmod.c
		___llmod       		CODE           	309A	0000	103

C:\Program Files (x86)\Microchip\xc8\v1.41\sources\common\llmod.c estimated size: 103

C:\Program Files (x86)\Microchip\xc8\v1.41\sources\common\memset.c
		_memset        		CODE           	3416	0000	45

C:\Program Files (x86)\Microchip\xc8\v1.41\sources\common\memset.c estimated size: 45

C:\Program Files (x86)\Microchip\xc8\v1.41\sources\common\isspace.c
		_isspace       		CODE           	348E	0000	39

C:\Program Files (x86)\Microchip\xc8\v1.41\sources\common\isspace.c estimated size: 39

bibliotecas/display_lcd.c
		_delay         		CODE           	34DA	0000	37
		_init_lcd      		CODE           	2A2E	0000	159
		_endereco_cursor_lcd		CODE           	2FC6	0000	107
		_escreve_cmd_lcd		CODE           	2BEE	0000	141
		_posicao_cursor_lcd		CODE           	2EE6	0000	113
		_escreve_caractere_lcd		CODE           	2E74	0000	115
		_escreve_frase_ram_lcd		CODE           	3216	0000	83

bibliotecas/display_lcd.c estimated size: 755

C:\Program Files (x86)\Microchip\xc8\v1.41\sources\common\ftmul.c
		___ftmul       		CODE           	20E4	0000	289

C:\Program Files (x86)\Microchip\xc8\v1.41\sources\common\ftmul.c estimated size: 289

C:\Program Files (x86)\Microchip\xc8\v1.41\sources\common\lltoft.c
		___lltoft      		CODE           	3164	0000	93

C:\Program Files (x86)\Microchip\xc8\v1.41\sources\common\lltoft.c estimated size: 93

main.c
		_main          		CODE           	33B2	0000	53
		_isr           		CODE           	0008	0000	299
		_escalonador   		CODE           	26E0	0000	179
		_mensagem_inicial		CODE           	2840	0000	167
		_inicializa_tarefas		CODE           	3442	0000	39

main.c estimated size: 737

C:\Program Files (x86)\Microchip\xc8\v1.41\sources\common\ftdiv.c
		___ftdiv       		CODE           	252E	0000	231

C:\Program Files (x86)\Microchip\xc8\v1.41\sources\common\ftdiv.c estimated size: 231

bibliotecas/GPS.c
		_get_longitude 		CODE           	28E6	0000	165
		_tratamento_uart		CODE           	231E	0000	281
		_get_latitude  		CODE           	298A	0000	165
		_convert_to_degrees		CODE           	19D8	0000	315
		_gps           		CODE           	1676	0000	543
		_get_dt        		CODE           	3030	0000	107
		_convert_time_to_utc		CODE           	2204	0000	283
		_get_gpstime   		CODE           	2D80	0000	125

bibliotecas/GPS.c estimated size: 1984

bibliotecas/SHRC.c
		_ativa_latch_shrc		CODE           	3586	0000	21
		_controle_shrc 		CODE           	35FC	0000	13
		_inicializa_shrc		CODE           	361A	0000	9
		_envia_dados_shrc		CODE           	32FC	0000	69

bibliotecas/SHRC.c estimated size: 112

