Microchip MPLAB XC8 Compiler V1.45 ()

Linker command line:

-W-3 --edf=C:\Program Files (x86)\Microchip\xc8\v1.45\dat\en_msgs.txt -cs \
  -h+dist/default/production\SDCARDV6.production.sym \
  --cmf=dist/default/production\SDCARDV6.production.cmf -z -Q18F4550 \
  -oC:\Users\Felipe\AppData\Local\Temp\s7do.2 \
  -Mdist/default/production/SDCARDV6.production.map -E1 -ver=XC8 \
  -ASTACK=0754h-07ffh -pstack=STACK -ACODE=00h-0627Fh -ACONST=00h-0627Fh \
  -ASMALLCONST=0800h-08FFhx90,06200h-0627Fh -AMEDIUMCONST=0800h-0627Fh \
  -ACOMRAM=01h-05Fh -AABS1=00h-07FFh -ABIGRAM=01h-07FFh \
  -ARAM=060h-0FFh,0100h-01FFhx7 -ABANK0=060h-0FFh -ABANK1=0100h-01FFh \
  -ABANK2=0200h-02FFh -ABANK3=0300h-03FFh -ABANK4=0400h-04FFh \
  -ABANK5=0500h-05FFh -ABANK6=0600h-06FFh -ABANK7=0700h-07FFh \
  -ASFR=0F60h-0FFFh -preset_vec=00h,intcode=08h,intcodelo,powerup,init \
  -pramtop=0800h -psmallconst=SMALLCONST -pmediumconst=MEDIUMCONST \
  -pconst=CONST -AFARRAM=00h-00h -ACONFIG=0300000h-030000Dh -pconfig=CONFIG \
  -AIDLOC=0200000h-0200007h -pidloc=IDLOC -AEEDATA=0F00000h-0F000FFh \
  -peeprom_data=EEDATA \
  -prdata=COMRAM,nvrram=COMRAM,nvbit=COMRAM,rbss=COMRAM,rbit=COMRAM \
  -pfarbss=FARRAM,fardata=FARRAM,nvFARRAM=FARRAM \
  -pintsave_regs=BIGRAM,bigbss=BIGRAM,bigdata=BIGRAM -pbss=RAM \
  -pidata=CODE,irdata=CODE,ibigdata=CODE,ifardata=CODE -prparam=COMRAM \
  C:\Users\Felipe\AppData\Local\Temp\s7do.obj \
  dist/default/production\SDCARDV6.production.obj 

Object code version is 3.11

Machine type is 18F4550

Call graph: (short form)




                Name                               Link     Load   Length Selector   Space Scale
C:\Users\Felipe\AppData\Local\Temp\s7do.obj
                init                                  E        E        4        4       0
                reset_vec                             0        0        4        0       0
                idloc                            200000   200000        8   200000       0
                config                           300000   300000        E   300000       0
dist/default/production\SDCARDV6.production.obj
                intcode                               8        8        6        4       0
                temp                                 46       46        1        1       1
                mediumconst                        60B8     60B8      1C8     305C       0
                text83                             5B72     5B72       12     2D70       0
                text82                             5B60     5B60       12     2D70       0
                intcode_body                       4200     4200      120        4       0
                text80                             4434     4434      108        4       0
                text79                             5A9E     5A9E       24        4       0
                text78                             52FE     52FE       72        4       0
                text77                             5678     5678       52        4       0
                text76                             5626     5626       52        4       0
                text75                             5824     5824       42        4       0
                text74                             4DAE     4DAE       A4        4       0
                text73                             579E     579E       44        4       0
                text72                             58E2     58E2       3E        4       0
                text71                             5758     5758       46        4       0
                text70                             5994     5994       38        4       0
                text69                             58A4     58A4       3E        4       0
                text68                             4F86     4F86       8C        4       0
                text67                             544E     544E       6A        4       0
                text66                             5370     5370       70        4       0
                text65                             5BAA     5BAA        C     2D70       0
                text64                             5520     5520       5E        4       0
                text63                             5B84     5B84        E     2D70       0
                text62                             367C     367C      1B2        4       0
                text61                             48B8     48B8       C2        4       0
                text60                             3E3E     3E3E      166        4       0
                text59                             5096     5096       84        4       0
                text58                             39D8     39D8      180        4       0
                text57                             4C5C     4C5C       AA        4       0
                text56                             5A76     5A76       28        4       0
                text55                             57E2     57E2       42        4       0
                text54                             5A4E     5A4E       28        4       0
                text53                             5A26     5A26       28        4       0
                text52                             53E0     53E0       6E        4       0
                text51                             32D0     32D0      1E4        4       0
                text50                             5B28     5B28       14     2D70       0
                text49                             5866     5866       3E        4       0
                text48                             497A     497A       C0        4       0
                text47                             3CCC     3CCC      172        4       0
                text46                             5712     5712       46        4       0
                text45                             511A     511A       82        4       0
                text44                             557E     557E       56        4       0
                text43                             595C     595C       38        4       0
                text42                             5012     5012       84        4       0
                text41                             4320     4320      114        4       0
                text40                             4A3A     4A3A       BE        4       0
                text39                             1D6A     1D6A      46C        4       0
                text38                             5920     5920       3C        4       0
                text37                             382E     382E      1AA        4       0
                text36                             4AF8     4AF8       B8        4       0
                text35                               12       12      AD0        4       0
                text34                             4BB0     4BB0       AC        4       0
                text33                             29D2     29D2      382        4       0
                text32                             21D6     21D6      456        4       0
                text31                             1884     1884      4E6        4       0
                text30                             47F4     47F4       C4        4       0
                text29                             40DE     40DE      122        4       0
                text28                             262C     262C      3A6        4       0
                text27                             2D54     2D54      332        4       0
                text26                             453C     453C      102        4       0
                text25                             55D4     55D4       52        4       0
                text24                             4722     4722       D2        4       0
                text23                             56CA     56CA       48        4       0
                text22                             54B8     54B8       68        4       0
                text21                             4EF0     4EF0       96        4       0
                text20                             3086     3086      24A        4       0
                text19                             3FA4     3FA4      13A        4       0
                text18                             5216     5216       76        4       0
                text17                             3B58     3B58      174        4       0
                text16                             34B4     34B4      1C8        4       0
                text15                             12E0     12E0      5A4        4       0
                text14                              AE2      AE2      7FE        4       0
                text13                             463E     463E       E4        4       0
                text12                             4D06     4D06       A8        4       0
                text11                             5B9E     5B9E        C     2D70       0
                text10                             59CC     59CC       32        4       0
                text9                              5B92     5B92        C     2D70       0
                text8                              5B4E     5B4E       12     2D70       0
                text7                              5AE0     5AE0       1A     2D70       0
                text6                              5B3C     5B3C       12     2D70       0
                text5                              5BB6     5BB6        8     2D70       0
                text4                              5AFA     5AFA       18     2D70       0
                text3                              5B12     5B12       16     2D70       0
                text2                              4E52     4E52       9E        4       0
                text1                              519C     519C       7A        4       0
                text0                              59FE     59FE       28        4       0
                cstackCOMRAM                          1        1       2D        1       1
                cstackBANK0                          60       60       98       60       1
                cstackBANK1                         16C      16C       5D      100       1
                cstackBANK3                         300      300       25      300       1
                bssBIGRAM                           325      325      42F      325       1
                bssBANK2                            200      200       FA      200       1
                dataBANK1                           1C9      1C9       1D      100       1
                bssBANK1                            100      100       6C      100       1
                bssBANK0                             F8       F8        8       60       1
                bssCOMRAM                            2E       2E       18        1       1
                cinit                              528C     528C       72        4       0
                idataBANK1                         5AC2     5AC2       1D        4       0

TOTAL           Name                               Link     Load   Length     Space
        CLASS   STACK          

        CLASS   CODE           
                intcode                               8        8        6         0
                init                                  E        E        4         0
                reset_vec                             0        0        4         0
                text83                             5B72     5B72       12         0
                text82                             5B60     5B60       12         0
                intcode_body                       4200     4200      120         0
                text80                             4434     4434      108         0
                text79                             5A9E     5A9E       24         0
                text78                             52FE     52FE       72         0
                text77                             5678     5678       52         0
                text76                             5626     5626       52         0
                text75                             5824     5824       42         0
                text74                             4DAE     4DAE       A4         0
                text73                             579E     579E       44         0
                text72                             58E2     58E2       3E         0
                text71                             5758     5758       46         0
                text70                             5994     5994       38         0
                text69                             58A4     58A4       3E         0
                text68                             4F86     4F86       8C         0
                text67                             544E     544E       6A         0
                text66                             5370     5370       70         0
                text65                             5BAA     5BAA        C         0
                text64                             5520     5520       5E         0
                text63                             5B84     5B84        E         0
                text62                             367C     367C      1B2         0
                text61                             48B8     48B8       C2         0
                text60                             3E3E     3E3E      166         0
                text59                             5096     5096       84         0
                text58                             39D8     39D8      180         0
                text57                             4C5C     4C5C       AA         0
                text56                             5A76     5A76       28         0
                text55                             57E2     57E2       42         0
                text54                             5A4E     5A4E       28         0
                text53                             5A26     5A26       28         0
                text52                             53E0     53E0       6E         0
                text51                             32D0     32D0      1E4         0
                text50                             5B28     5B28       14         0
                text49                             5866     5866       3E         0
                text48                             497A     497A       C0         0
                text47                             3CCC     3CCC      172         0
                text46                             5712     5712       46         0
                text45                             511A     511A       82         0
                text44                             557E     557E       56         0
                text43                             595C     595C       38         0
                text42                             5012     5012       84         0
                text41                             4320     4320      114         0
                text40                             4A3A     4A3A       BE         0
                text39                             1D6A     1D6A      46C         0
                text38                             5920     5920       3C         0
                text37                             382E     382E      1AA         0
                text36                             4AF8     4AF8       B8         0
                text35                               12       12      AD0         0
                text34                             4BB0     4BB0       AC         0
                text33                             29D2     29D2      382         0
                text32                             21D6     21D6      456         0
                text31                             1884     1884      4E6         0
                text30                             47F4     47F4       C4         0
                text29                             40DE     40DE      122         0
                text28                             262C     262C      3A6         0
                text27                             2D54     2D54      332         0
                text26                             453C     453C      102         0
                text25                             55D4     55D4       52         0
                text24                             4722     4722       D2         0
                text23                             56CA     56CA       48         0
                text22                             54B8     54B8       68         0
                text21                             4EF0     4EF0       96         0
                text20                             3086     3086      24A         0
                text19                             3FA4     3FA4      13A         0
                text18                             5216     5216       76         0
                text17                             3B58     3B58      174         0
                text16                             34B4     34B4      1C8         0
                text15                             12E0     12E0      5A4         0
                text14                              AE2      AE2      7FE         0
                text13                             463E     463E       E4         0
                text12                             4D06     4D06       A8         0
                text11                             5B9E     5B9E        C         0
                text10                             59CC     59CC       32         0
                text9                              5B92     5B92        C         0
                text8                              5B4E     5B4E       12         0
                text7                              5AE0     5AE0       1A         0
                text6                              5B3C     5B3C       12         0
                text5                              5BB6     5BB6        8         0
                text4                              5AFA     5AFA       18         0
                text3                              5B12     5B12       16         0
                text2                              4E52     4E52       9E         0
                text1                              519C     519C       7A         0
                text0                              59FE     59FE       28         0
                cinit                              528C     528C       72         0
                idataBANK1                         5AC2     5AC2       1D         0

        CLASS   CONST          

        CLASS   SMALLCONST     

        CLASS   MEDIUMCONST    
                mediumconst                        60B8     60B8      1C8         0

        CLASS   COMRAM         
                temp                                 46       46        1         1
                cstackCOMRAM                          1        1       2D         1
                bssCOMRAM                            2E       2E       18         1

        CLASS   ABS1           

        CLASS   BIGRAM         
                bssBIGRAM                           325      325      42F         1

        CLASS   RAM            

        CLASS   BANK0          
                cstackBANK0                          60       60       98         1
                bssBANK0                             F8       F8        8         1

        CLASS   BANK1          
                cstackBANK1                         16C      16C       5D         1
                dataBANK1                           1C9      1C9       1D         1
                bssBANK1                            100      100       6C         1

        CLASS   BANK2          
                bssBANK2                            200      200       FA         1

        CLASS   BANK3          
                cstackBANK3                         300      300       25         1

        CLASS   BANK4          

        CLASS   BANK5          

        CLASS   BANK6          

        CLASS   BANK7          

        CLASS   SFR            

        CLASS   FARRAM         

        CLASS   CONFIG         
                config                           300000   300000        E         0

        CLASS   IDLOC          
                idloc                            200000   200000        8         0

        CLASS   EEDATA         



SEGMENTS        Name                           Load    Length   Top    Selector   Space  Class

                reset_vec                      000000  000004  000004         0       0  CODE    
                cstackCOMRAM                   000001  000046  000047         1       1  COMRAM  
                intcode                        000008  005AD7  005ADF         4       0  CODE    
                cstackBANK0                    000060  0000A0  000100        60       1  BANK0   
                bssBANK1                       000100  0000E6  0001E6       100       1  BANK1   
                bssBANK2                       000200  0000FA  0002FA       200       1  BANK2   
                cstackBANK3                    000300  000025  000325       300       1  BANK3   
                bssBIGRAM                      000325  00042F  000754       325       1  BIGRAM  
                text7                          005AE0  0000DE  005BBE      2D70       0  CODE    
                mediumconst                    0060B8  0001C8  006280      305C       0  MEDIUMCO
                idloc                          200000  000008  200008    200000       0  IDLOC   
                config                         300000  00000E  30000E    300000       0  CONFIG  


UNUSED ADDRESS RANGES

        Name                Unused          Largest block    Delta
        BANK1            0001E6-0001FF               1A
        BANK2            0002FA-0002FF                6
        BANK7            000754-0007FF               AC
        BIGRAM           000047-00005F               19
                         0001E6-0001FF               1A
                         0002FA-0002FF                6
                         000754-0007FF               AC
        CODE             000004-000007                4
                         005ADF-005ADF                1
                         005BBE-0060B7              4FA
        COMRAM           000047-00005F               19
        CONST            000004-000007                4
                         005ADF-005ADF                1
                         005BBE-0060B7              4FA
        EEDATA           F00000-F000FF              100
        MEDIUMCONST      005ADF-005ADF                1
                         005BBE-0060B7              4FA
        RAM              0001E6-0001FF               1A
                         0002FA-0002FF                6
                         000754-0007FF               AC
        SFR              000F60-000FFF               A0
        SMALLCONST       005ADF-005ADF                1
                         005BBE-0060B7              100
        STACK            000754-0007FF               AC

                                  Symbol Table

?___lldiv                       cstackCOMRAM 00001A
?___lmul                        cstackCOMRAM 00001A
?___lwdiv                       cstackCOMRAM 00001A
?___lwmod                       cstackCOMRAM 00001A
?_chk_chr                       cstackCOMRAM 00001A
?_clst2sect                     cstackCOMRAM 000026
?_create_chain                  cstackBANK0  0000AF
?_dbc_1st                       cstackCOMRAM 00001A
?_dbc_2nd                       cstackCOMRAM 00001A
?_get_fat                       cstackBANK0  000090
?_get_fattime                   cstackCOMRAM 00001A
?_get_ldnumber                  cstackCOMRAM 00001A
?_ld_clust                      cstackCOMRAM 000021
?_ld_dword                      cstackCOMRAM 00001A
?_ld_word                       cstackCOMRAM 00001A
?_mem_cmp                       cstackCOMRAM 00001A
SDCard@FResult                  cstackBANK3  000302
SDCard@br                       cstackBANK3  000300
SDCard@fil                      cstackBANK3  000303
_ADCON1                         (abs)        000FC1
_BRGH                           (abs)        007D62
_CREN                           (abs)        007D5C
_DbcTbl                         mediumconst  006194
_EEADR                          (abs)        000FA9
_EECON1bits                     (abs)        000FA6
_EECON2                         (abs)        000FA7
_EEDATA                         (abs)        000FA8
_E_W                            bssCOMRAM    000041
_FatFs                          bssBANK0     0000FC
_Fsid                           bssBANK1     000150
_INT0IE                         (abs)        007F94
_INT0IF                         (abs)        007F91
_INTCON                         (abs)        000FF2
_INTCON2                        (abs)        000FF1
_INTCON3                        (abs)        000FF0
_INTCONbits                     (abs)        000FF2
_LATB                           (abs)        000F8A
_LATBbits                       (abs)        000F8A
_OSCCONbits                     (abs)        000FD3
_PCL                            (abs)        000FF9
_PCLATH                         (abs)        000FFA
_PIE1                           (abs)        000F9D
_PIE1bits                       (abs)        000F9D
_PIR1bits                       (abs)        000F9E
_PIR2bits                       (abs)        000FA1
_PORTAbits                      (abs)        000F80
_PORTBbits                      (abs)        000F81
_PORTCbits                      (abs)        000F82
_PORTDbits                      (abs)        000F83
_PORTEbits                      (abs)        000F84
_PR2                            (abs)        000FCB
_RCIF                           (abs)        007CF5
_RCREG                          (abs)        000FAE
_RCSTA                          (abs)        000FAB
_RCSTAbits                      (abs)        000FAB
_Result                         bssCOMRAM    00003C
_SDCard                         text13       00463E
_SPBRG                          (abs)        000FAF
_SPEN                           (abs)        007D5F
_SPPCFG                         (abs)        000F63
_SPPCON                         (abs)        000F65
_SSPBUF                         (abs)        000FC9
_SSPCON1                        (abs)        000FC6
_SSPCON1bits                    (abs)        000FC6
_SSPSTAT                        (abs)        000FC7
_SSPSTATbits                    (abs)        000FC7
_SYNC                           (abs)        007D64
_T0CON                          (abs)        000FD5
_T0CONbits                      (abs)        000FD5
_T0IF                           (abs)        007F92
_T2CON                          (abs)        000FCA
_TMR0H                          (abs)        000FD7
_TMR0IF                         (abs)        007F92
_TMR0L                          (abs)        000FD6
_TMR2                           (abs)        000FCC
_TMR2IF                         (abs)        007CF1
_TRISA                          (abs)        000F92
_TRISAbits                      (abs)        000F92
_TRISB                          (abs)        000F93
_TRISBbits                      (abs)        000F93
_TRISC                          (abs)        000F94
_TRISCbits                      (abs)        000F94
_TRISD                          (abs)        000F95
_TRISDbits                      (abs)        000F95
_TRISE                          (abs)        000F96
_TRMT                           (abs)        007D61
_TXEN                           (abs)        007D65
_TXREG                          (abs)        000FAD
_TXSTA                          (abs)        000FAC
__CFG_BOR$ON                    (abs)        000000
__CFG_BORV$3                    (abs)        000000
__CFG_CCP2MX$OFF                (abs)        000000
__CFG_CPUDIV$OSC1_PLL2          (abs)        000000
__CFG_FCMEN$OFF                 (abs)        000000
__CFG_FOSC$HS                   (abs)        000000
__CFG_IESO$OFF                  (abs)        000000
__CFG_LPT1OSC$OFF               (abs)        000000
__CFG_LVP$OFF                   (abs)        000000
__CFG_MCLRE$ON                  (abs)        000000
__CFG_PBADEN$OFF                (abs)        000000
__CFG_PLLDIV$5                  (abs)        000000
__CFG_PWRT$OFF                  (abs)        000000
__CFG_STVREN$ON                 (abs)        000000
__CFG_USBDIV$1                  (abs)        000000
__CFG_VREGEN$OFF                (abs)        000000
__CFG_WDT$OFF                   (abs)        000000
__HRAM                          (abs)        000000
__Habs1                         abs1         000000
__Hbank0                        bank0        000000
__Hbank1                        bank1        000000
__Hbank2                        bank2        000000
__Hbank3                        bank3        000000
__Hbank4                        bank4        000000
__Hbank5                        bank5        000000
__Hbank6                        bank6        000000
__Hbank7                        bank7        000000
__Hbigbss                       bigbss       000000
__Hbigdata                      bigdata      000000
__Hbigram                       bigram       000000
__Hbss                          bss          000000
__HbssBANK0                     bssBANK0     000000
__HbssBANK1                     bssBANK1     000000
__HbssBANK2                     bssBANK2     000000
__HbssBIGRAM                    bssBIGRAM    000000
__HbssCOMRAM                    bssCOMRAM    000000
__Hcinit                        cinit        000000
__Hclrtext                      clrtext      000000
__Hcomram                       comram       000000
__Hconfig                       config       30000E
__Hconst                        const        000000
__HcstackBANK0                  cstackBANK0  000000
__HcstackBANK1                  cstackBANK1  000000
__HcstackBANK3                  cstackBANK3  000000
__HcstackCOMRAM                 cstackCOMRAM 000000
__Hdata                         data         000000
__HdataBANK1                    dataBANK1    000000
__Heeprom_data                  eeprom_data  000000
__Hfarbss                       farbss       000000
__Hfardata                      fardata      000000
__Hibigdata                     ibigdata     000000
__Hidata                        idata        000000
__HidataBANK1                   idataBANK1   000000
__Hidloc                        idloc        200008
__Hifardata                     ifardata     000000
__Hinit                         init         000012
__Hintcode                      intcode      00000E
__Hintcode_body                 intcode_body 000000
__Hintcodelo                    intcodelo    00000E
__Hintentry                     intentry     000000
__Hintret                       intret       000000
__Hintsave_regs                 intsave_regs 000000
__Hirdata                       irdata       000000
__Hmediumconst                  mediumconst  006280
__HnvFARRAM                     nvFARRAM     000000
__Hnvbit                        nvbit        000000
__Hnvrram                       nvrram       000000
__Hparam                        rparam       000000
__Hpowerup                      powerup      00000E
__Hram                          ram          000000
__Hramtop                       ramtop       000800
__Hrbit                         rbit         000000
__Hrbss                         rbss         000000
__Hrdata                        rdata        000000
__Hreset_vec                    reset_vec    000004
__Hrparam                       rparam       000000
__Hsfr                          sfr          000000
__Hsmallconst                   smallconst   000000
__Hspace_0                      (abs)        30000E
__Hspace_1                      (abs)        000754
__Hspace_2                      (abs)        000000
__Hstack                        stack        000000
__Hstruct                       struct       000000
__Htemp                         temp         000047
__Htext                         text         000000
__Htext0                        text0        000000
__Htext1                        text1        000000
__Htext10                       text10       000000
__Htext11                       text11       000000
__Htext12                       text12       000000
__Htext13                       text13       000000
__Htext14                       text14       000000
__Htext15                       text15       000000
__Htext16                       text16       000000
__Htext17                       text17       000000
__Htext18                       text18       000000
__Htext19                       text19       000000
__Htext2                        text2        000000
__Htext20                       text20       000000
__Htext21                       text21       000000
__Htext22                       text22       000000
__Htext23                       text23       000000
__Htext24                       text24       000000
__Htext25                       text25       000000
__Htext26                       text26       000000
__Htext27                       text27       000000
__Htext28                       text28       000000
__Htext29                       text29       000000
__Htext3                        text3        000000
__Htext30                       text30       000000
__Htext31                       text31       000000
__Htext32                       text32       000000
__Htext33                       text33       000000
__Htext34                       text34       000000
__Htext35                       text35       000000
__Htext36                       text36       000000
__Htext37                       text37       000000
__Htext38                       text38       000000
__Htext39                       text39       000000
__Htext4                        text4        000000
__Htext40                       text40       000000
__Htext41                       text41       000000
__Htext42                       text42       000000
__Htext43                       text43       000000
__Htext44                       text44       000000
__Htext45                       text45       000000
__Htext46                       text46       000000
__Htext47                       text47       000000
__Htext48                       text48       000000
__Htext49                       text49       000000
__Htext5                        text5        000000
__Htext50                       text50       000000
__Htext51                       text51       000000
__Htext52                       text52       000000
__Htext53                       text53       000000
__Htext54                       text54       000000
__Htext55                       text55       000000
__Htext56                       text56       000000
__Htext57                       text57       000000
__Htext58                       text58       000000
__Htext59                       text59       000000
__Htext6                        text6        000000
__Htext60                       text60       000000
__Htext61                       text61       000000
__Htext62                       text62       000000
__Htext63                       text63       000000
__Htext64                       text64       000000
__Htext65                       text65       000000
__Htext66                       text66       000000
__Htext67                       text67       000000
__Htext68                       text68       000000
__Htext69                       text69       000000
__Htext7                        text7        000000
__Htext70                       text70       000000
__Htext71                       text71       000000
__Htext72                       text72       000000
__Htext73                       text73       000000
__Htext74                       text74       000000
__Htext75                       text75       000000
__Htext76                       text76       000000
__Htext77                       text77       000000
__Htext78                       text78       000000
__Htext79                       text79       000000
__Htext8                        text8        000000
__Htext80                       text80       000000
__Htext82                       text82       000000
__Htext83                       text83       000000
__Htext84                       text84       000000
__Htext9                        text9        000000
__LRAM                          (abs)        000001
__Labs1                         abs1         000000
__Lbank0                        bank0        000000
__Lbank1                        bank1        000000
__Lbank2                        bank2        000000
__Lbank3                        bank3        000000
__Lbank4                        bank4        000000
__Lbank5                        bank5        000000
__Lbank6                        bank6        000000
__Lbank7                        bank7        000000
__Lbigbss                       bigbss       000000
__Lbigdata                      bigdata      000000
__Lbigram                       bigram       000000
__Lbss                          bss          000000
__LbssBANK0                     bssBANK0     000000
__LbssBANK1                     bssBANK1     000000
__LbssBANK2                     bssBANK2     000000
__LbssBIGRAM                    bssBIGRAM    000000
__LbssCOMRAM                    bssCOMRAM    000000
__Lcinit                        cinit        000000
__Lclrtext                      clrtext      000000
__Lcomram                       comram       000000
__Lconfig                       config       300000
__Lconst                        const        000000
__LcstackBANK0                  cstackBANK0  000000
__LcstackBANK1                  cstackBANK1  000000
__LcstackBANK3                  cstackBANK3  000000
__LcstackCOMRAM                 cstackCOMRAM 000000
__Ldata                         data         000000
__LdataBANK1                    dataBANK1    000000
__Leeprom_data                  eeprom_data  000000
__Lfarbss                       farbss       000000
__Lfardata                      fardata      000000
__Libigdata                     ibigdata     000000
__Lidata                        idata        000000
__LidataBANK1                   idataBANK1   000000
__Lidloc                        idloc        200000
__Lifardata                     ifardata     000000
__Linit                         init         00000E
__Lintcode                      intcode      000008
__Lintcode_body                 intcode_body 000000
__Lintcodelo                    intcodelo    00000E
__Lintentry                     intentry     000000
__Lintret                       intret       000000
__Lintsave_regs                 intsave_regs 000000
__Lirdata                       irdata       000000
__Lmediumconst                  mediumconst  0060B8
__LnvFARRAM                     nvFARRAM     000000
__Lnvbit                        nvbit        000000
__Lnvrram                       nvrram       000000
__Lparam                        rparam       000000
__Lpowerup                      powerup      00000E
__Lram                          ram          000000
__Lramtop                       ramtop       000800
__Lrbit                         rbit         000000
__Lrbss                         rbss         000000
__Lrdata                        rdata        000000
__Lreset_vec                    reset_vec    000000
__Lrparam                       rparam       000000
__Lsfr                          sfr          000000
__Lsmallconst                   smallconst   000000
__Lspace_0                      (abs)        000000
__Lspace_1                      (abs)        000000
__Lspace_2                      (abs)        000000
__Lstack                        stack        000000
__Lstruct                       struct       000000
__Ltemp                         temp         000046
__Ltext                         text         000000
__Ltext0                        text0        000000
__Ltext1                        text1        000000
__Ltext10                       text10       000000
__Ltext11                       text11       000000
__Ltext12                       text12       000000
__Ltext13                       text13       000000
__Ltext14                       text14       000000
__Ltext15                       text15       000000
__Ltext16                       text16       000000
__Ltext17                       text17       000000
__Ltext18                       text18       000000
__Ltext19                       text19       000000
__Ltext2                        text2        000000
__Ltext20                       text20       000000
__Ltext21                       text21       000000
__Ltext22                       text22       000000
__Ltext23                       text23       000000
__Ltext24                       text24       000000
__Ltext25                       text25       000000
__Ltext26                       text26       000000
__Ltext27                       text27       000000
__Ltext28                       text28       000000
__Ltext29                       text29       000000
__Ltext3                        text3        000000
__Ltext30                       text30       000000
__Ltext31                       text31       000000
__Ltext32                       text32       000000
__Ltext33                       text33       000000
__Ltext34                       text34       000000
__Ltext35                       text35       000000
__Ltext36                       text36       000000
__Ltext37                       text37       000000
__Ltext38                       text38       000000
__Ltext39                       text39       000000
__Ltext4                        text4        000000
__Ltext40                       text40       000000
__Ltext41                       text41       000000
__Ltext42                       text42       000000
__Ltext43                       text43       000000
__Ltext44                       text44       000000
__Ltext45                       text45       000000
__Ltext46                       text46       000000
__Ltext47                       text47       000000
__Ltext48                       text48       000000
__Ltext49                       text49       000000
__Ltext5                        text5        000000
__Ltext50                       text50       000000
__Ltext51                       text51       000000
__Ltext52                       text52       000000
__Ltext53                       text53       000000
__Ltext54                       text54       000000
__Ltext55                       text55       000000
__Ltext56                       text56       000000
__Ltext57                       text57       000000
__Ltext58                       text58       000000
__Ltext59                       text59       000000
__Ltext6                        text6        000000
__Ltext60                       text60       000000
__Ltext61                       text61       000000
__Ltext62                       text62       000000
__Ltext63                       text63       000000
__Ltext64                       text64       000000
__Ltext65                       text65       000000
__Ltext66                       text66       000000
__Ltext67                       text67       000000
__Ltext68                       text68       000000
__Ltext69                       text69       000000
__Ltext7                        text7        000000
__Ltext70                       text70       000000
__Ltext71                       text71       000000
__Ltext72                       text72       000000
__Ltext73                       text73       000000
__Ltext74                       text74       000000
__Ltext75                       text75       000000
__Ltext76                       text76       000000
__Ltext77                       text77       000000
__Ltext78                       text78       000000
__Ltext79                       text79       000000
__Ltext8                        text8        000000
__Ltext80                       text80       000000
__Ltext82                       text82       000000
__Ltext83                       text83       000000
__Ltext84                       text84       000000
__Ltext9                        text9        000000
__S0                            (abs)        30000E
__S1                            (abs)        000754
__S2                            (abs)        000000
___inthi_sp                     stack        000000
___intlo_sp                     stack        000000
___lldiv                        text45       00511A
___lldiv@counter                cstackCOMRAM 000026
___lldiv@dividend               cstackCOMRAM 00001A
___lldiv@divisor                cstackCOMRAM 00001E
___lldiv@quotient               cstackCOMRAM 000022
___lmul                         text44       00557E
___lmul@multiplicand            cstackCOMRAM 00001E
___lmul@multiplier              cstackCOMRAM 00001A
___lmul@product                 cstackCOMRAM 000022
___lwdiv                        text76       005626
___lwdiv@counter                cstackCOMRAM 00001E
___lwdiv@dividend               cstackCOMRAM 00001A
___lwdiv@divisor                cstackCOMRAM 00001C
___lwdiv@quotient               cstackCOMRAM 00001F
___lwmod                        text75       005824
___lwmod@counter                cstackCOMRAM 00001E
___lwmod@dividend               cstackCOMRAM 00001A
___lwmod@divisor                cstackCOMRAM 00001C
___param_bank                   (abs)        000000
___rparam_used                  (abs)        000001
___sp                           stack        000000
__accesstop                     (abs)        000060
__activetblptr                  (abs)        000002
__end_of_DbcTbl                 mediumconst  00619E
__end_of_SDCard                 text13       004722
__end_of___lldiv                text45       00519C
__end_of___lmul                 text44       0055D4
__end_of___lwdiv                text76       005678
__end_of___lwmod                text75       005866
__end_of__initialization        cinit        0052F0
__end_of__npowers_              mediumconst  00612F
__end_of__powers_               mediumconst  006108
__end_of_check_fs               text41       004434
__end_of_chk_chr                text23       005712
__end_of_clst2sect              text30       0048B8
__end_of_command                text70       0059CC
__end_of_config_timer_dois      text9        005B9E
__end_of_config_timer_zero      text7        005AFA
__end_of_create_chain           text31       001D6A
__end_of_create_name            text20       0032D0
__end_of_dbc_1st                text22       005520
__end_of_dbc_2nd                text21       004F86
__end_of_delay                  text79       005AC2
__end_of_dir_alloc              text26       00463E
__end_of_dir_clear              text29       004200
__end_of_dir_find               text19       0040DE
__end_of_dir_next               text28       0029D2
__end_of_dir_register           text24       0047F4
__end_of_dir_sdi                text27       003086
__end_of_disk_initialize        text38       00595C
__end_of_disk_ioctl             text54       005A76
__end_of_disk_read              text61       00497A
__end_of_disk_status            text49       0058A4
__end_of_disk_write             text59       00511A
__end_of_dpowers                mediumconst  0060E1
__end_of_dummy_clocks           text69       0058E2
__end_of_endereco_cursor_lcd    text67       0054B8
__end_of_escalonador            text12       004DAE
__end_of_escreve_caractere_lcd  text78       005370
__end_of_escreve_cmd_lcd        text68       005012
__end_of_escreve_dado_SPI       text71       00579E
__end_of_escreve_frase_ram_lcd  text77       0056CA
__end_of_escreve_inteiro_lcd    text72       005920
__end_of_f_close                text46       005758
__end_of_f_mount                text34       004C5C
__end_of_f_open                 text15       001884
__end_of_f_sync                 text47       003E3E
__end_of_f_write                text14       0012E0
__end_of_find_volume            text35       000AE2
__end_of_follow_path            text17       003CCC
__end_of_get_fat                text33       002D54
__end_of_get_fattime            text80       00453C
__end_of_get_ldnumber           text37       0039D8
__end_of_inicializa_shrc        text11       005BAA
__end_of_inicializa_tarefas     text10       0059FE
__end_of_init_hardware          text3        005B28
__end_of_init_interrupt         text6        005B4E
__end_of_init_lcd               text2        004EF0
__end_of_init_oscilador         text5        005BBE
__end_of_init_ports             text4        005B12
__end_of_isr                    intcode_body 004320
__end_of_itoa                   text73       0057E2
__end_of_ld_clust               text18       00528C
__end_of_ld_dword               text36       004BB0
__end_of_ld_word                text43       005994
__end_of_main                   text0        005A26
__end_of_mem_cmp                text42       005096
__end_of_mem_cpy                text25       005626
__end_of_mem_set                text53       005A4E
__end_of_mensagem_inicial       text1        005216
__end_of_move_window            text57       004D06
__end_of_posicao_cursor_lcd     text66       0053E0
__end_of_proceed                text65       005BB6
__end_of_put_fat                text32       00262C
__end_of_recebe_dado_SPI        text64       00557E
__end_of_recebe_dado_uart       text83       005B84
__end_of_remove_chain           text16       00367C
__end_of_response               text63       005B92
__end_of_sdc_disk_initialize    text39       0021D6
__end_of_sdc_disk_read          text62       00382E
__end_of_sdc_disk_status        text50       005B3C
__end_of_sdc_disk_write         text60       003FA4
__end_of_sdc_reset              text40       004AF8
__end_of_st_clust               text55       005824
__end_of_st_dword               text52       00544E
__end_of_st_word                text56       005A9E
__end_of_sync_fs                text51       0034B4
__end_of_sync_window            text58       003B58
__end_of_utoa                   text74       004E52
__end_of_validate               text48       004A3A
__end_of_write_timer_zero       text8        005B60
__end_ofget_ldnumber@volid      mediumconst  006194
__end_ofi2_write_timer_zero     text82       005B72
__end_ofleitura_chave@F3838     mediumconst  006162
__end_ofleitura_chave@F3840     mediumconst  006151
__end_ofleitura_chave@F3842     mediumconst  006140
__end_ofmensagem_inicial@F4169  mediumconst  006184
__end_ofmensagem_inicial@F4171  mediumconst  006173
__initialization                cinit        00528C
__mediumconst                   mediumconst  0060B8
__npowers_                      mediumconst  006108
__pbssBANK0                     bssBANK0     0000F8
__pbssBANK1                     bssBANK1     000100
__pbssBANK2                     bssBANK2     000200
__pbssBIGRAM                    bssBIGRAM    000325
__pbssCOMRAM                    bssCOMRAM    00002E
__pcinit                        cinit        00528C
__pcstackBANK0                  cstackBANK0  000060
__pcstackBANK1                  cstackBANK1  00016C
__pcstackBANK3                  cstackBANK3  000300
__pcstackCOMRAM                 cstackCOMRAM 000001
__pdataBANK1                    dataBANK1    0001C9
__pidataBANK1                   idataBANK1   005AC2
__pintcode                      intcode      000008
__pintcode_body                 intcode_body 004200
__pmediumconst                  mediumconst  0060B8
__powers_                       mediumconst  0060E1
__ptext0                        text0        0059FE
__ptext1                        text1        00519C
__ptext10                       text10       0059CC
__ptext11                       text11       005B9E
__ptext12                       text12       004D06
__ptext13                       text13       00463E
__ptext14                       text14       000AE2
__ptext15                       text15       0012E0
__ptext16                       text16       0034B4
__ptext17                       text17       003B58
__ptext18                       text18       005216
__ptext19                       text19       003FA4
__ptext2                        text2        004E52
__ptext20                       text20       003086
__ptext21                       text21       004EF0
__ptext22                       text22       0054B8
__ptext23                       text23       0056CA
__ptext24                       text24       004722
__ptext25                       text25       0055D4
__ptext26                       text26       00453C
__ptext27                       text27       002D54
__ptext28                       text28       00262C
__ptext29                       text29       0040DE
__ptext3                        text3        005B12
__ptext30                       text30       0047F4
__ptext31                       text31       001884
__ptext32                       text32       0021D6
__ptext33                       text33       0029D2
__ptext34                       text34       004BB0
__ptext35                       text35       000012
__ptext36                       text36       004AF8
__ptext37                       text37       00382E
__ptext38                       text38       005920
__ptext39                       text39       001D6A
__ptext4                        text4        005AFA
__ptext40                       text40       004A3A
__ptext41                       text41       004320
__ptext42                       text42       005012
__ptext43                       text43       00595C
__ptext44                       text44       00557E
__ptext45                       text45       00511A
__ptext46                       text46       005712
__ptext47                       text47       003CCC
__ptext48                       text48       00497A
__ptext49                       text49       005866
__ptext5                        text5        005BB6
__ptext50                       text50       005B28
__ptext51                       text51       0032D0
__ptext52                       text52       0053E0
__ptext53                       text53       005A26
__ptext54                       text54       005A4E
__ptext55                       text55       0057E2
__ptext56                       text56       005A76
__ptext57                       text57       004C5C
__ptext58                       text58       0039D8
__ptext59                       text59       005096
__ptext6                        text6        005B3C
__ptext60                       text60       003E3E
__ptext61                       text61       0048B8
__ptext62                       text62       00367C
__ptext63                       text63       005B84
__ptext64                       text64       005520
__ptext65                       text65       005BAA
__ptext66                       text66       005370
__ptext67                       text67       00544E
__ptext68                       text68       004F86
__ptext69                       text69       0058A4
__ptext7                        text7        005AE0
__ptext70                       text70       005994
__ptext71                       text71       005758
__ptext72                       text72       0058E2
__ptext73                       text73       00579E
__ptext74                       text74       004DAE
__ptext75                       text75       005824
__ptext76                       text76       005626
__ptext77                       text77       005678
__ptext78                       text78       0052FE
__ptext79                       text79       005A9E
__ptext8                        text8        005B4E
__ptext80                       text80       004434
__ptext82                       text82       005B60
__ptext83                       text83       005B72
__ptext84                       text84       000000
__ptext9                        text9        005B92
__ramtop                        ramtop       000800
__size_of_SDCard                (abs)        000000
__size_of___lldiv               (abs)        000000
__size_of___lmul                (abs)        000000
__size_of___lwdiv               (abs)        000000
__size_of___lwmod               (abs)        000000
__size_of_check_fs              (abs)        000000
__size_of_chk_chr               (abs)        000000
__size_of_clst2sect             (abs)        000000
__size_of_command               (abs)        000000
__size_of_config_timer_dois     (abs)        000000
__size_of_config_timer_zero     (abs)        000000
__size_of_create_chain          (abs)        000000
__size_of_create_name           (abs)        000000
__size_of_dbc_1st               (abs)        000000
__size_of_dbc_2nd               (abs)        000000
__size_of_delay                 (abs)        000000
__size_of_dir_alloc             (abs)        000000
__size_of_dir_clear             (abs)        000000
__size_of_dir_find              (abs)        000000
__size_of_dir_next              (abs)        000000
__size_of_dir_register          (abs)        000000
__size_of_dir_sdi               (abs)        000000
__size_of_disk_initialize       (abs)        000000
__size_of_disk_ioctl            (abs)        000000
__size_of_disk_read             (abs)        000000
__size_of_disk_status           (abs)        000000
__size_of_disk_write            (abs)        000000
__size_of_dummy_clocks          (abs)        000000
__size_of_endereco_cursor_lcd   (abs)        000000
__size_of_escalonador           (abs)        000000
__size_of_escreve_caractere_lcd (abs)        000000
__size_of_escreve_cmd_lcd       (abs)        000000
__size_of_escreve_dado_SPI      (abs)        000000
__size_of_escreve_frase_ram_lcd (abs)        000000
__size_of_escreve_inteiro_lcd   (abs)        000000
__size_of_f_close               (abs)        000000
__size_of_f_mount               (abs)        000000
__size_of_f_open                (abs)        000000
__size_of_f_sync                (abs)        000000
__size_of_f_write               (abs)        000000
__size_of_find_volume           (abs)        000000
__size_of_follow_path           (abs)        000000
__size_of_get_fat               (abs)        000000
__size_of_get_fattime           (abs)        000000
__size_of_get_ldnumber          (abs)        000000
__size_of_inicializa_shrc       (abs)        000000
__size_of_inicializa_tarefas    (abs)        000000
__size_of_init_hardware         (abs)        000000
__size_of_init_interrupt        (abs)        000000
__size_of_init_lcd              (abs)        000000
__size_of_init_oscilador        (abs)        000000
__size_of_init_ports            (abs)        000000
__size_of_isr                   (abs)        000000
__size_of_itoa                  (abs)        000000
__size_of_ld_clust              (abs)        000000
__size_of_ld_dword              (abs)        000000
__size_of_ld_word               (abs)        000000
__size_of_main                  (abs)        000000
__size_of_mem_cmp               (abs)        000000
__size_of_mem_cpy               (abs)        000000
__size_of_mem_set               (abs)        000000
__size_of_mensagem_inicial      (abs)        000000
__size_of_move_window           (abs)        000000
__size_of_posicao_cursor_lcd    (abs)        000000
__size_of_proceed               (abs)        000000
__size_of_put_fat               (abs)        000000
__size_of_recebe_dado_SPI       (abs)        000000
__size_of_recebe_dado_uart      (abs)        000000
__size_of_remove_chain          (abs)        000000
__size_of_response              (abs)        000000
__size_of_sdc_disk_initialize   (abs)        000000
__size_of_sdc_disk_read         (abs)        000000
__size_of_sdc_disk_status       (abs)        000000
__size_of_sdc_disk_write        (abs)        000000
__size_of_sdc_reset             (abs)        000000
__size_of_st_clust              (abs)        000000
__size_of_st_dword              (abs)        000000
__size_of_st_word               (abs)        000000
__size_of_sync_fs               (abs)        000000
__size_of_sync_window           (abs)        000000
__size_of_utoa                  (abs)        000000
__size_of_validate              (abs)        000000
__size_of_write_timer_zero      (abs)        000000
__size_ofi2_write_timer_zero    (abs)        000000
__smallconst                    smallconst   000000
_buff                           bssBANK2     0002E6
_check_fs                       text41       004320
_chk_chr                        text23       0056CA
_clst2sect                      text30       0047F4
_comma_counter_gga              bssCOMRAM    000040
_comma_counter_rmc              bssCOMRAM    00003F
_command                        text70       005994
_config_timer_dois              text9        005B92
_config_timer_zero              text7        005AE0
_create_chain                   text31       001884
_create_name                    text20       003086
_create_name$2900               cstackBANK0  000060
_dado                           bssCOMRAM    00003A
_dado_buffer                    bssBANK1     000165
_data_buff                      bssBANK1     000152
_data_buffer                    bssBANK1     000156
_data_buffer_32                 bssBANK2     0002C6
_data_uart_recebe               bssCOMRAM    000045
_dbc_1st                        text22       0054B8
_dbc_2nd                        text21       004EF0
_delay                          text79       005A9E
_dir_alloc                      text26       00453C
_dir_clear                      text29       0040DE
_dir_find                       text19       003FA4
_dir_next                       text28       00262C
_dir_next$2622                  cstackBANK0  0000DC
_dir_register                   text24       004722
_dir_sdi                        text27       002D54
_dir_sdi$2585                   cstackBANK0  0000BA
_disk_initialize                text38       005920
_disk_ioctl                     text54       005A4E
_disk_read                      text61       0048B8
_disk_status                    text49       005866
_disk_write                     text59       005096
_dpowers                        mediumconst  0060B9
_dummy_clocks                   text69       0058A4
_endereco_cursor_lcd            text67       00544E
_escalonador                    text12       004D06
_escreve_caractere_lcd          text78       0052FE
_escreve_cmd_lcd                text68       004F86
_escreve_dado_SPI               text71       005758
_escreve_frase_ram_lcd          text77       005678
_escreve_inteiro_lcd            text72       0058E2
_estado                         bssCOMRAM    000039
_f_close                        text46       005712
_f_mount                        text34       004BB0
_f_open                         text15       0012E0
_f_open$3187                    cstackBANK1  000189
_f_sync                         text47       003CCC
_f_time                         bssBANK1     000134
_f_write                        text14       000AE2
_f_write$3353                   cstackBANK1  00016C
_fileName                       dataBANK1    0001C9
_fileSize                       bssBANK1     000144
_find_volume                    text35       000012
_find_volume$3041               cstackBANK0  0000B4
_find_volume$3042               cstackBANK0  0000B8
_folder                         bssBANK2     000296
_follow_path                    text17       003B58
_fs                             bssBIGRAM    000325
_get_fat                        text33       0029D2
_get_fat$2428                   cstackBANK0  00009E
_get_fattime                    text80       004434
_get_ldnumber                   text37       00382E
_get_ldnumber$2959              cstackCOMRAM 000020
_gga_buffer                     bssBANK2     000200
_gga_code                       bssCOMRAM    000031
_gga_index                      bssCOMRAM    000036
_gga_pointers                   bssBANK1     000114
_info_chaves                    bssBANK1     00013D
_inicializa_shrc                text11       005B9E
_inicializa_tarefas             text10       0059CC
_init_hardware                  text3        005B12
_init_interrupt                 text6        005B3C
_init_lcd                       text2        004E52
_init_oscilador                 text5        005BB6
_init_ports                     text4        005AFA
_is_it_gga_string               bssCOMRAM    00003E
_is_it_rmc_string               bssCOMRAM    00003D
_isr                            intcode      000008
_itoa                           text73       00579E
_ld_clust                       text18       005216
_ld_dword                       text36       004AF8
_ld_word                        text43       00595C
_main                           text0        0059FE
_mem_cmp                        text42       005012
_mem_cpy                        text25       0055D4
_mem_set                        text53       005A26
_mensagem_inicial               text1        00519C
_move_window                    text57       004C5C
_n_s                            bssCOMRAM    000042
_p_tarefas                      bssBANK1     00014C
_posicao_cursor_lcd             text66       005370
_proceed                        text65       005BAA
_put_fat                        text32       0021D6
_put_fat$2456                   cstackBANK0  0000A6
_put_fat$2457                   cstackBANK0  0000A8
_rd                             bssBANK1     000154
_recebe_dado_SPI                text64       005520
_recebe_dado_uart               text83       005B72
_remove_chain                   text16       0034B4
_response                       text63       005B84
_rmc_buffer                     bssBANK2     000250
_rmc_code                       bssCOMRAM    00002E
_rmc_index                      bssCOMRAM    000034
_rmc_pointers                   bssBANK1     000128
_s                              bssCOMRAM    00003B
_sdc_disk_initialize            text39       001D6A
_sdc_disk_read                  text62       00367C
_sdc_disk_status                text50       005B28
_sdc_disk_write                 text60       003E3E
_sdc_reset                      text40       004A3A
_sinaliza_int_timer             bssCOMRAM    000044
_st_clust                       text55       0057E2
_st_dword                       text52       0053E0
_st_word                        text56       005A76
_sync_fs                        text51       0032D0
_sync_window                    text58       0039D8
_tarefa_em_execucao             bssCOMRAM    000043
_tempo_backup                   bssBANK1     000148
_tempo_tarefa                   bssBANK0     0000F8
_timeout_tarefa                 bssBANK0     0000FE
_txt                            bssBANK1     000100
_utoa                           text74       004DAE
_validate                       text48       00497A
_validate$3072                  cstackCOMRAM 000029
_write_timer_zero               text8        005B4E
btemp                           temp         000046
check_fs@fs                     cstackBANK0  000090
check_fs@sect                   cstackBANK0  000092
chk_chr@chr                     cstackCOMRAM 00001C
chk_chr@str                     cstackCOMRAM 00001A
clst2sect@clst                  cstackCOMRAM 000028
clst2sect@fs                    cstackCOMRAM 000026
command@CMD                     cstackCOMRAM 000021
command@CRC                     cstackCOMRAM 000020
command@arg                     cstackCOMRAM 00001C
command@argument                cstackCOMRAM 000022
create_chain@clst               cstackBANK0  0000B1
create_chain@cs                 cstackBANK0  0000C8
create_chain@fs                 cstackBANK0  0000C6
create_chain@ncl                cstackBANK0  0000C2
create_chain@obj                cstackBANK0  0000AF
create_chain@res                cstackBANK0  0000BD
create_chain@scl                cstackBANK0  0000BE
create_name@c                   cstackBANK0  00006D
create_name@d                   cstackBANK0  000062
create_name@dp                  cstackCOMRAM 000022
create_name@i                   cstackBANK0  00006B
create_name@ni                  cstackBANK0  000063
create_name@p                   cstackBANK0  000065
create_name@path                cstackCOMRAM 000024
create_name@sfn                 cstackBANK0  000069
create_name@si                  cstackBANK0  000067
dbc_1st@c                       cstackCOMRAM 00001C
dbc_2nd@c                       cstackCOMRAM 00001C
delay@contador_ext              cstackCOMRAM 00001A
delay@contador_int              cstackCOMRAM 00001B
dir_alloc@dp                    cstackBANK0  0000EA
dir_alloc@fs                    cstackBANK0  0000F1
dir_alloc@n                     cstackBANK0  0000F3
dir_alloc@nent                  cstackBANK0  0000EC
dir_alloc@res                   cstackBANK0  0000F5
dir_clear@clst                  cstackBANK0  000087
dir_clear@fs                    cstackBANK0  000085
dir_clear@ibuf                  cstackBANK0  00008D
dir_clear@n                     cstackBANK0  000095
dir_clear@sect                  cstackBANK0  00008F
dir_clear@szb                   cstackBANK0  000093
dir_find@c                      cstackBANK0  0000F0
dir_find@dp                     cstackBANK0  0000EA
dir_find@fs                     cstackBANK0  0000EE
dir_find@res                    cstackBANK0  0000F1
dir_next@clst                   cstackBANK0  0000E6
dir_next@dp                     cstackBANK0  0000CC
dir_next@fs                     cstackBANK0  0000E4
dir_next@ofs                    cstackBANK0  0000E0
dir_next@stretch                cstackBANK0  0000CE
dir_register@dp                 cstackBANK0  0000F6
dir_register@fs                 cstackBANK1  00016C
dir_register@res                cstackBANK1  00016E
dir_sdi@clst                    cstackBANK0  0000C2
dir_sdi@csz                     cstackBANK0  0000BE
dir_sdi@dp                      cstackBANK0  0000AA
dir_sdi@fs                      cstackBANK0  0000C6
dir_sdi@ofs                     cstackBANK0  0000AC
disk_initialize@pdrv            cstackBANK0  000082
disk_initialize@stat            cstackBANK0  000083
disk_ioctl@buff                 cstackCOMRAM 00001B
disk_ioctl@cmd                  cstackCOMRAM 00001A
disk_ioctl@pdrv                 cstackCOMRAM 00001D
disk_ioctl@res                  cstackCOMRAM 00001E
disk_read@buff                  cstackBANK0  00006D
disk_read@count                 cstackBANK0  000073
disk_read@pdrv                  cstackBANK0  000076
disk_read@res                   cstackBANK0  000079
disk_read@result                cstackBANK0  000077
disk_read@sector                cstackBANK0  00006F
disk_status@pdrv                cstackCOMRAM 00001F
disk_status@result              cstackCOMRAM 00001D
disk_status@stat                cstackCOMRAM 000020
disk_write@buff                 cstackBANK0  000068
disk_write@count                cstackBANK0  00006E
disk_write@pdrv                 cstackBANK0  00006F
disk_write@res                  cstackBANK0  000072
disk_write@result               cstackBANK0  000070
disk_write@sector               cstackBANK0  00006A
dummy_clocks@i                  cstackCOMRAM 00001F
dummy_clocks@n                  cstackCOMRAM 00001E
end_of_initialization           cinit        0052F0
endereco_cursor_lcd@endereco    cstackCOMRAM 00001C
escalonador@cont                cstackBANK1  0001C8
escreve_caractere_lcd@data      cstackCOMRAM 00001C
escreve_cmd_lcd@comando         cstackCOMRAM 00001C
escreve_dado_SPI@contador       cstackCOMRAM 00001A
escreve_dado_SPI@data_to_shrc   cstackCOMRAM 00001B
escreve_frase_ram_lcd@buffer    cstackCOMRAM 00001D
escreve_inteiro_lcd@F3966       dataBANK1    0001DF
escreve_inteiro_lcd@texto       cstackBANK0  000066
escreve_inteiro_lcd@valor       cstackCOMRAM 00002C
escreve_inteiro_uart@F3956      dataBANK1    0001D8
f_close@fp                      cstackBANK0  0000A2
f_close@fs                      cstackBANK0  0000A4
f_close@res                     cstackBANK0  0000A6
f_mount@cfs                     cstackBANK0  0000E4
f_mount@fs                      cstackBANK0  0000DE
f_mount@opt                     cstackBANK0  0000E2
f_mount@path                    cstackBANK0  0000E0
f_mount@res                     cstackBANK0  0000E3
f_mount@rp                      cstackBANK0  0000E8
f_mount@vol                     cstackBANK0  0000E6
f_open@bcs                      cstackBANK1  00018B
f_open@cl                       cstackBANK1  00018F
f_open@clst                     cstackBANK1  000197
f_open@dj                       cstackBANK1  00019E
f_open@dw                       cstackBANK1  000181
f_open@fp                       cstackBANK1  000174
f_open@fs                       cstackBANK1  00019B
f_open@mode                     cstackBANK1  000178
f_open@ofs                      cstackBANK1  000193
f_open@path                     cstackBANK1  000176
f_open@res                      cstackBANK1  00019D
f_open@sc                       cstackBANK1  000185
f_sync@dir                      cstackBANK0  0000A0
f_sync@fp                       cstackBANK0  000097
f_sync@fs                       cstackBANK0  00009E
f_sync@res                      cstackBANK0  00009D
f_sync@tm                       cstackBANK0  000099
f_write@btw                     cstackBANK0  0000D0
f_write@buff                    cstackBANK0  0000CE
f_write@bw                      cstackBANK0  0000D2
f_write@cc                      cstackBANK1  000175
f_write@clst                    cstackBANK1  00017B
f_write@csect                   cstackBANK1  000173
f_write@fp                      cstackBANK0  0000CC
f_write@fs                      cstackBANK1  000181
f_write@res                     cstackBANK1  000170
f_write@sect                    cstackBANK1  000177
f_write@wbuff                   cstackBANK1  000171
f_write@wcnt                    cstackBANK1  00017F
find_volume@br                  cstackBANK0  0000A4
find_volume@bsect               cstackBANK0  0000D5
find_volume@fasize              cstackBANK0  0000D1
find_volume@fmt                 cstackBANK0  0000DB
find_volume@fs                  cstackBANK0  0000DC
find_volume@i                   cstackBANK0  0000D9
find_volume@mode                cstackBANK0  00009B
find_volume@nclst               cstackBANK0  0000CD
find_volume@nrsv                cstackBANK0  0000C6
find_volume@path                cstackBANK0  000097
find_volume@pt                  cstackBANK0  0000BE
find_volume@rfs                 cstackBANK0  000099
find_volume@stat                cstackBANK0  0000CC
find_volume@sysect              cstackBANK0  0000C0
find_volume@szbfat              cstackBANK0  0000BA
find_volume@tsect               cstackBANK0  0000C8
find_volume@vol                 cstackBANK0  0000C4
follow_path@dp                  cstackBANK0  0000F2
follow_path@fs                  cstackBANK1  000170
follow_path@ns                  cstackBANK1  000172
follow_path@path                cstackBANK0  0000F4
follow_path@res                 cstackBANK1  000173
get_fat@bc                      cstackBANK0  0000A6
get_fat@clst                    cstackBANK0  000092
get_fat@fs                      cstackBANK0  0000A8
get_fat@obj                     cstackBANK0  000090
get_fat@val                     cstackBANK0  0000A2
get_fat@wc                      cstackBANK0  0000A0
get_fattime@f_time              cstackCOMRAM 00001E
get_ldnumber@c                  cstackCOMRAM 000024
get_ldnumber@i                  cstackCOMRAM 00002A
get_ldnumber@path               cstackCOMRAM 00001A
get_ldnumber@sp                 cstackCOMRAM 00001E
get_ldnumber@tc                 cstackCOMRAM 000025
get_ldnumber@tp                 cstackCOMRAM 000026
get_ldnumber@tt                 cstackCOMRAM 000028
get_ldnumber@vol                cstackCOMRAM 000022
get_ldnumber@volid              mediumconst  006184
i2_write_timer_zero             text82       005B60
i2write_timer_zero@timer        cstackCOMRAM 000003
i2write_timer_zero@timer0       cstackCOMRAM 000001
int$flags                       temp         000046
int_func                        intcode_body 004200
intlevel0                       text         000000
intlevel1                       text         000000
intlevel2                       text         000000
intlevel3                       text         000000
isr@cont                        cstackCOMRAM 000019
itoa@base                       cstackBANK0  000064
itoa@buf                        cstackBANK0  000060
itoa@cp                         cstackCOMRAM 00002A
itoa@val                        cstackBANK0  000062
ld_clust@cl                     cstackCOMRAM 000029
ld_clust@dir                    cstackCOMRAM 000023
ld_clust@fs                     cstackCOMRAM 000021
ld_dword@ptr                    cstackCOMRAM 00001A
ld_dword@rv                     cstackCOMRAM 000023
ld_word@ptr                     cstackCOMRAM 00001A
ld_word@rv                      cstackCOMRAM 00001F
leitura_chave@F3838             mediumconst  006151
leitura_chave@F3840             mediumconst  006140
leitura_chave@F3842             mediumconst  00612F
mem_cmp@cnt                     cstackCOMRAM 00001E
mem_cmp@d                       cstackCOMRAM 000023
mem_cmp@dst                     cstackCOMRAM 00001A
mem_cmp@r                       cstackCOMRAM 000027
mem_cmp@s                       cstackCOMRAM 000025
mem_cmp@src                     cstackCOMRAM 00001C
mem_cpy@cnt                     cstackCOMRAM 00001E
mem_cpy@d                       cstackCOMRAM 000020
mem_cpy@dst                     cstackCOMRAM 00001A
mem_cpy@s                       cstackCOMRAM 000022
mem_cpy@src                     cstackCOMRAM 00001C
mem_set@cnt                     cstackCOMRAM 00001E
mem_set@d                       cstackCOMRAM 000020
mem_set@dst                     cstackCOMRAM 00001A
mem_set@val                     cstackCOMRAM 00001C
mensagem_inicial@F4169          mediumconst  006173
mensagem_inicial@F4171          mediumconst  006162
mensagem_inicial@msg_dois       cstackBANK0  000071
[...]
		On exit  : 
		Unchanged: 
 Data sizes:     COMRAM   BANK0   BANK1   BANK2   BANK3   BANK4   BANK5   BANK6   BANK7
      Params:         0       6       0       0       0       0       0       0       0
      Locals:         2       0       0       0       0       0       0       0       0
      Temps:          0       0       0       0       0       0       0       0       0
      Totals:         2       6       0       0       0       0       0       0       0
Total ram usage:        8 bytes
 Hardware stack levels used:    1
 Hardware stack levels required when called:    4
 This function calls:
		_utoa
 This function is called by:
		_escreve_inteiro_lcd
		_escreve_inteiro_uart
 This function uses a non-reentrant model


 *************** function _utoa *****************
 Defined at:
		line 17 in file "C:\Program Files (x86)\Microchip\xc8\v1.45\sources\common\itoa.c"
 Parameters:    Size  Location     Type
  buf             2   32[COMRAM] PTR unsigned char 
		 -> escreve_inteiro_uart@valor_final(7), escreve_inteiro_lcd@texto(7), 
  val             2   34[COMRAM] unsigned int 
  base            2   36[COMRAM] int 
 Auto vars:     Size  Location     Type
  v               2   38[COMRAM] unsigned int 
  c               1   40[COMRAM] unsigned char 
 Return value:  Size  Location     Type
                  2   32[COMRAM] PTR unsigned char 
 Registers used:
		wreg, fsr2l, fsr2h, status,2, status,0, cstack
 Tracked objects:
		On entry : 
		On exit  : 
		Unchanged: 
 Data sizes:     COMRAM   BANK0   BANK1   BANK2   BANK3   BANK4   BANK5   BANK6   BANK7
      Params:         6       0       0       0       0       0       0       0       0
      Locals:         3       0       0       0       0       0       0       0       0
      Temps:          0       0       0       0       0       0       0       0       0
      Totals:         9       0       0       0       0       0       0       0       0
Total ram usage:        9 bytes
 Hardware stack levels used:    1
 Hardware stack levels required when called:    3
 This function calls:
		___lwdiv
		___lwmod
 This function is called by:
		_itoa
 This function uses a non-reentrant model


 *************** function ___lwmod *****************
 Defined at:
		line 8 in file "C:\Program Files (x86)\Microchip\xc8\v1.45\sources\common\lwmod.c"
 Parameters:    Size  Location     Type
  dividend        2   25[COMRAM] unsigned int 
  divisor         2   27[COMRAM] unsigned int 
 Auto vars:     Size  Location     Type
  counter         1   29[COMRAM] unsigned char 
 Return value:  Size  Location     Type
                  2   25[COMRAM] unsigned int 
 Registers used:
		wreg, status,2, status,0
 Tracked objects:
		On entry : 
		On exit  : 
		Unchanged: 
 Data sizes:     COMRAM   BANK0   BANK1   BANK2   BANK3   BANK4   BANK5   BANK6   BANK7
      Params:         4       0       0       0       0       0       0       0       0
      Locals:         1       0       0       0       0       0       0       0       0
      Temps:          0       0       0       0       0       0       0       0       0
      Totals:         5       0       0       0       0       0       0       0       0
Total ram usage:        5 bytes
 Hardware stack levels used:    1
 Hardware stack levels required when called:    2
 This function calls:
		Nothing
 This function is called by:
		_utoa
		_converte_inteiro_matriz
 This function uses a non-reentrant model


 *************** function ___lwdiv *****************
 Defined at:
		line 8 in file "C:\Program Files (x86)\Microchip\xc8\v1.45\sources\common\lwdiv.c"
 Parameters:    Size  Location     Type
  dividend        2   25[COMRAM] unsigned int 
  divisor         2   27[COMRAM] unsigned int 
 Auto vars:     Size  Location     Type
  quotient        2   30[COMRAM] unsigned int 
  counter         1   29[COMRAM] unsigned char 
 Return value:  Size  Location     Type
                  2   25[COMRAM] unsigned int 
 Registers used:
		wreg, status,2, status,0
 Tracked objects:
		On entry : 
		On exit  : 
		Unchanged: 
 Data sizes:     COMRAM   BANK0   BANK1   BANK2   BANK3   BANK4   BANK5   BANK6   BANK7
      Params:         4       0       0       0       0       0       0       0       0
      Locals:         3       0       0       0       0       0       0       0       0
      Temps:          0       0       0       0       0       0       0       0       0
      Totals:         7       0       0       0       0       0       0       0       0
Total ram usage:        7 bytes
 Hardware stack levels used:    1
 Hardware stack levels required when called:    2
 This function calls:
		Nothing
 This function is called by:
		_utoa
		_converte_inteiro_matriz
 This function uses a non-reentrant model


 *************** function _escreve_frase_ram_lcd *****************
 Defined at:
		line 445 in file "bibliotecas/display_lcd.c"
 Parameters:    Size  Location     Type
  buffer          2   28[COMRAM] PTR unsigned char 
		 -> STR_25(3), sdc_disk_read@arr(512), STR_24(6), STR_23(11), 
		 -> STR_22(10), STR_21(11), STR_20(7), STR_19(6), 
		 -> STR_18(16), STR_17(11), escreve_inteiro_lcd@texto(7), leitura_chave@pos_ignicao_on(17), 
		 -> leitura_chave@pos_ignicao_crank(17), leitura_chave@pos_ignicao_off(17), STR_15(17), STR_14(9), 
		 -> STR_12(11), RAM(2047), STR_5(5), gps@gps_buffer(15), 
		 -> dado_buffer(7), STR_2(6), data_buffer(15), STR_1(6), 
		 -> mensagem_inicial@msg_dois(17), mensagem_inicial@msg_linha_um(17), 
 Auto vars:     Size  Location     Type
		None
 Return value:  Size  Location     Type
                  1    wreg      void 
 Registers used:
		wreg, fsr0l, fsr0h, status,2, status,0, tblptrl, tblptrh, tblptru, cstack
 Tracked objects:
		On entry : 
		On exit  : 
		Unchanged: 
 Data sizes:     COMRAM   BANK0   BANK1   BANK2   BANK3   BANK4   BANK5   BANK6   BANK7
      Params:         2       0       0       0       0       0       0       0       0
      Locals:         0       0       0       0       0       0       0       0       0
      Temps:          0       0       0       0       0       0       0       0       0
      Totals:         2       0       0       0       0       0       0       0       0
Total ram usage:        2 bytes
 Hardware stack levels used:    1
 Hardware stack levels required when called:    4
 This function calls:
		_escreve_caractere_lcd
 This function is called by:
		_mensagem_inicial
		_SDCard
		_escreve_inteiro_lcd
		_sdc_reset
		_sdc_disk_initialize
		_sdc_disk_read
		_sdc_disk_write
		_gps
		_inicializa_SPI
		_leitura_chave
 This function uses a non-reentrant model


 *************** function _escreve_caractere_lcd *****************
 Defined at:
		line 323 in file "bibliotecas/display_lcd.c"
 Parameters:    Size  Location     Type
  data            1    wreg     unsigned char 
 Auto vars:     Size  Location     Type
  data            1   27[COMRAM] unsigned char 
 Return value:  Size  Location     Type
                  1    wreg      void 
 Registers used:
		wreg, status,2, status,0, cstack
 Tracked objects:
		On entry : 
		On exit  : 
		Unchanged: 
 Data sizes:     COMRAM   BANK0   BANK1   BANK2   BANK3   BANK4   BANK5   BANK6   BANK7
      Params:         0       0       0       0       0       0       0       0       0
      Locals:         1       0       0       0       0       0       0       0       0
      Temps:          0       0       0       0       0       0       0       0       0
      Totals:         1       0       0       0       0       0       0       0       0
Total ram usage:        1 bytes
 Hardware stack levels used:    1
 Hardware stack levels required when called:    3
 This function calls:
		_delay
 This function is called by:
		_escreve_frase_ram_lcd
		_escreve_float_lcd
		_escreve_frase_lcd
		_cria_caractere_lcd
 This function uses a non-reentrant model


 *************** function _delay *****************
 Defined at:
		line 45 in file "bibliotecas/display_lcd.c"
 Parameters:    Size  Location     Type
		None
 Auto vars:     Size  Location     Type
  contador_int    1   26[COMRAM] unsigned char 
  contador_ext    1   25[COMRAM] unsigned char 
 Return value:  Size  Location     Type
                  1    wreg      void 
 Registers used:
		wreg, status,2, status,0
 Tracked objects:
		On entry : 
		On exit  : 
		Unchanged: 
 Data sizes:     COMRAM   BANK0   BANK1   BANK2   BANK3   BANK4   BANK5   BANK6   BANK7
      Params:         0       0       0       0       0       0       0       0       0
      Locals:         2       0       0       0       0       0       0       0       0
      Temps:          0       0       0       0       0       0       0       0       0
      Totals:         2       0       0       0       0       0       0       0       0
Total ram usage:        2 bytes
 Hardware stack levels used:    1
 Hardware stack levels required when called:    2
 This function calls:
		Nothing
 This function is called by:
		_init_lcd
		_escreve_cmd_lcd
		_endereco_cursor_lcd
		_escreve_caractere_lcd
 This function uses a non-reentrant model


 *************** function _get_fattime *****************
 Defined at:
		line 3359 in file "bibliotecas/ff.c"
 Parameters:    Size  Location     Type
		None
 Auto vars:     Size  Location     Type
  f_time          9   29[COMRAM] struct .
 Return value:  Size  Location     Type
                  4   25[COMRAM] unsigned long 
 Registers used:
		wreg, status,2, status,0
 Tracked objects:
		On entry : 
		On exit  : 
		Unchanged: 
 Data sizes:     COMRAM   BANK0   BANK1   BANK2   BANK3   BANK4   BANK5   BANK6   BANK7
      Params:         4       0       0       0       0       0       0       0       0
      Locals:         9       0       0       0       0       0       0       0       0
      Temps:          0      38       0       0       0       0       0       0       0
      Totals:        13      38       0       0       0       0       0       0       0
Total ram usage:       51 bytes
 Hardware stack levels used:    1
 Hardware stack levels required when called:    2
 This function calls:
		Nothing
 This function is called by:
		_f_open
		_f_sync
		_f_mkdir
 This function uses a non-reentrant model


 *************** function _isr *****************
 Defined at:
		line 96 in file "main.c"
 Parameters:    Size  Location     Type
		None
 Auto vars:     Size  Location     Type
  cont            1   24[COMRAM] unsigned char 
 Return value:  Size  Location     Type
                  1    wreg      void 
 Registers used:
		wreg, fsr2l, fsr2h, status,2, status,0, prodl, prodh, cstack
 Tracked objects:
		On entry : 
		On exit  : 
		Unchanged: 
 Data sizes:     COMRAM   BANK0   BANK1   BANK2   BANK3   BANK4   BANK5   BANK6   BANK7
      Params:         0       0       0       0       0       0       0       0       0
      Locals:         1       0       0       0       0       0       0       0       0
      Temps:         20       0       0       0       0       0       0       0       0
      Totals:        21       0       0       0       0       0       0       0       0
Total ram usage:       21 bytes
 Hardware stack levels used:    1
 Hardware stack levels required when called:    1
 This function calls:
		_recebe_dado_uart
		i2_write_timer_zero
 This function is called by:
		Interrupt level 2
 This function uses a non-reentrant model


 *************** function i2_write_timer_zero *****************
 Defined at:
		line 138 in file "bibliotecas/hardware.c"
 Parameters:    Size  Location     Type
  timer0          2    0[COMRAM] unsigned int 
 Auto vars:     Size  Location     Type
  write_timer_    2    2[COMRAM] struct Timers
 Return value:  Size  Location     Type
                  1    wreg      void 
 Registers used:
		None
 Tracked objects:
		On entry : 
		On exit  : 
		Unchanged: 
 Data sizes:     COMRAM   BANK0   BANK1   BANK2   BANK3   BANK4   BANK5   BANK6   BANK7
      Params:         2       0       0       0       0       0       0       0       0
      Locals:         2       0       0       0       0       0       0       0       0
      Temps:          0       0       0       0       0       0       0       0       0
      Totals:         4       0       0       0       0       0       0       0       0
Total ram usage:        4 bytes
 Hardware stack levels used:    1
 This function calls:
		Nothing
 This function is called by:
		_isr
 This function uses a non-reentrant model


 *************** function _recebe_dado_uart *****************
 Defined at:
		line 138 in file "bibliotecas/uart.c"
 Parameters:    Size  Location     Type
		None
 Auto vars:     Size  Location     Type
		None
 Return value:  Size  Location     Type
                  1    wreg      unsigned char 
 Registers used:
		wreg, status,2
 Tracked objects:
		On entry : 
		On exit  : 
		Unchanged: 
 Data sizes:     COMRAM   BANK0   BANK1   BANK2   BANK3   BANK4   BANK5   BANK6   BANK7
      Params:         0       0       0       0       0       0       0       0       0
      Locals:         0       0       0       0       0       0       0       0       0
      Temps:          0       0       0       0       0       0       0       0       0
      Totals:         0       0       0       0       0       0       0       0       0
Total ram usage:        0 bytes
 Hardware stack levels used:    1
 This function calls:
		Nothing
 This function is called by:
		_isr
		_recebe_string_uart
 This function uses a non-reentrant model



MODULE INFORMATION

Module		Function		Class		Link	Load	Size
bibliotecas/uart.c
		_recebe_dado_uart		CODE           	5B72	0000	19

bibliotecas/uart.c estimated size: 19

bibliotecas/diskio.c
		_disk_initialize		CODE           	5920	0000	61
		_disk_write    		CODE           	5096	0000	133
		_disk_status   		CODE           	5866	0000	63
		_sdc_reset     		CODE           	4A3A	0000	191
		_disk_ioctl    		CODE           	5A4E	0000	41
		_sdc_disk_read 		CODE           	367C	0000	435
		_sdc_disk_initialize		CODE           	1D6A	0000	1133
		_disk_read     		CODE           	48B8	0000	195
		_sdc_disk_write		CODE           	3E3E	0000	359
		_sdc_disk_status		CODE           	5B28	0000	21

bibliotecas/diskio.c estimated size: 2632

C:\Program Files (x86)\Microchip\xc8\v1.45\sources\common\lwmod.c
		___lwmod       		CODE           	5824	0000	67

C:\Program Files (x86)\Microchip\xc8\v1.45\sources\common\lwmod.c estimated size: 67

bibliotecas/SDCard.c
		_response      		CODE           	5B84	0000	15
		_dummy_clocks  		CODE           	58A4	0000	63
		_SDCard        		CODE           	463E	0000	229
		_command       		CODE           	5994	0000	57
		_proceed       		CODE           	5BAA	0000	13

bibliotecas/SDCard.c estimated size: 377

C:\Program Files (x86)\Microchip\xc8\v1.45\sources\common\Umul32.c
		___lmul        		CODE           	557E	0000	87

C:\Program Files (x86)\Microchip\xc8\v1.45\sources\common\Umul32.c estimated size: 87

bibliotecas/ff.c
		_clst2sect     		CODE           	47F4	0000	197
		_mem_cpy       		CODE           	55D4	0000	83
		_find_volume   		CODE           	0012	0000	2769
		_dir_clear     		CODE           	40DE	0000	291
		_ld_dword      		CODE           	4AF8	0000	185
		_remove_chain  		CODE           	34B4	0000	457
		_f_mount       		CODE           	4BB0	0000	173
		_get_fat       		CODE           	29D2	0000	899
		_st_word       		CODE           	5A76	0000	41
		_get_ldnumber  		CODE           	382E	0000	427
		_get_fattime   		CODE           	4434	0000	265
		_st_clust      		CODE           	57E2	0000	67
		_create_name   		CODE           	3086	0000	587
		_chk_chr       		CODE           	56CA	0000	73
		_create_chain  		CODE           	1884	0000	1255
		_dbc_1st       		CODE           	54B8	0000	105
		_validate      		CODE           	497A	0000	193
		_check_fs      		CODE           	4320	0000	277
		_f_sync        		CODE           	3CCC	0000	371
		_st_dword      		CODE           	53E0	0000	111
		_f_write       		CODE           	0AE2	0000	2047
		_mem_set       		CODE           	5A26	0000	41
		_dir_alloc     		CODE           	453C	0000	259
		_put_fat       		CODE           	21D6	0000	1111
		_sync_fs       		CODE           	32D0	0000	485
		_dir_next      		CODE           	262C	0000	935
		_sync_window   		CODE           	39D8	0000	385
		_dir_register  		CODE           	4722	0000	211
		_ld_word       		CODE           	595C	0000	57
		_dir_find      		CODE           	3FA4	0000	315
		_f_open        		CODE           	12E0	0000	1445
		_mem_cmp       		CODE           	5012	0000	133
		_f_close       		CODE           	5712	0000	71
		_dir_sdi       		CODE           	2D54	0000	819
		_follow_path   		CODE           	3B58	0000	373
		_dbc_2nd       		CODE           	4EF0	0000	151
		_ld_clust      		CODE           	5216	0000	119
		_move_window   		CODE           	4C5C	0000	171

bibliotecas/ff.c estimated size: 17954

bibliotecas/hardware.c
		_init_hardware 		CODE           	5B12	0000	23
		_config_timer_dois		CODE           	5B92	0000	13
		_config_timer_zero		CODE           	5AE0	0000	27
		_init_ports    		CODE           	5AFA	0000	25
		_write_timer_zero		CODE           	5B4E	0000	19
		_init_interrupt		CODE           	5B3C	0000	19
		_init_oscilador		CODE           	5BB6	0000	9

bibliotecas/hardware.c estimated size: 135

shared
		leitura_chave@F3840		MEDIUMCONST    	6140	0000	18
		leitura_chave@F3842		MEDIUMCONST    	612F	0000	18
		__powers_      		MEDIUMCONST    	60E1	0000	40
		leitura_chave@F3838		MEDIUMCONST    	6151	0000	18
		_dpowers       		MEDIUMCONST    	60B9	0000	41
		mensagem_inicial@F4171		MEDIUMCONST    	6162	0000	18
		_DbcTbl        		MEDIUMCONST    	6194	0000	11
		__npowers_     		MEDIUMCONST    	6108	0000	40
		__initialization		CODE           	528C	0000	101
		mensagem_inicial@F4169		MEDIUMCONST    	6173	0000	18
		get_ldnumber@volid		MEDIUMCONST    	6184	0000	17
		i2_write_timer_zero		CODE           	5B60	0000	19

shared estimated size: 359

C:\Program Files (x86)\Microchip\xc8\v1.45\sources\common\lwdiv.c
		___lwdiv       		CODE           	5626	0000	83

C:\Program Files (x86)\Microchip\xc8\v1.45\sources\common\lwdiv.c estimated size: 83

C:\Program Files (x86)\Microchip\xc8\v1.45\sources\common\lldiv.c
		___lldiv       		CODE           	511A	0000	131

C:\Program Files (x86)\Microchip\xc8\v1.45\sources\common\lldiv.c estimated size: 131

bibliotecas/display_lcd.c
		_delay         		CODE           	5A9E	0000	37
		_init_lcd      		CODE           	4E52	0000	159
		_endereco_cursor_lcd		CODE           	544E	0000	107
		_escreve_cmd_lcd		CODE           	4F86	0000	141
		_posicao_cursor_lcd		CODE           	5370	0000	113
		_escreve_caractere_lcd		CODE           	52FE	0000	115
		_escreve_frase_ram_lcd		CODE           	5678	0000	83
		_escreve_inteiro_lcd		CODE           	58E2	0000	63

bibliotecas/display_lcd.c estimated size: 818

main.c
		_main          		CODE           	59FE	0000	41
		_isr           		CODE           	0008	0000	295
		_escalonador   		CODE           	4D06	0000	169
		_mensagem_inicial		CODE           	519C	0000	123
		_inicializa_tarefas		CODE           	59CC	0000	51

main.c estimated size: 679

C:\Program Files (x86)\Microchip\xc8\v1.45\sources\common\itoa.c
		_itoa          		CODE           	579E	0000	69
		_utoa          		CODE           	4DAE	0000	165

C:\Program Files (x86)\Microchip\xc8\v1.45\sources\common\itoa.c estimated size: 234

bibliotecas/SHRC.c
		_recebe_dado_SPI		CODE           	5520	0000	95
		_inicializa_shrc		CODE           	5B9E	0000	13
		_escreve_dado_SPI		CODE           	5758	0000	71

bibliotecas/SHRC.c estimated size: 179

