Microchip MPLAB XC8 Compiler V1.41 ()

Linker command line:

-W-3 --edf=C:\Program Files (x86)\Microchip\xc8\v1.41\dat\en_msgs.txt -cs \
  -h+dist/default/production\SDCARDV6.production.sym \
  --cmf=dist/default/production\SDCARDV6.production.cmf -z -Q18F4550 \
  -oC:\Users\decso\AppData\Local\Temp\smjc.2 \
  -Mdist/default/production/SDCARDV6.production.map -E1 -ver=XC8 \
  -ASTACK=0422h-07ffh -pstack=STACK -ACODE=00h-0627Fh -ACONST=00h-0627Fh \
  -ASMALLCONST=0800h-08FFhx90,06200h-0627Fh -AMEDIUMCONST=0800h-0627Fh \
  -ACOMRAM=01h-05Fh -AABS1=00h-07FFh -ABIGRAM=01h-07FFh \
  -ARAM=060h-0FFh,0100h-01FFhx7 -ABANK0=060h-0FFh -ABANK1=0100h-01FFh \
  -ABANK2=0200h-02FFh -ABANK3=0300h-03FFh -ABANK4=0400h-04FFh \
  -ABANK5=0500h-05FFh -ABANK6=0600h-06FFh -ABANK7=0700h-07FFh \
  -ASFR=0F60h-0FFFh -preset_vec=00h,intcode=08h,intcodelo,powerup,init \
  -pramtop=0800h -psmallconst=SMALLCONST -pmediumconst=MEDIUMCONST \
  -pconst=CONST -AFARRAM=00h-00h -ACONFIG=0300000h-030000Dh -pconfig=CONFIG \
  -AIDLOC=0200000h-0200007h -pidloc=IDLOC -AEEDATA=0F00000h-0F000FFh \
  -peeprom_data=EEDATA \
  -prdata=COMRAM,nvrram=COMRAM,nvbit=COMRAM,rbss=COMRAM,rbit=COMRAM \
  -pfarbss=FARRAM,fardata=FARRAM,nvFARRAM=FARRAM \
  -pintsave_regs=BIGRAM,bigbss=BIGRAM,bigdata=BIGRAM -pbss=RAM \
  -pidata=CODE,irdata=CODE,ibigdata=CODE,ifardata=CODE -prparam=COMRAM \
  C:\Users\decso\AppData\Local\Temp\smjc.obj \
  dist/default/production\SDCARDV6.production.obj 

Object code version is 3.11

Machine type is 18F4550

Call graph: (short form)




                Name                               Link     Load   Length Selector   Space Scale
C:\Users\decso\AppData\Local\Temp\smjc.obj
                init                                  E        E        4        4       0
                reset_vec                             0        0        4        0       0
                idloc                            200000   200000        8   200000       0
                config                           300000   300000        E   300000       0
dist/default/production\SDCARDV6.production.obj
                intcode                               8        8        6        4       0
                temp                                 4A       4A        1        1       1
                mediumconst                        60AA     60AA      1D6     3055       0
                text42                             1222     1222       12        4       0
                text41                              A82      A82       9E        4       0
                text40                             1210     1210       12        4       0
                intcode_body                        4F0      4F0      124        4       0
                text38                             11D8     11D8       14        4       0
                text37                             100E     100E       44        4       0
                text36                             1240     1240        C        4       0
                text35                              C34      C34       82        4       0
                text34                              ECC      ECC       56        4       0
                text33                             10EE     10EE       26        4       0
                text32                              F74      F74       52        4       0
                text31                             1052     1052       42        4       0
                text30                               12       12      148        4       0
                text29                              15A      15A      142        4       0
                text28                             115A     115A       1E        4       0
                text27                              614      614       F8        4       0
                text26                             1114     1114       24        4       0
                text25                              B20      B20       8C        4       0
                text24                              CB6      CB6       72        4       0
                text23                              F22      F22       52        4       0
                text22                              D98      D98       6A        4       0
                text21                              D28      D28       70        4       0
                text20                              7D8      7D8       C4        4       0
                text19                              BAC      BAC       88        4       0
                text18                              942      942       A2        4       0
                text17                             1254     1254        8        4       0
                text16                             10C8     10C8       26        4       0
                text15                              70C      70C       CC        4       0
                text14                              29C      29C      12C        4       0
                text13                             1138     1138       22        4       0
                text12                             1234     1234        C        4       0
                text11                             11FE     11FE       12        4       0
                text10                             1178     1178       1A        4       0
                text9                              11EC     11EC       12        4       0
                text8                              124C     124C        8        4       0
                text7                              11AA     11AA       18        4       0
                text6                              11C2     11C2       16        4       0
                text5                               9E4      9E4       9E        4       0
                text4                               FC6      FC6       48        4       0
                text3                               E68      E68       64        4       0
                text2                               3C8      3C8      128        4       0
                text1                               89C      89C       A6        4       0
                text0                              1094     1094       34        4       0
                cstackCOMRAM                          1        1       34        1       1
                cstackBANK0                          F5       F5        A       60       1
                cstackBANK1                         1FA      1FA        6      100       1
                cstackBANK2                         200      200       22      200       1
                bssBIGRAM                           222      222      200      222       1
                bssBANK1                            100      100       FA      100       1
                dataBANK0                            DD       DD       18       60       1
                bssBANK0                             60       60       7D       60       1
                bssCOMRAM                            35       35       15        1       1
                cinit                               E02      E02       66        4       0
                idataBANK0                         1192     1192       18        4       0

TOTAL           Name                               Link     Load   Length     Space
        CLASS   STACK          

        CLASS   CODE           
                intcode                               8        8        6         0
                init                                  E        E        4         0
                reset_vec                             0        0        4         0
                text42                             1222     1222       12         0
                text41                              A82      A82       9E         0
                text40                             1210     1210       12         0
                intcode_body                        4F0      4F0      124         0
                text38                             11D8     11D8       14         0
                text37                             100E     100E       44         0
                text36                             1240     1240        C         0
                text35                              C34      C34       82         0
                text34                              ECC      ECC       56         0
                text33                             10EE     10EE       26         0
                text32                              F74      F74       52         0
                text31                             1052     1052       42         0
                text30                               12       12      148         0
                text29                              15A      15A      142         0
                text28                             115A     115A       1E         0
                text27                              614      614       F8         0
                text26                             1114     1114       24         0
                text25                              B20      B20       8C         0
                text24                              CB6      CB6       72         0
                text23                              F22      F22       52         0
                text22                              D98      D98       6A         0
                text21                              D28      D28       70         0
                text20                              7D8      7D8       C4         0
                text19                              BAC      BAC       88         0
                text18                              942      942       A2         0
                text17                             1254     1254        8         0
                text16                             10C8     10C8       26         0
                text15                              70C      70C       CC         0
                text14                              29C      29C      12C         0
                text13                             1138     1138       22         0
                text12                             1234     1234        C         0
                text11                             11FE     11FE       12         0
                text10                             1178     1178       1A         0
                text9                              11EC     11EC       12         0
                text8                              124C     124C        8         0
                text7                              11AA     11AA       18         0
                text6                              11C2     11C2       16         0
                text5                               9E4      9E4       9E         0
                text4                               FC6      FC6       48         0
                text3                               E68      E68       64         0
                text2                               3C8      3C8      128         0
                text1                               89C      89C       A6         0
                text0                              1094     1094       34         0
                cinit                               E02      E02       66         0
                idataBANK0                         1192     1192       18         0

        CLASS   CONST          

        CLASS   SMALLCONST     

        CLASS   MEDIUMCONST    
                mediumconst                        60AA     60AA      1D6         0

        CLASS   COMRAM         
                temp                                 4A       4A        1         1
                cstackCOMRAM                          1        1       34         1
                bssCOMRAM                            35       35       15         1

        CLASS   ABS1           

        CLASS   BIGRAM         
                bssBIGRAM                           222      222      200         1

        CLASS   RAM            

        CLASS   BANK0          
                cstackBANK0                          F5       F5        A         1
                dataBANK0                            DD       DD       18         1
                bssBANK0                             60       60       7D         1

        CLASS   BANK1          
                cstackBANK1                         1FA      1FA        6         1
                bssBANK1                            100      100       FA         1

        CLASS   BANK2          
                cstackBANK2                         200      200       22         1

        CLASS   BANK3          

        CLASS   BANK4          

        CLASS   BANK5          

        CLASS   BANK6          

        CLASS   BANK7          

        CLASS   SFR            

        CLASS   FARRAM         

        CLASS   CONFIG         
                config                           300000   300000        E         0

        CLASS   IDLOC          
                idloc                            200000   200000        8         0

        CLASS   EEDATA         



SEGMENTS        Name                           Load    Length   Top    Selector   Space  Class

                reset_vec                      000000  000004  000004         0       0  CODE    
                cstackCOMRAM                   000001  00004A  00004B         1       1  COMRAM  
                intcode                        000008  001254  00125C         4       0  CODE    
                bssBANK0                       000060  00009F  0000FF        60       1  BANK0   
                bssBANK1                       000100  000100  000200       100       1  BANK1   
                cstackBANK2                    000200  000022  000222       200       1  BANK2   
                bssBIGRAM                      000222  000200  000422       222       1  BIGRAM  
                mediumconst                    0060AA  0001D6  006280      3055       0  MEDIUMCO
                idloc                          200000  000008  200008    200000       0  IDLOC   
                config                         300000  00000E  30000E    300000       0  CONFIG  


UNUSED ADDRESS RANGES

        Name                Unused          Largest block    Delta
        BANK0            0000FF-0000FF                1
        BANK4            000422-0004FF               DE
        BANK5            000500-0005FF              100
        BANK6            000600-0006FF              100
        BANK7            000700-0007FF              100
        BIGRAM           00004B-00005F               15
                         0000FF-0000FF                1
                         000422-0007FF              3DE
        CODE             000004-000007                4
                         00125C-0060A9             4E4E
        COMRAM           00004B-00005F               15
        CONST            000004-000007                4
                         00125C-0060A9             4E4E
        EEDATA           F00000-F000FF              100
        MEDIUMCONST      00125C-0060A9             4E4E
        RAM              0000FF-0000FF                1
                         000422-0007FF              100
        SFR              000F60-000FFF               A0
        SMALLCONST       00125C-0060A9              100
        STACK            000422-0007FF              3DE

                                  Symbol Table

?___aldiv                         cstackCOMRAM 000016
?___lldiv                         cstackCOMRAM 000016
?___lmul                          cstackCOMRAM 000016
?___lwdiv                         cstackCOMRAM 000016
?___lwmod                         cstackCOMRAM 00001D
?___wmul                          cstackCOMRAM 000016
?_atol                            cstackCOMRAM 000022
?_get_dt                          cstackCOMRAM 000030
?_leitura_adc                     cstackCOMRAM 000016
?_sprintf                         cstackCOMRAM 000022
_ADCON0                           (abs)        000FC2
_ADCON0bits                       (abs)        000FC2
_ADCON1                           (abs)        000FC1
_ADCON1bits                       (abs)        000FC1
_ADCON2bits                       (abs)        000FC0
_ADRESH                           (abs)        000FC4
_ADRESL                           (abs)        000FC3
_BRGH                             (abs)        007D62
_CREN                             (abs)        007D5C
_EEADR                            (abs)        000FA9
_EECON1bits                       (abs)        000FA6
_EECON2                           (abs)        000FA7
_EEDATA                           (abs)        000FA8
_E_W                              bssCOMRAM    000045
_FatFs                            bssCOMRAM    000038
_INT0IE                           (abs)        007F94
_INT0IF                           (abs)        007F91
_INTCON                           (abs)        000FF2
_INTCON2                          (abs)        000FF1
_INTCON3                          (abs)        000FF0
_INTCONbits                       (abs)        000FF2
_LATB                             (abs)        000F8A
_LATBbits                         (abs)        000F8A
_OSCCONbits                       (abs)        000FD3
_PCL                              (abs)        000FF9
_PCLATH                           (abs)        000FFA
_PIE1                             (abs)        000F9D
_PIE1bits                         (abs)        000F9D
_PIR1bits                         (abs)        000F9E
_PIR2bits                         (abs)        000FA1
_PORTAbits                        (abs)        000F80
_PORTCbits                        (abs)        000F82
_PORTDbits                        (abs)        000F83
_PORTEbits                        (abs)        000F84
_PR2                              (abs)        000FCB
_RCIF                             (abs)        007CF5
_RCREG                            (abs)        000FAE
_RCSTA                            (abs)        000FAB
_RCSTAbits                        (abs)        000FAB
_Result                           bssCOMRAM    000040
_SPBRG                            (abs)        000FAF
_SPEN                             (abs)        007D5F
_SPPCFG                           (abs)        000F63
_SPPCON                           (abs)        000F65
_SSPBUF                           (abs)        000FC9
_SSPCON1                          (abs)        000FC6
_SSPCON1bits                      (abs)        000FC6
_SSPSTAT                          (abs)        000FC7
_SSPSTATbits                      (abs)        000FC7
_SYNC                             (abs)        007D64
_T0CON                            (abs)        000FD5
_T0CONbits                        (abs)        000FD5
_T0IF                             (abs)        007F92
_T2CON                            (abs)        000FCA
_TMR0H                            (abs)        000FD7
_TMR0IF                           (abs)        007F92
_TMR0L                            (abs)        000FD6
_TMR2                             (abs)        000FCC
_TMR2IF                           (abs)        007CF1
_TRISA                            (abs)        000F92
_TRISAbits                        (abs)        000F92
_TRISB                            (abs)        000F93
_TRISBbits                        (abs)        000F93
_TRISC                            (abs)        000F94
_TRISCbits                        (abs)        000F94
_TRISD                            (abs)        000F95
_TRISDbits                        (abs)        000F95
_TRISE                            (abs)        000F96
_TRMT                             (abs)        007D61
_TXEN                             (abs)        007D65
_TXREG                            (abs)        000FAD
_TXSTA                            (abs)        000FAC
__CFG_BOR$ON                      (abs)        000000
__CFG_BORV$3                      (abs)        000000
__CFG_CCP2MX$OFF                  (abs)        000000
__CFG_CPUDIV$OSC1_PLL2            (abs)        000000
__CFG_FCMEN$OFF                   (abs)        000000
__CFG_FOSC$HS                     (abs)        000000
__CFG_IESO$OFF                    (abs)        000000
__CFG_LPT1OSC$OFF                 (abs)        000000
__CFG_LVP$OFF                     (abs)        000000
__CFG_MCLRE$ON                    (abs)        000000
__CFG_PBADEN$OFF                  (abs)        000000
__CFG_PLLDIV$5                    (abs)        000000
__CFG_PWRT$OFF                    (abs)        000000
__CFG_STVREN$ON                   (abs)        000000
__CFG_USBDIV$1                    (abs)        000000
__CFG_VREGEN$OFF                  (abs)        000000
__CFG_WDT$OFF                     (abs)        000000
__HRAM                            (abs)        000000
__Habs1                           abs1         000000
__Hbank0                          bank0        000000
__Hbank1                          bank1        000000
__Hbank2                          bank2        000000
__Hbank3                          bank3        000000
__Hbank4                          bank4        000000
__Hbank5                          bank5        000000
__Hbank6                          bank6        000000
__Hbank7                          bank7        000000
__Hbigbss                         bigbss       000000
__Hbigdata                        bigdata      000000
__Hbigram                         bigram       000000
__Hbss                            bss          000000
__HbssBANK0                       bssBANK0     000000
__HbssBANK1                       bssBANK1     000000
__HbssBIGRAM                      bssBIGRAM    000000
__HbssCOMRAM                      bssCOMRAM    000000
__Hcinit                          cinit        000000
__Hclrtext                        clrtext      000000
__Hcomram                         comram       000000
__Hconfig                         config       30000E
__Hconst                          const        000000
__HcstackBANK0                    cstackBANK0  000000
__HcstackBANK1                    cstackBANK1  000000
__HcstackBANK2                    cstackBANK2  000000
__HcstackCOMRAM                   cstackCOMRAM 000000
__Hdata                           data         000000
__HdataBANK0                      dataBANK0    000000
__Heeprom_data                    eeprom_data  000000
__Hfarbss                         farbss       000000
__Hfardata                        fardata      000000
__Hibigdata                       ibigdata     000000
__Hidata                          idata        000000
__HidataBANK0                     idataBANK0   000000
__Hidloc                          idloc        200008
__Hifardata                       ifardata     000000
__Hinit                           init         000012
__Hintcode                        intcode      00000E
__Hintcode_body                   intcode_body 000000
__Hintcodelo                      intcodelo    00000E
__Hintentry                       intentry     000000
__Hintret                         intret       000000
__Hintsave_regs                   intsave_regs 000000
__Hirdata                         irdata       000000
__Hmediumconst                    mediumconst  006280
__HnvFARRAM                       nvFARRAM     000000
__Hnvbit                          nvbit        000000
__Hnvrram                         nvrram       000000
__Hparam                          rparam       000000
__Hpowerup                        powerup      00000E
__Hram                            ram          000000
__Hramtop                         ramtop       000800
__Hrbit                           rbit         000000
__Hrbss                           rbss         000000
__Hrdata                          rdata        000000
__Hreset_vec                      reset_vec    000004
__Hrparam                         rparam       000000
__Hsfr                            sfr          000000
__Hsmallconst                     smallconst   000000
__Hspace_0                        (abs)        30000E
__Hspace_1                        (abs)        000422
__Hspace_2                        (abs)        000000
__Hstack                          stack        000000
__Hstruct                         struct       000000
__Htemp                           temp         00004B
__Htext                           text         000000
__Htext0                          text0        000000
__Htext1                          text1        000000
__Htext10                         text10       000000
__Htext11                         text11       000000
__Htext12                         text12       000000
__Htext13                         text13       000000
__Htext14                         text14       000000
__Htext15                         text15       000000
__Htext16                         text16       000000
__Htext17                         text17       000000
__Htext18                         text18       000000
__Htext19                         text19       000000
__Htext2                          text2        000000
__Htext20                         text20       000000
__Htext21                         text21       000000
__Htext22                         text22       000000
__Htext23                         text23       000000
__Htext24                         text24       000000
__Htext25                         text25       000000
__Htext26                         text26       000000
__Htext27                         text27       000000
__Htext28                         text28       000000
__Htext29                         text29       000000
__Htext3                          text3        000000
__Htext30                         text30       000000
__Htext31                         text31       000000
__Htext32                         text32       000000
__Htext33                         text33       000000
__Htext34                         text34       000000
__Htext35                         text35       000000
__Htext36                         text36       000000
__Htext37                         text37       000000
__Htext38                         text38       000000
__Htext4                          text4        000000
__Htext40                         text40       000000
__Htext41                         text41       000000
__Htext42                         text42       000000
__Htext43                         text43       000000
__Htext5                          text5        000000
__Htext6                          text6        000000
__Htext7                          text7        000000
__Htext8                          text8        000000
__Htext9                          text9        000000
__LRAM                            (abs)        000001
__Labs1                           abs1         000000
__Lbank0                          bank0        000000
__Lbank1                          bank1        000000
__Lbank2                          bank2        000000
__Lbank3                          bank3        000000
__Lbank4                          bank4        000000
__Lbank5                          bank5        000000
__Lbank6                          bank6        000000
__Lbank7                          bank7        000000
__Lbigbss                         bigbss       000000
__Lbigdata                        bigdata      000000
__Lbigram                         bigram       000000
__Lbss                            bss          000000
__LbssBANK0                       bssBANK0     000000
__LbssBANK1                       bssBANK1     000000
__LbssBIGRAM                      bssBIGRAM    000000
__LbssCOMRAM                      bssCOMRAM    000000
__Lcinit                          cinit        000000
__Lclrtext                        clrtext      000000
__Lcomram                         comram       000000
__Lconfig                         config       300000
__Lconst                          const        000000
__LcstackBANK0                    cstackBANK0  000000
__LcstackBANK1                    cstackBANK1  000000
__LcstackBANK2                    cstackBANK2  000000
__LcstackCOMRAM                   cstackCOMRAM 000000
__Ldata                           data         000000
__LdataBANK0                      dataBANK0    000000
__Leeprom_data                    eeprom_data  000000
__Lfarbss                         farbss       000000
__Lfardata                        fardata      000000
__Libigdata                       ibigdata     000000
__Lidata                          idata        000000
__LidataBANK0                     idataBANK0   000000
__Lidloc                          idloc        200000
__Lifardata                       ifardata     000000
__Linit                           init         00000E
__Lintcode                        intcode      000008
__Lintcode_body                   intcode_body 000000
__Lintcodelo                      intcodelo    00000E
__Lintentry                       intentry     000000
__Lintret                         intret       000000
__Lintsave_regs                   intsave_regs 000000
__Lirdata                         irdata       000000
__Lmediumconst                    mediumconst  0060AA
__LnvFARRAM                       nvFARRAM     000000
__Lnvbit                          nvbit        000000
__Lnvrram                         nvrram       000000
__Lparam                          rparam       000000
__Lpowerup                        powerup      00000E
__Lram                            ram          000000
__Lramtop                         ramtop       000800
__Lrbit                           rbit         000000
__Lrbss                           rbss         000000
__Lrdata                          rdata        000000
__Lreset_vec                      reset_vec    000000
__Lrparam                         rparam       000000
__Lsfr                            sfr          000000
__Lsmallconst                     smallconst   000000
__Lspace_0                        (abs)        000000
__Lspace_1                        (abs)        000000
__Lspace_2                        (abs)        000000
__Lstack                          stack        000000
__Lstruct                         struct       000000
__Ltemp                           temp         00004A
__Ltext                           text         000000
__Ltext0                          text0        000000
__Ltext1                          text1        000000
__Ltext10                         text10       000000
__Ltext11                         text11       000000
__Ltext12                         text12       000000
__Ltext13                         text13       000000
__Ltext14                         text14       000000
__Ltext15                         text15       000000
__Ltext16                         text16       000000
__Ltext17                         text17       000000
__Ltext18                         text18       000000
__Ltext19                         text19       000000
__Ltext2                          text2        000000
__Ltext20                         text20       000000
__Ltext21                         text21       000000
__Ltext22                         text22       000000
__Ltext23                         text23       000000
__Ltext24                         text24       000000
__Ltext25                         text25       000000
__Ltext26                         text26       000000
__Ltext27                         text27       000000
__Ltext28                         text28       000000
__Ltext29                         text29       000000
__Ltext3                          text3        000000
__Ltext30                         text30       000000
__Ltext31                         text31       000000
__Ltext32                         text32       000000
__Ltext33                         text33       000000
__Ltext34                         text34       000000
__Ltext35                         text35       000000
__Ltext36                         text36       000000
__Ltext37                         text37       000000
__Ltext38                         text38       000000
__Ltext4                          text4        000000
__Ltext40                         text40       000000
__Ltext41                         text41       000000
__Ltext42                         text42       000000
__Ltext43                         text43       000000
__Ltext5                          text5        000000
__Ltext6                          text6        000000
__Ltext7                          text7        000000
__Ltext8                          text8        000000
__Ltext9                          text9        000000
__S0                              (abs)        30000E
__S1                              (abs)        000422
__S2                              (abs)        000000
___aldiv                          text15       00070C
___aldiv@counter                  cstackCOMRAM 00001E
___aldiv@dividend                 cstackCOMRAM 000016
___aldiv@divisor                  cstackCOMRAM 00001A
___aldiv@quotient                 cstackCOMRAM 000020
___aldiv@sign                     cstackCOMRAM 00001F
___inthi_sp                       stack        000000
___intlo_sp                       stack        000000
___lldiv                          text35       000C34
___lldiv@counter                  cstackCOMRAM 000022
___lldiv@dividend                 cstackCOMRAM 000016
___lldiv@divisor                  cstackCOMRAM 00001A
___lldiv@quotient                 cstackCOMRAM 00001E
___lmul                           text34       000ECC
___lmul@multiplicand              cstackCOMRAM 00001A
___lmul@multiplier                cstackCOMRAM 000016
___lmul@product                   cstackCOMRAM 00001E
___lwdiv                          text32       000F74
___lwdiv@counter                  cstackCOMRAM 00001A
___lwdiv@dividend                 cstackCOMRAM 000016
___lwdiv@divisor                  cstackCOMRAM 000018
___lwdiv@quotient                 cstackCOMRAM 00001B
___lwmod                          text31       001052
___lwmod@counter                  cstackCOMRAM 000021
___lwmod@dividend                 cstackCOMRAM 00001D
___lwmod@divisor                  cstackCOMRAM 00001F
___param_bank                     (abs)        000000
___rparam_used                    (abs)        000001
___sp                             stack        000000
___wmul                           text33       0010EE
___wmul@multiplicand              cstackCOMRAM 000018
___wmul@multiplier                cstackCOMRAM 000016
___wmul@product                   cstackCOMRAM 00001A
__accesstop                       (abs)        000060
__activetblptr                    (abs)        000002
__end_of___aldiv                  text15       0007D8
__end_of___lldiv                  text35       000CB6
__end_of___lmul                   text34       000F22
__end_of___lwdiv                  text32       000FC6
__end_of___lwmod                  text31       001094
__end_of___wmul                   text33       001114
__end_of__initialization          cinit        000E5A
__end_of_ativa_latch_shrc         text38       0011EC
__end_of_atol                     text27       00070C
__end_of_config_timer_dois        text12       001240
__end_of_config_timer_zero        text10       001192
__end_of_configura_baudrate_uart  text14       0003C8
__end_of_controle_shrc            text36       00124C
__end_of_convert_to_date          text29       00029C
__end_of_delay                    text26       001138
__end_of_dpowers                  mediumconst  00618A
__end_of_endereco_cursor_lcd      text22       000E02
__end_of_envia_dados_shrc         text37       001052
__end_of_escalonador              text18       0009E4
__end_of_escreve_caractere_lcd    text24       000D28
__end_of_escreve_cmd_lcd          text25       000BAC
__end_of_escreve_frase_ram_lcd    text23       000F74
__end_of_get_dt                   text20       00089C
__end_of_gps                      text19       000C34
__end_of_inicializa_shrc          text17       00125C
__end_of_inicializa_tarefas       text16       0010EE
__end_of_inicializa_uart          text13       00115A
__end_of_init_hardware            text6        0011D8
__end_of_init_interrupt           text9        0011FE
__end_of_init_lcd                 text5        000A82
__end_of_init_oscilador           text8        001254
__end_of_init_ports               text7        0011C2
__end_of_isdigit                  text28       001178
__end_of_isr                      intcode_body 000614
__end_of_leitura_adc              text3        000ECC
__end_of_leitura_chaves_sistema   text4        00100E
__end_of_leitura_continua_adc     text2        0004F0
__end_of_main                     text0        0010C8
__end_of_mensagem_inicial         text1        000942
__end_of_posicao_cursor_lcd       text21       000D98
__end_of_recebe_dado_uart         text42       001234
__end_of_sprintf                  text30       00015A
__end_of_tratamento_uart          text41       000B20
__end_of_write_timer_zero         text11       001210
__end_ofcreate_name@cvt           mediumconst  00612B
__end_ofi2_write_timer_zero       text40       001222
__end_ofleitura_chave@F3834       mediumconst  00615E
__end_ofleitura_chave@F3836       mediumconst  00614D
__end_ofleitura_chave@F3838       mediumconst  00613C
__end_ofmensagem_inicial@F4018    mediumconst  006180
__end_ofmensagem_inicial@F4020    mediumconst  00616F
__initialization                  cinit        000E02
__mediumconst                     mediumconst  0060AA
__pbssBANK0                       bssBANK0     000060
__pbssBANK1                       bssBANK1     000100
__pbssBIGRAM                      bssBIGRAM    000222
__pbssCOMRAM                      bssCOMRAM    000035
__pcinit                          cinit        000E02
__pcstackBANK0                    cstackBANK0  0000F5
__pcstackBANK1                    cstackBANK1  0001FA
__pcstackBANK2                    cstackBANK2  000200
__pcstackCOMRAM                   cstackCOMRAM 000001
__pdataBANK0                      dataBANK0    0000DD
__pidataBANK0                     idataBANK0   001192
__pintcode                        intcode      000008
__pintcode_body                   intcode_body 0004F0
__pmediumconst                    mediumconst  0060AA
__ptext0                          text0        001094
__ptext1                          text1        00089C
__ptext10                         text10       001178
__ptext11                         text11       0011FE
__ptext12                         text12       001234
__ptext13                         text13       001138
__ptext14                         text14       00029C
__ptext15                         text15       00070C
__ptext16                         text16       0010C8
__ptext17                         text17       001254
__ptext18                         text18       000942
__ptext19                         text19       000BAC
__ptext2                          text2        0003C8
__ptext20                         text20       0007D8
__ptext21                         text21       000D28
__ptext22                         text22       000D98
__ptext23                         text23       000F22
__ptext24                         text24       000CB6
__ptext25                         text25       000B20
__ptext26                         text26       001114
__ptext27                         text27       000614
__ptext28                         text28       00115A
__ptext29                         text29       00015A
__ptext3                          text3        000E68
__ptext30                         text30       000012
__ptext31                         text31       001052
__ptext32                         text32       000F74
__ptext33                         text33       0010EE
__ptext34                         text34       000ECC
__ptext35                         text35       000C34
__ptext36                         text36       001240
__ptext37                         text37       00100E
__ptext38                         text38       0011D8
__ptext4                          text4        000FC6
__ptext40                         text40       001210
__ptext41                         text41       000A82
__ptext42                         text42       001222
__ptext43                         text43       000000
__ptext5                          text5        0009E4
__ptext6                          text6        0011C2
__ptext7                          text7        0011AA
__ptext8                          text8        00124C
__ptext9                          text9        0011EC
__ramtop                          ramtop       000800
__size_of___aldiv                 (abs)        000000
__size_of___lldiv                 (abs)        000000
__size_of___lmul                  (abs)        000000
__size_of___lwdiv                 (abs)        000000
__size_of___lwmod                 (abs)        000000
__size_of___wmul                  (abs)        000000
__size_of_ativa_latch_shrc        (abs)        000000
__size_of_atol                    (abs)        000000
__size_of_config_timer_dois       (abs)        000000
__size_of_config_timer_zero       (abs)        000000
__size_of_configura_baudrate_uart (abs)        000000
__size_of_controle_shrc           (abs)        000000
__size_of_convert_to_date         (abs)        000000
__size_of_delay                   (abs)        000000
__size_of_endereco_cursor_lcd     (abs)        000000
__size_of_envia_dados_shrc        (abs)        000000
__size_of_escalonador             (abs)        000000
__size_of_escreve_caractere_lcd   (abs)        000000
__size_of_escreve_cmd_lcd         (abs)        000000
__size_of_escreve_frase_ram_lcd   (abs)        000000
__size_of_get_dt                  (abs)        000000
__size_of_gps                     (abs)        000000
__size_of_inicializa_shrc         (abs)        000000
__size_of_inicializa_tarefas      (abs)        000000
__size_of_inicializa_uart         (abs)        000000
__size_of_init_hardware           (abs)        000000
__size_of_init_interrupt          (abs)        000000
__size_of_init_lcd                (abs)        000000
__size_of_init_oscilador          (abs)        000000
__size_of_init_ports              (abs)        000000
__size_of_isdigit                 (abs)        000000
__size_of_isr                     (abs)        000000
__size_of_leitura_adc             (abs)        000000
__size_of_leitura_chaves_sistema  (abs)        000000
__size_of_leitura_continua_adc    (abs)        000000
__size_of_main                    (abs)        000000
__size_of_mensagem_inicial        (abs)        000000
__size_of_posicao_cursor_lcd      (abs)        000000
__size_of_recebe_dado_uart        (abs)        000000
__size_of_sprintf                 (abs)        000000
__size_of_tratamento_uart         (abs)        000000
__size_of_write_timer_zero        (abs)        000000
__size_ofi2_write_timer_zero      (abs)        000000
__smallconst                      smallconst   000000
_ativa_latch_shrc                 text38       0011D8
_atol                             text27       000614
_comma_counter_gga                bssCOMRAM    000044
_comma_counter_rmc                bssCOMRAM    000043
_config_timer_dois                text12       001234
_config_timer_zero                text10       001178
_configura_baudrate_uart          text14       00029C
_controle_shrc                    text36       001240
_convert_to_date                  text29       00015A
_dado                             bssCOMRAM    00003E
_data_buffer                      bssBANK0     0000C8
_data_buffer_32                   bssBANK1     0001DA
_data_uart_recebe                 bssCOMRAM    000049
_delay                            text26       001114
_dpowers                          mediumconst  006180
_dt_buffer                        bssBANK0     0000D7
_endereco_cursor_lcd              text22       000D98
_envia_dados_shrc                 text37       00100E
_escalonador                      text18       000942
_escreve_caractere_lcd            text24       000CB6
_escreve_cmd_lcd                  text25       000B20
_escreve_frase_ram_lcd            text23       000F22
_estado                           bssCOMRAM    00003D
_fileName                         dataBANK0    0000DD
_fileSize                         bssBANK0     0000AD
_flag                             bssBANK0     0000C0
_folder                           bssBANK1     000150
_get_dt                           text20       0007D8
_gga_buffer                       bssBANK1     000100
_gga_code                         bssBANK0     0000BD
_gga_index                        bssBANK0     0000C4
_gga_pointers                     bssBANK0     000086
_gps                              text19       000BAC
_info_chaves                      bssBANK0     0000A6
_inicializa_shrc                  text17       001254
_inicializa_tarefas               text16       0010C8
_inicializa_uart                  text13       001138
_init_hardware                    text6        0011C2
_init_interrupt                   text9        0011EC
_init_lcd                         text5        0009E4
_init_oscilador                   text8        00124C
_init_ports                       text7        0011AA
_is_it_gga_string                 bssCOMRAM    000042
_is_it_rmc_string                 bssCOMRAM    000041
_isdigit                          text28       00115A
_isdigit$2783                     cstackCOMRAM 000017
_isr                              intcode      000008
_leitura_adc                      text3        000E68
_leitura_chaves_sistema           text4        000FC6
_leitura_continua_adc             text2        0003C8
_main                             text0        001094
_mensagem_inicial                 text1        00089C
_n_s                              bssCOMRAM    000046
_p_tarefas                        bssBANK0     0000B9
_posicao_cursor_lcd               text21       000D28
_rd                               bssBANK0     0000C2
_recebe_dado_uart                 text42       001222
_rmc_buffer                       bssBANK1     000194
_rmc_code                         bssCOMRAM    000035
_rmc_index                        bssCOMRAM    00003A
_rmc_pointers                     bssBANK0     00009A
_s                                bssCOMRAM    00003F
_sinaliza_int_timer               bssCOMRAM    000048
_sprintf                          text30       000012
_tarefa_em_execucao               bssCOMRAM    000047
_tempo_backup                     bssBANK0     0000B5
_tempo_tarefa                     bssBANK0     0000B1
_timeout_tarefa                   bssBANK0     0000C6
_tratamento_uart                  text41       000A82
_txt                              bssBANK1     000180
_valor_leitura_adc                bssBANK0     000060
_write_timer_zero                 text11       0011FE
atol@a                            cstackCOMRAM 00002B
atol@c                            cstackCOMRAM 00002F
atol@s                            cstackCOMRAM 000022
atol@sign                         cstackCOMRAM 00002A
btemp                             temp         00004A
configura_baudrate_uart@baudrate  cstackCOMRAM 000024
configura_baudrate_uart@x         cstackCOMRAM 000030
convert_to_date@ano               cstackBANK2  000202
convert_to_date@dia               cstackBANK2  000204
convert_to_date@dt                cstackBANK0  0000F5
convert_to_date@mes               cstackBANK2  000200
convert_to_date@temp              cstackBANK2  000206
create_name@cvt                   mediumconst  0060AB
delay@contador_ext                cstackCOMRAM 000016
delay@contador_int                cstackCOMRAM 000017
disk_readp@arr                    bssBIGRAM    000222
end_of_initialization             cinit        000E5A
endereco_cursor_lcd@endereco      cstackCOMRAM 000018
envia_dados_shrc@contador         cstackCOMRAM 000016
envia_dados_shrc@data_to_shrc     cstackCOMRAM 000017
escalonador@cont                  cstackCOMRAM 000034
escreve_caractere_lcd@data        cstackCOMRAM 000018
escreve_cmd_lcd@comando           cstackCOMRAM 000018
escreve_frase_ram_lcd@buffer      cstackCOMRAM 000019
escreve_inteiro_lcd@F3962         dataBANK0    0000EE
escreve_inteiro_uart@F3952        dataBANK0    0000E7
get_dt@_dt                        cstackBANK2  00020C
get_dt@dado_buffer                cstackBANK2  000200
get_dt@dt_index                   cstackBANK2  000212
get_dt@dt_pointer                 cstackBANK2  000210
get_dt@index                      cstackBANK2  000211
gps@date                          cstackBANK1  0001FA
i2_write_timer_zero               text40       001210
i2write_timer_zero@timer          cstackCOMRAM 000003
i2write_timer_zero@timer0         cstackCOMRAM 000001
int$flags                         temp         00004A
int_func                          intcode_body 0004F0
intlevel0                         text         000000
intlevel1                         text         000000
intlevel2                         text         000000
intlevel3                         text         000000
isdigit@c                         cstackCOMRAM 000018
isr@cont                          cstackCOMRAM 000015
leitura_adc@canal                 cstackCOMRAM 00001C
leitura_chave@F3834               mediumconst  00614D
leitura_chave@F3836               mediumconst  00613C
leitura_chave@F3838               mediumconst  00612B
leitura_continua_adc@cont         cstackCOMRAM 000024
leitura_continua_adc@cont_int     cstackCOMRAM 000023
mensagem_inicial@F4018            mediumconst  00616F
mensagem_inicial@F4020            mediumconst  00615E
mensagem_inicial@msg_dois         cstackBANK2  000211
mensagem_inicial@msg_linha_um     cstackBANK2  000200
posicao_cursor_lcd@coluna         cstackCOMRAM 000019
posicao_cursor_lcd@endereco       cstackCOMRAM 00001B
posicao_cursor_lcd@linha          cstackCOMRAM 00001A
sprintf@ap                        cstackCOMRAM 00002D
sprintf@c                         cstackCOMRAM 000033
sprintf@f                         cstackCOMRAM 000024
sprintf@flag                      cstackCOMRAM 00002F
sprintf@prec                      cstackCOMRAM 000030
sprintf@sp                        cstackCOMRAM 000022
sprintf@val                       cstackCOMRAM 000031
stackhi                           (abs)        0007FF
stacklo                           (abs)        000422
start                             init         00000E
start_initialization              cinit        000E02
timer_dois@flag                   bssCOMRAM    00003C
tratamento_uart@received_char     cstackCOMRAM 000001
write_timer_zero@timer            cstackCOMRAM 000018
write_timer_zero@timer0           cstackCOMRAM 000016


FUNCTION INFORMATION:

 *************** function _main *****************
 Defined at:
		line 205 in file "main.c"
 Parameters:    Size  Location     Type
		None
 Auto vars:     Size  Location     Type
		None
 Return value:  Size  Location     Type
                  1    wreg      void 
 Registers used:
		wreg, fsr0l, fsr0h, fsr1l, fsr1h, fsr2l, fsr2h, status,2, status,0, pclath, tosl, tblptrl, tblptrh, tblptru, prodl, prodh, cstack
 Tracked objects:
		On entry : 
		On exit  : 
		Unchanged: 
 Data sizes:     COMRAM   BANK0   BANK1   BANK2   BANK3   BANK4   BANK5   BANK6   BANK7
      Params:         0       0       0       0       0       0       0       0       0
      Locals:         0       0       0       0       0       0       0       0       0
      Temps:          0       0       0       0       0       0       0       0       0
      Totals:         0       0       0       0       0       0       0       0       0
Total ram usage:        0 bytes
 Hardware stack levels required when called:    8
 This function calls:
		_controle_shrc
		_escalonador
		_inicializa_shrc
		_inicializa_tarefas
		_inicializa_uart
		_init_hardware
		_init_lcd
		_leitura_chaves_sistema
		_leitura_continua_adc
		_mensagem_inicial
 This function is called by:
		Startup code after reset
 This function uses a non-reentrant model


 *************** function _mensagem_inicial *****************
 Defined at:
		line 236 in file "main.c"
 Parameters:    Size  Location     Type
		None
 Auto vars:     Size  Location     Type
  msg_dois       17   17[BANK2 ] const unsigned char [17]
  msg_linha_um   17    0[BANK2 ] const unsigned char [17]
 Return value:  Size  Location     Type
                  1    wreg      void 
 Registers used:
		wreg, fsr0l, fsr0h, fsr2l, fsr2h, status,2, status,0, tblptrl, tblptrh, tblptru, cstack
 Tracked objects:
		On entry : 
		On exit  : 
		Unchanged: 
 Data sizes:     COMRAM   BANK0   BANK1   BANK2   BANK3   BANK4   BANK5   BANK6   BANK7
      Params:         0       0       0       0       0       0       0       0       0
      Locals:         0       0       0      34       0       0       0       0       0
      Temps:          2       0       0       0       0       0       0       0       0
      Totals:         2       0       0      34       0       0       0       0       0
Total ram usage:       36 bytes
 Hardware stack levels used:    1
 Hardware stack levels required when called:    5
 This function calls:
		_escreve_cmd_lcd
		_escreve_frase_ram_lcd
		_posicao_cursor_lcd
 This function is called by:
		_main
 This function uses a non-reentrant model


 *************** function _leitura_continua_adc *****************
 Defined at:
		line 109 in file "bibliotecas/adc.c"
 Parameters:    Size  Location     Type
		None
 Auto vars:     Size  Location     Type
  cont_int        1   34[COMRAM] unsigned char 
  cont            1   35[COMRAM] unsigned char 
 Return value:  Size  Location     Type
                  1    wreg      void 
 Registers used:
		wreg, fsr2l, fsr2h, status,2, status,0, prodl, prodh, cstack
 Tracked objects:
		On entry : 
		On exit  : 
		Unchanged: 
 Data sizes:     COMRAM   BANK0   BANK1   BANK2   BANK3   BANK4   BANK5   BANK6   BANK7
      Params:         0       0       0       0       0       0       0       0       0
      Locals:         2       0       0       0       0       0       0       0       0
      Temps:          6       0       0       0       0       0       0       0       0
      Totals:         8       0       0       0       0       0       0       0       0
Total ram usage:        8 bytes
 Hardware stack levels used:    1
 Hardware stack levels required when called:    3
 This function calls:
		_leitura_adc
 This function is called by:
		_main
 This function uses a non-reentrant model


 *************** function _leitura_adc *****************
 Defined at:
		line 76 in file "bibliotecas/adc.c"
 Parameters:    Size  Location     Type
  canal           1    wreg     unsigned char 
 Auto vars:     Size  Location     Type
  canal           1   27[COMRAM] unsigned char 
 Return value:  Size  Location     Type
                  2   21[COMRAM] unsigned int 
 Registers used:
		wreg, status,2, status,0
 Tracked objects:
		On entry : 
		On exit  : 
		Unchanged: 
 Data sizes:     COMRAM   BANK0   BANK1   BANK2   BANK3   BANK4   BANK5   BANK6   BANK7
      Params:         2       0       0       0       0       0       0       0       0
      Locals:         1       0       0       0       0       0       0       0       0
      Temps:          4       0       0       0       0       0       0       0       0
      Totals:         7       0       0       0       0       0       0       0       0
Total ram usage:        7 bytes
 Hardware stack levels used:    1
 Hardware stack levels required when called:    2
 This function calls:
		Nothing
 This function is called by:
		_leitura_continua_adc
 This function uses a non-reentrant model


 *************** function _leitura_chaves_sistema *****************
 Defined at:
		line 47 in file "bibliotecas/chaves.c"
 Parameters:    Size  Location     Type
		None
 Auto vars:     Size  Location     Type
		None
 Return value:  Size  Location     Type
                  1    wreg      void 
 Registers used:
		wreg
 Tracked objects:
		On entry : 
		On exit  : 
		Unchanged: 
 Data sizes:     COMRAM   BANK0   BANK1   BANK2   BANK3   BANK4   BANK5   BANK6   BANK7
      Params:         0       0       0       0       0       0       0       0       0
      Locals:         0       0       0       0       0       0       0       0       0
      Temps:          0       0       0       0       0       0       0       0       0
      Totals:         0       0       0       0       0       0       0       0       0
Total ram usage:        0 bytes
 Hardware stack levels used:    1
 Hardware stack levels required when called:    2
 This function calls:
		Nothing
 This function is called by:
		_main
 This function uses a non-reentrant model


 *************** function _init_lcd *****************
 Defined at:
		line 71 in file "bibliotecas/display_lcd.c"
 Parameters:    Size  Location     Type
		None
 Auto vars:     Size  Location     Type
		None
 Return value:  Size  Location     Type
                  1    wreg      void 
 Registers used:
		wreg, status,2, status,0, cstack
 Tracked objects:
		On entry : 
		On exit  : 
		Unchanged: 
 Data sizes:     COMRAM   BANK0   BANK1   BANK2   BANK3   BANK4   BANK5   BANK6   BANK7
      Params:         0       0       0       0       0       0       0       0       0
      Locals:         0       0       0       0       0       0       0       0       0
      Temps:          1       0       0       0       0       0       0       0       0
      Totals:         1       0       0       0       0       0       0       0       0
Total ram usage:        1 bytes
 Hardware stack levels used:    1
 Hardware stack levels required when called:    4
 This function calls:
		_delay
		_escreve_cmd_lcd
 This function is called by:
		_main
 This function uses a non-reentrant model


 *************** function _init_hardware *****************
 Defined at:
		line 55 in file "bibliotecas/hardware.c"
 Parameters:    Size  Location     Type
		None
 Auto vars:     Size  Location     Type
		None
 Return value:  Size  Location     Type
                  1    wreg      void 
 Registers used:
		wreg, status,2, cstack
 Tracked objects:
		On entry : 
		On exit  : 
		Unchanged: 
 Data sizes:     COMRAM   BANK0   BANK1   BANK2   BANK3   BANK4   BANK5   BANK6   BANK7
      Params:         0       0       0       0       0       0       0       0       0
      Locals:         0       0       0       0       0       0       0       0       0
      Temps:          0       0       0       0       0       0       0       0       0
      Totals:         0       0       0       0       0       0       0       0       0
Total ram usage:        0 bytes
 Hardware stack levels used:    1
 Hardware stack levels required when called:    4
 This function calls:
		_config_timer_dois
		_config_timer_zero
		_init_interrupt
		_init_oscilador
		_init_ports
 This function is called by:
		_main
 This function uses a non-reentrant model


 *************** function _init_ports *****************
 Defined at:
		line 154 in file "bibliotecas/hardware.c"
 Parameters:    Size  Location     Type
		None
 Auto vars:     Size  Location     Type
		None
 Return value:  Size  Location     Type
                  1    wreg      void 
 Registers used:
		wreg, status,2
 Tracked objects:
		On entry : 
		On exit  : 
		Unchanged: 
 Data sizes:     COMRAM   BANK0   BANK1   BANK2   BANK3   BANK4   BANK5   BANK6   BANK7
      Params:         0       0       0       0       0       0       0       0       0
      Locals:         0       0       0       0       0       0       0       0       0
      Temps:          0       0       0       0       0       0       0       0       0
      Totals:         0       0       0       0       0       0       0       0       0
Total ram usage:        0 bytes
 Hardware stack levels used:    1
 Hardware stack levels required when called:    2
 This function calls:
		Nothing
 This function is called by:
		_init_hardware
 This function uses a non-reentrant model


 *************** function _init_oscilador *****************
 Defined at:
		line 171 in file "bibliotecas/hardware.c"
 Parameters:    Size  Location     Type
		None
 Auto vars:     Size  Location     Type
		None
 Return value:  Size  Location     Type
                  1    wreg      void 
 Registers used:
		None
 Tracked objects:
		On entry : 
		On exit  : 
		Unchanged: 
 Data sizes:     COMRAM   BANK0   BANK1   BANK2   BANK3   BANK4   BANK5   BANK6   BANK7
      Params:         0       0       0       0       0       0       0       0       0
      Locals:         0       0       0       0       0       0       0       0       0
      Temps:          0       0       0       0       0       0       0       0       0
      Totals:         0       0       0       0       0       0       0       0       0
Total ram usage:        0 bytes
 Hardware stack levels used:    1
 Hardware stack levels required when called:    2
 This function calls:
		Nothing
 This function is called by:
		_init_hardware
 This function uses a non-reentrant model


 *************** function _init_interrupt *****************
 Defined at:
		line 98 in file "bibliotecas/hardware.c"
 Parameters:    Size  Location     Type
		None
 Auto vars:     Size  Location     Type
		None
 Return value:  Size  Location     Type
                  1    wreg      void 
 Registers used:
		wreg, status,2
 Tracked objects:
		On entry : 
		On exit  : 
		Unchanged: 
 Data sizes:     COMRAM   BANK0   BANK1   BANK2   BANK3   BANK4   BANK5   BANK6   BANK7
      Params:         0       0       0       0       0       0       0       0       0
      Locals:         0       0       0       0       0       0       0       0       0
      Temps:          0       0       0       0       0       0       0       0       0
      Totals:         0       0       0       0       0       0       0       0       0
Total ram usage:        0 bytes
 Hardware stack levels used:    1
 Hardware stack levels required when called:    2
 This function calls:
		Nothing
 This function is called by:
		_init_hardware
 This function uses a non-reentrant model


 *************** function _config_timer_zero *****************
 Defined at:
		line 83 in file "bibliotecas/hardware.c"
 Parameters:    Size  Location     Type
		None
 Auto vars:     Size  Location     Type
		None
 Return value:  Size  Location     Type
                  1    wreg      void 
 Registers used:
		wreg, status,2, cstack
 Tracked objects:
		On entry : 
		On exit  : 
		Unchanged: 
 Data sizes:     COMRAM   BANK0   BANK1   BANK2   BANK3   BANK4   BANK5   BANK6   BANK7
      Params:         0       0       0       0       0       0       0       0       0
      Locals:         0       0       0       0       0       0       0       0       0
      Temps:          0       0       0       0       0       0       0       0       0
      Totals:         0       0       0       0       0       0       0       0       0
Total ram usage:        0 bytes
 Hardware stack levels used:    1
 Hardware stack levels required when called:    3
 This function calls:
		_write_timer_zero
 This function is called by:
		_init_hardware
 This function uses a non-reentrant model


 *************** function _write_timer_zero *****************
 Defined at:
		line 138 in file "bibliotecas/hardware.c"
 Parameters:    Size  Location     Type
  timer0          2   21[COMRAM] unsigned int 
 Auto vars:     Size  Location     Type
  timer           2   23[COMRAM] struct Timers
 Return value:  Size  Location     Type
                  1    wreg      void 
 Registers used:
		None
 Tracked objects:
		On entry : 
		On exit  : 
		Unchanged: 
 Data sizes:     COMRAM   BANK0   BANK1   BANK2   BANK3   BANK4   BANK5   BANK6   BANK7
      Params:         2       0       0       0       0       0       0       0       0
      Locals:         2       0       0       0       0       0       0       0       0
      Temps:          0       0       0       0       0       0       0       0       0
      Totals:         4       0       0       0       0       0       0       0       0
Total ram usage:        4 bytes
 Hardware stack levels used:    1
 Hardware stack levels required when called:    2
 This function calls:
		Nothing
 This function is called by:
		_config_timer_zero
 This function uses a non-reentrant model


 *************** function _config_timer_dois *****************
 Defined at:
		line 200 in file "bibliotecas/hardware.c"
 Parameters:    Size  Location     Type
		None
 Auto vars:     Size  Location     Type
		None
 Return value:  Size  Location     Type
                  1    wreg      void 
 Registers used:
		wreg, status,2
 Tracked objects:
		On entry : 
		On exit  : 
		Unchanged: 
 Data sizes:     COMRAM   BANK0   BANK1   BANK2   BANK3   BANK4   BANK5   BANK6   BANK7
      Params:         0       0       0       0       0       0       0       0       0
      Locals:         0       0       0       0       0       0       0       0       0
      Temps:          0       0       0       0       0       0       0       0       0
      Totals:         0       0       0       0       0       0       0       0       0
Total ram usage:        0 bytes
 Hardware stack levels used:    1
 Hardware stack levels required when called:    2
 This function calls:
		Nothing
 This function is called by:
		_init_hardware
 This function uses a non-reentrant model


 *************** function _inicializa_uart *****************
 Defined at:
		line 206 in file "bibliotecas/uart.c"
 Parameters:    Size  Location     Type
		None
 Auto vars:     Size  Location     Type
		None
 Return value:  Size  Location     Type
                  1    wreg      void 
 Registers used:
		wreg, status,2, status,0, cstack
 Tracked objects:
		On entry : 
		On exit  : 
		Unchanged: 
 Data sizes:     COMRAM   BANK0   BANK1   BANK2   BANK3   BANK4   BANK5   BANK6   BANK7
      Params:         0       0       0       0       0       0       0       0       0
      Locals:         0       0       0       0       0       0       0       0       0
      Temps:          0       0       0       0       0       0       0       0       0
      Totals:         0       0       0       0       0       0       0       0       0
Total ram usage:        0 bytes
 Hardware stack levels used:    1
 Hardware stack levels required when called:    4
 This function calls:
		_configura_baudrate_uart
 This function is called by:
		_main
 This function uses a non-reentrant model


 *************** function _configura_baudrate_uart *****************
 Defined at:
		line 50 in file "bibliotecas/uart.c"
 Parameters:    Size  Location     Type
  baudrate        4   35[COMRAM] const long 
 Auto vars:     Size  Location     Type
  x               2   47[COMRAM] unsigned int 
 Return value:  Size  Location     Type
                  1    wreg      unsigned char 
 Registers used:
		wreg, status,2, status,0, cstack
 Tracked objects:
		On entry : 
		On exit  : 
		Unchanged: 
 Data sizes:     COMRAM   BANK0   BANK1   BANK2   BANK3   BANK4   BANK5   BANK6   BANK7
      Params:         4       0       0       0       0       0       0       0       0
      Locals:         2       0       0       0       0       0       0       0       0
      Temps:          8       0       0       0       0       0       0       0       0
      Totals:        14       0       0       0       0       0       0       0       0
Total ram usage:       14 bytes
 Hardware stack levels used:    1
 Hardware stack levels required when called:    3
 This function calls:
		___aldiv
 This function is called by:
		_inicializa_uart
 This function uses a non-reentrant model


 *************** function ___aldiv *****************
 Defined at:
		line 8 in file "C:\Program Files (x86)\Microchip\xc8\v1.41\sources\common\aldiv.c"
 Parameters:    Size  Location     Type
  dividend        4   21[COMRAM] long 
  divisor         4   25[COMRAM] long 
 Auto vars:     Size  Location     Type
  quotient        4   31[COMRAM] long 
  sign            1   30[COMRAM] unsigned char 
  counter         1   29[COMRAM] unsigned char 
 Return value:  Size  Location     Type
                  4   21[COMRAM] long 
 Registers used:
		wreg, status,2, status,0
 Tracked objects:
		On entry : 
		On exit  : 
		Unchanged: 
 Data sizes:     COMRAM   BANK0   BANK1   BANK2   BANK3   BANK4   BANK5   BANK6   BANK7
      Params:         8       0       0       0       0       0       0       0       0
      Locals:         6       0       0       0       0       0       0       0       0
      Temps:          0       0       0       0       0       0       0       0       0
      Totals:        14       0       0       0       0       0       0       0       0
Total ram usage:       14 bytes
 Hardware stack levels used:    1
 Hardware stack levels required when called:    2
 This function calls:
		Nothing
 This function is called by:
		_configura_baudrate_uart
 This function uses a non-reentrant model


 *************** function _inicializa_tarefas *****************
 Defined at:
		line 157 in file "main.c"
 Parameters:    Size  Location     Type
		None
 Auto vars:     Size  Location     Type
		None
 Return value:  Size  Location     Type
                  1    wreg      void 
 Registers used:
		wreg, status,2, status,0
 Tracked objects:
		On entry : 
		On exit  : 
		Unchanged: 
 Data sizes:     COMRAM   BANK0   BANK1   BANK2   BANK3   BANK4   BANK5   BANK6   BANK7
      Params:         0       0       0       0       0       0       0       0       0
      Locals:         0       0       0       0       0       0       0       0       0
      Temps:          0       0       0       0       0       0       0       0       0
      Totals:         0       0       0       0       0       0       0       0       0
Total ram usage:        0 bytes
 Hardware stack levels used:    1
 Hardware stack levels required when called:    2
 This function calls:
		Nothing
 This function is called by:
		_main
 This function uses a non-reentrant model


 *************** function _inicializa_shrc *****************
 Defined at:
		line 47 in file "bibliotecas/SHRC.c"
 Parameters:    Size  Location     Type
		None
 Auto vars:     Size  Location     Type
		None
 Return value:  Size  Location     Type
                  1    wreg      void 
 Registers used:
		None
 Tracked objects:
		On entry : 
		On exit  : 
		Unchanged: 
 Data sizes:     COMRAM   BANK0   BANK1   BANK2   BANK3   BANK4   BANK5   BANK6   BANK7
      Params:         0       0       0       0       0       0       0       0       0
      Locals:         0       0       0       0       0       0       0       0       0
      Temps:          0       0       0       0       0       0       0       0       0
      Totals:         0       0       0       0       0       0       0       0       0
Total ram usage:        0 bytes
 Hardware stack levels used:    1
 Hardware stack levels required when called:    2
 This function calls:
		Nothing
 This function is called by:
		_main
 This function uses a non-reentrant model


 *************** function _escalonador *****************
 Defined at:
		line 184 in file "main.c"
 Parameters:    Size  Location     Type
		None
 Auto vars:     Size  Location     Type
  cont            1   51[COMRAM] unsigned char 
 Return value:  Size  Location     Type
                  1    wreg      void 
 Registers used:
		wreg, fsr0l, fsr0h, fsr1l, fsr1h, fsr2l, fsr2h, status,2, status,0, pclath, tosl, tblptrl, tblptrh, tblptru, prodl, prodh, cstack
 Tracked objects:
		On entry : 
		On exit  : 
		Unchanged: 
 Data sizes:     COMRAM   BANK0   BANK1   BANK2   BANK3   BANK4   BANK5   BANK6   BANK7
      Params:         0       0       0       0       0       0       0       0       0
      Locals:         1       0       0       0       0       0       0       0       0
      Temps:          0       0       2       0       0       0       0       0       0
      Totals:         1       0       2       0       0       0       0       0       0
Total ram usage:        3 bytes
 Hardware stack levels used:    1
 Hardware stack levels required when called:    7
 This function calls:
		_gps
 This function is called by:
		_main
 This function uses a non-reentrant model


 *************** function _gps *****************
 Defined at:
		line 50 in file "bibliotecas/GPS.c"
 Parameters:    Size  Location     Type
		None
 Auto vars:     Size  Location     Type
  data_out       34    0        unsigned char [34]
  gps_buffer     15    0        unsigned char [15]
  date            4    0[BANK1 ] unsigned long 
  time            4    0        unsigned long 
  longitude       3    0        float 
  latitude        3    0        float 
 Return value:  Size  Location     Type
                  1    wreg      void 
 Registers used:
		wreg, fsr0l, fsr0h, fsr1l, fsr1h, fsr2l, fsr2h, status,2, status,0, tblptrl, tblptrh, tblptru, prodl, prodh, cstack
 Tracked objects:
		On entry : 
		On exit  : 
		Unchanged: 
 Data sizes:     COMRAM   BANK0   BANK1   BANK2   BANK3   BANK4   BANK5   BANK6   BANK7
      Params:         0       0       0       0       0       0       0       0       0
      Locals:         0       0       4       0       0       0       0       0       0
      Temps:          0       2       0       0       0       0       0       0       0
      Totals:         0       2       4       0       0       0       0       0       0
Total ram usage:        6 bytes
 Hardware stack levels used:    1
 Hardware stack levels required when called:    6
 This function calls:
		_convert_to_date
		_escreve_cmd_lcd
		_escreve_frase_ram_lcd
		_get_dt
		_posicao_cursor_lcd
 This function is called by:
		_inicializa_tarefas
		_escalonador
 This function uses a non-reentrant model


 *************** function _get_dt *****************
 Defined at:
		line 183 in file "bibliotecas/GPS.c"
 Parameters:    Size  Location     Type
  dt_pointer      1    wreg     unsigned char 
 Auto vars:     Size  Location     Type
  dt_pointer      1   16[BANK2 ] unsigned char 
  dado_buffer    12    0[BANK2 ] unsigned char [12]
  _dt             4   12[BANK2 ] unsigned long 
  dt_index        1   18[BANK2 ] unsigned char 
  index           1   17[BANK2 ] unsigned char 
 Return value:  Size  Location     Type
                  4   47[COMRAM] unsigned long 
 Registers used:
		wreg, fsr0l, fsr0h, fsr1l, fsr1h, fsr2l, fsr2h, status,2, status,0, tblptrl, tblptrh, tblptru, prodl, prodh, cstack
 Tracked objects:
		On entry : 
		On exit  : 
		Unchanged: 
 Data sizes:     COMRAM   BANK0   BANK1   BANK2   BANK3   BANK4   BANK5   BANK6   BANK7
      Params:         4       0       0       0       0       0       0       0       0
      Locals:         0       0       0      19       0       0       0       0       0
      Temps:          0       2       0       0       0       0       0       0       0
      Totals:         4       2       0      19       0       0       0       0       0
Total ram usage:       25 bytes
 Hardware stack levels used:    1
 Hardware stack levels required when called:    5
 This function calls:
		_atol
		_escreve_cmd_lcd
		_escreve_frase_ram_lcd
		_posicao_cursor_lcd
 This function is called by:
		_gps
 This function uses a non-reentrant model


 *************** function _posicao_cursor_lcd *****************
 Defined at:
		line 271 in file "bibliotecas/display_lcd.c"
 Parameters:    Size  Location     Type
  linha           1    wreg     unsigned char 
  coluna          1   24[COMRAM] unsigned char 
 Auto vars:     Size  Location     Type
  linha           1   25[COMRAM] unsigned char 
  endereco        1   26[COMRAM] unsigned char 
 Return value:  Size  Location     Type
                  1    wreg      void 
 Registers used:
		wreg, status,2, status,0, cstack
 Tracked objects:
		On entry : 
		On exit  : 
		Unchanged: 
 Data sizes:     COMRAM   BANK0   BANK1   BANK2   BANK3   BANK4   BANK5   BANK6   BANK7
      Params:         1       0       0       0       0       0       0       0       0
      Locals:         2       0       0       0       0       0       0       0       0
      Temps:          0       0       0       0       0       0       0       0       0
      Totals:         3       0       0       0       0       0       0       0       0
Total ram usage:        3 bytes
 Hardware stack levels used:    1
 Hardware stack levels required when called:    4
 This function calls:
		_endereco_cursor_lcd
 This function is called by:
		_mensagem_inicial
		_gps
		_get_dt
		_SDCard
		_inicializa_SPI
		_leitura_chave
		_disk_initialize
		_disk_readp
 This function uses a non-reentrant model


 *************** function _endereco_cursor_lcd *****************
 Defined at:
		line 218 in file "bibliotecas/display_lcd.c"
 Parameters:    Size  Location     Type
  endereco        1    wreg     unsigned char 
 Auto vars:     Size  Location     Type
  endereco        1   23[COMRAM] unsigned char 
 Return value:  Size  Location     Type
                  1    wreg      void 
 Registers used:
		wreg, status,2, status,0, cstack
 Tracked objects:
		On entry : 
		On exit  : 
		Unchanged: 
 Data sizes:     COMRAM   BANK0   BANK1   BANK2   BANK3   BANK4   BANK5   BANK6   BANK7
      Params:         0       0       0       0       0       0       0       0       0
      Locals:         1       0       0       0       0       0       0       0       0
      Temps:          0       0       0       0       0       0       0       0       0
      Totals:         1       0       0       0       0       0       0       0       0
Total ram usage:        1 bytes
 Hardware stack levels used:    1
 Hardware stack levels required when called:    3
 This function calls:
		_delay
 This function is called by:
		_posicao_cursor_lcd
		_cria_caractere_lcd
 This function uses a non-reentrant model


 *************** function _escreve_frase_ram_lcd *****************
 Defined at:
		line 445 in file "bibliotecas/display_lcd.c"
 Parameters:    Size  Location     Type
  buffer          2   24[COMRAM] PTR unsigned char 
		 -> escreve_inteiro_lcd@texto(7), STR_23(3), STR_22(8), STR_21(14), 
[...]
      Params:        10       0       0       0       0       0       0       0       0
      Locals:         7       0       0       0       0       0       0       0       0
      Temps:          1       0       0       0       0       0       0       0       0
      Totals:        18       0       0       0       0       0       0       0       0
Total ram usage:       18 bytes
 Hardware stack levels used:    1
 Hardware stack levels required when called:    3
 This function calls:
		___lwdiv
		___lwmod
 This function is called by:
		_convert_to_date
		_convert_time_to_utc
 This function uses a non-reentrant model


 *************** function ___lwmod *****************
 Defined at:
		line 8 in file "C:\Program Files (x86)\Microchip\xc8\v1.41\sources\common\lwmod.c"
 Parameters:    Size  Location     Type
  dividend        2   28[COMRAM] unsigned int 
  divisor         2   30[COMRAM] unsigned int 
 Auto vars:     Size  Location     Type
  counter         1   32[COMRAM] unsigned char 
 Return value:  Size  Location     Type
                  2   28[COMRAM] unsigned int 
 Registers used:
		wreg, status,2, status,0
 Tracked objects:
		On entry : 
		On exit  : 
		Unchanged: 
 Data sizes:     COMRAM   BANK0   BANK1   BANK2   BANK3   BANK4   BANK5   BANK6   BANK7
      Params:         4       0       0       0       0       0       0       0       0
      Locals:         1       0       0       0       0       0       0       0       0
      Temps:          0       0       0       0       0       0       0       0       0
      Totals:         5       0       0       0       0       0       0       0       0
Total ram usage:        5 bytes
 Hardware stack levels used:    1
 Hardware stack levels required when called:    2
 This function calls:
		Nothing
 This function is called by:
		_sprintf
		_converte_inteiro_matriz
		_utoa
 This function uses a non-reentrant model


 *************** function ___lwdiv *****************
 Defined at:
		line 8 in file "C:\Program Files (x86)\Microchip\xc8\v1.41\sources\common\lwdiv.c"
 Parameters:    Size  Location     Type
  dividend        2   21[COMRAM] unsigned int 
  divisor         2   23[COMRAM] unsigned int 
 Auto vars:     Size  Location     Type
  quotient        2   26[COMRAM] unsigned int 
  counter         1   25[COMRAM] unsigned char 
 Return value:  Size  Location     Type
                  2   21[COMRAM] unsigned int 
 Registers used:
		wreg, status,2, status,0
 Tracked objects:
		On entry : 
		On exit  : 
		Unchanged: 
 Data sizes:     COMRAM   BANK0   BANK1   BANK2   BANK3   BANK4   BANK5   BANK6   BANK7
      Params:         4       0       0       0       0       0       0       0       0
      Locals:         3       0       0       0       0       0       0       0       0
      Temps:          0       0       0       0       0       0       0       0       0
      Totals:         7       0       0       0       0       0       0       0       0
Total ram usage:        7 bytes
 Hardware stack levels used:    1
 Hardware stack levels required when called:    2
 This function calls:
		Nothing
 This function is called by:
		_sprintf
		_converte_inteiro_matriz
		_utoa
 This function uses a non-reentrant model


 *************** function ___wmul *****************
 Defined at:
		line 15 in file "C:\Program Files (x86)\Microchip\xc8\v1.41\sources\common\Umul16.c"
 Parameters:    Size  Location     Type
  multiplier      2   21[COMRAM] unsigned int 
  multiplicand    2   23[COMRAM] unsigned int 
 Auto vars:     Size  Location     Type
  product         2   25[COMRAM] unsigned int 
 Return value:  Size  Location     Type
                  2   21[COMRAM] unsigned int 
 Registers used:
		wreg, status,2, status,0, prodl, prodh
 Tracked objects:
		On entry : 
		On exit  : 
		Unchanged: 
 Data sizes:     COMRAM   BANK0   BANK1   BANK2   BANK3   BANK4   BANK5   BANK6   BANK7
      Params:         4       0       0       0       0       0       0       0       0
      Locals:         2       0       0       0       0       0       0       0       0
      Temps:          0       0       0       0       0       0       0       0       0
      Totals:         6       0       0       0       0       0       0       0       0
Total ram usage:        6 bytes
 Hardware stack levels used:    1
 Hardware stack levels required when called:    2
 This function calls:
		Nothing
 This function is called by:
		_convert_to_date
 This function uses a non-reentrant model


 *************** function ___lmul *****************
 Defined at:
		line 15 in file "C:\Program Files (x86)\Microchip\xc8\v1.41\sources\common\Umul32.c"
 Parameters:    Size  Location     Type
  multiplier      4   21[COMRAM] unsigned long 
  multiplicand    4   25[COMRAM] unsigned long 
 Auto vars:     Size  Location     Type
  product         4   29[COMRAM] unsigned long 
 Return value:  Size  Location     Type
                  4   21[COMRAM] unsigned long 
 Registers used:
		wreg, status,2, status,0
 Tracked objects:
		On entry : 
		On exit  : 
		Unchanged: 
 Data sizes:     COMRAM   BANK0   BANK1   BANK2   BANK3   BANK4   BANK5   BANK6   BANK7
      Params:         8       0       0       0       0       0       0       0       0
      Locals:         4       0       0       0       0       0       0       0       0
      Temps:          0       0       0       0       0       0       0       0       0
      Totals:        12       0       0       0       0       0       0       0       0
Total ram usage:       12 bytes
 Hardware stack levels used:    1
 Hardware stack levels required when called:    2
 This function calls:
		Nothing
 This function is called by:
		_convert_to_date
		_atol
		_clust2sect
		_pf_mount
		_strtod
 This function uses a non-reentrant model


 *************** function ___lldiv *****************
 Defined at:
		line 8 in file "C:\Program Files (x86)\Microchip\xc8\v1.41\sources\common\lldiv.c"
 Parameters:    Size  Location     Type
  dividend        4   21[COMRAM] unsigned long 
  divisor         4   25[COMRAM] unsigned long 
 Auto vars:     Size  Location     Type
  quotient        4   29[COMRAM] unsigned long 
  counter         1   33[COMRAM] unsigned char 
 Return value:  Size  Location     Type
                  4   21[COMRAM] unsigned long 
 Registers used:
		wreg, status,2, status,0
 Tracked objects:
		On entry : 
		On exit  : 
		Unchanged: 
 Data sizes:     COMRAM   BANK0   BANK1   BANK2   BANK3   BANK4   BANK5   BANK6   BANK7
      Params:         8       0       0       0       0       0       0       0       0
      Locals:         5       0       0       0       0       0       0       0       0
      Temps:          0       0       0       0       0       0       0       0       0
      Totals:        13       0       0       0       0       0       0       0       0
Total ram usage:       13 bytes
 Hardware stack levels used:    1
 Hardware stack levels required when called:    2
 This function calls:
		Nothing
 This function is called by:
		_convert_to_date
		_convert_time_to_utc
		_pf_mount
		_pf_lseek
 This function uses a non-reentrant model


 *************** function _controle_shrc *****************
 Defined at:
		line 112 in file "bibliotecas/SHRC.c"
 Parameters:    Size  Location     Type
		None
 Auto vars:     Size  Location     Type
		None
 Return value:  Size  Location     Type
                  1    wreg      void 
 Registers used:
		wreg, status,2, status,0, cstack
 Tracked objects:
		On entry : 
		On exit  : 
		Unchanged: 
 Data sizes:     COMRAM   BANK0   BANK1   BANK2   BANK3   BANK4   BANK5   BANK6   BANK7
      Params:         0       0       0       0       0       0       0       0       0
      Locals:         0       0       0       0       0       0       0       0       0
      Temps:          0       0       0       0       0       0       0       0       0
      Totals:         0       0       0       0       0       0       0       0       0
Total ram usage:        0 bytes
 Hardware stack levels used:    1
 Hardware stack levels required when called:    3
 This function calls:
		_ativa_latch_shrc
		_envia_dados_shrc
 This function is called by:
		_main
		_timer_dois
 This function uses a non-reentrant model


 *************** function _envia_dados_shrc *****************
 Defined at:
		line 62 in file "bibliotecas/SHRC.c"
 Parameters:    Size  Location     Type
  data_to_shrc    1    wreg     unsigned char 
 Auto vars:     Size  Location     Type
  data_to_shrc    1   22[COMRAM] unsigned char 
  contador        1   21[COMRAM] unsigned char 
 Return value:  Size  Location     Type
                  1    wreg      void 
 Registers used:
		wreg, status,2, status,0
 Tracked objects:
		On entry : 
		On exit  : 
		Unchanged: 
 Data sizes:     COMRAM   BANK0   BANK1   BANK2   BANK3   BANK4   BANK5   BANK6   BANK7
      Params:         0       0       0       0       0       0       0       0       0
      Locals:         2       0       0       0       0       0       0       0       0
      Temps:          0       0       0       0       0       0       0       0       0
      Totals:         2       0       0       0       0       0       0       0       0
Total ram usage:        2 bytes
 Hardware stack levels used:    1
 Hardware stack levels required when called:    2
 This function calls:
		Nothing
 This function is called by:
		_controle_shrc
 This function uses a non-reentrant model


 *************** function _ativa_latch_shrc *****************
 Defined at:
		line 96 in file "bibliotecas/SHRC.c"
 Parameters:    Size  Location     Type
		None
 Auto vars:     Size  Location     Type
		None
 Return value:  Size  Location     Type
                  1    wreg      void 
 Registers used:
		wreg
 Tracked objects:
		On entry : 
		On exit  : 
		Unchanged: 
 Data sizes:     COMRAM   BANK0   BANK1   BANK2   BANK3   BANK4   BANK5   BANK6   BANK7
      Params:         0       0       0       0       0       0       0       0       0
      Locals:         0       0       0       0       0       0       0       0       0
      Temps:          0       0       0       0       0       0       0       0       0
      Totals:         0       0       0       0       0       0       0       0       0
Total ram usage:        0 bytes
 Hardware stack levels used:    1
 Hardware stack levels required when called:    2
 This function calls:
		Nothing
 This function is called by:
		_controle_shrc
 This function uses a non-reentrant model


 *************** function _isr *****************
 Defined at:
		line 96 in file "main.c"
 Parameters:    Size  Location     Type
		None
 Auto vars:     Size  Location     Type
  cont            1   20[COMRAM] unsigned char 
 Return value:  Size  Location     Type
                  1    wreg      void 
 Registers used:
		wreg, fsr2l, fsr2h, status,2, status,0, prodl, prodh, cstack
 Tracked objects:
		On entry : 
		On exit  : 
		Unchanged: 
 Data sizes:     COMRAM   BANK0   BANK1   BANK2   BANK3   BANK4   BANK5   BANK6   BANK7
      Params:         0       0       0       0       0       0       0       0       0
      Locals:         1       0       0       0       0       0       0       0       0
      Temps:         16       0       0       0       0       0       0       0       0
      Totals:        17       0       0       0       0       0       0       0       0
Total ram usage:       17 bytes
 Hardware stack levels used:    1
 Hardware stack levels required when called:    1
 This function calls:
		_recebe_dado_uart
		_tratamento_uart
		i2_write_timer_zero
 This function is called by:
		Interrupt level 2
 This function uses a non-reentrant model


 *************** function i2_write_timer_zero *****************
 Defined at:
		line 138 in file "bibliotecas/hardware.c"
 Parameters:    Size  Location     Type
  timer0          2    0[COMRAM] unsigned int 
 Auto vars:     Size  Location     Type
  write_timer_    2    2[COMRAM] struct Timers
 Return value:  Size  Location     Type
                  1    wreg      void 
 Registers used:
		None
 Tracked objects:
		On entry : 
		On exit  : 
		Unchanged: 
 Data sizes:     COMRAM   BANK0   BANK1   BANK2   BANK3   BANK4   BANK5   BANK6   BANK7
      Params:         2       0       0       0       0       0       0       0       0
      Locals:         2       0       0       0       0       0       0       0       0
      Temps:          0       0       0       0       0       0       0       0       0
      Totals:         4       0       0       0       0       0       0       0       0
Total ram usage:        4 bytes
 Hardware stack levels used:    1
 This function calls:
		Nothing
 This function is called by:
		_isr
 This function uses a non-reentrant model


 *************** function _tratamento_uart *****************
 Defined at:
		line 266 in file "bibliotecas/GPS.c"
 Parameters:    Size  Location     Type
  received_cha    1    wreg     unsigned char 
 Auto vars:     Size  Location     Type
  received_cha    1    0[COMRAM] unsigned char 
 Return value:  Size  Location     Type
                  1    wreg      void 
 Registers used:
		wreg, fsr2l, fsr2h, status,2, status,0, prodl, prodh
 Tracked objects:
		On entry : 
		On exit  : 
		Unchanged: 
 Data sizes:     COMRAM   BANK0   BANK1   BANK2   BANK3   BANK4   BANK5   BANK6   BANK7
      Params:         0       0       0       0       0       0       0       0       0
      Locals:         1       0       0       0       0       0       0       0       0
      Temps:          0       0       0       0       0       0       0       0       0
      Totals:         1       0       0       0       0       0       0       0       0
Total ram usage:        1 bytes
 Hardware stack levels used:    1
 This function calls:
		Nothing
 This function is called by:
		_isr
 This function uses a non-reentrant model


 *************** function _recebe_dado_uart *****************
 Defined at:
		line 138 in file "bibliotecas/uart.c"
 Parameters:    Size  Location     Type
		None
 Auto vars:     Size  Location     Type
		None
 Return value:  Size  Location     Type
                  1    wreg      unsigned char 
 Registers used:
		wreg, status,2
 Tracked objects:
		On entry : 
		On exit  : 
		Unchanged: 
 Data sizes:     COMRAM   BANK0   BANK1   BANK2   BANK3   BANK4   BANK5   BANK6   BANK7
      Params:         0       0       0       0       0       0       0       0       0
      Locals:         0       0       0       0       0       0       0       0       0
      Temps:          0       0       0       0       0       0       0       0       0
      Totals:         0       0       0       0       0       0       0       0       0
Total ram usage:        0 bytes
 Hardware stack levels used:    1
 This function calls:
		Nothing
 This function is called by:
		_isr
		_recebe_string_uart
 This function uses a non-reentrant model



MODULE INFORMATION

Module		Function		Class		Link	Load	Size
C:\Program Files (x86)\Microchip\xc8\v1.41\sources\common\lwdiv.c
		___lwdiv       		CODE           	0F74	0000	83

C:\Program Files (x86)\Microchip\xc8\v1.41\sources\common\lwdiv.c estimated size: 83

bibliotecas/uart.c
		_configura_baudrate_uart		CODE           	029C	0000	301
		_recebe_dado_uart		CODE           	1222	0000	19
		_inicializa_uart		CODE           	1138	0000	35

bibliotecas/uart.c estimated size: 355

bibliotecas/chaves.c
		_leitura_chaves_sistema		CODE           	0FC6	0000	73

bibliotecas/chaves.c estimated size: 73

C:\Program Files (x86)\Microchip\xc8\v1.41\sources\common\atol.c
		_atol          		CODE           	0614	0000	249

C:\Program Files (x86)\Microchip\xc8\v1.41\sources\common\atol.c estimated size: 249

C:\Program Files (x86)\Microchip\xc8\v1.41\sources\common\lldiv.c
		___lldiv       		CODE           	0C34	0000	131

C:\Program Files (x86)\Microchip\xc8\v1.41\sources\common\lldiv.c estimated size: 131

C:\Program Files (x86)\Microchip\xc8\v1.41\sources\common\aldiv.c
		___aldiv       		CODE           	070C	0000	205

C:\Program Files (x86)\Microchip\xc8\v1.41\sources\common\aldiv.c estimated size: 205

C:\Program Files (x86)\Microchip\xc8\v1.41\sources\common\doprnt.c
		_sprintf       		CODE           	0012	0000	329

C:\Program Files (x86)\Microchip\xc8\v1.41\sources\common\doprnt.c estimated size: 329

C:\Program Files (x86)\Microchip\xc8\v1.41\sources\common\Umul16.c
		___wmul        		CODE           	10EE	0000	39

C:\Program Files (x86)\Microchip\xc8\v1.41\sources\common\Umul16.c estimated size: 39

C:\Program Files (x86)\Microchip\xc8\v1.41\sources\common\isdigit.c
		_isdigit       		CODE           	115A	0000	31

C:\Program Files (x86)\Microchip\xc8\v1.41\sources\common\isdigit.c estimated size: 31

C:\Program Files (x86)\Microchip\xc8\v1.41\sources\common\Umul32.c
		___lmul        		CODE           	0ECC	0000	87

C:\Program Files (x86)\Microchip\xc8\v1.41\sources\common\Umul32.c estimated size: 87

bibliotecas/hardware.c
		_init_hardware 		CODE           	11C2	0000	23
		_config_timer_dois		CODE           	1234	0000	13
		_config_timer_zero		CODE           	1178	0000	27
		_init_ports    		CODE           	11AA	0000	25
		_write_timer_zero		CODE           	11FE	0000	19
		_init_interrupt		CODE           	11EC	0000	19
		_init_oscilador		CODE           	124C	0000	9

bibliotecas/hardware.c estimated size: 135

shared
		mensagem_inicial@F4018		MEDIUMCONST    	616F	0000	18
		leitura_chave@F3834		MEDIUMCONST    	614D	0000	18
		leitura_chave@F3836		MEDIUMCONST    	613C	0000	18
		leitura_chave@F3838		MEDIUMCONST    	612B	0000	18
		_dpowers       		MEDIUMCONST    	6180	0000	11
		__initialization		CODE           	0E02	0000	89
		create_name@cvt		MEDIUMCONST    	60AB	0000	129
		mensagem_inicial@F4020		MEDIUMCONST    	615E	0000	18
		i2_write_timer_zero		CODE           	1210	0000	19

shared estimated size: 338

C:\Program Files (x86)\Microchip\xc8\v1.41\sources\common\lwmod.c
		___lwmod       		CODE           	1052	0000	67

C:\Program Files (x86)\Microchip\xc8\v1.41\sources\common\lwmod.c estimated size: 67

bibliotecas/adc.c
		_leitura_continua_adc		CODE           	03C8	0000	297
		_leitura_adc   		CODE           	0E68	0000	101

bibliotecas/adc.c estimated size: 398

bibliotecas/display_lcd.c
		_delay         		CODE           	1114	0000	37
		_init_lcd      		CODE           	09E4	0000	159
		_endereco_cursor_lcd		CODE           	0D98	0000	107
		_escreve_cmd_lcd		CODE           	0B20	0000	141
		_posicao_cursor_lcd		CODE           	0D28	0000	113
		_escreve_caractere_lcd		CODE           	0CB6	0000	115
		_escreve_frase_ram_lcd		CODE           	0F22	0000	83

bibliotecas/display_lcd.c estimated size: 755

main.c
		_main          		CODE           	1094	0000	53
		_isr           		CODE           	0008	0000	299
		_escalonador   		CODE           	0942	0000	163
		_mensagem_inicial		CODE           	089C	0000	167
		_inicializa_tarefas		CODE           	10C8	0000	39

main.c estimated size: 721

bibliotecas/GPS.c
		_tratamento_uart		CODE           	0A82	0000	159
		_convert_to_date		CODE           	015A	0000	323
		_gps           		CODE           	0BAC	0000	137
		_get_dt        		CODE           	07D8	0000	197

bibliotecas/GPS.c estimated size: 816

bibliotecas/SHRC.c
		_ativa_latch_shrc		CODE           	11D8	0000	21
		_controle_shrc 		CODE           	1240	0000	13
		_inicializa_shrc		CODE           	1254	0000	9
		_envia_dados_shrc		CODE           	100E	0000	69

bibliotecas/SHRC.c estimated size: 112

