Microchip MPLAB XC8 Compiler V1.45 ()

Linker command line:

-W-3 --edf=C:\Program Files (x86)\Microchip\xc8\v1.45\dat\en_msgs.txt -cs \
  -h+dist/default/production\SDCARDV6.production.sym \
  --cmf=dist/default/production\SDCARDV6.production.cmf -z -Q18F4550 \
  -oC:\Users\Felipe\AppData\Local\Temp\s84s.2 \
  -Mdist/default/production/SDCARDV6.production.map -E1 -ver=XC8 \
  -ASTACK=06E5h-07ffh -pstack=STACK -ACODE=00h-0627Fh -ACONST=00h-0627Fh \
  -ASMALLCONST=0800h-08FFhx90,06200h-0627Fh -AMEDIUMCONST=0800h-0627Fh \
  -ACOMRAM=01h-05Fh -AABS1=00h-07FFh -ABIGRAM=01h-07FFh \
  -ARAM=060h-0FFh,0100h-01FFhx7 -ABANK0=060h-0FFh -ABANK1=0100h-01FFh \
  -ABANK2=0200h-02FFh -ABANK3=0300h-03FFh -ABANK4=0400h-04FFh \
  -ABANK5=0500h-05FFh -ABANK6=0600h-06FFh -ABANK7=0700h-07FFh \
  -ASFR=0F60h-0FFFh -preset_vec=00h,intcode=08h,intcodelo,powerup,init \
  -pramtop=0800h -psmallconst=SMALLCONST -pmediumconst=MEDIUMCONST \
  -pconst=CONST -AFARRAM=00h-00h -ACONFIG=0300000h-030000Dh -pconfig=CONFIG \
  -AIDLOC=0200000h-0200007h -pidloc=IDLOC -AEEDATA=0F00000h-0F000FFh \
  -peeprom_data=EEDATA \
  -prdata=COMRAM,nvrram=COMRAM,nvbit=COMRAM,rbss=COMRAM,rbit=COMRAM \
  -pfarbss=FARRAM,fardata=FARRAM,nvFARRAM=FARRAM \
  -pintsave_regs=BIGRAM,bigbss=BIGRAM,bigdata=BIGRAM -pbss=RAM \
  -pidata=CODE,irdata=CODE,ibigdata=CODE,ifardata=CODE -prparam=COMRAM \
  C:\Users\Felipe\AppData\Local\Temp\s84s.obj \
  dist/default/production\SDCARDV6.production.obj 

Object code version is 3.11

Machine type is 18F4550

Call graph: (short form)




                Name                               Link     Load   Length Selector   Space Scale
C:\Users\Felipe\AppData\Local\Temp\s84s.obj
                init                                  E        E        4        4       0
                reset_vec                             0        0        4        0       0
                idloc                            200000   200000        8   200000       0
                config                           300000   300000        E   300000       0
dist/default/production\SDCARDV6.production.obj
                intcode                               8        8        6        4       0
                temp                                 46       46        1        1       1
                mediumconst                        60F4     60F4      18C     307A       0
                text85                             52C0     52C0       12     2921       0
                text84                             52AE     52AE       12     2921       0
                intcode_body                       3AD4     3AD4      120        4       0
                text82                             51E2     51E2       24        4       0
                text81                             45CC     45CC       8C        4       0
                text80                             3BF4     3BF4      108        4       0
                text79                             5100     5100       28        4       0
                text78                             50AC     50AC       2C        4       0
                text77                             4E98     4E98       46        4       0
                text76                             4F5E     4F5E       3E        4       0
                text75                             4F20     4F20       3E        4       0
                text74                             52F6     52F6        C     2921       0
                text73                             4BA4     4BA4       5C        4       0
                text72                             52EA     52EA        C     2921       0
                text71                             3218     3218      15C        4       0
                text70                             4E48     4E48       50        4       0
                text69                             48BE     48BE       72        4       0
                text68                             4D56     4D56       52        4       0
                text67                             4A10     4A10       6A        4       0
                text66                             49A0     49A0       70        4       0
                text65                             34CA     34CA      14C        4       0
                text64                             4DF8     4DF8       50        4       0
                text63                             2CD2     2CD2      1D2        4       0
                text62                             218A     218A      324        4       0
                text61                             4FD6     4FD6       3A        4       0
                text60                             4CAC     4CAC       56        4       0
                text59                             4D02     4D02       54        4       0
                text58                             27AE     27AE      2C6        4       0
                text57                             50D8     50D8       28        4       0
                text56                             4A7A     4A7A       68        4       0
                text55                             4C56     4C56       56        4       0
                text54                             40CC     40CC       BE        4       0
                text53                             1550     1550      432        4       0
                text52                             106E     106E      4E2        4       0
                text51                             24AE     24AE      300        4       0
                text50                             4C00     4C00       56        4       0
                text49                               12       12      83A        4       0
                text48                             4424     4424       90        4       0
                text47                             5174     5174       26        4       0
                text46                             418A     418A       AE        4       0
                text45                             306A     306A      1AE        4       0
                text44                             4EDE     4EDE       42        4       0
                text43                             3DF6     3DF6       F8        4       0
                text42                             46DC     46DC       84        4       0
                text41                             4AE2     4AE2       66        4       0
                text40                             4B48     4B48       5C        4       0
                text39                             39AC     39AC      128        4       0
                text38                             3750     3750      132        4       0
                text37                             4658     4658       84        4       0
                text36                             4930     4930       70        4       0
                text35                             3EEE     3EEE       F6        4       0
                text34                             514E     514E       26        4       0
                text33                             2A74     2A74      25E        4       0
                text32                             5206     5206       1E        4       0
                text31                             1982     1982      420        4       0
                text30                              84C      84C      822        4       0
                text29                             3882     3882      12A        4       0
                text28                             5048     5048       38        4       0
                text27                             3FE4     3FE4       E8        4       0
                text26                             3616     3616      13A        4       0
                text25                             4DA8     4DA8       50        4       0
                text24                             4F9C     4F9C       3A        4       0
                text23                             3374     3374      156        4       0
                text22                             3CFC     3CFC       FA        4       0
                text21                             47D8     47D8       74        4       0
                text20                             4760     4760       78        4       0
                text19                             5128     5128       26        4       0
                text18                             1DA2     1DA2      3E8        4       0
                text17                             51BE     51BE       24        4       0
                text16                             4540     4540       8C        4       0
                text15                             44B4     44B4       8C        4       0
                text14                             5080     5080       2C        4       0
                text13                             2EA4     2EA4      1C6        4       0
                text12                             4238     4238       AA        4       0
                text11                             42E2     42E2       A4        4       0
                text10                             52DE     52DE        C     2921       0
                text9                              5010     5010       38        4       0
                text8                              52D2     52D2        C     2921       0
                text7                              529C     529C       12     2921       0
                text6                              5242     5242       1A     2921       0
                text5                              528A     528A       12     2921       0
                text4                              5302     5302        8     2921       0
                text3                              525C     525C       18     2921       0
                text2                              5274     5274       16     2921       0
                text1                              4386     4386       9E        4       0
                text0                              519A     519A       24        4       0
                cstackCOMRAM                          1        1       2D        1       1
                cstackBANK0                          60       60       82       60       1
                cstackBANK1                         1A9      1A9       20      100       1
                cstackBANK2                         296      296       21      200       1
                bssBIGRAM                           2B7      2B7      42E      2B7       1
                bssBANK2                            200      200       96      200       1
                dataBANK1                           1C9      1C9       1D      100       1
                bssBANK1                            100      100       A9      100       1
                bssBANK0                             E2       E2       1B       60       1
                bssCOMRAM                            2E       2E       18        1       1
                cinit                              484C     484C       72        4       0
                idataBANK1                         5224     5224       1D        4       0

TOTAL           Name                               Link     Load   Length     Space
        CLASS   STACK          

        CLASS   CODE           
                intcode                               8        8        6         0
                init                                  E        E        4         0
                reset_vec                             0        0        4         0
                text85                             52C0     52C0       12         0
                text84                             52AE     52AE       12         0
                intcode_body                       3AD4     3AD4      120         0
                text82                             51E2     51E2       24         0
                text81                             45CC     45CC       8C         0
                text80                             3BF4     3BF4      108         0
                text79                             5100     5100       28         0
                text78                             50AC     50AC       2C         0
                text77                             4E98     4E98       46         0
                text76                             4F5E     4F5E       3E         0
                text75                             4F20     4F20       3E         0
                text74                             52F6     52F6        C         0
                text73                             4BA4     4BA4       5C         0
                text72                             52EA     52EA        C         0
                text71                             3218     3218      15C         0
                text70                             4E48     4E48       50         0
                text69                             48BE     48BE       72         0
                text68                             4D56     4D56       52         0
                text67                             4A10     4A10       6A         0
                text66                             49A0     49A0       70         0
                text65                             34CA     34CA      14C         0
                text64                             4DF8     4DF8       50         0
                text63                             2CD2     2CD2      1D2         0
                text62                             218A     218A      324         0
                text61                             4FD6     4FD6       3A         0
                text60                             4CAC     4CAC       56         0
                text59                             4D02     4D02       54         0
                text58                             27AE     27AE      2C6         0
                text57                             50D8     50D8       28         0
                text56                             4A7A     4A7A       68         0
                text55                             4C56     4C56       56         0
                text54                             40CC     40CC       BE         0
                text53                             1550     1550      432         0
                text52                             106E     106E      4E2         0
                text51                             24AE     24AE      300         0
                text50                             4C00     4C00       56         0
                text49                               12       12      83A         0
                text48                             4424     4424       90         0
                text47                             5174     5174       26         0
                text46                             418A     418A       AE         0
                text45                             306A     306A      1AE         0
                text44                             4EDE     4EDE       42         0
                text43                             3DF6     3DF6       F8         0
                text42                             46DC     46DC       84         0
                text41                             4AE2     4AE2       66         0
                text40                             4B48     4B48       5C         0
                text39                             39AC     39AC      128         0
                text38                             3750     3750      132         0
                text37                             4658     4658       84         0
                text36                             4930     4930       70         0
                text35                             3EEE     3EEE       F6         0
                text34                             514E     514E       26         0
                text33                             2A74     2A74      25E         0
                text32                             5206     5206       1E         0
                text31                             1982     1982      420         0
                text30                              84C      84C      822         0
                text29                             3882     3882      12A         0
                text28                             5048     5048       38         0
                text27                             3FE4     3FE4       E8         0
                text26                             3616     3616      13A         0
                text25                             4DA8     4DA8       50         0
                text24                             4F9C     4F9C       3A         0
                text23                             3374     3374      156         0
                text22                             3CFC     3CFC       FA         0
                text21                             47D8     47D8       74         0
                text20                             4760     4760       78         0
                text19                             5128     5128       26         0
                text18                             1DA2     1DA2      3E8         0
                text17                             51BE     51BE       24         0
                text16                             4540     4540       8C         0
                text15                             44B4     44B4       8C         0
                text14                             5080     5080       2C         0
                text13                             2EA4     2EA4      1C6         0
                text12                             4238     4238       AA         0
                text11                             42E2     42E2       A4         0
                text10                             52DE     52DE        C         0
                text9                              5010     5010       38         0
                text8                              52D2     52D2        C         0
                text7                              529C     529C       12         0
                text6                              5242     5242       1A         0
                text5                              528A     528A       12         0
                text4                              5302     5302        8         0
                text3                              525C     525C       18         0
                text2                              5274     5274       16         0
                text1                              4386     4386       9E         0
                text0                              519A     519A       24         0
                cinit                              484C     484C       72         0
                idataBANK1                         5224     5224       1D         0

        CLASS   CONST          

        CLASS   SMALLCONST     

        CLASS   MEDIUMCONST    
                mediumconst                        60F4     60F4      18C         0

        CLASS   COMRAM         
                temp                                 46       46        1         1
                cstackCOMRAM                          1        1       2D         1
                bssCOMRAM                            2E       2E       18         1

        CLASS   ABS1           

        CLASS   BIGRAM         
                bssBIGRAM                           2B7      2B7      42E         1

        CLASS   RAM            

        CLASS   BANK0          
                cstackBANK0                          60       60       82         1
                bssBANK0                             E2       E2       1B         1

        CLASS   BANK1          
                cstackBANK1                         1A9      1A9       20         1
                dataBANK1                           1C9      1C9       1D         1
                bssBANK1                            100      100       A9         1

        CLASS   BANK2          
                cstackBANK2                         296      296       21         1
                bssBANK2                            200      200       96         1

        CLASS   BANK3          

        CLASS   BANK4          

        CLASS   BANK5          

        CLASS   BANK6          

        CLASS   BANK7          

        CLASS   SFR            

        CLASS   FARRAM         

        CLASS   CONFIG         
                config                           300000   300000        E         0

        CLASS   IDLOC          
                idloc                            200000   200000        8         0

        CLASS   EEDATA         



SEGMENTS        Name                           Load    Length   Top    Selector   Space  Class

                reset_vec                      000000  000004  000004         0       0  CODE    
                cstackCOMRAM                   000001  000046  000047         1       1  COMRAM  
                intcode                        000008  005239  005241         4       0  CODE    
                cstackBANK0                    000060  00009D  0000FD        60       1  BANK0   
                bssBANK1                       000100  0000E6  0001E6       100       1  BANK1   
                bssBANK2                       000200  0000B7  0002B7       200       1  BANK2   
                bssBIGRAM                      0002B7  00042E  0006E5       2B7       1  BIGRAM  
                text6                          005242  0000C8  00530A      2921       0  CODE    
                mediumconst                    0060F4  00018C  006280      307A       0  MEDIUMCO
                idloc                          200000  000008  200008    200000       0  IDLOC   
                config                         300000  00000E  30000E    300000       0  CONFIG  


UNUSED ADDRESS RANGES

        Name                Unused          Largest block    Delta
        BANK0            0000FD-0000FF                3
        BANK1            0001E6-0001FF               1A
        BANK6            0006E5-0006FF               1B
        BANK7            000700-0007FF              100
        BIGRAM           000047-00005F               19
                         0000FD-0000FF                3
                         0001E6-0001FF               1A
                         0006E5-0007FF              11B
        CODE             000004-000007                4
                         005241-005241                1
                         00530A-0060F3              DEA
        COMRAM           000047-00005F               19
        CONST            000004-000007                4
                         005241-005241                1
                         00530A-0060F3              DEA
        EEDATA           F00000-F000FF              100
        MEDIUMCONST      005241-005241                1
                         00530A-0060F3              DEA
        RAM              0000FD-0000FF                3
                         0001E6-0001FF               1A
                         0006E5-0007FF               1B
        SFR              000F60-000FFF               A0
        SMALLCONST       005241-005241                1
                         00530A-0060F3              100
        STACK            0006E5-0007FF              11B

                                  Symbol Table

?___altoft                       cstackCOMRAM 000022
?___awdiv                        cstackCOMRAM 000020
?___awmod                        cstackCOMRAM 00001A
?___awtoft                       cstackCOMRAM 000022
?___ftadd                        cstackBANK0  000079
?___ftdiv                        cstackCOMRAM 000022
?___ftmul                        cstackBANK0  000060
?___ftneg                        cstackBANK0  00006F
?___ftpack                       cstackCOMRAM 00001A
?___ftsub                        cstackBANK0  000085
?___fttol                        cstackBANK0  000076
?___lldiv                        cstackCOMRAM 000023
?___llmod                        cstackCOMRAM 00001A
?___lltoft                       cstackCOMRAM 000022
?___lmul                         cstackCOMRAM 00001A
?___wmul                         cstackCOMRAM 000028
?__div_to_l_                     cstackCOMRAM 00001A
?__tdiv_to_l_                    cstackCOMRAM 00001A
?_atof                           cstackBANK0  00007E
?_atol                           cstackCOMRAM 000026
?_clust2sect                     cstackCOMRAM 000026
?_convert_to_degrees             cstackBANK0  000085
?_create_chain                   cstackBANK0  0000B9
?_fround                         cstackBANK0  00006F
?_get_fat                        cstackBANK0  000088
?_get_fattime                    cstackCOMRAM 00001A
?_get_gpstime                    cstackBANK0  000066
?_get_latitude                   cstackBANK0  000081
?_get_longitude                  cstackBANK0  000081
?_scale                          cstackBANK0  00006F
?_sprintf                        cstackBANK0  00008B
?_strlen                         cstackCOMRAM 00001A
?_strtod                         cstackBANK0  000072
SDCard@FResult                   cstackBANK2  000296
SDCard@fil                       cstackBANK2  000297
_ADCON1                          (abs)        000FC1
_BRGH                            (abs)        007D62
_CREN                            (abs)        007D5C
_EEADR                           (abs)        000FA9
_EECON1bits                      (abs)        000FA6
_EECON2                          (abs)        000FA7
_EEDATA                          (abs)        000FA8
_E_W                             bssBANK0     0000F4
_FatFs                           bssCOMRAM    000034
_Fsid                            bssBANK0     0000EE
_INT0IE                          (abs)        007F94
_INT0IF                          (abs)        007F91
_INTCON                          (abs)        000FF2
_INTCON2                         (abs)        000FF1
_INTCON3                         (abs)        000FF0
_INTCONbits                      (abs)        000FF2
_LATB                            (abs)        000F8A
_LATBbits                        (abs)        000F8A
_OSCCONbits                      (abs)        000FD3
_PCL                             (abs)        000FF9
_PCLATH                          (abs)        000FFA
_PIE1                            (abs)        000F9D
_PIE1bits                        (abs)        000F9D
_PIR1bits                        (abs)        000F9E
_PIR2bits                        (abs)        000FA1
_PORTAbits                       (abs)        000F80
_PORTBbits                       (abs)        000F81
_PORTCbits                       (abs)        000F82
_PORTDbits                       (abs)        000F83
_PORTEbits                       (abs)        000F84
_PR2                             (abs)        000FCB
_RCIF                            (abs)        007CF5
_RCREG                           (abs)        000FAE
_RCSTA                           (abs)        000FAB
_RCSTAbits                       (abs)        000FAB
_Result                          bssCOMRAM    00003E
_SDCard                          text12       004238
_SPBRG                           (abs)        000FAF
_SPEN                            (abs)        007D5F
_SPPCFG                          (abs)        000F63
_SPPCON                          (abs)        000F65
_SSPBUF                          (abs)        000FC9
_SSPCON1                         (abs)        000FC6
_SSPCON1bits                     (abs)        000FC6
_SSPSTAT                         (abs)        000FC7
_SSPSTATbits                     (abs)        000FC7
_SYNC                            (abs)        007D64
_T0CON                           (abs)        000FD5
_T0CONbits                       (abs)        000FD5
_T0IF                            (abs)        007F92
_T2CON                           (abs)        000FCA
_TMR0H                           (abs)        000FD7
_TMR0IF                          (abs)        007F92
_TMR0L                           (abs)        000FD6
_TMR2                            (abs)        000FCC
_TMR2IF                          (abs)        007CF1
_TRISA                           (abs)        000F92
_TRISAbits                       (abs)        000F92
_TRISB                           (abs)        000F93
_TRISBbits                       (abs)        000F93
_TRISC                           (abs)        000F94
_TRISCbits                       (abs)        000F94
_TRISD                           (abs)        000F95
_TRISDbits                       (abs)        000F95
_TRISE                           (abs)        000F96
_TRMT                            (abs)        007D61
_TXEN                            (abs)        007D65
_TXREG                           (abs)        000FAD
_TXSTA                           (abs)        000FAC
__CFG_BOR$ON                     (abs)        000000
__CFG_BORV$3                     (abs)        000000
__CFG_CCP2MX$OFF                 (abs)        000000
__CFG_CPUDIV$OSC1_PLL2           (abs)        000000
__CFG_FCMEN$OFF                  (abs)        000000
__CFG_FOSC$HS                    (abs)        000000
__CFG_IESO$OFF                   (abs)        000000
__CFG_LPT1OSC$OFF                (abs)        000000
__CFG_LVP$OFF                    (abs)        000000
__CFG_MCLRE$ON                   (abs)        000000
__CFG_PBADEN$OFF                 (abs)        000000
__CFG_PLLDIV$5                   (abs)        000000
__CFG_PWRT$OFF                   (abs)        000000
__CFG_STVREN$ON                  (abs)        000000
__CFG_USBDIV$1                   (abs)        000000
__CFG_VREGEN$OFF                 (abs)        000000
__CFG_WDT$OFF                    (abs)        000000
__HRAM                           (abs)        000000
__Habs1                          abs1         000000
__Hbank0                         bank0        000000
__Hbank1                         bank1        000000
__Hbank2                         bank2        000000
__Hbank3                         bank3        000000
__Hbank4                         bank4        000000
__Hbank5                         bank5        000000
__Hbank6                         bank6        000000
__Hbank7                         bank7        000000
__Hbigbss                        bigbss       000000
__Hbigdata                       bigdata      000000
__Hbigram                        bigram       000000
__Hbss                           bss          000000
__HbssBANK0                      bssBANK0     000000
__HbssBANK1                      bssBANK1     000000
__HbssBANK2                      bssBANK2     000000
__HbssBIGRAM                     bssBIGRAM    000000
__HbssCOMRAM                     bssCOMRAM    000000
__Hcinit                         cinit        000000
__Hclrtext                       clrtext      000000
__Hcomram                        comram       000000
__Hconfig                        config       30000E
__Hconst                         const        000000
__HcstackBANK0                   cstackBANK0  000000
__HcstackBANK1                   cstackBANK1  000000
__HcstackBANK2                   cstackBANK2  000000
__HcstackCOMRAM                  cstackCOMRAM 000000
__Hdata                          data         000000
__HdataBANK1                     dataBANK1    000000
__Heeprom_data                   eeprom_data  000000
__Hfarbss                        farbss       000000
__Hfardata                       fardata      000000
__Hibigdata                      ibigdata     000000
__Hidata                         idata        000000
__HidataBANK1                    idataBANK1   000000
__Hidloc                         idloc        200008
__Hifardata                      ifardata     000000
__Hinit                          init         000012
__Hintcode                       intcode      00000E
__Hintcode_body                  intcode_body 000000
__Hintcodelo                     intcodelo    00000E
__Hintentry                      intentry     000000
__Hintret                        intret       000000
__Hintsave_regs                  intsave_regs 000000
__Hirdata                        irdata       000000
__Hmediumconst                   mediumconst  006280
__HnvFARRAM                      nvFARRAM     000000
__Hnvbit                         nvbit        000000
__Hnvrram                        nvrram       000000
__Hparam                         rparam       000000
__Hpowerup                       powerup      00000E
__Hram                           ram          000000
__Hramtop                        ramtop       000800
__Hrbit                          rbit         000000
__Hrbss                          rbss         000000
__Hrdata                         rdata        000000
__Hreset_vec                     reset_vec    000004
__Hrparam                        rparam       000000
__Hsfr                           sfr          000000
__Hsmallconst                    smallconst   000000
__Hspace_0                       (abs)        30000E
__Hspace_1                       (abs)        0006E5
__Hspace_2                       (abs)        000000
__Hstack                         stack        000000
__Hstruct                        struct       000000
__Htemp                          temp         000047
__Htext                          text         000000
__Htext0                         text0        000000
__Htext1                         text1        000000
__Htext10                        text10       000000
__Htext11                        text11       000000
__Htext12                        text12       000000
__Htext13                        text13       000000
__Htext14                        text14       000000
__Htext15                        text15       000000
__Htext16                        text16       000000
__Htext17                        text17       000000
__Htext18                        text18       000000
__Htext19                        text19       000000
__Htext2                         text2        000000
__Htext20                        text20       000000
__Htext21                        text21       000000
__Htext22                        text22       000000
__Htext23                        text23       000000
__Htext24                        text24       000000
__Htext25                        text25       000000
__Htext26                        text26       000000
__Htext27                        text27       000000
__Htext28                        text28       000000
__Htext29                        text29       000000
__Htext3                         text3        000000
__Htext30                        text30       000000
__Htext31                        text31       000000
__Htext32                        text32       000000
__Htext33                        text33       000000
__Htext34                        text34       000000
__Htext35                        text35       000000
__Htext36                        text36       000000
__Htext37                        text37       000000
__Htext38                        text38       000000
__Htext39                        text39       000000
__Htext4                         text4        000000
__Htext40                        text40       000000
__Htext41                        text41       000000
__Htext42                        text42       000000
__Htext43                        text43       000000
__Htext44                        text44       000000
__Htext45                        text45       000000
__Htext46                        text46       000000
__Htext47                        text47       000000
__Htext48                        text48       000000
__Htext49                        text49       000000
__Htext5                         text5        000000
__Htext50                        text50       000000
__Htext51                        text51       000000
__Htext52                        text52       000000
__Htext53                        text53       000000
__Htext54                        text54       000000
__Htext55                        text55       000000
__Htext56                        text56       000000
__Htext57                        text57       000000
__Htext58                        text58       000000
__Htext59                        text59       000000
__Htext6                         text6        000000
__Htext60                        text60       000000
__Htext61                        text61       000000
__Htext62                        text62       000000
__Htext63                        text63       000000
__Htext64                        text64       000000
__Htext65                        text65       000000
__Htext66                        text66       000000
__Htext67                        text67       000000
__Htext68                        text68       000000
__Htext69                        text69       000000
__Htext7                         text7        000000
__Htext70                        text70       000000
__Htext71                        text71       000000
__Htext72                        text72       000000
__Htext73                        text73       000000
__Htext74                        text74       000000
__Htext75                        text75       000000
__Htext76                        text76       000000
__Htext77                        text77       000000
__Htext78                        text78       000000
__Htext79                        text79       000000
__Htext8                         text8        000000
__Htext80                        text80       000000
__Htext81                        text81       000000
__Htext82                        text82       000000
__Htext84                        text84       000000
__Htext85                        text85       000000
__Htext86                        text86       000000
__Htext9                         text9        000000
__LRAM                           (abs)        000001
__Labs1                          abs1         000000
__Lbank0                         bank0        000000
__Lbank1                         bank1        000000
__Lbank2                         bank2        000000
__Lbank3                         bank3        000000
__Lbank4                         bank4        000000
__Lbank5                         bank5        000000
__Lbank6                         bank6        000000
__Lbank7                         bank7        000000
__Lbigbss                        bigbss       000000
__Lbigdata                       bigdata      000000
__Lbigram                        bigram       000000
__Lbss                           bss          000000
__LbssBANK0                      bssBANK0     000000
__LbssBANK1                      bssBANK1     000000
__LbssBANK2                      bssBANK2     000000
__LbssBIGRAM                     bssBIGRAM    000000
__LbssCOMRAM                     bssCOMRAM    000000
__Lcinit                         cinit        000000
__Lclrtext                       clrtext      000000
__Lcomram                        comram       000000
__Lconfig                        config       300000
__Lconst                         const        000000
__LcstackBANK0                   cstackBANK0  000000
__LcstackBANK1                   cstackBANK1  000000
__LcstackBANK2                   cstackBANK2  000000
__LcstackCOMRAM                  cstackCOMRAM 000000
__Ldata                          data         000000
__LdataBANK1                     dataBANK1    000000
__Leeprom_data                   eeprom_data  000000
__Lfarbss                        farbss       000000
__Lfardata                       fardata      000000
__Libigdata                      ibigdata     000000
__Lidata                         idata        000000
__LidataBANK1                    idataBANK1   000000
__Lidloc                         idloc        200000
__Lifardata                      ifardata     000000
__Linit                          init         00000E
__Lintcode                       intcode      000008
__Lintcode_body                  intcode_body 000000
__Lintcodelo                     intcodelo    00000E
__Lintentry                      intentry     000000
__Lintret                        intret       000000
__Lintsave_regs                  intsave_regs 000000
__Lirdata                        irdata       000000
__Lmediumconst                   mediumconst  0060F4
__LnvFARRAM                      nvFARRAM     000000
__Lnvbit                         nvbit        000000
__Lnvrram                        nvrram       000000
__Lparam                         rparam       000000
__Lpowerup                       powerup      00000E
__Lram                           ram          000000
__Lramtop                        ramtop       000800
__Lrbit                          rbit         000000
__Lrbss                          rbss         000000
__Lrdata                         rdata        000000
__Lreset_vec                     reset_vec    000000
__Lrparam                        rparam       000000
__Lsfr                           sfr          000000
__Lsmallconst                    smallconst   000000
__Lspace_0                       (abs)        000000
__Lspace_1                       (abs)        000000
__Lspace_2                       (abs)        000000
__Lstack                         stack        000000
__Lstruct                        struct       000000
__Ltemp                          temp         000046
__Ltext                          text         000000
__Ltext0                         text0        000000
__Ltext1                         text1        000000
__Ltext10                        text10       000000
__Ltext11                        text11       000000
__Ltext12                        text12       000000
__Ltext13                        text13       000000
__Ltext14                        text14       000000
__Ltext15                        text15       000000
__Ltext16                        text16       000000
__Ltext17                        text17       000000
__Ltext18                        text18       000000
__Ltext19                        text19       000000
__Ltext2                         text2        000000
__Ltext20                        text20       000000
__Ltext21                        text21       000000
__Ltext22                        text22       000000
__Ltext23                        text23       000000
__Ltext24                        text24       000000
__Ltext25                        text25       000000
__Ltext26                        text26       000000
__Ltext27                        text27       000000
__Ltext28                        text28       000000
__Ltext29                        text29       000000
__Ltext3                         text3        000000
__Ltext30                        text30       000000
__Ltext31                        text31       000000
__Ltext32                        text32       000000
__Ltext33                        text33       000000
__Ltext34                        text34       000000
__Ltext35                        text35       000000
__Ltext36                        text36       000000
__Ltext37                        text37       000000
__Ltext38                        text38       000000
__Ltext39                        text39       000000
__Ltext4                         text4        000000
__Ltext40                        text40       000000
__Ltext41                        text41       000000
__Ltext42                        text42       000000
__Ltext43                        text43       000000
__Ltext44                        text44       000000
__Ltext45                        text45       000000
__Ltext46                        text46       000000
__Ltext47                        text47       000000
__Ltext48                        text48       000000
__Ltext49                        text49       000000
__Ltext5                         text5        000000
__Ltext50                        text50       000000
__Ltext51                        text51       000000
__Ltext52                        text52       000000
__Ltext53                        text53       000000
__Ltext54                        text54       000000
__Ltext55                        text55       000000
__Ltext56                        text56       000000
__Ltext57                        text57       000000
__Ltext58                        text58       000000
__Ltext59                        text59       000000
__Ltext6                         text6        000000
__Ltext60                        text60       000000
__Ltext61                        text61       000000
__Ltext62                        text62       000000
__Ltext63                        text63       000000
__Ltext64                        text64       000000
__Ltext65                        text65       000000
__Ltext66                        text66       000000
__Ltext67                        text67       000000
__Ltext68                        text68       000000
__Ltext69                        text69       000000
__Ltext7                         text7        000000
__Ltext70                        text70       000000
__Ltext71                        text71       000000
__Ltext72                        text72       000000
__Ltext73                        text73       000000
__Ltext74                        text74       000000
__Ltext75                        text75       000000
__Ltext76                        text76       000000
__Ltext77                        text77       000000
__Ltext78                        text78       000000
__Ltext79                        text79       000000
__Ltext8                         text8        000000
__Ltext80                        text80       000000
__Ltext81                        text81       000000
__Ltext82                        text82       000000
__Ltext84                        text84       000000
__Ltext85                        text85       000000
__Ltext86                        text86       000000
__Ltext9                         text9        000000
__S0                             (abs)        30000E
__S1                             (abs)        0006E5
__S2                             (abs)        000000
___altoft                        text20       004760
___altoft@c                      cstackCOMRAM 000022
___altoft@exp                    cstackCOMRAM 00002A
___altoft@sign                   cstackCOMRAM 00002B
___awdiv                         text37       004658
___awdiv@counter                 cstackCOMRAM 000024
___awdiv@dividend                cstackCOMRAM 000020
___awdiv@divisor                 cstackCOMRAM 000022
___awdiv@quotient                cstackCOMRAM 000026
___awdiv@sign                    cstackCOMRAM 000025
___awmod                         text36       004930
___awmod@counter                 cstackCOMRAM 00001E
___awmod@dividend                cstackCOMRAM 00001A
___awmod@divisor                 cstackCOMRAM 00001C
___awmod@sign                    cstackCOMRAM 00001F
___awtoft                        text28       005048
___awtoft@c                      cstackCOMRAM 000022
___awtoft@sign                   cstackCOMRAM 000025
___ftadd                         text45       00306A
___ftadd@exp1                    cstackBANK0  000084
___ftadd@exp2                    cstackBANK0  000083
___ftadd@f1                      cstackBANK0  000079
___ftadd@f2                      cstackBANK0  00007C
___ftadd@sign                    cstackBANK0  000082
___ftdiv                         text27       003FE4
___ftdiv@cntr                    cstackBANK0  000060
___ftdiv@exp                     cstackBANK0  000064
___ftdiv@f1                      cstackCOMRAM 000022
___ftdiv@f2                      cstackCOMRAM 000025
___ftdiv@f3                      cstackBANK0  000061
___ftdiv@sign                    cstackBANK0  000065
___ftge                          text48       004424
___ftge@ff1                      cstackCOMRAM 00001A
___ftge@ff2                      cstackCOMRAM 00001D
___ftmul                         text35       003EEE
___ftmul@cntr                    cstackBANK0  00006D
___ftmul@exp                     cstackBANK0  000069
___ftmul@f1                      cstackBANK0  000060
___ftmul@f2                      cstackBANK0  000063
___ftmul@f3_as_product           cstackBANK0  00006A
___ftmul@sign                    cstackBANK0  00006E
___ftneg                         text47       005174
___ftneg@f1                      cstackBANK0  00006F
___ftpack                        text46       00418A
___ftpack@arg                    cstackCOMRAM 00001A
___ftpack@exp                    cstackCOMRAM 00001D
___ftpack@sign                   cstackCOMRAM 00001E
___ftsub                         text44       004EDE
___ftsub@f1                      cstackBANK0  000085
___ftsub@f2                      cstackBANK0  000088
___fttol                         text43       003DF6
___fttol@exp1                    cstackBANK0  000084
___fttol@f1                      cstackBANK0  000076
___fttol@lval                    cstackBANK0  000080
___fttol@sign1                   cstackBANK0  00007F
___inthi_sp                      stack        000000
___intlo_sp                      stack        000000
___lldiv                         text42       0046DC
___lldiv@counter                 cstackBANK0  000064
___lldiv@dividend                cstackCOMRAM 000023
___lldiv@divisor                 cstackCOMRAM 000027
___lldiv@quotient                cstackBANK0  000060
___llmod                         text41       004AE2
___llmod@counter                 cstackCOMRAM 000022
___llmod@dividend                cstackCOMRAM 00001A
___llmod@divisor                 cstackCOMRAM 00001E
___lltoft                        text40       004B48
___lltoft@c                      cstackCOMRAM 000022
___lltoft@exp                    cstackCOMRAM 00002A
___lmul                          text55       004C56
___lmul@multiplicand             cstackCOMRAM 00001E
___lmul@multiplier               cstackCOMRAM 00001A
___lmul@product                  cstackCOMRAM 000022
___param_bank                    (abs)        000000
___rparam_used                   (abs)        000001
___sp                            stack        000000
___wmul                          text34       00514E
___wmul@multiplicand             cstackCOMRAM 00002A
___wmul@multiplier               cstackCOMRAM 000028
___wmul@product                  cstackCOMRAM 00002C
__accesstop                      (abs)        000060
__activetblptr                   (abs)        000002
__div_to_l_                      text39       0039AC
__div_to_l_@cntr                 cstackCOMRAM 000024
__div_to_l_@exp1                 cstackCOMRAM 000025
__div_to_l_@f1                   cstackCOMRAM 00001A
__div_to_l_@f2                   cstackCOMRAM 00001D
__div_to_l_@quot                 cstackCOMRAM 000020
__end_of_SDCard                  text12       0042E2
__end_of___altoft                text20       0047D8
__end_of___awdiv                 text37       0046DC
__end_of___awmod                 text36       0049A0
__end_of___awtoft                text28       005080
__end_of___ftadd                 text45       003218
__end_of___ftdiv                 text27       0040CC
__end_of___ftge                  text48       0044B4
__end_of___ftmul                 text35       003FE4
__end_of___ftneg                 text47       00519A
__end_of___ftpack                text46       004238
__end_of___ftsub                 text44       004F20
__end_of___fttol                 text43       003EEE
__end_of___lldiv                 text42       004760
__end_of___llmod                 text41       004B48
__end_of___lltoft                text40       004BA4
__end_of___lmul                  text55       004CAC
__end_of___wmul                  text34       005174
__end_of__div_to_l_              text39       003AD4
__end_of__initialization         cinit        0048B0
__end_of__npowers_               mediumconst  00616B
__end_of__powers_                mediumconst  006144
__end_of__tdiv_to_l_             text38       003882
__end_of_atof                    text17       0051E2
__end_of_atol                    text22       003DF6
__end_of_clust2sect              text54       00418A
__end_of_command                 text76       004F9C
__end_of_config_timer_dois       text8        0052DE
__end_of_config_timer_zero       text6        00525C
__end_of_convert_time_to_utc     text29       0039AC
__end_of_convert_to_degrees      text26       003750
__end_of_create_chain            text51       0027AE
__end_of_delay                   text82       005206
__end_of_disk_ioctl              text79       005128
__end_of_disk_read               text70       004E98
__end_of_disk_status             text60       004D02
__end_of_disk_write              text64       004E48
__end_of_dpowers                 mediumconst  00611D
__end_of_dummy_clocks            text75       004F5E
__end_of_endereco_cursor_lcd     text67       004A7A
__end_of_escalonador             text11       004386
__end_of_escreve_caractere_lcd   text69       004930
__end_of_escreve_cmd_lcd         text81       004658
__end_of_escreve_dado_SPI        text77       004EDE
__end_of_escreve_frase_ram_lcd   text68       004DA8
__end_of_f_close                 text57       005100
__end_of_f_mount                 text56       004AE2
__end_of_f_sync                  text58       002A74
__end_of_f_write                 text49       00084C
__end_of_fround                  text33       002CD2
__end_of_get_dt                  text23       0034CA
__end_of_get_fat                 text53       001982
__end_of_get_fattime             text80       003CFC
__end_of_get_gpstime             text21       00484C
__end_of_get_latitude            text16       0045CC
__end_of_get_longitude           text15       004540
__end_of_gps                     text13       00306A
__end_of_inicializa_shrc         text10       0052EA
__end_of_inicializa_tarefas      text9        005048
__end_of_init_hardware           text2        00528A
__end_of_init_interrupt          text5        00529C
__end_of_init_lcd                text1        004424
__end_of_init_oscilador          text4        00530A
__end_of_init_ports              text3        005274
__end_of_isdigit                 text32       005224
__end_of_isr                     intcode_body 003BF4
__end_of_isspace                 text19       00514E
__end_of_main                    text0        0051BE
__end_of_mem_cpy                 text50       004C56
__end_of_mem_set                 text78       0050D8
__end_of_memset                  text14       0050AC
__end_of_move_window             text63       002EA4
__end_of_posicao_cursor_lcd      text66       004A10
__end_of_proceed                 text74       005302
__end_of_put_fat                 text52       001550
__end_of_recebe_dado_SPI         text73       004C00
__end_of_recebe_dado_uart        text85       0052D2
__end_of_response                text72       0052F6
__end_of_scale                   text31       001DA2
__end_of_sdc_disk_read           text71       003374
__end_of_sdc_disk_status         text61       005010
__end_of_sdc_disk_write          text65       003616
__end_of_sprintf                 text30       00106E
__end_of_strcat                  text25       004DF8
__end_of_strlen                  text24       004FD6
__end_of_strtod                  text18       00218A
__end_of_sync                    text62       0024AE
__end_of_validate                text59       004D56
__end_of_write_timer_zero        text7        0052AE
__end_ofi2_write_timer_zero      text84       0052C0
__end_ofleitura_chave@F3838      mediumconst  00619E
__end_ofleitura_chave@F3840      mediumconst  00618D
__end_ofleitura_chave@F3842      mediumconst  00617C
__initialization                 cinit        00484C
__mediumconst                    mediumconst  0060F4
__npowers_                       mediumconst  006144
__pbssBANK0                      bssBANK0     0000E2
__pbssBANK1                      bssBANK1     000100
__pbssBANK2                      bssBANK2     000200
__pbssBIGRAM                     bssBIGRAM    0002B7
__pbssCOMRAM                     bssCOMRAM    00002E
__pcinit                         cinit        00484C
__pcstackBANK0                   cstackBANK0  000060
__pcstackBANK1                   cstackBANK1  0001A9
__pcstackBANK2                   cstackBANK2  000296
__pcstackCOMRAM                  cstackCOMRAM 000001
__pdataBANK1                     dataBANK1    0001C9
__pidataBANK1                    idataBANK1   005224
__pintcode                       intcode      000008
__pintcode_body                  intcode_body 003AD4
__pmediumconst                   mediumconst  0060F4
__powers_                        mediumconst  00611D
__ptext0                         text0        00519A
__ptext1                         text1        004386
__ptext10                        text10       0052DE
__ptext11                        text11       0042E2
__ptext12                        text12       004238
__ptext13                        text13       002EA4
__ptext14                        text14       005080
__ptext15                        text15       0044B4
__ptext16                        text16       004540
__ptext17                        text17       0051BE
__ptext18                        text18       001DA2
__ptext19                        text19       005128
__ptext2                         text2        005274
__ptext20                        text20       004760
__ptext21                        text21       0047D8
__ptext22                        text22       003CFC
__ptext23                        text23       003374
__ptext24                        text24       004F9C
__ptext25                        text25       004DA8
__ptext26                        text26       003616
__ptext27                        text27       003FE4
__ptext28                        text28       005048
__ptext29                        text29       003882
__ptext3                         text3        00525C
__ptext30                        text30       00084C
__ptext31                        text31       001982
__ptext32                        text32       005206
__ptext33                        text33       002A74
__ptext34                        text34       00514E
__ptext35                        text35       003EEE
__ptext36                        text36       004930
__ptext37                        text37       004658
__ptext38                        text38       003750
__ptext39                        text39       0039AC
__ptext4                         text4        005302
__ptext40                        text40       004B48
__ptext41                        text41       004AE2
__ptext42                        text42       0046DC
__ptext43                        text43       003DF6
__ptext44                        text44       004EDE
__ptext45                        text45       00306A
__ptext46                        text46       00418A
__ptext47                        text47       005174
__ptext48                        text48       004424
__ptext49                        text49       000012
__ptext5                         text5        00528A
__ptext50                        text50       004C00
__ptext51                        text51       0024AE
__ptext52                        text52       00106E
__ptext53                        text53       001550
__ptext54                        text54       0040CC
__ptext55                        text55       004C56
__ptext56                        text56       004A7A
__ptext57                        text57       0050D8
__ptext58                        text58       0027AE
__ptext59                        text59       004D02
__ptext6                         text6        005242
__ptext60                        text60       004CAC
__ptext61                        text61       004FD6
__ptext62                        text62       00218A
__ptext63                        text63       002CD2
__ptext64                        text64       004DF8
__ptext65                        text65       0034CA
__ptext66                        text66       0049A0
__ptext67                        text67       004A10
__ptext68                        text68       004D56
__ptext69                        text69       0048BE
__ptext7                         text7        00529C
__ptext70                        text70       004E48
__ptext71                        text71       003218
__ptext72                        text72       0052EA
__ptext73                        text73       004BA4
__ptext74                        text74       0052F6
__ptext75                        text75       004F20
__ptext76                        text76       004F5E
__ptext77                        text77       004E98
__ptext78                        text78       0050AC
__ptext79                        text79       005100
__ptext8                         text8        0052D2
__ptext80                        text80       003BF4
__ptext81                        text81       0045CC
__ptext82                        text82       0051E2
__ptext84                        text84       0052AE
__ptext85                        text85       0052C0
__ptext86                        text86       000000
__ptext9                         text9        005010
__ramtop                         ramtop       000800
__size_of_SDCard                 (abs)        000000
__size_of___altoft               (abs)        000000
__size_of___awdiv                (abs)        000000
__size_of___awmod                (abs)        000000
__size_of___awtoft               (abs)        000000
__size_of___ftadd                (abs)        000000
__size_of___ftdiv                (abs)        000000
__size_of___ftge                 (abs)        000000
__size_of___ftmul                (abs)        000000
__size_of___ftneg                (abs)        000000
__size_of___ftpack               (abs)        000000
__size_of___ftsub                (abs)        000000
__size_of___fttol                (abs)        000000
__size_of___lldiv                (abs)        000000
__size_of___llmod                (abs)        000000
__size_of___lltoft               (abs)        000000
__size_of___lmul                 (abs)        000000
__size_of___wmul                 (abs)        000000
__size_of__div_to_l_             (abs)        000000
__size_of__tdiv_to_l_            (abs)        000000
__size_of_atof                   (abs)        000000
__size_of_atol                   (abs)        000000
__size_of_clust2sect             (abs)        000000
__size_of_command                (abs)        000000
__size_of_config_timer_dois      (abs)        000000
__size_of_config_timer_zero      (abs)        000000
__size_of_convert_time_to_utc    (abs)        000000
__size_of_convert_to_degrees     (abs)        000000
__size_of_create_chain           (abs)        000000
__size_of_delay                  (abs)        000000
__size_of_disk_ioctl             (abs)        000000
__size_of_disk_read              (abs)        000000
__size_of_disk_status            (abs)        000000
__size_of_disk_write             (abs)        000000
__size_of_dummy_clocks           (abs)        000000
__size_of_endereco_cursor_lcd    (abs)        000000
__size_of_escalonador            (abs)        000000
__size_of_escreve_caractere_lcd  (abs)        000000
__size_of_escreve_cmd_lcd        (abs)        000000
__size_of_escreve_dado_SPI       (abs)        000000
__size_of_escreve_frase_ram_lcd  (abs)        000000
__size_of_f_close                (abs)        000000
__size_of_f_mount                (abs)        000000
__size_of_f_sync                 (abs)        000000
__size_of_f_write                (abs)        000000
__size_of_fround                 (abs)        000000
__size_of_get_dt                 (abs)        000000
__size_of_get_fat                (abs)        000000
__size_of_get_fattime            (abs)        000000
__size_of_get_gpstime            (abs)        000000
__size_of_get_latitude           (abs)        000000
__size_of_get_longitude          (abs)        000000
__size_of_gps                    (abs)        000000
__size_of_inicializa_shrc        (abs)        000000
__size_of_inicializa_tarefas     (abs)        000000
__size_of_init_hardware          (abs)        000000
__size_of_init_interrupt         (abs)        000000
__size_of_init_lcd               (abs)        000000
__size_of_init_oscilador         (abs)        000000
__size_of_init_ports             (abs)        000000
__size_of_isdigit                (abs)        000000
__size_of_isr                    (abs)        000000
__size_of_isspace                (abs)        000000
__size_of_main                   (abs)        000000
__size_of_mem_cpy                (abs)        000000
__size_of_mem_set                (abs)        000000
__size_of_memset                 (abs)        000000
__size_of_move_window            (abs)        000000
__size_of_posicao_cursor_lcd     (abs)        000000
__size_of_proceed                (abs)        000000
__size_of_put_fat                (abs)        000000
__size_of_recebe_dado_SPI        (abs)        000000
__size_of_recebe_dado_uart       (abs)        000000
__size_of_response               (abs)        000000
__size_of_scale                  (abs)        000000
__size_of_sdc_disk_read          (abs)        000000
__size_of_sdc_disk_status        (abs)        000000
__size_of_sdc_disk_write         (abs)        000000
__size_of_sprintf                (abs)        000000
__size_of_strcat                 (abs)        000000
__size_of_strlen                 (abs)        000000
__size_of_strtod                 (abs)        000000
__size_of_sync                   (abs)        000000
__size_of_validate               (abs)        000000
__size_of_write_timer_zero       (abs)        000000
__size_ofi2_write_timer_zero     (abs)        000000
__smallconst                     smallconst   000000
__tdiv_to_l_                     text38       003750
__tdiv_to_l_@cntr                cstackCOMRAM 000027
__tdiv_to_l_@exp1                cstackCOMRAM 000028
__tdiv_to_l_@f1                  cstackCOMRAM 00001A
__tdiv_to_l_@f2                  cstackCOMRAM 00001D
__tdiv_to_l_@quot                cstackCOMRAM 000023
_atof                            text17       0051BE
_atol                            text22       003CFC
_br                              bssBANK1     000198
_clust2sect                      text54       0040CC
_comma_counter_gga               bssCOMRAM    000042
_comma_counter_rmc               bssCOMRAM    000041
_command                         text76       004F5E
_config_timer_dois               text8        0052D2
_config_timer_zero               text6        005242
_convert_time_to_utc             text29       003882
_convert_time_to_utc$3876        cstackBANK0  0000B6
_convert_to_degrees              text26       003616
_create_chain                    text51       0024AE
_dado                            bssCOMRAM    00003C
_dado_buffer                     bssBANK0     0000F6
_data_buffer                     bssBANK1     00019A
_data_buffer_32                  bssBANK2     000276
_data_uart_recebe                bssCOMRAM    000045
_delay                           text82       0051E2
_disk_ioctl                      text79       005100
_disk_read                       text70       004E48
_disk_status                     text60       004CAC
_disk_write                      text64       004DF8
_dpowers                         mediumconst  0060F5
_dummy_clocks                    text75       004F20
_endereco_cursor_lcd             text67       004A10
_escalonador                     text11       0042E2
_escreve_caractere_lcd           text69       0048BE
_escreve_cmd_lcd                 text81       0045CC
_escreve_dado_SPI                text77       004E98
_escreve_frase_ram_lcd           text68       004D56
_estado                          bssCOMRAM    00003B
_f_close                         text57       0050D8
_f_mount                         text56       004A7A
_f_sync                          text58       0027AE
_f_time                          bssBANK1     000184
_f_write                         text49       000012
_fileName                        dataBANK1    0001C9
_fileSize                        bssBANK1     000194
_folder                          bssBANK2     000246
_fround                          text33       002A74
_fround$3877                     cstackBANK0  000075
_fround$3878                     cstackBANK0  000072
_fs                              bssBIGRAM    0004B7
_get_dt                          text23       003374
_get_fat                         text53       001550
_get_fat$2263                    cstackBANK0  0000A8
_get_fattime                     text80       003BF4
_get_gpstime                     text21       0047D8
_get_latitude                    text16       004540
_get_longitude                   text15       0044B4
_gga_buffer                      bssBANK1     000100
_gga_code                        bssCOMRAM    000031
_gga_index                       bssCOMRAM    000038
_gga_pointers                    bssBANK1     000164
_gps                             text13       002EA4
_info_chaves                     bssBANK1     00018D
_inicializa_shrc                 text10       0052DE
_inicializa_tarefas              text9        005010
_init_hardware                   text2        005274
_init_interrupt                  text5        00528A
_init_lcd                        text1        004386
_init_oscilador                  text4        005302
_init_ports                      text3        00525C
_is_it_gga_string                bssCOMRAM    000040
_is_it_rmc_string                bssCOMRAM    00003F
_isdigit                         text32       005206
_isdigit$3308                    cstackCOMRAM 00001B
_isr                             intcode      000008
_isspace                         text19       005128
_isspace$3311                    cstackCOMRAM 00001B
_main                            text0        00519A
_mem_cpy                         text50       004C00
_mem_set                         text78       0050AC
_memset                          text14       005080
_move_window                     text63       002CD2
_n_s                             bssBANK0     0000F5
_p_tarefas                       bssBANK0     0000EA
_posicao_cursor_lcd              text66       0049A0
_proceed                         text74       0052F6
_put_fat                         text52       00106E
_put_fat$2289                    cstackBANK0  0000B0
_put_fat$2290                    cstackBANK0  0000B2
_rd                              bssBANK0     0000F0
_recebe_dado_SPI                 text73       004BA4
_recebe_dado_uart                text85       0052C0
_response                        text72       0052EA
_rmc_buffer                      bssBANK2     000200
_rmc_code                        bssCOMRAM    00002E
_rmc_index                       bssCOMRAM    000036
_rmc_pointers                    bssBANK1     000178
_s                               bssCOMRAM    00003D
_scale                           text31       001982
_scale$3879                      cstackBANK0  000072
_sdc_disk_read                   text71       003218
_sdc_disk_status                 text61       004FD6
_sdc_disk_write                  text65       0034CA
_sinaliza_int_timer              bssCOMRAM    000044
_sprintf                         text30       00084C
_sprintf$3880                    cstackBANK0  00009B
_strcat                          text25       004DA8
_strlen                          text24       004F9C
_strtod                          text18       001DA2
_sync                            text62       00218A
_tarefa_em_execucao              bssCOMRAM    000043
_tempo_backup                    bssBANK0     0000E6
_tempo_tarefa                    bssBANK0     0000E2
_timeout_tarefa                  bssBANK0     0000F2
_txt                             bssBANK1     000150
_validate                        text59       004D02
_write_timer_zero                text7        00529C
atof@s                           cstackBANK0  00007E
atol@a                           cstackBANK0  000061
atol@c                           cstackBANK0  000065
atol@s                           cstackCOMRAM 000026
atol@sign                        cstackBANK0  000060
btemp                            temp         000046
clust2sect@clst                  cstackCOMRAM 000028
clust2sect@fs                    cstackCOMRAM 000026
command@CMD                      cstackCOMRAM 000021
command@CRC                      cstackCOMRAM 000020
command@arg                      cstackCOMRAM 00001C
command@argument                 cstackCOMRAM 000022
convert_time_to_utc@hour         cstackBANK0  0000BA
convert_time_to_utc@min          cstackBANK0  0000BC
convert_time_to_utc@sec          cstackBANK0  0000BE
convert_time_to_utc@utc_time     cstackBANK0  0000B2
convert_to_degrees@dec_deg       cstackBANK0  00008B
convert_to_degrees@decimal       cstackBANK0  000090
convert_to_degrees@degrees       cstackBANK0  00008E
convert_to_degrees@minutes       cstackBANK0  000088
convert_to_degrees@nmea_lat_long cstackBANK0  000085
create_chain@clst                cstackBANK0  0000BB
create_chain@cs                  cstackBANK0  0000C7
create_chain@fs                  cstackBANK0  0000B9
create_chain@ncl                 cstackBANK0  0000CB
create_chain@scl                 cstackBANK0  0000C3
delay@contador_ext               cstackCOMRAM 00001A
delay@contador_int               cstackCOMRAM 00001B
disk_ioctl@buff                  cstackCOMRAM 00001B
disk_ioctl@ctrl                  cstackCOMRAM 00001A
disk_ioctl@drv                   cstackCOMRAM 00001D
disk_ioctl@res                   cstackCOMRAM 00001E
disk_read@buff                   cstackBANK0  000068
disk_read@count                  cstackBANK0  00006E
disk_read@drv                    cstackBANK0  00006F
disk_read@res                    cstackBANK0  000070
disk_read@sector                 cstackBANK0  00006A
disk_status@drv                  cstackCOMRAM 000026
disk_status@stat                 cstackCOMRAM 000027
disk_write@buff                  cstackBANK0  000065
disk_write@count                 cstackBANK0  00006B
disk_write@drv                   cstackBANK0  00006C
disk_write@res                   cstackBANK0  00006D
disk_write@sector                cstackBANK0  000067
dummy_clocks@i                   cstackCOMRAM 00001F
dummy_clocks@n                   cstackCOMRAM 00001E
end_of_initialization            cinit        0048B0
endereco_cursor_lcd@endereco     cstackCOMRAM 00001C
escalonador@cont                 cstackBANK0  0000E1
escreve_caractere_lcd@data       cstackCOMRAM 00001C
escreve_cmd_lcd@comando          cstackCOMRAM 00001C
escreve_dado_SPI@contador        cstackCOMRAM 00001A
escreve_dado_SPI@data_to_shrc    cstackCOMRAM 00001B
escreve_frase_ram_lcd@buffer     cstackCOMRAM 00001D
escreve_inteiro_lcd@F3966        dataBANK1    0001DF
escreve_inteiro_uart@F3956       dataBANK1    0001D8
f_close@fp                       cstackBANK0  00009C
f_close@res                      cstackBANK0  00009E
f_mount@fs                       cstackCOMRAM 00001A
f_mount@rfs                      cstackCOMRAM 00001C
f_mount@vol                      cstackCOMRAM 00001E
f_sync@dir                       cstackBANK0  00009A
f_sync@fp                        cstackBANK0  00008F
f_sync@res                       cstackBANK0  000095
f_sync@tim                       cstackBANK0  000096
f_write@btw                      cstackBANK0  0000D3
f_write@buff                     cstackBANK0  0000D1
f_write@bw                       cstackBANK0  0000D5
f_write@cc                       cstackBANK1  0001BD
f_write@clst                     cstackBANK1  0001BF
f_write@csect                    cstackBANK1  0001BC
f_write@fp                       cstackBANK0  0000CF
f_write@res                      cstackBANK1  0001B9
f_write@sect                     cstackBANK1  0001C3
f_write@wbuff                    cstackBANK1  0001BA
f_write@wcnt                     cstackBANK1  0001C7
fround@prec                      cstackBANK0  000078
get_dt@ano                       cstackBANK0  000064
get_dt@count                     cstackBANK0  000066
get_dt@dia                       cstackBANK0  000062
get_dt@dt_index                  cstackBANK0  000065
get_dt@dt_pointer                cstackBANK0  000060
get_dt@index                     cstackBANK0  000061
get_dt@mes                       cstackBANK0  000063
get_fat@bc                       cstackBANK0  0000AC
get_fat@clst                     cstackBANK0  00008A
get_fat@fs                       cstackBANK0  000088
get_fat@p                        cstackBANK0  0000AE
get_fat@wc                       cstackBANK0  0000AA
get_fattime@f_time               cstackCOMRAM 00001E
get_gpstime@_time                cstackBANK0  00007A
get_gpstime@index                cstackBANK0  00007E
get_gpstime@time_buffer          cstackBANK0  00006B
get_latitude@_latitude           cstackBANK0  000094
get_latitude@index               cstackBANK0  000098
get_latitude@lat_buffer          cstackBANK0  000085
get_latitude@lat_index           cstackBANK0  000099
get_latitude@lat_pointer         cstackBANK0  000097
get_longitude@_longitude         cstackBANK0  000094
get_longitude@index              cstackBANK0  000098
get_longitude@long_buffer        cstackBANK0  000085
get_longitude@long_index         cstackBANK0  000099
get_longitude@long_pointer       cstackBANK0  000097
gps@date                         cstackBANK0  0000C2
gps@gps_buffer                   cstackBANK0  0000C6
gps@latitude                     cstackBANK0  0000D9
gps@longitude                    cstackBANK0  0000DC
gps@time                         cstackBANK0  0000D5
i2_write_timer_zero              text84       0052AE
i2write_timer_zero@timer         cstackCOMRAM 000003
i2write_timer_zero@timer0        cstackCOMRAM 000001
int$flags                        temp         000046
int_func                         intcode_body 003AD4
intlevel0                        text         000000
[...]
      Temps:          0       0       0       0       0       0       0       0       0
      Totals:         2       0       0       0       0       0       0       0       0
Total ram usage:        2 bytes
 Hardware stack levels used:    1
 Hardware stack levels required when called:    2
 This function calls:
		Nothing
 This function is called by:
		_dummy_clocks
		_proceed
		_command
		_sdc_disk_write
 This function uses a non-reentrant model


 *************** function _mem_set *****************
 Defined at:
		line 249 in file "bibliotecas/ff.c"
 Parameters:    Size  Location     Type
  dst             2   25[COMRAM] PTR void 
		 -> f_readdir@sfn(12), f_opendir@sfn(12), f_open@sfn(12), NULL(0), 
  val             2   27[COMRAM] int 
  cnt             2   29[COMRAM] int 
 Auto vars:     Size  Location     Type
  d               2   31[COMRAM] PTR unsigned char 
		 -> f_readdir@sfn(12), f_opendir@sfn(12), f_open@sfn(12), NULL(0), 
 Return value:  Size  Location     Type
                  1    wreg      void 
 Registers used:
		wreg, fsr2l, fsr2h, status,2, status,0
 Tracked objects:
		On entry : 
		On exit  : 
		Unchanged: 
 Data sizes:     COMRAM   BANK0   BANK1   BANK2   BANK3   BANK4   BANK5   BANK6   BANK7
      Params:         6       0       0       0       0       0       0       0       0
      Locals:         2       0       0       0       0       0       0       0       0
      Temps:          0       0       0       0       0       0       0       0       0
      Totals:         8       0       0       0       0       0       0       0       0
Total ram usage:        8 bytes
 Hardware stack levels used:    1
 Hardware stack levels required when called:    2
 This function calls:
		Nothing
 This function is called by:
		_sync
		_dir_next
		_dir_register
		_create_name
 This function uses a non-reentrant model


 *************** function _disk_ioctl *****************
 Defined at:
		line 192 in file "bibliotecas/diskio.c"
 Parameters:    Size  Location     Type
  drv             1    wreg     unsigned char 
  ctrl            1   25[COMRAM] unsigned char 
  buff            2   26[COMRAM] PTR void 
		 -> NULL(0), 
 Auto vars:     Size  Location     Type
  drv             1   28[COMRAM] unsigned char 
  result          2    0        int 
  res             1   29[COMRAM] enum E22
 Return value:  Size  Location     Type
                  1    wreg      enum E22
 Registers used:
		wreg, status,2, status,0
 Tracked objects:
		On entry : 
		On exit  : 
		Unchanged: 
 Data sizes:     COMRAM   BANK0   BANK1   BANK2   BANK3   BANK4   BANK5   BANK6   BANK7
      Params:         3       0       0       0       0       0       0       0       0
      Locals:         2       0       0       0       0       0       0       0       0
      Temps:          0       0       0       0       0       0       0       0       0
      Totals:         5       0       0       0       0       0       0       0       0
Total ram usage:        5 bytes
 Hardware stack levels used:    1
 Hardware stack levels required when called:    2
 This function calls:
		Nothing
 This function is called by:
		_sync
 This function uses a non-reentrant model


 *************** function _get_fattime *****************
 Defined at:
		line 1883 in file "bibliotecas/ff.c"
 Parameters:    Size  Location     Type
		None
 Auto vars:     Size  Location     Type
  f_time          9   29[COMRAM] struct .
 Return value:  Size  Location     Type
                  4   25[COMRAM] unsigned long 
 Registers used:
		wreg, status,2, status,0
 Tracked objects:
		On entry : 
		On exit  : 
		Unchanged: 
 Data sizes:     COMRAM   BANK0   BANK1   BANK2   BANK3   BANK4   BANK5   BANK6   BANK7
      Params:         4       0       0       0       0       0       0       0       0
      Locals:         9       0       0       0       0       0       0       0       0
      Temps:          0      38       0       0       0       0       0       0       0
      Totals:        13      38       0       0       0       0       0       0       0
Total ram usage:       51 bytes
 Hardware stack levels used:    1
 Hardware stack levels required when called:    2
 This function calls:
		Nothing
 This function is called by:
		_f_sync
		_f_open
 This function uses a non-reentrant model


 *************** function _escreve_cmd_lcd *****************
 Defined at:
		line 162 in file "bibliotecas/display_lcd.c"
 Parameters:    Size  Location     Type
  comando         1    wreg     unsigned char 
 Auto vars:     Size  Location     Type
  comando         1   27[COMRAM] unsigned char 
 Return value:  Size  Location     Type
                  1    wreg      void 
 Registers used:
		wreg, status,2, status,0, cstack
 Tracked objects:
		On entry : 
		On exit  : 
		Unchanged: 
 Data sizes:     COMRAM   BANK0   BANK1   BANK2   BANK3   BANK4   BANK5   BANK6   BANK7
      Params:         0       0       0       0       0       0       0       0       0
      Locals:         1       0       0       0       0       0       0       0       0
      Temps:          0       0       0       0       0       0       0       0       0
      Totals:         1       0       0       0       0       0       0       0       0
Total ram usage:        1 bytes
 Hardware stack levels used:    1
 Hardware stack levels required when called:    3
 This function calls:
		_delay
 This function is called by:
		_gps
		_SDCard
		_init_lcd
		_sdc_disk_initialize
		_inicializa_SPI
		_leitura_chave
		_cria_caractere_lcd
 This function uses a non-reentrant model


 *************** function _delay *****************
 Defined at:
		line 45 in file "bibliotecas/display_lcd.c"
 Parameters:    Size  Location     Type
		None
 Auto vars:     Size  Location     Type
  contador_int    1   26[COMRAM] unsigned char 
  contador_ext    1   25[COMRAM] unsigned char 
 Return value:  Size  Location     Type
                  1    wreg      void 
 Registers used:
		wreg, status,2, status,0
 Tracked objects:
		On entry : 
		On exit  : 
		Unchanged: 
 Data sizes:     COMRAM   BANK0   BANK1   BANK2   BANK3   BANK4   BANK5   BANK6   BANK7
      Params:         0       0       0       0       0       0       0       0       0
      Locals:         2       0       0       0       0       0       0       0       0
      Temps:          0       0       0       0       0       0       0       0       0
      Totals:         2       0       0       0       0       0       0       0       0
Total ram usage:        2 bytes
 Hardware stack levels used:    1
 Hardware stack levels required when called:    2
 This function calls:
		Nothing
 This function is called by:
		_init_lcd
		_escreve_cmd_lcd
		_endereco_cursor_lcd
		_escreve_caractere_lcd
 This function uses a non-reentrant model


 *************** function _isr *****************
 Defined at:
		line 96 in file "main.c"
 Parameters:    Size  Location     Type
		None
 Auto vars:     Size  Location     Type
  cont            1   24[COMRAM] unsigned char 
 Return value:  Size  Location     Type
                  1    wreg      void 
 Registers used:
		wreg, fsr2l, fsr2h, status,2, status,0, prodl, prodh, cstack
 Tracked objects:
		On entry : 
		On exit  : 
		Unchanged: 
 Data sizes:     COMRAM   BANK0   BANK1   BANK2   BANK3   BANK4   BANK5   BANK6   BANK7
      Params:         0       0       0       0       0       0       0       0       0
      Locals:         1       0       0       0       0       0       0       0       0
      Temps:         20       0       0       0       0       0       0       0       0
      Totals:        21       0       0       0       0       0       0       0       0
Total ram usage:       21 bytes
 Hardware stack levels used:    1
 Hardware stack levels required when called:    1
 This function calls:
		_recebe_dado_uart
		i2_write_timer_zero
 This function is called by:
		Interrupt level 2
 This function uses a non-reentrant model


 *************** function i2_write_timer_zero *****************
 Defined at:
		line 138 in file "bibliotecas/hardware.c"
 Parameters:    Size  Location     Type
  timer0          2    0[COMRAM] unsigned int 
 Auto vars:     Size  Location     Type
  write_timer_    2    2[COMRAM] struct Timers
 Return value:  Size  Location     Type
                  1    wreg      void 
 Registers used:
		None
 Tracked objects:
		On entry : 
		On exit  : 
		Unchanged: 
 Data sizes:     COMRAM   BANK0   BANK1   BANK2   BANK3   BANK4   BANK5   BANK6   BANK7
      Params:         2       0       0       0       0       0       0       0       0
      Locals:         2       0       0       0       0       0       0       0       0
      Temps:          0       0       0       0       0       0       0       0       0
      Totals:         4       0       0       0       0       0       0       0       0
Total ram usage:        4 bytes
 Hardware stack levels used:    1
 This function calls:
		Nothing
 This function is called by:
		_isr
 This function uses a non-reentrant model


 *************** function _recebe_dado_uart *****************
 Defined at:
		line 138 in file "bibliotecas/uart.c"
 Parameters:    Size  Location     Type
		None
 Auto vars:     Size  Location     Type
		None
 Return value:  Size  Location     Type
                  1    wreg      unsigned char 
 Registers used:
		wreg, status,2
 Tracked objects:
		On entry : 
		On exit  : 
		Unchanged: 
 Data sizes:     COMRAM   BANK0   BANK1   BANK2   BANK3   BANK4   BANK5   BANK6   BANK7
      Params:         0       0       0       0       0       0       0       0       0
      Locals:         0       0       0       0       0       0       0       0       0
      Temps:          0       0       0       0       0       0       0       0       0
      Totals:         0       0       0       0       0       0       0       0       0
Total ram usage:        0 bytes
 Hardware stack levels used:    1
 This function calls:
		Nothing
 This function is called by:
		_isr
		_recebe_string_uart
 This function uses a non-reentrant model



MODULE INFORMATION

Module		Function		Class		Link	Load	Size
bibliotecas/uart.c
		_recebe_dado_uart		CODE           	52C0	0000	19

bibliotecas/uart.c estimated size: 19

C:\Program Files (x86)\Microchip\xc8\v1.45\sources\common\ftneg.c
		___ftneg       		CODE           	5174	0000	39

C:\Program Files (x86)\Microchip\xc8\v1.45\sources\common\ftneg.c estimated size: 39

C:\Program Files (x86)\Microchip\xc8\v1.45\sources\common\ftsub.c
		___ftsub       		CODE           	4EDE	0000	67

C:\Program Files (x86)\Microchip\xc8\v1.45\sources\common\ftsub.c estimated size: 67

C:\Program Files (x86)\Microchip\xc8\v1.45\sources\common\float.c
		___ftpack      		CODE           	418A	0000	175

C:\Program Files (x86)\Microchip\xc8\v1.45\sources\common\float.c estimated size: 175

C:\Program Files (x86)\Microchip\xc8\v1.45\sources\common\doprnt.c
		_scale         		CODE           	1982	0000	1057
		_sprintf       		CODE           	084C	0000	2083
		_fround        		CODE           	2A74	0000	607

C:\Program Files (x86)\Microchip\xc8\v1.45\sources\common\doprnt.c estimated size: 3747

bibliotecas/diskio.c
		_disk_write    		CODE           	4DF8	0000	81
		_disk_status   		CODE           	4CAC	0000	87
		_disk_ioctl    		CODE           	5100	0000	41
		_disk_read     		CODE           	4E48	0000	81

bibliotecas/diskio.c estimated size: 290

C:\Program Files (x86)\Microchip\xc8\v1.45\sources\common\atof.c
		_atof          		CODE           	51BE	0000	37
		_strtod        		CODE           	1DA2	0000	1001

C:\Program Files (x86)\Microchip\xc8\v1.45\sources\common\atof.c estimated size: 1038

C:\Program Files (x86)\Microchip\xc8\v1.45\sources\common\lltoft.c
		___lltoft      		CODE           	4B48	0000	93

C:\Program Files (x86)\Microchip\xc8\v1.45\sources\common\lltoft.c estimated size: 93

C:\Program Files (x86)\Microchip\xc8\v1.45\sources\common\Umul16.c
		___wmul        		CODE           	514E	0000	39

C:\Program Files (x86)\Microchip\xc8\v1.45\sources\common\Umul16.c estimated size: 39

C:\Program Files (x86)\Microchip\xc8\v1.45\sources\common\ftge.c
		___ftge        		CODE           	4424	0000	145

C:\Program Files (x86)\Microchip\xc8\v1.45\sources\common\ftge.c estimated size: 145

C:\Program Files (x86)\Microchip\xc8\v1.45\sources\common\isdigit.c
		_isdigit       		CODE           	5206	0000	31

C:\Program Files (x86)\Microchip\xc8\v1.45\sources\common\isdigit.c estimated size: 31

C:\Program Files (x86)\Microchip\xc8\v1.45\sources\common\ftdivl.c
		__tdiv_to_l_   		CODE           	3750	0000	307

C:\Program Files (x86)\Microchip\xc8\v1.45\sources\common\ftdivl.c estimated size: 307

C:\Program Files (x86)\Microchip\xc8\v1.45\sources\common\ftmul.c
		___ftmul       		CODE           	3EEE	0000	247

C:\Program Files (x86)\Microchip\xc8\v1.45\sources\common\ftmul.c estimated size: 247

C:\Program Files (x86)\Microchip\xc8\v1.45\sources\common\awmod.c
		___awmod       		CODE           	4930	0000	113

C:\Program Files (x86)\Microchip\xc8\v1.45\sources\common\awmod.c estimated size: 113

C:\Program Files (x86)\Microchip\xc8\v1.45\sources\common\ftdiv.c
		___ftdiv       		CODE           	3FE4	0000	233

C:\Program Files (x86)\Microchip\xc8\v1.45\sources\common\ftdiv.c estimated size: 233

C:\Program Files (x86)\Microchip\xc8\v1.45\sources\common\llmod.c
		___llmod       		CODE           	4AE2	0000	103

C:\Program Files (x86)\Microchip\xc8\v1.45\sources\common\llmod.c estimated size: 103

bibliotecas/SDCard.c
		_response      		CODE           	52EA	0000	13
		_dummy_clocks  		CODE           	4F20	0000	63
		_sdc_disk_read 		CODE           	3218	0000	349
		_sdc_disk_write		CODE           	34CA	0000	333
		_SDCard        		CODE           	4238	0000	171
		_command       		CODE           	4F5E	0000	63
		_proceed       		CODE           	52F6	0000	13
		_sdc_disk_status		CODE           	4FD6	0000	59

bibliotecas/SDCard.c estimated size: 1064

C:\Program Files (x86)\Microchip\xc8\v1.45\sources\common\Umul32.c
		___lmul        		CODE           	4C56	0000	87

C:\Program Files (x86)\Microchip\xc8\v1.45\sources\common\Umul32.c estimated size: 87

C:\Program Files (x86)\Microchip\xc8\v1.45\sources\common\fldivl.c
		__div_to_l_    		CODE           	39AC	0000	297

C:\Program Files (x86)\Microchip\xc8\v1.45\sources\common\fldivl.c estimated size: 297

bibliotecas/ff.c
		_mem_cpy       		CODE           	4C00	0000	87
		_sync          		CODE           	218A	0000	805
		_f_mount       		CODE           	4A7A	0000	105
		_get_fat       		CODE           	1550	0000	1075
		_get_fattime   		CODE           	3BF4	0000	265
		_create_chain  		CODE           	24AE	0000	769
		_validate      		CODE           	4D02	0000	85
		_f_sync        		CODE           	27AE	0000	711
		_f_write       		CODE           	0012	0000	2107
		_mem_set       		CODE           	50AC	0000	45
		_clust2sect    		CODE           	40CC	0000	191
		_put_fat       		CODE           	106E	0000	1251
		_f_close       		CODE           	50D8	0000	41
		_move_window   		CODE           	2CD2	0000	467

bibliotecas/ff.c estimated size: 8004

bibliotecas/hardware.c
		_init_hardware 		CODE           	5274	0000	23
		_config_timer_dois		CODE           	52D2	0000	13
		_config_timer_zero		CODE           	5242	0000	27
		_init_ports    		CODE           	525C	0000	25
		_write_timer_zero		CODE           	529C	0000	19
		_init_interrupt		CODE           	528A	0000	19
		_init_oscilador		CODE           	5302	0000	9

bibliotecas/hardware.c estimated size: 135

shared
		leitura_chave@F3840		MEDIUMCONST    	617C	0000	18
		leitura_chave@F3842		MEDIUMCONST    	616B	0000	18
		__powers_      		MEDIUMCONST    	611D	0000	40
		leitura_chave@F3838		MEDIUMCONST    	618D	0000	18
		_dpowers       		MEDIUMCONST    	60F5	0000	41
		__npowers_     		MEDIUMCONST    	6144	0000	40
		__initialization		CODE           	484C	0000	101
		i2_write_timer_zero		CODE           	52AE	0000	19

shared estimated size: 295

C:\Program Files (x86)\Microchip\xc8\v1.45\sources\common\fttol.c
		___fttol       		CODE           	3DF6	0000	249

C:\Program Files (x86)\Microchip\xc8\v1.45\sources\common\fttol.c estimated size: 249

C:\Program Files (x86)\Microchip\xc8\v1.45\sources\common\awtoft.c
		___awtoft      		CODE           	5048	0000	57

C:\Program Files (x86)\Microchip\xc8\v1.45\sources\common\awtoft.c estimated size: 57

C:\Program Files (x86)\Microchip\xc8\v1.45\sources\common\awdiv.c
		___awdiv       		CODE           	4658	0000	133

C:\Program Files (x86)\Microchip\xc8\v1.45\sources\common\awdiv.c estimated size: 133

C:\Program Files (x86)\Microchip\xc8\v1.45\sources\common\strcat.c
		_strcat        		CODE           	4DA8	0000	81

C:\Program Files (x86)\Microchip\xc8\v1.45\sources\common\strcat.c estimated size: 81

C:\Program Files (x86)\Microchip\xc8\v1.45\sources\common\ftadd.c
		___ftadd       		CODE           	306A	0000	431

C:\Program Files (x86)\Microchip\xc8\v1.45\sources\common\ftadd.c estimated size: 431

C:\Program Files (x86)\Microchip\xc8\v1.45\sources\common\lldiv.c
		___lldiv       		CODE           	46DC	0000	133

C:\Program Files (x86)\Microchip\xc8\v1.45\sources\common\lldiv.c estimated size: 133

bibliotecas/display_lcd.c
		_delay         		CODE           	51E2	0000	37
		_init_lcd      		CODE           	4386	0000	159
		_endereco_cursor_lcd		CODE           	4A10	0000	107
		_escreve_cmd_lcd		CODE           	45CC	0000	141
		_posicao_cursor_lcd		CODE           	49A0	0000	113
		_escreve_caractere_lcd		CODE           	48BE	0000	115
		_escreve_frase_ram_lcd		CODE           	4D56	0000	83

bibliotecas/display_lcd.c estimated size: 755

C:\Program Files (x86)\Microchip\xc8\v1.45\sources\common\isspace.c
		_isspace       		CODE           	5128	0000	39

C:\Program Files (x86)\Microchip\xc8\v1.45\sources\common\isspace.c estimated size: 39

main.c
		_main          		CODE           	519A	0000	37
		_isr           		CODE           	0008	0000	295
		_escalonador   		CODE           	42E2	0000	165
		_inicializa_tarefas		CODE           	5010	0000	57

main.c estimated size: 554

C:\Program Files (x86)\Microchip\xc8\v1.45\sources\common\strlen.c
		_strlen        		CODE           	4F9C	0000	59

C:\Program Files (x86)\Microchip\xc8\v1.45\sources\common\strlen.c estimated size: 59

bibliotecas/GPS.c
		_get_longitude 		CODE           	44B4	0000	141
		_get_latitude  		CODE           	4540	0000	141
		_convert_to_degrees		CODE           	3616	0000	315
		_gps           		CODE           	2EA4	0000	455
		_get_dt        		CODE           	3374	0000	343
		_convert_time_to_utc		CODE           	3882	0000	299
		_get_gpstime   		CODE           	47D8	0000	117

bibliotecas/GPS.c estimated size: 1811

bibliotecas/SHRC.c
		_recebe_dado_SPI		CODE           	4BA4	0000	93
		_inicializa_shrc		CODE           	52DE	0000	13
		_escreve_dado_SPI		CODE           	4E98	0000	71

bibliotecas/SHRC.c estimated size: 177

C:\Program Files (x86)\Microchip\xc8\v1.45\sources\common\altoft.c
		___altoft      		CODE           	4760	0000	121

C:\Program Files (x86)\Microchip\xc8\v1.45\sources\common\altoft.c estimated size: 121

C:\Program Files (x86)\Microchip\xc8\v1.45\sources\common\memset.c
		_memset        		CODE           	5080	0000	45

C:\Program Files (x86)\Microchip\xc8\v1.45\sources\common\memset.c estimated size: 45

C:\Program Files (x86)\Microchip\xc8\v1.45\sources\common\atol.c
		_atol          		CODE           	3CFC	0000	251

C:\Program Files (x86)\Microchip\xc8\v1.45\sources\common\atol.c estimated size: 251

