Microchip MPLAB XC8 Compiler V1.45 ()

Linker command line:

-W-3 --edf=C:\Program Files (x86)\Microchip\xc8\v1.45\dat\en_msgs.txt -cs \
  -h+dist/default/production\SDCARDV6.production.sym \
  --cmf=dist/default/production\SDCARDV6.production.cmf -z -Q18F4550 \
  -oC:\Users\Felipe\AppData\Local\Temp\s14k.2 \
  -Mdist/default/production/SDCARDV6.production.map -E1 -ver=XC8 \
  -ASTACK=0556h-07ffh -pstack=STACK -ACODE=00h-0627Fh -ACONST=00h-0627Fh \
  -ASMALLCONST=0800h-08FFhx90,06200h-0627Fh -AMEDIUMCONST=0800h-0627Fh \
  -ACOMRAM=01h-05Fh -AABS1=00h-07FFh -ABIGRAM=01h-07FFh \
  -ARAM=060h-0FFh,0100h-01FFhx7 -ABANK0=060h-0FFh -ABANK1=0100h-01FFh \
  -ABANK2=0200h-02FFh -ABANK3=0300h-03FFh -ABANK4=0400h-04FFh \
  -ABANK5=0500h-05FFh -ABANK6=0600h-06FFh -ABANK7=0700h-07FFh \
  -ASFR=0F60h-0FFFh -preset_vec=00h,intcode=08h,intcodelo,powerup,init \
  -pramtop=0800h -psmallconst=SMALLCONST -pmediumconst=MEDIUMCONST \
  -pconst=CONST -AFARRAM=00h-00h -ACONFIG=0300000h-030000Dh -pconfig=CONFIG \
  -AIDLOC=0200000h-0200007h -pidloc=IDLOC -AEEDATA=0F00000h-0F000FFh \
  -peeprom_data=EEDATA \
  -prdata=COMRAM,nvrram=COMRAM,nvbit=COMRAM,rbss=COMRAM,rbit=COMRAM \
  -pfarbss=FARRAM,fardata=FARRAM,nvFARRAM=FARRAM \
  -pintsave_regs=BIGRAM,bigbss=BIGRAM,bigdata=BIGRAM -pbss=RAM \
  -pidata=CODE,irdata=CODE,ibigdata=CODE,ifardata=CODE -prparam=COMRAM \
  C:\Users\Felipe\AppData\Local\Temp\s14k.obj \
  dist/default/production\SDCARDV6.production.obj 

Object code version is 3.11

Machine type is 18F4550

Call graph: (short form)




                Name                               Link     Load   Length Selector   Space Scale
C:\Users\Felipe\AppData\Local\Temp\s14k.obj
                init                                  E        E        4        4       0
                reset_vec                             0        0        4        0       0
                idloc                            200000   200000        8   200000       0
                config                           300000   300000        E   300000       0
dist/default/production\SDCARDV6.production.obj
                intcode                               8        8        6        4       0
                temp                                 46       46        1        1       1
                mediumconst                        60DA     60DA      1A6     306D       0
                text84                             5B22     5B22       12     2D48       0
                text83                             5B10     5B10       12     2D48       0
                intcode_body                       419A     419A      11E        4       0
                text81                             44D4     44D4      108        4       0
                text80                             56D2     56D2       46        4       0
                text79                             590E     590E       38        4       0
                text78                             585C     585C       3E        4       0
                text77                             5A4E     5A4E       24        4       0
                text76                             5256     5256       72        4       0
                text75                             563A     563A       52        4       0
                text74                             55E8     55E8       52        4       0
                text73                             579E     579E       42        4       0
                text72                             4D60     4D60       A4        4       0
                text71                             5718     5718       44        4       0
                text70                             581E     581E       3E        4       0
                text69                             53A4     53A4       6A        4       0
                text68                             52C8     52C8       70        4       0
                text67                             5B58     5B58        C     2D48       0
                text66                             54DC     54DC       5C        4       0
                text65                             5B4C     5B4C        C     2D48       0
                text64                             3F4A     3F4A      12E        4       0
                text63                             486C     486C       C2        4       0
                text62                             45DC     45DC       FA        4       0
                text61                             5060     5060       84        4       0
                text60                             386C     386C      184        4       0
                text59                             4C12     4C12       AA        4       0
                text58                             5A26     5A26       28        4       0
                text57                             575C     575C       42        4       0
                text56                             59FE     59FE       28        4       0
                text55                             59AA     59AA       2C        4       0
                text54                             5338     5338       6C        4       0
                text53                             3322     3322      1E4        4       0
                text52                             5AD8     5AD8       14     2D48       0
                text51                             57E0     57E0       3E        4       0
                text50                             492E     492E       C0        4       0
                text49                             39F0     39F0      172        4       0
                text48                             568C     568C       46        4       0
                text47                             50E4     50E4       82        4       0
                text46                             5592     5592       56        4       0
                text45                             49EE     49EE       BA        4       0
                text44                             27B0     27B0      382        4       0
                text43                             5946     5946       34        4       0
                text42                             4AA8     4AA8       B8        4       0
                text41                             58D6     58D6       38        4       0
                text40                             4EA2     4EA2       9C        4       0
                text39                             30CA     30CA      258        4       0
                text38                             36CE     36CE      19E        4       0
                text37                             43CC     43CC      108        4       0
                text36                               12       12      960        4       0
                text35                             4B60     4B60       B2        4       0
                text34                             242E     242E      382        4       0
                text33                             1C1E     1C1E      456        4       0
                text32                             1738     1738      4E6        4       0
                text31                             47A8     47A8       C4        4       0
                text30                             4078     4078      122        4       0
                text29                             2074     2074      3BA        4       0
                text28                             2B32     2B32      332        4       0
                text27                             42B8     42B8      114        4       0
                text26                             5538     5538       5A        4       0
                text25                             46D6     46D6       D2        4       0
                text24                             540E     540E       68        4       0
                text23                             4F3E     4F3E       96        4       0
                text22                             589A     589A       3C        4       0
                text21                             2E64     2E64      266        4       0
                text20                             3E10     3E10      13A        4       0
                text19                             51E0     51E0       76        4       0
                text18                             3B62     3B62      168        4       0
                text17                             3506     3506      1C8        4       0
                text16                             1170     1170      5C8        4       0
                text15                              972      972      7FE        4       0
                text14                             3CCA     3CCA      146        4       0
                text13                             4CBC     4CBC       A4        4       0
                text12                             5B40     5B40        C     2D48       0
                text11                             597A     597A       30        4       0
                text10                             5B34     5B34        C     2D48       0
                text9                              5AFE     5AFE       12     2D48       0
                text8                              5A90     5A90       1A     2D48       0
                text7                              5AEC     5AEC       12     2D48       0
                text6                              5B64     5B64        8     2D48       0
                text5                              5AAA     5AAA       18     2D48       0
                text4                              5AC2     5AC2       16     2D48       0
                text3                              4FD4     4FD4       8C        4       0
                text2                              4E04     4E04       9E        4       0
                text1                              5166     5166       7A        4       0
                text0                              59D6     59D6       28        4       0
                cstackCOMRAM                          1        1       2C        1       1
                cstackBANK0                          60       60       A0       60       1
                cstackBANK1                         173      173       61      100       1
                cstackBANK3                         300      300       27      300       1
                bssBIGRAM                           327      327      22F      327       1
                bssBANK2                            200      200       FA      200       1
                dataBANK1                           1D4      1D4       1D      100       1
                bssBANK1                            100      100       73      100       1
                bssCOMRAM                            2D       2D       19        1       1
                cinit                              5476     5476       66        4       0
                idataBANK1                         5A72     5A72       1D        4       0

TOTAL           Name                               Link     Load   Length     Space
        CLASS   STACK          

        CLASS   CODE           
                intcode                               8        8        6         0
                init                                  E        E        4         0
                reset_vec                             0        0        4         0
                text84                             5B22     5B22       12         0
                text83                             5B10     5B10       12         0
                intcode_body                       419A     419A      11E         0
                text81                             44D4     44D4      108         0
                text80                             56D2     56D2       46         0
                text79                             590E     590E       38         0
                text78                             585C     585C       3E         0
                text77                             5A4E     5A4E       24         0
                text76                             5256     5256       72         0
                text75                             563A     563A       52         0
                text74                             55E8     55E8       52         0
                text73                             579E     579E       42         0
                text72                             4D60     4D60       A4         0
                text71                             5718     5718       44         0
                text70                             581E     581E       3E         0
                text69                             53A4     53A4       6A         0
                text68                             52C8     52C8       70         0
                text67                             5B58     5B58        C         0
                text66                             54DC     54DC       5C         0
                text65                             5B4C     5B4C        C         0
                text64                             3F4A     3F4A      12E         0
                text63                             486C     486C       C2         0
                text62                             45DC     45DC       FA         0
                text61                             5060     5060       84         0
                text60                             386C     386C      184         0
                text59                             4C12     4C12       AA         0
                text58                             5A26     5A26       28         0
                text57                             575C     575C       42         0
                text56                             59FE     59FE       28         0
                text55                             59AA     59AA       2C         0
                text54                             5338     5338       6C         0
                text53                             3322     3322      1E4         0
                text52                             5AD8     5AD8       14         0
                text51                             57E0     57E0       3E         0
                text50                             492E     492E       C0         0
                text49                             39F0     39F0      172         0
                text48                             568C     568C       46         0
                text47                             50E4     50E4       82         0
                text46                             5592     5592       56         0
                text45                             49EE     49EE       BA         0
                text44                             27B0     27B0      382         0
                text43                             5946     5946       34         0
                text42                             4AA8     4AA8       B8         0
                text41                             58D6     58D6       38         0
                text40                             4EA2     4EA2       9C         0
                text39                             30CA     30CA      258         0
                text38                             36CE     36CE      19E         0
                text37                             43CC     43CC      108         0
                text36                               12       12      960         0
                text35                             4B60     4B60       B2         0
                text34                             242E     242E      382         0
                text33                             1C1E     1C1E      456         0
                text32                             1738     1738      4E6         0
                text31                             47A8     47A8       C4         0
                text30                             4078     4078      122         0
                text29                             2074     2074      3BA         0
                text28                             2B32     2B32      332         0
                text27                             42B8     42B8      114         0
                text26                             5538     5538       5A         0
                text25                             46D6     46D6       D2         0
                text24                             540E     540E       68         0
                text23                             4F3E     4F3E       96         0
                text22                             589A     589A       3C         0
                text21                             2E64     2E64      266         0
                text20                             3E10     3E10      13A         0
                text19                             51E0     51E0       76         0
                text18                             3B62     3B62      168         0
                text17                             3506     3506      1C8         0
                text16                             1170     1170      5C8         0
                text15                              972      972      7FE         0
                text14                             3CCA     3CCA      146         0
                text13                             4CBC     4CBC       A4         0
                text12                             5B40     5B40        C         0
                text11                             597A     597A       30         0
                text10                             5B34     5B34        C         0
                text9                              5AFE     5AFE       12         0
                text8                              5A90     5A90       1A         0
                text7                              5AEC     5AEC       12         0
                text6                              5B64     5B64        8         0
                text5                              5AAA     5AAA       18         0
                text4                              5AC2     5AC2       16         0
                text3                              4FD4     4FD4       8C         0
                text2                              4E04     4E04       9E         0
                text1                              5166     5166       7A         0
                text0                              59D6     59D6       28         0
                cinit                              5476     5476       66         0
                idataBANK1                         5A72     5A72       1D         0

        CLASS   CONST          

        CLASS   SMALLCONST     

        CLASS   MEDIUMCONST    
                mediumconst                        60DA     60DA      1A6         0

        CLASS   COMRAM         
                temp                                 46       46        1         1
                cstackCOMRAM                          1        1       2C         1
                bssCOMRAM                            2D       2D       19         1

        CLASS   ABS1           

        CLASS   BIGRAM         
                bssBIGRAM                           327      327      22F         1

        CLASS   RAM            

        CLASS   BANK0          
                cstackBANK0                          60       60       A0         1

        CLASS   BANK1          
                cstackBANK1                         173      173       61         1
                dataBANK1                           1D4      1D4       1D         1
                bssBANK1                            100      100       73         1

        CLASS   BANK2          
                bssBANK2                            200      200       FA         1

        CLASS   BANK3          
                cstackBANK3                         300      300       27         1

        CLASS   BANK4          

        CLASS   BANK5          

        CLASS   BANK6          

        CLASS   BANK7          

        CLASS   SFR            

        CLASS   FARRAM         

        CLASS   CONFIG         
                config                           300000   300000        E         0

        CLASS   IDLOC          
                idloc                            200000   200000        8         0

        CLASS   EEDATA         



SEGMENTS        Name                           Load    Length   Top    Selector   Space  Class

                reset_vec                      000000  000004  000004         0       0  CODE    
                cstackCOMRAM                   000001  000046  000047         1       1  COMRAM  
                intcode                        000008  005A87  005A8F         4       0  CODE    
                cstackBANK0                    000060  0000A0  000100        60       1  BANK0   
                bssBANK1                       000100  0000F1  0001F1       100       1  BANK1   
                bssBANK2                       000200  0000FA  0002FA       200       1  BANK2   
                cstackBANK3                    000300  000027  000327       300       1  BANK3   
                bssBIGRAM                      000327  00022F  000556       327       1  BIGRAM  
                text8                          005A90  0000DC  005B6C      2D48       0  CODE    
                mediumconst                    0060DA  0001A6  006280      306D       0  MEDIUMCO
                idloc                          200000  000008  200008    200000       0  IDLOC   
                config                         300000  00000E  30000E    300000       0  CONFIG  


UNUSED ADDRESS RANGES

        Name                Unused          Largest block    Delta
        BANK1            0001F1-0001FF                F
        BANK2            0002FA-0002FF                6
        BANK5            000556-0005FF               AA
        BANK6            000600-0006FF              100
        BANK7            000700-0007FF              100
        BIGRAM           000047-00005F               19
                         0001F1-0001FF                F
                         0002FA-0002FF                6
                         000556-0007FF              2AA
        CODE             000004-000007                4
                         005A8F-005A8F                1
                         005B6C-0060D9              56E
        COMRAM           000047-00005F               19
        CONST            000004-000007                4
                         005A8F-005A8F                1
                         005B6C-0060D9              56E
        EEDATA           F00000-F000FF              100
        MEDIUMCONST      005A8F-005A8F                1
                         005B6C-0060D9              56E
        RAM              0001F1-0001FF                F
                         0002FA-0002FF                6
                         000556-0007FF              100
        SFR              000F60-000FFF               A0
        SMALLCONST       005A8F-005A8F                1
                         005B6C-0060D9              100
        STACK            000556-0007FF              2AA

                                  Symbol Table

?___lldiv                       cstackCOMRAM 00001A
?___lmul                        cstackCOMRAM 00001A
?___lwdiv                       cstackCOMRAM 00001A
?___lwmod                       cstackCOMRAM 00001A
?_check_fs                      cstackBANK0  00009B
?_clst2sect                     cstackCOMRAM 000026
?_create_chain                  cstackBANK0  0000BA
?_dbc_1st                       cstackCOMRAM 00001A
?_dbc_2nd                       cstackCOMRAM 00001A
?_find_volume                   cstackBANK0  0000AA
?_get_fat                       cstackBANK0  00009B
?_get_fattime                   cstackCOMRAM 00001A
?_get_ldnumber                  cstackCOMRAM 00001A
?_ld_clust                      cstackCOMRAM 000021
?_ld_dword                      cstackCOMRAM 00001A
?_ld_word                       cstackCOMRAM 00001A
?_memcmp                        cstackCOMRAM 00001A
?_strchr                        cstackCOMRAM 00001A
SDCard@FResult                  cstackBANK3  000304
SDCard@br                       cstackBANK3  000300
SDCard@bw                       cstackBANK3  000302
SDCard@fil                      cstackBANK3  000305
_ADCON1                         (abs)        000FC1
_BRGH                           (abs)        007D62
_CREN                           (abs)        007D5C
_DbcTbl                         mediumconst  0061A6
_EEADR                          (abs)        000FA9
_EECON1bits                     (abs)        000FA6
_EECON2                         (abs)        000FA7
_EEDATA                         (abs)        000FA8
_E_W                            bssCOMRAM    000041
_FatFs                          bssCOMRAM    000030
_Fsid                           bssBANK1     000143
_INT0IE                         (abs)        007F94
_INT0IF                         (abs)        007F91
_INTCON                         (abs)        000FF2
_INTCON2                        (abs)        000FF1
_INTCON3                        (abs)        000FF0
_INTCONbits                     (abs)        000FF2
_LATB                           (abs)        000F8A
_LATBbits                       (abs)        000F8A
_OSCCONbits                     (abs)        000FD3
_PCL                            (abs)        000FF9
_PCLATH                         (abs)        000FFA
_PIE1                           (abs)        000F9D
_PIE1bits                       (abs)        000F9D
_PIR1bits                       (abs)        000F9E
_PIR2bits                       (abs)        000FA1
_PORTAbits                      (abs)        000F80
_PORTBbits                      (abs)        000F81
_PORTCbits                      (abs)        000F82
_PORTDbits                      (abs)        000F83
_PORTEbits                      (abs)        000F84
_PR2                            (abs)        000FCB
_RCIF                           (abs)        007CF5
_RCREG                          (abs)        000FAE
_RCSTA                          (abs)        000FAB
_RCSTAbits                      (abs)        000FAB
_Result                         bssCOMRAM    00003C
_SDCard                         text14       003CCA
_SPBRG                          (abs)        000FAF
_SPEN                           (abs)        007D5F
_SPPCFG                         (abs)        000F63
_SPPCON                         (abs)        000F65
_SSPBUF                         (abs)        000FC9
_SSPCON1                        (abs)        000FC6
_SSPCON1bits                    (abs)        000FC6
_SSPSTAT                        (abs)        000FC7
_SSPSTATbits                    (abs)        000FC7
_SYNC                           (abs)        007D64
_T0CON                          (abs)        000FD5
_T0CONbits                      (abs)        000FD5
_T0IF                           (abs)        007F92
_T2CON                          (abs)        000FCA
_TMR0H                          (abs)        000FD7
_TMR0IF                         (abs)        007F92
_TMR0L                          (abs)        000FD6
_TMR2                           (abs)        000FCC
_TMR2IF                         (abs)        007CF1
_TRISA                          (abs)        000F92
_TRISAbits                      (abs)        000F92
_TRISB                          (abs)        000F93
_TRISBbits                      (abs)        000F93
_TRISC                          (abs)        000F94
_TRISCbits                      (abs)        000F94
_TRISD                          (abs)        000F95
_TRISDbits                      (abs)        000F95
_TRISE                          (abs)        000F96
_TRMT                           (abs)        007D61
_TXEN                           (abs)        007D65
_TXREG                          (abs)        000FAD
_TXSTA                          (abs)        000FAC
__CFG_BOR$ON                    (abs)        000000
__CFG_BORV$3                    (abs)        000000
__CFG_CCP2MX$OFF                (abs)        000000
__CFG_CPUDIV$OSC1_PLL2          (abs)        000000
__CFG_FCMEN$OFF                 (abs)        000000
__CFG_FOSC$HS                   (abs)        000000
__CFG_IESO$OFF                  (abs)        000000
__CFG_LPT1OSC$OFF               (abs)        000000
__CFG_LVP$OFF                   (abs)        000000
__CFG_MCLRE$ON                  (abs)        000000
__CFG_PBADEN$OFF                (abs)        000000
__CFG_PLLDIV$5                  (abs)        000000
__CFG_PWRT$OFF                  (abs)        000000
__CFG_STVREN$ON                 (abs)        000000
__CFG_USBDIV$1                  (abs)        000000
__CFG_VREGEN$OFF                (abs)        000000
__CFG_WDT$OFF                   (abs)        000000
__HRAM                          (abs)        000000
__Habs1                         abs1         000000
__Hbank0                        bank0        000000
__Hbank1                        bank1        000000
__Hbank2                        bank2        000000
__Hbank3                        bank3        000000
__Hbank4                        bank4        000000
__Hbank5                        bank5        000000
__Hbank6                        bank6        000000
__Hbank7                        bank7        000000
__Hbigbss                       bigbss       000000
__Hbigdata                      bigdata      000000
__Hbigram                       bigram       000000
__Hbss                          bss          000000
__HbssBANK1                     bssBANK1     000000
__HbssBANK2                     bssBANK2     000000
__HbssBIGRAM                    bssBIGRAM    000000
__HbssCOMRAM                    bssCOMRAM    000000
__Hcinit                        cinit        000000
__Hclrtext                      clrtext      000000
__Hcomram                       comram       000000
__Hconfig                       config       30000E
__Hconst                        const        000000
__HcstackBANK0                  cstackBANK0  000000
__HcstackBANK1                  cstackBANK1  000000
__HcstackBANK3                  cstackBANK3  000000
__HcstackCOMRAM                 cstackCOMRAM 000000
__Hdata                         data         000000
__HdataBANK1                    dataBANK1    000000
__Heeprom_data                  eeprom_data  000000
__Hfarbss                       farbss       000000
__Hfardata                      fardata      000000
__Hibigdata                     ibigdata     000000
__Hidata                        idata        000000
__HidataBANK1                   idataBANK1   000000
__Hidloc                        idloc        200008
__Hifardata                     ifardata     000000
__Hinit                         init         000012
__Hintcode                      intcode      00000E
__Hintcode_body                 intcode_body 000000
__Hintcodelo                    intcodelo    00000E
__Hintentry                     intentry     000000
__Hintret                       intret       000000
__Hintsave_regs                 intsave_regs 000000
__Hirdata                       irdata       000000
__Hmediumconst                  mediumconst  006280
__HnvFARRAM                     nvFARRAM     000000
__Hnvbit                        nvbit        000000
__Hnvrram                       nvrram       000000
__Hparam                        rparam       000000
__Hpowerup                      powerup      00000E
__Hram                          ram          000000
__Hramtop                       ramtop       000800
__Hrbit                         rbit         000000
__Hrbss                         rbss         000000
__Hrdata                        rdata        000000
__Hreset_vec                    reset_vec    000004
__Hrparam                       rparam       000000
__Hsfr                          sfr          000000
__Hsmallconst                   smallconst   000000
__Hspace_0                      (abs)        30000E
__Hspace_1                      (abs)        000556
__Hspace_2                      (abs)        000000
__Hstack                        stack        000000
__Hstruct                       struct       000000
__Htemp                         temp         000047
__Htext                         text         000000
__Htext0                        text0        000000
__Htext1                        text1        000000
__Htext10                       text10       000000
__Htext11                       text11       000000
__Htext12                       text12       000000
__Htext13                       text13       000000
__Htext14                       text14       000000
__Htext15                       text15       000000
__Htext16                       text16       000000
__Htext17                       text17       000000
__Htext18                       text18       000000
__Htext19                       text19       000000
__Htext2                        text2        000000
__Htext20                       text20       000000
__Htext21                       text21       000000
__Htext22                       text22       000000
__Htext23                       text23       000000
__Htext24                       text24       000000
__Htext25                       text25       000000
__Htext26                       text26       000000
__Htext27                       text27       000000
__Htext28                       text28       000000
__Htext29                       text29       000000
__Htext3                        text3        000000
__Htext30                       text30       000000
__Htext31                       text31       000000
__Htext32                       text32       000000
__Htext33                       text33       000000
__Htext34                       text34       000000
__Htext35                       text35       000000
__Htext36                       text36       000000
__Htext37                       text37       000000
__Htext38                       text38       000000
__Htext39                       text39       000000
__Htext4                        text4        000000
__Htext40                       text40       000000
__Htext41                       text41       000000
__Htext42                       text42       000000
__Htext43                       text43       000000
__Htext44                       text44       000000
__Htext45                       text45       000000
__Htext46                       text46       000000
__Htext47                       text47       000000
__Htext48                       text48       000000
__Htext49                       text49       000000
__Htext5                        text5        000000
__Htext50                       text50       000000
__Htext51                       text51       000000
__Htext52                       text52       000000
__Htext53                       text53       000000
__Htext54                       text54       000000
__Htext55                       text55       000000
__Htext56                       text56       000000
__Htext57                       text57       000000
__Htext58                       text58       000000
__Htext59                       text59       000000
__Htext6                        text6        000000
__Htext60                       text60       000000
__Htext61                       text61       000000
__Htext62                       text62       000000
__Htext63                       text63       000000
__Htext64                       text64       000000
__Htext65                       text65       000000
__Htext66                       text66       000000
__Htext67                       text67       000000
__Htext68                       text68       000000
__Htext69                       text69       000000
__Htext7                        text7        000000
__Htext70                       text70       000000
__Htext71                       text71       000000
__Htext72                       text72       000000
__Htext73                       text73       000000
__Htext74                       text74       000000
__Htext75                       text75       000000
__Htext76                       text76       000000
__Htext77                       text77       000000
__Htext78                       text78       000000
__Htext79                       text79       000000
__Htext8                        text8        000000
__Htext80                       text80       000000
__Htext81                       text81       000000
__Htext83                       text83       000000
__Htext84                       text84       000000
__Htext85                       text85       000000
__Htext9                        text9        000000
__LRAM                          (abs)        000001
__Labs1                         abs1         000000
__Lbank0                        bank0        000000
__Lbank1                        bank1        000000
__Lbank2                        bank2        000000
__Lbank3                        bank3        000000
__Lbank4                        bank4        000000
__Lbank5                        bank5        000000
__Lbank6                        bank6        000000
__Lbank7                        bank7        000000
__Lbigbss                       bigbss       000000
__Lbigdata                      bigdata      000000
__Lbigram                       bigram       000000
__Lbss                          bss          000000
__LbssBANK1                     bssBANK1     000000
__LbssBANK2                     bssBANK2     000000
__LbssBIGRAM                    bssBIGRAM    000000
__LbssCOMRAM                    bssCOMRAM    000000
__Lcinit                        cinit        000000
__Lclrtext                      clrtext      000000
__Lcomram                       comram       000000
__Lconfig                       config       300000
__Lconst                        const        000000
__LcstackBANK0                  cstackBANK0  000000
__LcstackBANK1                  cstackBANK1  000000
__LcstackBANK3                  cstackBANK3  000000
__LcstackCOMRAM                 cstackCOMRAM 000000
__Ldata                         data         000000
__LdataBANK1                    dataBANK1    000000
__Leeprom_data                  eeprom_data  000000
__Lfarbss                       farbss       000000
__Lfardata                      fardata      000000
__Libigdata                     ibigdata     000000
__Lidata                        idata        000000
__LidataBANK1                   idataBANK1   000000
__Lidloc                        idloc        200000
__Lifardata                     ifardata     000000
__Linit                         init         00000E
__Lintcode                      intcode      000008
__Lintcode_body                 intcode_body 000000
__Lintcodelo                    intcodelo    00000E
__Lintentry                     intentry     000000
__Lintret                       intret       000000
__Lintsave_regs                 intsave_regs 000000
__Lirdata                       irdata       000000
__Lmediumconst                  mediumconst  0060DA
__LnvFARRAM                     nvFARRAM     000000
__Lnvbit                        nvbit        000000
__Lnvrram                       nvrram       000000
__Lparam                        rparam       000000
__Lpowerup                      powerup      00000E
__Lram                          ram          000000
__Lramtop                       ramtop       000800
__Lrbit                         rbit         000000
__Lrbss                         rbss         000000
__Lrdata                        rdata        000000
__Lreset_vec                    reset_vec    000000
__Lrparam                       rparam       000000
__Lsfr                          sfr          000000
__Lsmallconst                   smallconst   000000
__Lspace_0                      (abs)        000000
__Lspace_1                      (abs)        000000
__Lspace_2                      (abs)        000000
__Lstack                        stack        000000
__Lstruct                       struct       000000
__Ltemp                         temp         000046
__Ltext                         text         000000
__Ltext0                        text0        000000
__Ltext1                        text1        000000
__Ltext10                       text10       000000
__Ltext11                       text11       000000
__Ltext12                       text12       000000
__Ltext13                       text13       000000
__Ltext14                       text14       000000
__Ltext15                       text15       000000
__Ltext16                       text16       000000
__Ltext17                       text17       000000
__Ltext18                       text18       000000
__Ltext19                       text19       000000
__Ltext2                        text2        000000
__Ltext20                       text20       000000
__Ltext21                       text21       000000
__Ltext22                       text22       000000
__Ltext23                       text23       000000
__Ltext24                       text24       000000
__Ltext25                       text25       000000
__Ltext26                       text26       000000
__Ltext27                       text27       000000
__Ltext28                       text28       000000
__Ltext29                       text29       000000
__Ltext3                        text3        000000
__Ltext30                       text30       000000
__Ltext31                       text31       000000
__Ltext32                       text32       000000
__Ltext33                       text33       000000
__Ltext34                       text34       000000
__Ltext35                       text35       000000
__Ltext36                       text36       000000
__Ltext37                       text37       000000
__Ltext38                       text38       000000
__Ltext39                       text39       000000
__Ltext4                        text4        000000
__Ltext40                       text40       000000
__Ltext41                       text41       000000
__Ltext42                       text42       000000
__Ltext43                       text43       000000
__Ltext44                       text44       000000
__Ltext45                       text45       000000
__Ltext46                       text46       000000
__Ltext47                       text47       000000
__Ltext48                       text48       000000
__Ltext49                       text49       000000
__Ltext5                        text5        000000
__Ltext50                       text50       000000
__Ltext51                       text51       000000
__Ltext52                       text52       000000
__Ltext53                       text53       000000
__Ltext54                       text54       000000
__Ltext55                       text55       000000
__Ltext56                       text56       000000
__Ltext57                       text57       000000
__Ltext58                       text58       000000
__Ltext59                       text59       000000
__Ltext6                        text6        000000
__Ltext60                       text60       000000
__Ltext61                       text61       000000
__Ltext62                       text62       000000
__Ltext63                       text63       000000
__Ltext64                       text64       000000
__Ltext65                       text65       000000
__Ltext66                       text66       000000
__Ltext67                       text67       000000
__Ltext68                       text68       000000
__Ltext69                       text69       000000
__Ltext7                        text7        000000
__Ltext70                       text70       000000
__Ltext71                       text71       000000
__Ltext72                       text72       000000
__Ltext73                       text73       000000
__Ltext74                       text74       000000
__Ltext75                       text75       000000
__Ltext76                       text76       000000
__Ltext77                       text77       000000
__Ltext78                       text78       000000
__Ltext79                       text79       000000
__Ltext8                        text8        000000
__Ltext80                       text80       000000
__Ltext81                       text81       000000
__Ltext83                       text83       000000
__Ltext84                       text84       000000
__Ltext85                       text85       000000
__Ltext9                        text9        000000
__S0                            (abs)        30000E
__S1                            (abs)        000556
__S2                            (abs)        000000
___inthi_sp                     stack        000000
___intlo_sp                     stack        000000
___lldiv                        text47       0050E4
___lldiv@counter                cstackCOMRAM 000026
___lldiv@dividend               cstackCOMRAM 00001A
___lldiv@divisor                cstackCOMRAM 00001E
___lldiv@quotient               cstackCOMRAM 000022
___lmul                         text46       005592
___lmul@multiplicand            cstackCOMRAM 00001E
___lmul@multiplier              cstackCOMRAM 00001A
___lmul@product                 cstackCOMRAM 000022
___lwdiv                        text74       0055E8
___lwdiv@counter                cstackCOMRAM 00001E
___lwdiv@dividend               cstackCOMRAM 00001A
___lwdiv@divisor                cstackCOMRAM 00001C
___lwdiv@quotient               cstackCOMRAM 00001F
___lwmod                        text73       00579E
___lwmod@counter                cstackCOMRAM 00001E
___lwmod@dividend               cstackCOMRAM 00001A
___lwmod@divisor                cstackCOMRAM 00001C
___param_bank                   (abs)        000000
___rparam_used                  (abs)        000001
___sp                           stack        000000
__accesstop                     (abs)        000060
__activetblptr                  (abs)        000002
__end_of_DbcTbl                 mediumconst  0061B0
__end_of_SDCard                 text14       003E10
__end_of___lldiv                text47       005166
__end_of___lmul                 text46       0055E8
__end_of___lwdiv                text74       00563A
__end_of___lwmod                text73       0057E0
__end_of__initialization        cinit        0054CE
__end_of__npowers_              mediumconst  006151
__end_of__powers_               mediumconst  00612A
__end_of_check_fs               text39       003322
__end_of_clst2sect              text31       00486C
__end_of_command                text79       005946
__end_of_config_timer_dois      text10       005B40
__end_of_config_timer_zero      text8        005AAA
__end_of_create_chain           text32       001C1E
__end_of_create_name            text21       0030CA
__end_of_dbc_1st                text24       005476
__end_of_dbc_2nd                text23       004FD4
__end_of_delay                  text77       005A72
__end_of_dir_alloc              text27       0043CC
__end_of_dir_clear              text30       00419A
__end_of_dir_find               text20       003F4A
__end_of_dir_next               text29       00242E
__end_of_dir_register           text25       0047A8
__end_of_dir_sdi                text28       002E64
__end_of_disk_initialize        text43       00597A
__end_of_disk_ioctl             text56       005A26
__end_of_disk_read              text63       00492E
__end_of_disk_status            text51       00581E
__end_of_disk_write             text61       0050E4
__end_of_dpowers                mediumconst  006103
__end_of_dummy_clocks           text78       00589A
__end_of_endereco_cursor_lcd    text69       00540E
__end_of_escalonador            text13       004D60
__end_of_escreve_caractere_lcd  text76       0052C8
__end_of_escreve_cmd_lcd        text3        005060
__end_of_escreve_dado_SPI       text80       005718
__end_of_escreve_frase_ram_lcd  text75       00568C
__end_of_escreve_inteiro_lcd    text70       00585C
__end_of_f_close                text48       0056D2
__end_of_f_mount                text35       004C12
__end_of_f_open                 text16       001738
__end_of_f_sync                 text49       003B62
__end_of_f_write                text15       001170
__end_of_find_volume            text38       00386C
__end_of_follow_path            text18       003CCA
__end_of_get_fat                text34       0027B0
__end_of_get_fattime            text81       0045DC
__end_of_get_ldnumber           text37       0044D4
__end_of_inicializa_shrc        text12       005B4C
__end_of_inicializa_tarefas     text11       0059AA
__end_of_init_hardware          text4        005AD8
__end_of_init_interrupt         text7        005AFE
__end_of_init_lcd               text2        004EA2
__end_of_init_oscilador         text6        005B6C
__end_of_init_ports             text5        005AC2
__end_of_isr                    intcode_body 0042B8
__end_of_itoa                   text71       00575C
__end_of_ld_clust               text19       005256
__end_of_ld_dword               text42       004B60
__end_of_ld_word                text41       00590E
__end_of_main                   text0        0059FE
__end_of_memcmp                 text40       004F3E
__end_of_memcpy                 text26       005592
__end_of_memset                 text55       0059D6
__end_of_mensagem_inicial       text1        0051E0
__end_of_mount_volume           text36       000972
__end_of_move_window            text59       004CBC
__end_of_posicao_cursor_lcd     text68       005338
__end_of_proceed                text67       005B64
__end_of_put_fat                text33       002074
__end_of_recebe_dado_SPI        text66       005538
__end_of_recebe_dado_uart       text84       005B34
__end_of_remove_chain           text17       0036CE
__end_of_response               text65       005B58
__end_of_sdc_disk_initialize    text44       002B32
__end_of_sdc_disk_read          text64       004078
__end_of_sdc_disk_status        text52       005AEC
__end_of_sdc_disk_write         text62       0046D6
__end_of_sdc_reset              text45       004AA8
__end_of_st_clust               text57       00579E
__end_of_st_dword               text54       0053A4
__end_of_st_word                text58       005A4E
__end_of_strchr                 text22       0058D6
__end_of_sync_fs                text53       003506
__end_of_sync_window            text60       0039F0
__end_of_utoa                   text72       004E04
__end_of_validate               text50       0049EE
__end_of_write_timer_zero       text9        005B10
__end_ofi2_write_timer_zero     text83       005B22
__end_ofleitura_chave@F3838     mediumconst  006184
__end_ofleitura_chave@F3840     mediumconst  006173
__end_ofleitura_chave@F3842     mediumconst  006162
__end_ofmensagem_inicial@F4177  mediumconst  0061A6
__end_ofmensagem_inicial@F4179  mediumconst  006195
__initialization                cinit        005476
__mediumconst                   mediumconst  0060DA
__npowers_                      mediumconst  00612A
__pbssBANK1                     bssBANK1     000100
__pbssBANK2                     bssBANK2     000200
__pbssBIGRAM                    bssBIGRAM    000327
__pbssCOMRAM                    bssCOMRAM    00002D
__pcinit                        cinit        005476
__pcstackBANK0                  cstackBANK0  000060
__pcstackBANK1                  cstackBANK1  000173
__pcstackBANK3                  cstackBANK3  000300
__pcstackCOMRAM                 cstackCOMRAM 000001
__pdataBANK1                    dataBANK1    0001D4
__pidataBANK1                   idataBANK1   005A72
__pintcode                      intcode      000008
__pintcode_body                 intcode_body 00419A
__pmediumconst                  mediumconst  0060DA
__powers_                       mediumconst  006103
__ptext0                        text0        0059D6
__ptext1                        text1        005166
__ptext10                       text10       005B34
__ptext11                       text11       00597A
__ptext12                       text12       005B40
__ptext13                       text13       004CBC
__ptext14                       text14       003CCA
__ptext15                       text15       000972
__ptext16                       text16       001170
__ptext17                       text17       003506
__ptext18                       text18       003B62
__ptext19                       text19       0051E0
__ptext2                        text2        004E04
__ptext20                       text20       003E10
__ptext21                       text21       002E64
__ptext22                       text22       00589A
__ptext23                       text23       004F3E
__ptext24                       text24       00540E
__ptext25                       text25       0046D6
__ptext26                       text26       005538
__ptext27                       text27       0042B8
__ptext28                       text28       002B32
__ptext29                       text29       002074
__ptext3                        text3        004FD4
__ptext30                       text30       004078
__ptext31                       text31       0047A8
__ptext32                       text32       001738
__ptext33                       text33       001C1E
__ptext34                       text34       00242E
__ptext35                       text35       004B60
__ptext36                       text36       000012
__ptext37                       text37       0043CC
__ptext38                       text38       0036CE
__ptext39                       text39       0030CA
__ptext4                        text4        005AC2
__ptext40                       text40       004EA2
__ptext41                       text41       0058D6
__ptext42                       text42       004AA8
__ptext43                       text43       005946
__ptext44                       text44       0027B0
__ptext45                       text45       0049EE
__ptext46                       text46       005592
__ptext47                       text47       0050E4
__ptext48                       text48       00568C
__ptext49                       text49       0039F0
__ptext5                        text5        005AAA
__ptext50                       text50       00492E
__ptext51                       text51       0057E0
__ptext52                       text52       005AD8
__ptext53                       text53       003322
__ptext54                       text54       005338
__ptext55                       text55       0059AA
__ptext56                       text56       0059FE
__ptext57                       text57       00575C
__ptext58                       text58       005A26
__ptext59                       text59       004C12
__ptext6                        text6        005B64
__ptext60                       text60       00386C
__ptext61                       text61       005060
__ptext62                       text62       0045DC
__ptext63                       text63       00486C
__ptext64                       text64       003F4A
__ptext65                       text65       005B4C
__ptext66                       text66       0054DC
__ptext67                       text67       005B58
__ptext68                       text68       0052C8
__ptext69                       text69       0053A4
__ptext7                        text7        005AEC
__ptext70                       text70       00581E
__ptext71                       text71       005718
__ptext72                       text72       004D60
__ptext73                       text73       00579E
__ptext74                       text74       0055E8
__ptext75                       text75       00563A
__ptext76                       text76       005256
__ptext77                       text77       005A4E
__ptext78                       text78       00585C
__ptext79                       text79       00590E
__ptext8                        text8        005A90
__ptext80                       text80       0056D2
__ptext81                       text81       0044D4
__ptext83                       text83       005B10
__ptext84                       text84       005B22
__ptext85                       text85       000000
__ptext9                        text9        005AFE
__ramtop                        ramtop       000800
__size_of_SDCard                (abs)        000000
__size_of___lldiv               (abs)        000000
__size_of___lmul                (abs)        000000
__size_of___lwdiv               (abs)        000000
__size_of___lwmod               (abs)        000000
__size_of_check_fs              (abs)        000000
__size_of_clst2sect             (abs)        000000
__size_of_command               (abs)        000000
__size_of_config_timer_dois     (abs)        000000
__size_of_config_timer_zero     (abs)        000000
__size_of_create_chain          (abs)        000000
__size_of_create_name           (abs)        000000
__size_of_dbc_1st               (abs)        000000
__size_of_dbc_2nd               (abs)        000000
__size_of_delay                 (abs)        000000
__size_of_dir_alloc             (abs)        000000
__size_of_dir_clear             (abs)        000000
__size_of_dir_find              (abs)        000000
__size_of_dir_next              (abs)        000000
__size_of_dir_register          (abs)        000000
__size_of_dir_sdi               (abs)        000000
__size_of_disk_initialize       (abs)        000000
__size_of_disk_ioctl            (abs)        000000
__size_of_disk_read             (abs)        000000
__size_of_disk_status           (abs)        000000
__size_of_disk_write            (abs)        000000
__size_of_dummy_clocks          (abs)        000000
__size_of_endereco_cursor_lcd   (abs)        000000
__size_of_escalonador           (abs)        000000
__size_of_escreve_caractere_lcd (abs)        000000
__size_of_escreve_cmd_lcd       (abs)        000000
__size_of_escreve_dado_SPI      (abs)        000000
__size_of_escreve_frase_ram_lcd (abs)        000000
__size_of_escreve_inteiro_lcd   (abs)        000000
__size_of_f_close               (abs)        000000
__size_of_f_mount               (abs)        000000
__size_of_f_open                (abs)        000000
__size_of_f_sync                (abs)        000000
__size_of_f_write               (abs)        000000
__size_of_find_volume           (abs)        000000
__size_of_follow_path           (abs)        000000
__size_of_get_fat               (abs)        000000
__size_of_get_fattime           (abs)        000000
__size_of_get_ldnumber          (abs)        000000
__size_of_inicializa_shrc       (abs)        000000
__size_of_inicializa_tarefas    (abs)        000000
__size_of_init_hardware         (abs)        000000
__size_of_init_interrupt        (abs)        000000
__size_of_init_lcd              (abs)        000000
__size_of_init_oscilador        (abs)        000000
__size_of_init_ports            (abs)        000000
__size_of_isr                   (abs)        000000
__size_of_itoa                  (abs)        000000
__size_of_ld_clust              (abs)        000000
__size_of_ld_dword              (abs)        000000
__size_of_ld_word               (abs)        000000
__size_of_main                  (abs)        000000
__size_of_memcmp                (abs)        000000
__size_of_memcpy                (abs)        000000
__size_of_memset                (abs)        000000
__size_of_mensagem_inicial      (abs)        000000
__size_of_mount_volume          (abs)        000000
__size_of_move_window           (abs)        000000
__size_of_posicao_cursor_lcd    (abs)        000000
__size_of_proceed               (abs)        000000
__size_of_put_fat               (abs)        000000
__size_of_recebe_dado_SPI       (abs)        000000
__size_of_recebe_dado_uart      (abs)        000000
__size_of_remove_chain          (abs)        000000
__size_of_response              (abs)        000000
__size_of_sdc_disk_initialize   (abs)        000000
__size_of_sdc_disk_read         (abs)        000000
__size_of_sdc_disk_status       (abs)        000000
__size_of_sdc_disk_write        (abs)        000000
__size_of_sdc_reset             (abs)        000000
__size_of_st_clust              (abs)        000000
__size_of_st_dword              (abs)        000000
__size_of_st_word               (abs)        000000
__size_of_strchr                (abs)        000000
__size_of_sync_fs               (abs)        000000
__size_of_sync_window           (abs)        000000
__size_of_utoa                  (abs)        000000
__size_of_validate              (abs)        000000
__size_of_write_timer_zero      (abs)        000000
__size_ofi2_write_timer_zero    (abs)        000000
__smallconst                    smallconst   000000
_buff                           bssBANK1     000149
_check_fs                       text39       0030CA
_clst2sect                      text31       0047A8
_comma_counter_gga              bssCOMRAM    000040
_comma_counter_rmc              bssCOMRAM    00003F
_command                        text79       00590E
_config_timer_dois              text10       005B34
_config_timer_zero              text8        005A90
_create_chain                   text32       001738
_create_name                    text21       002E64
_create_name$2902               cstackBANK0  000060
_dado                           bssCOMRAM    00003A
_dado_buffer                    bssBANK1     00016C
_data_buff                      bssBANK1     000145
_data_buffer                    bssBANK1     00015D
_data_buffer_32                 bssBANK2     0002C6
_data_uart_recebe               bssCOMRAM    000045
_dbc_1st                        text24       00540E
_dbc_2nd                        text23       004F3E
_delay                          text77       005A4E
_dir_alloc                      text27       0042B8
_dir_clear                      text30       004078
_dir_find                       text20       003E10
_dir_next                       text29       002074
_dir_next$2628                  cstackBANK0  0000E7
_dir_register                   text25       0046D6
_dir_sdi                        text28       002B32
_dir_sdi$2591                   cstackBANK0  0000C5
_disk_initialize                text43       005946
_disk_ioctl                     text56       0059FE
_disk_read                      text63       00486C
_disk_status                    text51       0057E0
_disk_write                     text61       005060
_dpowers                        mediumconst  0060DB
_dummy_clocks                   text78       00585C
_endereco_cursor_lcd            text69       0053A4
_escalonador                    text13       004CBC
_escreve_caractere_lcd          text76       005256
_escreve_cmd_lcd                text3        004FD4
_escreve_dado_SPI               text80       0056D2
_escreve_frase_ram_lcd          text75       00563A
_escreve_inteiro_lcd            text70       00581E
_estado                         bssCOMRAM    000039
_f_close                        text48       00568C
_f_mount                        text35       004B60
_f_open                         text16       001170
_f_open$3199                    cstackBANK1  00018C
_f_sync                         text49       0039F0
_f_time                         bssBANK1     000120
_f_write                        text15       000972
_f_write$3365                   cstackBANK1  000173
_fileName                       dataBANK1    0001D4
_fileSize                       bssBANK1     000130
_find_volume                    text38       0036CE
_folder                         bssBANK2     000296
_follow_path                    text18       003B62
_fs                             bssBIGRAM    000327
_get_fat                        text34       00242E
_get_fat$2434                   cstackBANK0  0000A9
_get_fattime                    text81       0044D4
_get_ldnumber                   text37       0043CC
_get_ldnumber$2949              cstackCOMRAM 00001E
_gga_buffer                     bssBANK2     000200
_gga_code                       bssCOMRAM    00002D
_gga_index                      bssCOMRAM    000034
_gga_pointers                   bssBANK1     000100
_info_chaves                    bssBANK1     000129
_inicializa_shrc                text12       005B40
_inicializa_tarefas             text11       00597A
_init_hardware                  text4        005AC2
_init_interrupt                 text7        005AEC
_init_lcd                       text2        004E04
_init_oscilador                 text6        005B64
_init_ports                     text5        005AAA
_is_it_gga_string               bssCOMRAM    00003E
_is_it_rmc_string               bssCOMRAM    00003D
_isr                            intcode      000008
_itoa                           text71       005718
_ld_clust                       text19       0051E0
_ld_dword                       text42       004AA8
_ld_word                        text41       0058D6
_main                           text0        0059D6
_memcmp                         text40       004EA2
_memcpy                         text26       005538
_memset                         text55       0059AA
_mensagem_inicial               text1        005166
_mount_volume                   text36       000012
_move_window                    text59       004C12
_n_s                            bssCOMRAM    000042
_p_tarefas                      bssBANK1     00013C
_posicao_cursor_lcd             text68       0052C8
_proceed                        text67       005B58
_put_fat                        text33       001C1E
_put_fat$2462                   cstackBANK0  0000B1
_put_fat$2463                   cstackBANK0  0000B3
_rd                             bssBANK1     000147
_recebe_dado_SPI                text66       0054DC
_recebe_dado_uart               text84       005B22
_remove_chain                   text17       003506
_response                       text65       005B4C
_rmc_buffer                     bssBANK2     000250
_rmc_code                       bssBANK1     000140
_rmc_index                      bssCOMRAM    000032
_rmc_pointers                   bssBANK1     000114
_s                              bssCOMRAM    00003B
_sdc_disk_initialize            text44       0027B0
_sdc_disk_read                  text64       003F4A
_sdc_disk_status                text52       005AD8
_sdc_disk_write                 text62       0045DC
_sdc_reset                      text45       0049EE
_sinaliza_int_timer             bssCOMRAM    000044
_st_clust                       text57       00575C
_st_dword                       text54       005338
_st_word                        text58       005A26
_strchr                         text22       00589A
_sync_fs                        text53       003322
_sync_window                    text60       00386C
_tarefa_em_execucao             bssCOMRAM    000043
_tempo_backup                   bssBANK1     000138
_tempo_tarefa                   bssBANK1     000134
_timeout_tarefa                 bssCOMRAM    000036
_txt                            bssBANK2     0002E6
_utoa                           text72       004D60
_validate                       text50       00492E
_validate$3084                  cstackCOMRAM 000029
_write_timer_zero               text9        005AFE
btemp                           temp         000046
check_fs@b                      cstackBANK0  0000A9
check_fs@fs                     cstackBANK0  00009B
check_fs@sect                   cstackBANK0  00009D
check_fs@sign                   cstackBANK0  0000A5
check_fs@w                      cstackBANK0  0000A7
clst2sect@clst                  cstackCOMRAM 000028
clst2sect@fs                    cstackCOMRAM 000026
command@CMD                     cstackCOMRAM 000021
command@CRC                     cstackCOMRAM 000020
command@arg                     cstackCOMRAM 00001C
command@argument                cstackCOMRAM 000022
create_chain@clst               cstackBANK0  0000BC
create_chain@cs                 cstackBANK0  0000D3
create_chain@fs                 cstackBANK0  0000D1
create_chain@ncl                cstackBANK0  0000CD
create_chain@obj                cstackBANK0  0000BA
create_chain@res                cstackBANK0  0000C8
create_chain@scl                cstackBANK0  0000C9
create_name@c                   cstackBANK0  00006D
create_name@d                   cstackBANK0  000062
create_name@dp                  cstackCOMRAM 000022
create_name@i                   cstackBANK0  00006B
create_name@ni                  cstackBANK0  000063
create_name@p                   cstackBANK0  000065
create_name@path                cstackCOMRAM 000024
create_name@sfn                 cstackBANK0  000069
create_name@si                  cstackBANK0  000067
dbc_1st@c                       cstackCOMRAM 00001C
dbc_2nd@c                       cstackCOMRAM 00001C
delay@contador_ext              cstackCOMRAM 00001A
delay@contador_int              cstackCOMRAM 00001B
dir_alloc@dp                    cstackBANK0  0000F5
dir_alloc@fs                    cstackBANK1  000173
dir_alloc@n                     cstackBANK1  000175
dir_alloc@n_ent                 cstackBANK0  0000F7
dir_alloc@res                   cstackBANK1  000177
dir_clear@clst                  cstackBANK0  000088
dir_clear@fs                    cstackBANK0  000086
dir_clear@ibuf                  cstackBANK0  00008E
dir_clear@n                     cstackBANK0  000096
dir_clear@sect                  cstackBANK0  000090
dir_clear@szb                   cstackBANK0  000094
dir_find@c                      cstackBANK0  0000FB
dir_find@dp                     cstackBANK0  0000F5
dir_find@fs                     cstackBANK0  0000F9
dir_find@res                    cstackBANK0  0000FC
dir_next@clst                   cstackBANK0  0000F1
dir_next@dp                     cstackBANK0  0000D7
dir_next@fs                     cstackBANK0  0000EF
dir_next@ofs                    cstackBANK0  0000EB
dir_next@stretch                cstackBANK0  0000D9
dir_register@dp                 cstackBANK0  0000FC
dir_register@fs                 cstackBANK1  000178
dir_register@res                cstackBANK1  00017A
dir_sdi@clst                    cstackBANK0  0000CD
dir_sdi@csz                     cstackBANK0  0000C9
dir_sdi@dp                      cstackBANK0  0000B5
dir_sdi@fs                      cstackBANK0  0000D1
dir_sdi@ofs                     cstackBANK0  0000B7
disk_initialize@pdrv            cstackCOMRAM 00002B
disk_initialize@stat            cstackCOMRAM 00002C
disk_ioctl@buff                 cstackCOMRAM 00001B
disk_ioctl@cmd                  cstackCOMRAM 00001A
disk_ioctl@pdrv                 cstackCOMRAM 00001D
disk_ioctl@res                  cstackCOMRAM 00001E
disk_read@buff                  cstackBANK0  000083
disk_read@count                 cstackBANK0  000089
disk_read@pdrv                  cstackBANK0  00008C
disk_read@res                   cstackBANK0  00008F
disk_read@result                cstackBANK0  00008D
disk_read@sector                cstackBANK0  000085
disk_status@pdrv                cstackCOMRAM 00001F
disk_status@result              cstackCOMRAM 00001D
disk_status@stat                cstackCOMRAM 000020
disk_write@buff                 cstackBANK0  000068
disk_write@count                cstackBANK0  00006E
disk_write@pdrv                 cstackBANK0  00006F
disk_write@res                  cstackBANK0  000072
disk_write@result               cstackBANK0  000070
disk_write@sector               cstackBANK0  00006A
dummy_clocks@i                  cstackCOMRAM 00001F
dummy_clocks@n                  cstackCOMRAM 00001E
end_of_initialization           cinit        0054CE
endereco_cursor_lcd@endereco    cstackCOMRAM 00001C
escalonador@cont                cstackBANK1  0001D3
escreve_caractere_lcd@data      cstackCOMRAM 00001C
escreve_cmd_lcd@comando         cstackCOMRAM 00001C
escreve_dado_SPI@contador       cstackCOMRAM 00001A
escreve_dado_SPI@data_to_shrc   cstackCOMRAM 00001B
escreve_frase_ram_lcd@buffer    cstackCOMRAM 00001D
escreve_inteiro_lcd@F3966       dataBANK1    0001EA
escreve_inteiro_lcd@texto       cstackBANK0  000068
escreve_inteiro_lcd@valor       cstackBANK0  000066
escreve_inteiro_uart@F3956      dataBANK1    0001E3
f_close@fp                      cstackBANK0  0000A6
f_close@fs                      cstackBANK0  0000A8
f_close@res                     cstackBANK0  0000AA
f_mount@cfs                     cstackBANK1  000176
f_mount@fs                      cstackBANK0  0000F6
f_mount@opt                     cstackBANK0  0000FA
f_mount@path                    cstackBANK0  0000F8
f_mount@res                     cstackBANK1  000173
f_mount@rp                      cstackBANK1  000174
f_mount@vol                     cstackBANK1  000178
f_open@bcs                      cstackBANK1  00018E
f_open@cl                       cstackBANK1  000196
f_open@clst                     cstackBANK1  0001A2
f_open@dj                       cstackBANK1  0001A9
f_open@fp                       cstackBANK1  00017F
f_open@fs                       cstackBANK1  0001A6
f_open@mode                     cstackBANK1  000183
f_open@ofs                      cstackBANK1  00019E
f_open@path                     cstackBANK1  000181
f_open@res                      cstackBANK1  0001A8
f_open@sc                       cstackBANK1  00019A
f_open@tm                       cstackBANK1  000192
f_sync@dir                      cstackBANK0  0000A4
f_sync@fp                       cstackBANK0  00009B
f_sync@fs                       cstackBANK0  0000A2
f_sync@res                      cstackBANK0  0000A1
f_sync@tm                       cstackBANK0  00009D
f_write@btw                     cstackBANK0  0000DB
f_write@buff                    cstackBANK0  0000D9
f_write@bw                      cstackBANK0  0000DD
f_write@cc                      cstackBANK1  00017C
f_write@clst                    cstackBANK1  000182
f_write@csect                   cstackBANK1  00017A
f_write@fp                      cstackBANK0  0000D7
f_write@fs                      cstackBANK1  000188
f_write@res                     cstackBANK1  000177
f_write@sect                    cstackBANK1  00017E
f_write@wbuff                   cstackBANK1  000178
f_write@wcnt                    cstackBANK1  000186
find_volume@fmt                 cstackBANK0  0000C4
find_volume@fs                  cstackBANK0  0000AA
find_volume@i                   cstackBANK0  0000C6
find_volume@mbr_pt              cstackBANK0  0000B4
find_volume@part                cstackBANK0  0000AC
follow_path@dp                  cstackBANK1  000173
follow_path@fs                  cstackBANK1  00017B
follow_path@ns                  cstackBANK1  00017D
follow_path@path                cstackBANK1  000175
follow_path@res                 cstackBANK1  00017E
get_fat@bc                      cstackBANK0  0000B1
get_fat@clst                    cstackBANK0  00009D
get_fat@fs                      cstackBANK0  0000B3
get_fat@obj                     cstackBANK0  00009B
get_fat@val                     cstackBANK0  0000AD
get_fat@wc                      cstackBANK0  0000AB
get_fattime@f_time              cstackCOMRAM 00001E
get_ldnumber@i                  cstackCOMRAM 000020
get_ldnumber@path               cstackCOMRAM 00001A
get_ldnumber@tc                 cstackCOMRAM 000022
get_ldnumber@tp                 cstackCOMRAM 000027
get_ldnumber@tt                 cstackCOMRAM 000023
get_ldnumber@vol                cstackCOMRAM 000025
i2_write_timer_zero             text83       005B10
i2write_timer_zero@timer        cstackCOMRAM 000003
i2write_timer_zero@timer0       cstackCOMRAM 000001
int$flags                       temp         000046
int_func                        intcode_body 00419A
intlevel0                       text         000000
intlevel1                       text         000000
intlevel2                       text         000000
intlevel3                       text         000000
isr@cont                        cstackCOMRAM 000019
itoa@base                       cstackBANK0  000064
itoa@buf                        cstackBANK0  000060
itoa@cp                         cstackCOMRAM 00002A
itoa@val                        cstackBANK0  000062
ld_clust@cl                     cstackCOMRAM 000029
ld_clust@dir                    cstackCOMRAM 000023
ld_clust@fs                     cstackCOMRAM 000021
ld_dword@ptr                    cstackCOMRAM 00001A
ld_dword@rv                     cstackCOMRAM 000023
ld_word@ptr                     cstackCOMRAM 00001A
ld_word@rv                      cstackCOMRAM 00001F
leitura_chave@F3838             mediumconst  006173
leitura_chave@F3840             mediumconst  006162
leitura_chave@F3842             mediumconst  006151
memcmp@n                        cstackCOMRAM 00001E
memcmp@s1                       cstackCOMRAM 00001A
memcmp@s2                       cstackCOMRAM 00001C
memcpy@d                        cstackCOMRAM 000021
memcpy@d1                       cstackCOMRAM 00001A
memcpy@n                        cstackCOMRAM 00001E
memcpy@s                        cstackCOMRAM 000023
memcpy@s1                       cstackCOMRAM 00001C
memcpy@tmp                      cstackCOMRAM 000020
memset@c                        cstackCOMRAM 00001C
memset@n                        cstackCOMRAM 00001E
memset@p                        cstackCOMRAM 000020
memset@p1                       cstackCOMRAM 00001A
mensagem_inicial@F4177          mediumconst  006195
mensagem_inicial@F4179          mediumconst  006184
mensagem_inicial@msg_dois       cstackBANK0  000071
mensagem_inicial@msg_linha_um   cstackBANK0  000060
mount_volume@bsect              cstackBANK0  0000E5
mount_volume@fasize             cstackBANK0  0000EE
mount_volume@fmt                cstackBANK0  0000F2
mount_volume@fs                 cstackBANK0  0000F4
mount_volume@mode               cstackBANK0  0000CC
mount_volume@nclst              cstackBANK0  0000EA
mount_volume@nrsv               cstackBANK0  0000DF
mount_volume@path               cstackBANK0  0000C8
mount_volume@rfs                cstackBANK0  0000CA
mount_volume@stat               cstackBANK0  0000E9
[...]
Total ram usage:        7 bytes
 Hardware stack levels used:    1
 Hardware stack levels required when called:    2
 This function calls:
		Nothing
 This function is called by:
		_utoa
		_converte_inteiro_matriz
 This function uses a non-reentrant model


 *************** function _escreve_frase_ram_lcd *****************
 Defined at:
		line 445 in file "bibliotecas/display_lcd.c"
 Parameters:    Size  Location     Type
  buffer          2   28[COMRAM] PTR unsigned char 
		 -> STR_22(11), STR_21(10), STR_20(16), STR_19(16), 
		 -> STR_18(11), escreve_inteiro_lcd@texto(7), leitura_chave@pos_ignicao_on(17), leitura_chave@pos_ignicao_crank(17), 
		 -> leitura_chave@pos_ignicao_off(17), STR_16(17), STR_15(17), STR_14(18), 
		 -> buff(20), STR_11(16), STR_5(5), gps@gps_buffer(15), 
		 -> dado_buffer(7), STR_2(6), data_buffer(15), STR_1(6), 
		 -> mensagem_inicial@msg_dois(17), mensagem_inicial@msg_linha_um(17), 
 Auto vars:     Size  Location     Type
		None
 Return value:  Size  Location     Type
                  1    wreg      void 
 Registers used:
		wreg, fsr0l, fsr0h, status,2, status,0, tblptrl, tblptrh, tblptru, cstack
 Tracked objects:
		On entry : 
		On exit  : 
		Unchanged: 
 Data sizes:     COMRAM   BANK0   BANK1   BANK2   BANK3   BANK4   BANK5   BANK6   BANK7
      Params:         2       0       0       0       0       0       0       0       0
      Locals:         0       0       0       0       0       0       0       0       0
      Temps:          0       0       0       0       0       0       0       0       0
      Totals:         2       0       0       0       0       0       0       0       0
Total ram usage:        2 bytes
 Hardware stack levels used:    1
 Hardware stack levels required when called:    4
 This function calls:
		_escreve_caractere_lcd
 This function is called by:
		_mensagem_inicial
		_SDCard
		_escreve_inteiro_lcd
		_sdc_reset
		_sdc_disk_initialize
		_gps
		_inicializa_SPI
		_leitura_chave
 This function uses a non-reentrant model


 *************** function _escreve_caractere_lcd *****************
 Defined at:
		line 323 in file "bibliotecas/display_lcd.c"
 Parameters:    Size  Location     Type
  data            1    wreg     unsigned char 
 Auto vars:     Size  Location     Type
  data            1   27[COMRAM] unsigned char 
 Return value:  Size  Location     Type
                  1    wreg      void 
 Registers used:
		wreg, status,2, status,0, cstack
 Tracked objects:
		On entry : 
		On exit  : 
		Unchanged: 
 Data sizes:     COMRAM   BANK0   BANK1   BANK2   BANK3   BANK4   BANK5   BANK6   BANK7
      Params:         0       0       0       0       0       0       0       0       0
      Locals:         1       0       0       0       0       0       0       0       0
      Temps:          0       0       0       0       0       0       0       0       0
      Totals:         1       0       0       0       0       0       0       0       0
Total ram usage:        1 bytes
 Hardware stack levels used:    1
 Hardware stack levels required when called:    3
 This function calls:
		_delay
 This function is called by:
		_escreve_frase_ram_lcd
		_escreve_float_lcd
		_escreve_frase_lcd
		_cria_caractere_lcd
 This function uses a non-reentrant model


 *************** function _delay *****************
 Defined at:
		line 45 in file "bibliotecas/display_lcd.c"
 Parameters:    Size  Location     Type
		None
 Auto vars:     Size  Location     Type
  contador_int    1   26[COMRAM] unsigned char 
  contador_ext    1   25[COMRAM] unsigned char 
 Return value:  Size  Location     Type
                  1    wreg      void 
 Registers used:
		wreg, status,2, status,0
 Tracked objects:
		On entry : 
		On exit  : 
		Unchanged: 
 Data sizes:     COMRAM   BANK0   BANK1   BANK2   BANK3   BANK4   BANK5   BANK6   BANK7
      Params:         0       0       0       0       0       0       0       0       0
      Locals:         2       0       0       0       0       0       0       0       0
      Temps:          0       0       0       0       0       0       0       0       0
      Totals:         2       0       0       0       0       0       0       0       0
Total ram usage:        2 bytes
 Hardware stack levels used:    1
 Hardware stack levels required when called:    2
 This function calls:
		Nothing
 This function is called by:
		_init_lcd
		_escreve_cmd_lcd
		_endereco_cursor_lcd
		_escreve_caractere_lcd
 This function uses a non-reentrant model


 *************** function _dummy_clocks *****************
 Defined at:
		line 76 in file "bibliotecas/SDCard.c"
 Parameters:    Size  Location     Type
  n               1    wreg     unsigned char 
 Auto vars:     Size  Location     Type
  n               1   29[COMRAM] unsigned char 
  i               2   30[COMRAM] unsigned int 
 Return value:  Size  Location     Type
                  1    wreg      void 
 Registers used:
		wreg, status,2, status,0, cstack
 Tracked objects:
		On entry : 
		On exit  : 
		Unchanged: 
 Data sizes:     COMRAM   BANK0   BANK1   BANK2   BANK3   BANK4   BANK5   BANK6   BANK7
      Params:         0       0       0       0       0       0       0       0       0
      Locals:         3       0       0       0       0       0       0       0       0
      Temps:          2       0       0       0       0       0       0       0       0
      Totals:         5       0       0       0       0       0       0       0       0
Total ram usage:        5 bytes
 Hardware stack levels used:    1
 Hardware stack levels required when called:    3
 This function calls:
		_escreve_dado_SPI
 This function is called by:
		_sdc_reset
		_sdc_disk_initialize
		_sdc_disk_read
		_sdc_disk_write
 This function uses a non-reentrant model


 *************** function _command *****************
 Defined at:
		line 114 in file "bibliotecas/SDCard.c"
 Parameters:    Size  Location     Type
  CMD             1    wreg     unsigned char 
  arg             4   27[COMRAM] unsigned long 
  CRC             1   31[COMRAM] unsigned char 
 Auto vars:     Size  Location     Type
  CMD             1   32[COMRAM] unsigned char 
  argument        1   33[COMRAM] unsigned char 
 Return value:  Size  Location     Type
                  1    wreg      void 
 Registers used:
		wreg, status,2, status,0, cstack
 Tracked objects:
		On entry : 
		On exit  : 
		Unchanged: 
 Data sizes:     COMRAM   BANK0   BANK1   BANK2   BANK3   BANK4   BANK5   BANK6   BANK7
      Params:         5       0       0       0       0       0       0       0       0
      Locals:         2       0       0       0       0       0       0       0       0
      Temps:          0       0       0       0       0       0       0       0       0
      Totals:         7       0       0       0       0       0       0       0       0
Total ram usage:        7 bytes
 Hardware stack levels used:    1
 Hardware stack levels required when called:    3
 This function calls:
		_escreve_dado_SPI
 This function is called by:
		_sdc_reset
		_sdc_disk_initialize
		_sdc_disk_read
		_sdc_disk_write
 This function uses a non-reentrant model


 *************** function _escreve_dado_SPI *****************
 Defined at:
		line 67 in file "bibliotecas/SHRC.c"
 Parameters:    Size  Location     Type
  data_to_shrc    1    wreg     unsigned char 
 Auto vars:     Size  Location     Type
  data_to_shrc    1   26[COMRAM] unsigned char 
  contador        1   25[COMRAM] unsigned char 
 Return value:  Size  Location     Type
                  1    wreg      void 
 Registers used:
		wreg, status,2, status,0
 Tracked objects:
		On entry : 
		On exit  : 
		Unchanged: 
 Data sizes:     COMRAM   BANK0   BANK1   BANK2   BANK3   BANK4   BANK5   BANK6   BANK7
      Params:         0       0       0       0       0       0       0       0       0
      Locals:         2       0       0       0       0       0       0       0       0
      Temps:          0       0       0       0       0       0       0       0       0
      Totals:         2       0       0       0       0       0       0       0       0
Total ram usage:        2 bytes
 Hardware stack levels used:    1
 Hardware stack levels required when called:    2
 This function calls:
		Nothing
 This function is called by:
		_dummy_clocks
		_proceed
		_command
		_sdc_disk_initialize
		_sdc_disk_write
 This function uses a non-reentrant model


 *************** function _get_fattime *****************
 Defined at:
		line 3647 in file "bibliotecas/ff.c"
 Parameters:    Size  Location     Type
		None
 Auto vars:     Size  Location     Type
  f_time          9   29[COMRAM] struct .
 Return value:  Size  Location     Type
                  4   25[COMRAM] unsigned long 
 Registers used:
		wreg, status,2, status,0
 Tracked objects:
		On entry : 
		On exit  : 
		Unchanged: 
 Data sizes:     COMRAM   BANK0   BANK1   BANK2   BANK3   BANK4   BANK5   BANK6   BANK7
      Params:         4       0       0       0       0       0       0       0       0
      Locals:         9       0       0       0       0       0       0       0       0
      Temps:          0      38       0       0       0       0       0       0       0
      Totals:        13      38       0       0       0       0       0       0       0
Total ram usage:       51 bytes
 Hardware stack levels used:    1
 Hardware stack levels required when called:    2
 This function calls:
		Nothing
 This function is called by:
		_f_open
		_f_sync
		_f_mkdir
 This function uses a non-reentrant model


 *************** function _isr *****************
 Defined at:
		line 96 in file "main.c"
 Parameters:    Size  Location     Type
		None
 Auto vars:     Size  Location     Type
  cont            1   24[COMRAM] unsigned char 
 Return value:  Size  Location     Type
                  1    wreg      void 
 Registers used:
		wreg, fsr2l, fsr2h, status,2, status,0, prodl, prodh, cstack
 Tracked objects:
		On entry : 
		On exit  : 
		Unchanged: 
 Data sizes:     COMRAM   BANK0   BANK1   BANK2   BANK3   BANK4   BANK5   BANK6   BANK7
      Params:         0       0       0       0       0       0       0       0       0
      Locals:         1       0       0       0       0       0       0       0       0
      Temps:         20       0       0       0       0       0       0       0       0
      Totals:        21       0       0       0       0       0       0       0       0
Total ram usage:       21 bytes
 Hardware stack levels used:    1
 Hardware stack levels required when called:    1
 This function calls:
		_recebe_dado_uart
		i2_write_timer_zero
 This function is called by:
		Interrupt level 2
 This function uses a non-reentrant model


 *************** function i2_write_timer_zero *****************
 Defined at:
		line 138 in file "bibliotecas/hardware.c"
 Parameters:    Size  Location     Type
  timer0          2    0[COMRAM] unsigned int 
 Auto vars:     Size  Location     Type
  write_timer_    2    2[COMRAM] struct Timers
 Return value:  Size  Location     Type
                  1    wreg      void 
 Registers used:
		None
 Tracked objects:
		On entry : 
		On exit  : 
		Unchanged: 
 Data sizes:     COMRAM   BANK0   BANK1   BANK2   BANK3   BANK4   BANK5   BANK6   BANK7
      Params:         2       0       0       0       0       0       0       0       0
      Locals:         2       0       0       0       0       0       0       0       0
      Temps:          0       0       0       0       0       0       0       0       0
      Totals:         4       0       0       0       0       0       0       0       0
Total ram usage:        4 bytes
 Hardware stack levels used:    1
 This function calls:
		Nothing
 This function is called by:
		_isr
 This function uses a non-reentrant model


 *************** function _recebe_dado_uart *****************
 Defined at:
		line 138 in file "bibliotecas/uart.c"
 Parameters:    Size  Location     Type
		None
 Auto vars:     Size  Location     Type
		None
 Return value:  Size  Location     Type
                  1    wreg      unsigned char 
 Registers used:
		wreg, status,2
 Tracked objects:
		On entry : 
		On exit  : 
		Unchanged: 
 Data sizes:     COMRAM   BANK0   BANK1   BANK2   BANK3   BANK4   BANK5   BANK6   BANK7
      Params:         0       0       0       0       0       0       0       0       0
      Locals:         0       0       0       0       0       0       0       0       0
      Temps:          0       0       0       0       0       0       0       0       0
      Totals:         0       0       0       0       0       0       0       0       0
Total ram usage:        0 bytes
 Hardware stack levels used:    1
 This function calls:
		Nothing
 This function is called by:
		_isr
		_recebe_string_uart
 This function uses a non-reentrant model



MODULE INFORMATION

Module		Function		Class		Link	Load	Size
bibliotecas/uart.c
		_recebe_dado_uart		CODE           	5B22	0000	19

bibliotecas/uart.c estimated size: 19

bibliotecas/diskio.c
		_disk_initialize		CODE           	5946	0000	53
		_disk_write    		CODE           	5060	0000	133
		_disk_status   		CODE           	57E0	0000	63
		_sdc_reset     		CODE           	49EE	0000	187
		_disk_ioctl    		CODE           	59FE	0000	41
		_sdc_disk_read 		CODE           	3F4A	0000	303
		_sdc_disk_initialize		CODE           	27B0	0000	899
		_disk_read     		CODE           	486C	0000	195
		_sdc_disk_write		CODE           	45DC	0000	251
		_sdc_disk_status		CODE           	5AD8	0000	21

bibliotecas/diskio.c estimated size: 2146

C:\Program Files (x86)\Microchip\xc8\v1.45\sources\common\memcmp.c
		_memcmp        		CODE           	4EA2	0000	157

C:\Program Files (x86)\Microchip\xc8\v1.45\sources\common\memcmp.c estimated size: 157

C:\Program Files (x86)\Microchip\xc8\v1.45\sources\common\memcpy.c
		_memcpy        		CODE           	5538	0000	91

C:\Program Files (x86)\Microchip\xc8\v1.45\sources\common\memcpy.c estimated size: 91

C:\Program Files (x86)\Microchip\xc8\v1.45\sources\common\lwmod.c
		___lwmod       		CODE           	579E	0000	67

C:\Program Files (x86)\Microchip\xc8\v1.45\sources\common\lwmod.c estimated size: 67

bibliotecas/SDCard.c
		_response      		CODE           	5B4C	0000	13
		_dummy_clocks  		CODE           	585C	0000	63
		_SDCard        		CODE           	3CCA	0000	327
		_command       		CODE           	590E	0000	57
		_proceed       		CODE           	5B58	0000	13

bibliotecas/SDCard.c estimated size: 473

C:\Program Files (x86)\Microchip\xc8\v1.45\sources\common\Umul32.c
		___lmul        		CODE           	5592	0000	87

C:\Program Files (x86)\Microchip\xc8\v1.45\sources\common\Umul32.c estimated size: 87

bibliotecas/ff.c
		_clst2sect     		CODE           	47A8	0000	197
		_find_volume   		CODE           	36CE	0000	415
		_dir_clear     		CODE           	4078	0000	291
		_ld_dword      		CODE           	4AA8	0000	185
		_remove_chain  		CODE           	3506	0000	457
		_f_mount       		CODE           	4B60	0000	179
		_get_fat       		CODE           	242E	0000	899
		_st_word       		CODE           	5A26	0000	41
		_get_ldnumber  		CODE           	43CC	0000	265
		_get_fattime   		CODE           	44D4	0000	265
		_st_clust      		CODE           	575C	0000	67
		_create_name   		CODE           	2E64	0000	615
		_create_chain  		CODE           	1738	0000	1255
		_dbc_1st       		CODE           	540E	0000	105
		_validate      		CODE           	492E	0000	193
		_check_fs      		CODE           	30CA	0000	601
		_f_sync        		CODE           	39F0	0000	371
		_st_dword      		CODE           	5338	0000	109
		_f_write       		CODE           	0972	0000	2047
		_dir_alloc     		CODE           	42B8	0000	277
		_put_fat       		CODE           	1C1E	0000	1111
		_sync_fs       		CODE           	3322	0000	485
		_dir_next      		CODE           	2074	0000	955
		_sync_window   		CODE           	386C	0000	389
		_dir_register  		CODE           	46D6	0000	211
		_ld_word       		CODE           	58D6	0000	57
		_dir_find      		CODE           	3E10	0000	315
		_f_open        		CODE           	1170	0000	1481
		_f_close       		CODE           	568C	0000	71
		_dir_sdi       		CODE           	2B32	0000	819
		_follow_path   		CODE           	3B62	0000	361
		_dbc_2nd       		CODE           	4F3E	0000	151
		_ld_clust      		CODE           	51E0	0000	119
		_move_window   		CODE           	4C12	0000	171
		_mount_volume  		CODE           	0012	0000	2401

bibliotecas/ff.c estimated size: 17931

bibliotecas/hardware.c
		_init_hardware 		CODE           	5AC2	0000	23
		_config_timer_dois		CODE           	5B34	0000	13
		_config_timer_zero		CODE           	5A90	0000	27
		_init_ports    		CODE           	5AAA	0000	25
		_write_timer_zero		CODE           	5AFE	0000	19
		_init_interrupt		CODE           	5AEC	0000	19
		_init_oscilador		CODE           	5B64	0000	9

bibliotecas/hardware.c estimated size: 135

shared
		leitura_chave@F3840		MEDIUMCONST    	6162	0000	18
		leitura_chave@F3842		MEDIUMCONST    	6151	0000	18
		__powers_      		MEDIUMCONST    	6103	0000	40
		leitura_chave@F3838		MEDIUMCONST    	6173	0000	18
		_dpowers       		MEDIUMCONST    	60DB	0000	41
		_DbcTbl        		MEDIUMCONST    	61A6	0000	11
		mensagem_inicial@F4177		MEDIUMCONST    	6195	0000	18
		__npowers_     		MEDIUMCONST    	612A	0000	40
		__initialization		CODE           	5476	0000	89
		mensagem_inicial@F4179		MEDIUMCONST    	6184	0000	18
		i2_write_timer_zero		CODE           	5B10	0000	19

shared estimated size: 330

C:\Program Files (x86)\Microchip\xc8\v1.45\sources\common\lwdiv.c
		___lwdiv       		CODE           	55E8	0000	83

C:\Program Files (x86)\Microchip\xc8\v1.45\sources\common\lwdiv.c estimated size: 83

C:\Program Files (x86)\Microchip\xc8\v1.45\sources\common\lldiv.c
		___lldiv       		CODE           	50E4	0000	131

C:\Program Files (x86)\Microchip\xc8\v1.45\sources\common\lldiv.c estimated size: 131

bibliotecas/display_lcd.c
		_delay         		CODE           	5A4E	0000	37
		_init_lcd      		CODE           	4E04	0000	159
		_endereco_cursor_lcd		CODE           	53A4	0000	107
		_escreve_cmd_lcd		CODE           	4FD4	0000	141
		_posicao_cursor_lcd		CODE           	52C8	0000	113
		_escreve_caractere_lcd		CODE           	5256	0000	115
		_escreve_frase_ram_lcd		CODE           	563A	0000	83
		_escreve_inteiro_lcd		CODE           	581E	0000	63

bibliotecas/display_lcd.c estimated size: 818

main.c
		_main          		CODE           	59D6	0000	41
		_isr           		CODE           	0008	0000	293
		_escalonador   		CODE           	4CBC	0000	165
		_mensagem_inicial		CODE           	5166	0000	123
		_inicializa_tarefas		CODE           	597A	0000	49

main.c estimated size: 671

C:\Program Files (x86)\Microchip\xc8\v1.45\sources\common\itoa.c
		_itoa          		CODE           	5718	0000	69
		_utoa          		CODE           	4D60	0000	165

C:\Program Files (x86)\Microchip\xc8\v1.45\sources\common\itoa.c estimated size: 234

C:\Program Files (x86)\Microchip\xc8\v1.45\sources\common\strchr.c
		_strchr        		CODE           	589A	0000	61

C:\Program Files (x86)\Microchip\xc8\v1.45\sources\common\strchr.c estimated size: 61

bibliotecas/SHRC.c
		_recebe_dado_SPI		CODE           	54DC	0000	93
		_inicializa_shrc		CODE           	5B40	0000	13
		_escreve_dado_SPI		CODE           	56D2	0000	71

bibliotecas/SHRC.c estimated size: 177

C:\Program Files (x86)\Microchip\xc8\v1.45\sources\common\memset.c
		_memset        		CODE           	59AA	0000	45

C:\Program Files (x86)\Microchip\xc8\v1.45\sources\common\memset.c estimated size: 45

