Microchip MPLAB XC8 Compiler V1.45 ()

Linker command line:

-W-3 --edf=C:\Program Files (x86)\Microchip\xc8\v1.45\dat\en_msgs.txt -cs \
  -h+dist/default/production\SDCARDV6.production.sym \
  --cmf=dist/default/production\SDCARDV6.production.cmf -z -Q18F4550 \
  -oC:\Users\Felipe\AppData\Local\Temp\scc4.2 \
  -Mdist/default/production/SDCARDV6.production.map -E1 -ver=XC8 \
  -ASTACK=04D5h-07ffh -pstack=STACK -ACODE=00h-0627Fh -ACONST=00h-0627Fh \
  -ASMALLCONST=0800h-08FFhx90,06200h-0627Fh -AMEDIUMCONST=0800h-0627Fh \
  -ACOMRAM=01h-05Fh -AABS1=00h-07FFh -ABIGRAM=01h-07FFh \
  -ARAM=060h-0FFh,0100h-01FFhx7 -ABANK0=060h-0FFh -ABANK1=0100h-01FFh \
  -ABANK2=0200h-02FFh -ABANK3=0300h-03FFh -ABANK4=0400h-04FFh \
  -ABANK5=0500h-05FFh -ABANK6=0600h-06FFh -ABANK7=0700h-07FFh \
  -ASFR=0F60h-0FFFh -preset_vec=00h,intcode=08h,intcodelo,powerup,init \
  -pramtop=0800h -psmallconst=SMALLCONST -pmediumconst=MEDIUMCONST \
  -pconst=CONST -AFARRAM=00h-00h -ACONFIG=0300000h-030000Dh -pconfig=CONFIG \
  -AIDLOC=0200000h-0200007h -pidloc=IDLOC -AEEDATA=0F00000h-0F000FFh \
  -peeprom_data=EEDATA \
  -prdata=COMRAM,nvrram=COMRAM,nvbit=COMRAM,rbss=COMRAM,rbit=COMRAM \
  -pfarbss=FARRAM,fardata=FARRAM,nvFARRAM=FARRAM \
  -pintsave_regs=BIGRAM,bigbss=BIGRAM,bigdata=BIGRAM -pbss=RAM \
  -pidata=CODE,irdata=CODE,ibigdata=CODE,ifardata=CODE -prparam=COMRAM \
  C:\Users\Felipe\AppData\Local\Temp\scc4.obj \
  dist/default/production\SDCARDV6.production.obj 

Object code version is 3.11

Machine type is 18F4550

Call graph: (short form)




                Name                               Link     Load   Length Selector   Space Scale
C:\Users\Felipe\AppData\Local\Temp\scc4.obj
                init                                  E        E        4        4       0
                reset_vec                             0        0        4        0       0
                idloc                            200000   200000        8   200000       0
                config                           300000   300000        E   300000       0
dist/default/production\SDCARDV6.production.obj
                intcode                               8        8        6        4       0
                temp                                 46       46        1        1       1
                mediumconst                        605A     605A      226     302D       0
                text57                             33C2     33C2       12     19A2       0
                text56                             25C0     25C0      10E        4       0
                text55                             33B0     33B0       12     19A2       0
                intcode_body                       238C     238C      124        4       0
                text53                             32E2     32E2       24        4       0
                text52                             2DB6     2DB6       72        4       0
                text51                             3076     3076       52        4       0
                text50                             3024     3024       52        4       0
                text49                             3152     3152       42        4       0
                text48                             2A00     2A00       A4        4       0
                text47                             310E     310E       44        4       0
                text46                             3210     3210       3E        4       0
                text45                             2BCE     2BCE       82        4       0
                text44                             2FCE     2FCE       56        4       0
                text43                             30C8     30C8       46        4       0
                text42                             31D2     31D2       3E        4       0
                text41                             3194     3194       3E        4       0
                text40                             2F08     2F08       6A        4       0
                text39                             2E98     2E98       70        4       0
                text38                             33F8     33F8        C     19A2       0
                text37                             2F72     2F72       5C        4       0
                text36                             33EC     33EC        C     19A2       0
                text35                             12BA     12BA      362        4       0
                text34                             1D44     1D44      158        4       0
                text33                             2B42     2B42       8C        4       0
                text32                             2CCA     2CCA       7A        4       0
                text31                             161C     161C      2EE        4       0
                text30                               12       12      634        4       0
                text29                             32B6     32B6       2C        4       0
                text28                             212C     212C      136        4       0
                text27                             2896     2896       C6        4       0
                text26                              B1A      B1A      3E4        4       0
                text25                             1B88     1B88      1BC        4       0
                text24                             2262     2262      12A        4       0
                text23                             2E28     2E28       70        4       0
                text22                             26CE     26CE      100        4       0
                text21                             27CE     27CE       C8        4       0
                text20                             24B0     24B0      110        4       0
                text19                             1E9C     1E9C      150        4       0
                text18                              EFE      EFE      3BC        4       0
                text17                             1FEC     1FEC      140        4       0
                text16                              646      646      4D4        4       0
                text15                             3404     3404        A     19A2       0
                text14                             190A     190A      27E        4       0
                text13                             295C     295C       A4        4       0
                text12                             33E0     33E0        C     19A2       0
                text11                             3306     3306       20        4       0
                text10                             33D4     33D4        C     19A2       0
                text9                              339E     339E       12     19A2       0
                text8                              3344     3344       1A     19A2       0
                text7                              338C     338C       12     19A2       0
                text6                              340E     340E        8     19A2       0
                text5                              335E     335E       18     19A2       0
                text4                              3376     3376       16     19A2       0
                text3                              2AA4     2AA4       9E        4       0
                text2                              324E     324E       3C        4       0
                text1                              2C50     2C50       7A        4       0
                text0                              328A     328A       2C        4       0
                cstackCOMRAM                          1        1       2C        1       1
                cstackBANK0                          60       60       72       60       1
                cstackBANK1                         1B1      1B1       2D      100       1
                cstackBANK2                         296      296       3F      200       1
                bssBIGRAM                           2D5      2D5      200      2D5       1
                bssBANK2                            200      200       96      200       1
                dataBANK1                           1DE      1DE       1D      100       1
                bssBANK1                            100      100       B1      100       1
                bssBANK0                             D2       D2        7       60       1
                bssCOMRAM                            2D       2D       19        1       1
                cinit                              2D44     2D44       72        4       0
                idataBANK1                         3326     3326       1D        4       0

TOTAL           Name                               Link     Load   Length     Space
        CLASS   STACK          

        CLASS   CODE           
                intcode                               8        8        6         0
                init                                  E        E        4         0
                reset_vec                             0        0        4         0
                text57                             33C2     33C2       12         0
                text56                             25C0     25C0      10E         0
                text55                             33B0     33B0       12         0
                intcode_body                       238C     238C      124         0
                text53                             32E2     32E2       24         0
                text52                             2DB6     2DB6       72         0
                text51                             3076     3076       52         0
                text50                             3024     3024       52         0
                text49                             3152     3152       42         0
                text48                             2A00     2A00       A4         0
                text47                             310E     310E       44         0
                text46                             3210     3210       3E         0
                text45                             2BCE     2BCE       82         0
                text44                             2FCE     2FCE       56         0
                text43                             30C8     30C8       46         0
                text42                             31D2     31D2       3E         0
                text41                             3194     3194       3E         0
                text40                             2F08     2F08       6A         0
                text39                             2E98     2E98       70         0
                text38                             33F8     33F8        C         0
                text37                             2F72     2F72       5C         0
                text36                             33EC     33EC        C         0
                text35                             12BA     12BA      362         0
                text34                             1D44     1D44      158         0
                text33                             2B42     2B42       8C         0
                text32                             2CCA     2CCA       7A         0
                text31                             161C     161C      2EE         0
                text30                               12       12      634         0
                text29                             32B6     32B6       2C         0
                text28                             212C     212C      136         0
                text27                             2896     2896       C6         0
                text26                              B1A      B1A      3E4         0
                text25                             1B88     1B88      1BC         0
                text24                             2262     2262      12A         0
                text23                             2E28     2E28       70         0
                text22                             26CE     26CE      100         0
                text21                             27CE     27CE       C8         0
                text20                             24B0     24B0      110         0
                text19                             1E9C     1E9C      150         0
                text18                              EFE      EFE      3BC         0
                text17                             1FEC     1FEC      140         0
                text16                              646      646      4D4         0
                text15                             3404     3404        A         0
                text14                             190A     190A      27E         0
                text13                             295C     295C       A4         0
                text12                             33E0     33E0        C         0
                text11                             3306     3306       20         0
                text10                             33D4     33D4        C         0
                text9                              339E     339E       12         0
                text8                              3344     3344       1A         0
                text7                              338C     338C       12         0
                text6                              340E     340E        8         0
                text5                              335E     335E       18         0
                text4                              3376     3376       16         0
                text3                              2AA4     2AA4       9E         0
                text2                              324E     324E       3C         0
                text1                              2C50     2C50       7A         0
                text0                              328A     328A       2C         0
                cinit                              2D44     2D44       72         0
                idataBANK1                         3326     3326       1D         0

        CLASS   CONST          

        CLASS   SMALLCONST     

        CLASS   MEDIUMCONST    
                mediumconst                        605A     605A      226         0

        CLASS   COMRAM         
                temp                                 46       46        1         1
                cstackCOMRAM                          1        1       2C         1
                bssCOMRAM                            2D       2D       19         1

        CLASS   ABS1           

        CLASS   BIGRAM         
                bssBIGRAM                           2D5      2D5      200         1

        CLASS   RAM            

        CLASS   BANK0          
                cstackBANK0                          60       60       72         1
                bssBANK0                             D2       D2        7         1

        CLASS   BANK1          
                cstackBANK1                         1B1      1B1       2D         1
                dataBANK1                           1DE      1DE       1D         1
                bssBANK1                            100      100       B1         1

        CLASS   BANK2          
                cstackBANK2                         296      296       3F         1
                bssBANK2                            200      200       96         1

        CLASS   BANK3          

        CLASS   BANK4          

        CLASS   BANK5          

        CLASS   BANK6          

        CLASS   BANK7          

        CLASS   SFR            

        CLASS   FARRAM         

        CLASS   CONFIG         
                config                           300000   300000        E         0

        CLASS   IDLOC          
                idloc                            200000   200000        8         0

        CLASS   EEDATA         



SEGMENTS        Name                           Load    Length   Top    Selector   Space  Class

                reset_vec                      000000  000004  000004         0       0  CODE    
                cstackCOMRAM                   000001  000046  000047         1       1  COMRAM  
                intcode                        000008  00333B  003343         4       0  CODE    
                cstackBANK0                    000060  000079  0000D9        60       1  BANK0   
                bssBANK1                       000100  0000FB  0001FB       100       1  BANK1   
                bssBANK2                       000200  0000D5  0002D5       200       1  BANK2   
                bssBIGRAM                      0002D5  000200  0004D5       2D5       1  BIGRAM  
                text8                          003344  0000D2  003416      19A2       0  CODE    
                mediumconst                    00605A  000226  006280      302D       0  MEDIUMCO
                idloc                          200000  000008  200008    200000       0  IDLOC   
                config                         300000  00000E  30000E    300000       0  CONFIG  


UNUSED ADDRESS RANGES

        Name                Unused          Largest block    Delta
        BANK0            0000D9-0000FF               27
        BANK1            0001FB-0001FF                5
        BANK4            0004D5-0004FF               2B
        BANK5            000500-0005FF              100
        BANK6            000600-0006FF              100
        BANK7            000700-0007FF              100
        BIGRAM           000047-00005F               19
                         0000D9-0000FF               27
                         0001FB-0001FF                5
                         0004D5-0007FF              32B
        CODE             000004-000007                4
                         003343-003343                1
                         003416-006059             2C44
        COMRAM           000047-00005F               19
        CONST            000004-000007                4
                         003343-003343                1
                         003416-006059             2C44
        EEDATA           F00000-F000FF              100
        MEDIUMCONST      003343-003343                1
                         003416-006059             2C44
        RAM              0000D9-0000FF               27
                         0001FB-0001FF                5
                         0004D5-0007FF              100
        SFR              000F60-000FFF               A0
        SMALLCONST       003343-003343                1
                         003416-006059              100
        STACK            0004D5-0007FF              32B

                                  Symbol Table

?___lldiv                        cstackCOMRAM 00001A
?___lmul                         cstackCOMRAM 00001A
?___lwdiv                        cstackCOMRAM 00001A
?___lwmod                        cstackCOMRAM 00001A
?_clust2sect                     cstackCOMRAM 000026
?_get_clust                      cstackCOMRAM 00001A
?_get_fat                        cstackBANK0  00006C
?_mem_cmp                        cstackCOMRAM 00001A
SDCard@FResult                   cstackBANK1  0001B1
SDCard@br                        cstackBANK1  0001B2
SDCard@fs                        cstackBANK1  0001B4
_ADCON1                          (abs)        000FC1
_BRGH                            (abs)        007D62
_CREN                            (abs)        007D5C
_EEADR                           (abs)        000FA9
_EECON1bits                      (abs)        000FA6
_EECON2                          (abs)        000FA7
_EEDATA                          (abs)        000FA8
_E_W                             bssCOMRAM    000041
_FatFs                           bssCOMRAM    000030
_INT0IE                          (abs)        007F94
_INT0IF                          (abs)        007F91
_INTCON                          (abs)        000FF2
_INTCON2                         (abs)        000FF1
_INTCON3                         (abs)        000FF0
_INTCONbits                      (abs)        000FF2
_LATB                            (abs)        000F8A
_LATBbits                        (abs)        000F8A
_OSCCONbits                      (abs)        000FD3
_PCL                             (abs)        000FF9
_PCLATH                          (abs)        000FFA
_PIE1                            (abs)        000F9D
_PIE1bits                        (abs)        000F9D
_PIR1bits                        (abs)        000F9E
_PIR2bits                        (abs)        000FA1
_PORTAbits                       (abs)        000F80
_PORTBbits                       (abs)        000F81
_PORTCbits                       (abs)        000F82
_PORTDbits                       (abs)        000F83
_PORTEbits                       (abs)        000F84
_PR2                             (abs)        000FCB
_RCIF                            (abs)        007CF5
_RCREG                           (abs)        000FAE
_RCSTA                           (abs)        000FAB
_RCSTAbits                       (abs)        000FAB
_Result                          bssCOMRAM    00003C
_SDCard                          text14       00190A
_SPBRG                           (abs)        000FAF
_SPEN                            (abs)        007D5F
_SPPCFG                          (abs)        000F63
_SPPCON                          (abs)        000F65
_SSPBUF                          (abs)        000FC9
_SSPCON1                         (abs)        000FC6
_SSPCON1bits                     (abs)        000FC6
_SSPSTAT                         (abs)        000FC7
_SSPSTATbits                     (abs)        000FC7
_SYNC                            (abs)        007D64
_T0CON                           (abs)        000FD5
_T0CONbits                       (abs)        000FD5
_T0IF                            (abs)        007F92
_T2CON                           (abs)        000FCA
_TMR0H                           (abs)        000FD7
_TMR0IF                          (abs)        007F92
_TMR0L                           (abs)        000FD6
_TMR2                            (abs)        000FCC
_TMR2IF                          (abs)        007CF1
_TRISA                           (abs)        000F92
_TRISAbits                       (abs)        000F92
_TRISB                           (abs)        000F93
_TRISBbits                       (abs)        000F93
_TRISC                           (abs)        000F94
_TRISCbits                       (abs)        000F94
_TRISD                           (abs)        000F95
_TRISDbits                       (abs)        000F95
_TRISE                           (abs)        000F96
_TRMT                            (abs)        007D61
_TXEN                            (abs)        007D65
_TXREG                           (abs)        000FAD
_TXSTA                           (abs)        000FAC
__CFG_BOR$ON                     (abs)        000000
__CFG_BORV$3                     (abs)        000000
__CFG_CCP2MX$OFF                 (abs)        000000
__CFG_CPUDIV$OSC1_PLL2           (abs)        000000
__CFG_FCMEN$OFF                  (abs)        000000
__CFG_FOSC$HS                    (abs)        000000
__CFG_IESO$OFF                   (abs)        000000
__CFG_LPT1OSC$OFF                (abs)        000000
__CFG_LVP$OFF                    (abs)        000000
__CFG_MCLRE$ON                   (abs)        000000
__CFG_PBADEN$OFF                 (abs)        000000
__CFG_PLLDIV$5                   (abs)        000000
__CFG_PWRT$OFF                   (abs)        000000
__CFG_STVREN$ON                  (abs)        000000
__CFG_USBDIV$1                   (abs)        000000
__CFG_VREGEN$OFF                 (abs)        000000
__CFG_WDT$OFF                    (abs)        000000
__HRAM                           (abs)        000000
__Habs1                          abs1         000000
__Hbank0                         bank0        000000
__Hbank1                         bank1        000000
__Hbank2                         bank2        000000
__Hbank3                         bank3        000000
__Hbank4                         bank4        000000
__Hbank5                         bank5        000000
__Hbank6                         bank6        000000
__Hbank7                         bank7        000000
__Hbigbss                        bigbss       000000
__Hbigdata                       bigdata      000000
__Hbigram                        bigram       000000
__Hbss                           bss          000000
__HbssBANK0                      bssBANK0     000000
__HbssBANK1                      bssBANK1     000000
__HbssBANK2                      bssBANK2     000000
__HbssBIGRAM                     bssBIGRAM    000000
__HbssCOMRAM                     bssCOMRAM    000000
__Hcinit                         cinit        000000
__Hclrtext                       clrtext      000000
__Hcomram                        comram       000000
__Hconfig                        config       30000E
__Hconst                         const        000000
__HcstackBANK0                   cstackBANK0  000000
__HcstackBANK1                   cstackBANK1  000000
__HcstackBANK2                   cstackBANK2  000000
__HcstackCOMRAM                  cstackCOMRAM 000000
__Hdata                          data         000000
__HdataBANK1                     dataBANK1    000000
__Heeprom_data                   eeprom_data  000000
__Hfarbss                        farbss       000000
__Hfardata                       fardata      000000
__Hibigdata                      ibigdata     000000
__Hidata                         idata        000000
__HidataBANK1                    idataBANK1   000000
__Hidloc                         idloc        200008
__Hifardata                      ifardata     000000
__Hinit                          init         000012
__Hintcode                       intcode      00000E
__Hintcode_body                  intcode_body 000000
__Hintcodelo                     intcodelo    00000E
__Hintentry                      intentry     000000
__Hintret                        intret       000000
__Hintsave_regs                  intsave_regs 000000
__Hirdata                        irdata       000000
__Hmediumconst                   mediumconst  006280
__HnvFARRAM                      nvFARRAM     000000
__Hnvbit                         nvbit        000000
__Hnvrram                        nvrram       000000
__Hparam                         rparam       000000
__Hpowerup                       powerup      00000E
__Hram                           ram          000000
__Hramtop                        ramtop       000800
__Hrbit                          rbit         000000
__Hrbss                          rbss         000000
__Hrdata                         rdata        000000
__Hreset_vec                     reset_vec    000004
__Hrparam                        rparam       000000
__Hsfr                           sfr          000000
__Hsmallconst                    smallconst   000000
__Hspace_0                       (abs)        30000E
__Hspace_1                       (abs)        0004D5
__Hspace_2                       (abs)        000000
__Hstack                         stack        000000
__Hstruct                        struct       000000
__Htemp                          temp         000047
__Htext                          text         000000
__Htext0                         text0        000000
__Htext1                         text1        000000
__Htext10                        text10       000000
__Htext11                        text11       000000
__Htext12                        text12       000000
__Htext13                        text13       000000
__Htext14                        text14       000000
__Htext15                        text15       000000
__Htext16                        text16       000000
__Htext17                        text17       000000
__Htext18                        text18       000000
__Htext19                        text19       000000
__Htext2                         text2        000000
__Htext20                        text20       000000
__Htext21                        text21       000000
__Htext22                        text22       000000
__Htext23                        text23       000000
__Htext24                        text24       000000
__Htext25                        text25       000000
__Htext26                        text26       000000
__Htext27                        text27       000000
__Htext28                        text28       000000
__Htext29                        text29       000000
__Htext3                         text3        000000
__Htext30                        text30       000000
__Htext31                        text31       000000
__Htext32                        text32       000000
__Htext33                        text33       000000
__Htext34                        text34       000000
__Htext35                        text35       000000
__Htext36                        text36       000000
__Htext37                        text37       000000
__Htext38                        text38       000000
__Htext39                        text39       000000
__Htext4                         text4        000000
__Htext40                        text40       000000
__Htext41                        text41       000000
__Htext42                        text42       000000
__Htext43                        text43       000000
__Htext44                        text44       000000
__Htext45                        text45       000000
__Htext46                        text46       000000
__Htext47                        text47       000000
__Htext48                        text48       000000
__Htext49                        text49       000000
__Htext5                         text5        000000
__Htext50                        text50       000000
__Htext51                        text51       000000
__Htext52                        text52       000000
__Htext53                        text53       000000
__Htext55                        text55       000000
__Htext56                        text56       000000
__Htext57                        text57       000000
__Htext58                        text58       000000
__Htext6                         text6        000000
__Htext7                         text7        000000
__Htext8                         text8        000000
__Htext9                         text9        000000
__LRAM                           (abs)        000001
__Labs1                          abs1         000000
__Lbank0                         bank0        000000
__Lbank1                         bank1        000000
__Lbank2                         bank2        000000
__Lbank3                         bank3        000000
__Lbank4                         bank4        000000
__Lbank5                         bank5        000000
__Lbank6                         bank6        000000
__Lbank7                         bank7        000000
__Lbigbss                        bigbss       000000
__Lbigdata                       bigdata      000000
__Lbigram                        bigram       000000
__Lbss                           bss          000000
__LbssBANK0                      bssBANK0     000000
__LbssBANK1                      bssBANK1     000000
__LbssBANK2                      bssBANK2     000000
__LbssBIGRAM                     bssBIGRAM    000000
__LbssCOMRAM                     bssCOMRAM    000000
__Lcinit                         cinit        000000
__Lclrtext                       clrtext      000000
__Lcomram                        comram       000000
__Lconfig                        config       300000
__Lconst                         const        000000
__LcstackBANK0                   cstackBANK0  000000
__LcstackBANK1                   cstackBANK1  000000
__LcstackBANK2                   cstackBANK2  000000
__LcstackCOMRAM                  cstackCOMRAM 000000
__Ldata                          data         000000
__LdataBANK1                     dataBANK1    000000
__Leeprom_data                   eeprom_data  000000
__Lfarbss                        farbss       000000
__Lfardata                       fardata      000000
__Libigdata                      ibigdata     000000
__Lidata                         idata        000000
__LidataBANK1                    idataBANK1   000000
__Lidloc                         idloc        200000
__Lifardata                      ifardata     000000
__Linit                          init         00000E
__Lintcode                       intcode      000008
__Lintcode_body                  intcode_body 000000
__Lintcodelo                     intcodelo    00000E
__Lintentry                      intentry     000000
__Lintret                        intret       000000
__Lintsave_regs                  intsave_regs 000000
__Lirdata                        irdata       000000
__Lmediumconst                   mediumconst  00605A
__LnvFARRAM                      nvFARRAM     000000
__Lnvbit                         nvbit        000000
__Lnvrram                        nvrram       000000
__Lparam                         rparam       000000
__Lpowerup                       powerup      00000E
__Lram                           ram          000000
__Lramtop                        ramtop       000800
__Lrbit                          rbit         000000
__Lrbss                          rbss         000000
__Lrdata                         rdata        000000
__Lreset_vec                     reset_vec    000000
__Lrparam                        rparam       000000
__Lsfr                           sfr          000000
__Lsmallconst                    smallconst   000000
__Lspace_0                       (abs)        000000
__Lspace_1                       (abs)        000000
__Lspace_2                       (abs)        000000
__Lstack                         stack        000000
__Lstruct                        struct       000000
__Ltemp                          temp         000046
__Ltext                          text         000000
__Ltext0                         text0        000000
__Ltext1                         text1        000000
__Ltext10                        text10       000000
__Ltext11                        text11       000000
__Ltext12                        text12       000000
__Ltext13                        text13       000000
__Ltext14                        text14       000000
__Ltext15                        text15       000000
__Ltext16                        text16       000000
__Ltext17                        text17       000000
__Ltext18                        text18       000000
__Ltext19                        text19       000000
__Ltext2                         text2        000000
__Ltext20                        text20       000000
__Ltext21                        text21       000000
__Ltext22                        text22       000000
__Ltext23                        text23       000000
__Ltext24                        text24       000000
__Ltext25                        text25       000000
__Ltext26                        text26       000000
__Ltext27                        text27       000000
__Ltext28                        text28       000000
__Ltext29                        text29       000000
__Ltext3                         text3        000000
__Ltext30                        text30       000000
__Ltext31                        text31       000000
__Ltext32                        text32       000000
__Ltext33                        text33       000000
__Ltext34                        text34       000000
__Ltext35                        text35       000000
__Ltext36                        text36       000000
__Ltext37                        text37       000000
__Ltext38                        text38       000000
__Ltext39                        text39       000000
__Ltext4                         text4        000000
__Ltext40                        text40       000000
__Ltext41                        text41       000000
__Ltext42                        text42       000000
__Ltext43                        text43       000000
__Ltext44                        text44       000000
__Ltext45                        text45       000000
__Ltext46                        text46       000000
__Ltext47                        text47       000000
__Ltext48                        text48       000000
__Ltext49                        text49       000000
__Ltext5                         text5        000000
__Ltext50                        text50       000000
__Ltext51                        text51       000000
__Ltext52                        text52       000000
__Ltext53                        text53       000000
__Ltext55                        text55       000000
__Ltext56                        text56       000000
__Ltext57                        text57       000000
__Ltext58                        text58       000000
__Ltext6                         text6        000000
__Ltext7                         text7        000000
__Ltext8                         text8        000000
__Ltext9                         text9        000000
__S0                             (abs)        30000E
__S1                             (abs)        0004D5
__S2                             (abs)        000000
___inthi_sp                      stack        000000
___intlo_sp                      stack        000000
___lldiv                         text45       002BCE
___lldiv@counter                 cstackCOMRAM 000026
___lldiv@dividend                cstackCOMRAM 00001A
___lldiv@divisor                 cstackCOMRAM 00001E
___lldiv@quotient                cstackCOMRAM 000022
___lmul                          text44       002FCE
___lmul@multiplicand             cstackCOMRAM 00001E
___lmul@multiplier               cstackCOMRAM 00001A
___lmul@product                  cstackCOMRAM 000022
___lwdiv                         text50       003024
___lwdiv@counter                 cstackCOMRAM 00001E
___lwdiv@dividend                cstackCOMRAM 00001A
___lwdiv@divisor                 cstackCOMRAM 00001C
___lwdiv@quotient                cstackCOMRAM 00001F
___lwmod                         text49       003152
___lwmod@counter                 cstackCOMRAM 00001E
___lwmod@dividend                cstackCOMRAM 00001A
___lwmod@divisor                 cstackCOMRAM 00001C
___param_bank                    (abs)        000000
___rparam_used                   (abs)        000001
___sp                            stack        000000
__accesstop                      (abs)        000060
__activetblptr                   (abs)        000002
__end_of_SDCard                  text14       001B88
__end_of___lldiv                 text45       002C50
__end_of___lmul                  text44       003024
__end_of___lwdiv                 text50       003076
__end_of___lwmod                 text49       003194
__end_of__initialization         cinit        002DA8
__end_of_check_fs                text34       001E9C
__end_of_clust2sect              text27       00295C
__end_of_command                 text42       003210
__end_of_config_timer_dois       text10       0033E0
__end_of_config_timer_zero       text8        00335E
__end_of_create_name             text28       002262
__end_of_delay                   text53       003306
__end_of_dir_find                text22       0027CE
__end_of_dir_next                text25       001D44
__end_of_dir_rewind              text24       00238C
__end_of_disk_initialize         text31       00190A
__end_of_disk_readp              text35       00161C
__end_of_disk_writep             text17       00212C
__end_of_dpowers                 mediumconst  00613A
__end_of_dummy_clocks            text41       0031D2
__end_of_endereco_cursor_lcd     text40       002F72
__end_of_escalonador             text13       002A00
__end_of_escreve_caractere_lcd   text52       002E28
__end_of_escreve_cmd_lcd         text33       002BCE
__end_of_escreve_dado_SPI        text43       00310E
__end_of_escreve_frase_ram_lcd   text51       0030C8
__end_of_escreve_inteiro_lcd     text46       00324E
__end_of_follow_path             text20       0025C0
__end_of_get_clust               text21       002896
__end_of_get_fat                 text26       000EFE
__end_of_inicializa_shrc         text12       0033EC
__end_of_inicializa_tarefas      text11       003326
__end_of_init_hardware           text4        00338C
__end_of_init_interrupt          text7        00339E
__end_of_init_lcd                text3        002B42
__end_of_init_oscilador          text6        003416
__end_of_init_ports              text5        003376
__end_of_isr                     intcode_body 0024B0
__end_of_itoa                    text47       003152
__end_of_leitura_chaves_sistema  text2        00328A
__end_of_main                    text0        0032B6
__end_of_mem_cmp                 text23       002E98
__end_of_mem_set                 text29       0032E2
__end_of_mensagem_inicial        text1        002CCA
__end_of_pf_mount                text30       000646
__end_of_pf_open                 text19       001FEC
__end_of_pf_read                 text18       0012BA
__end_of_pf_write                text16       000B1A
__end_of_posicao_cursor_lcd      text39       002F08
__end_of_proceed                 text38       003404
__end_of_readover                text15       00340E
__end_of_recebe_dado_SPI         text37       002FCE
__end_of_recebe_dado_uart        text57       0033D4
__end_of_reset                   text32       002D44
__end_of_response                text36       0033F8
__end_of_tratamento_uart         text56       0026CE
__end_of_utoa                    text48       002AA4
__end_of_write_timer_zero        text9        0033B0
__end_ofcreate_name@cvt          mediumconst  0060DB
__end_ofi2_write_timer_zero      text55       0033C2
__end_ofleitura_chave@F3838      mediumconst  00610E
__end_ofleitura_chave@F3840      mediumconst  0060FD
__end_ofleitura_chave@F3842      mediumconst  0060EC
__end_ofmensagem_inicial@F4009   mediumconst  006130
__end_ofmensagem_inicial@F4011   mediumconst  00611F
__initialization                 cinit        002D44
__mediumconst                    mediumconst  00605A
__pbssBANK0                      bssBANK0     0000D2
__pbssBANK1                      bssBANK1     000100
__pbssBANK2                      bssBANK2     000200
__pbssBIGRAM                     bssBIGRAM    0002D5
__pbssCOMRAM                     bssCOMRAM    00002D
__pcinit                         cinit        002D44
__pcstackBANK0                   cstackBANK0  000060
__pcstackBANK1                   cstackBANK1  0001B1
__pcstackBANK2                   cstackBANK2  000296
__pcstackCOMRAM                  cstackCOMRAM 000001
__pdataBANK1                     dataBANK1    0001DE
__pidataBANK1                    idataBANK1   003326
__pintcode                       intcode      000008
__pintcode_body                  intcode_body 00238C
__pmediumconst                   mediumconst  00605A
__ptext0                         text0        00328A
__ptext1                         text1        002C50
__ptext10                        text10       0033D4
__ptext11                        text11       003306
__ptext12                        text12       0033E0
__ptext13                        text13       00295C
__ptext14                        text14       00190A
__ptext15                        text15       003404
__ptext16                        text16       000646
__ptext17                        text17       001FEC
__ptext18                        text18       000EFE
__ptext19                        text19       001E9C
__ptext2                         text2        00324E
__ptext20                        text20       0024B0
__ptext21                        text21       0027CE
__ptext22                        text22       0026CE
__ptext23                        text23       002E28
__ptext24                        text24       002262
__ptext25                        text25       001B88
__ptext26                        text26       000B1A
__ptext27                        text27       002896
__ptext28                        text28       00212C
__ptext29                        text29       0032B6
__ptext3                         text3        002AA4
__ptext30                        text30       000012
__ptext31                        text31       00161C
__ptext32                        text32       002CCA
__ptext33                        text33       002B42
__ptext34                        text34       001D44
__ptext35                        text35       0012BA
__ptext36                        text36       0033EC
__ptext37                        text37       002F72
__ptext38                        text38       0033F8
__ptext39                        text39       002E98
__ptext4                         text4        003376
__ptext40                        text40       002F08
__ptext41                        text41       003194
__ptext42                        text42       0031D2
__ptext43                        text43       0030C8
__ptext44                        text44       002FCE
__ptext45                        text45       002BCE
__ptext46                        text46       003210
__ptext47                        text47       00310E
__ptext48                        text48       002A00
__ptext49                        text49       003152
__ptext5                         text5        00335E
__ptext50                        text50       003024
__ptext51                        text51       003076
__ptext52                        text52       002DB6
__ptext53                        text53       0032E2
__ptext55                        text55       0033B0
__ptext56                        text56       0025C0
__ptext57                        text57       0033C2
__ptext58                        text58       000000
__ptext6                         text6        00340E
__ptext7                         text7        00338C
__ptext8                         text8        003344
__ptext9                         text9        00339E
__ramtop                         ramtop       000800
__size_of_SDCard                 (abs)        000000
__size_of___lldiv                (abs)        000000
__size_of___lmul                 (abs)        000000
__size_of___lwdiv                (abs)        000000
__size_of___lwmod                (abs)        000000
__size_of_check_fs               (abs)        000000
__size_of_clust2sect             (abs)        000000
__size_of_command                (abs)        000000
__size_of_config_timer_dois      (abs)        000000
__size_of_config_timer_zero      (abs)        000000
__size_of_create_name            (abs)        000000
__size_of_delay                  (abs)        000000
__size_of_dir_find               (abs)        000000
__size_of_dir_next               (abs)        000000
__size_of_dir_rewind             (abs)        000000
__size_of_disk_initialize        (abs)        000000
__size_of_disk_readp             (abs)        000000
__size_of_disk_writep            (abs)        000000
__size_of_dummy_clocks           (abs)        000000
__size_of_endereco_cursor_lcd    (abs)        000000
__size_of_escalonador            (abs)        000000
__size_of_escreve_caractere_lcd  (abs)        000000
__size_of_escreve_cmd_lcd        (abs)        000000
__size_of_escreve_dado_SPI       (abs)        000000
__size_of_escreve_frase_ram_lcd  (abs)        000000
__size_of_escreve_inteiro_lcd    (abs)        000000
__size_of_follow_path            (abs)        000000
__size_of_get_clust              (abs)        000000
__size_of_get_fat                (abs)        000000
__size_of_inicializa_shrc        (abs)        000000
__size_of_inicializa_tarefas     (abs)        000000
__size_of_init_hardware          (abs)        000000
__size_of_init_interrupt         (abs)        000000
__size_of_init_lcd               (abs)        000000
__size_of_init_oscilador         (abs)        000000
__size_of_init_ports             (abs)        000000
__size_of_isr                    (abs)        000000
__size_of_itoa                   (abs)        000000
__size_of_leitura_chaves_sistema (abs)        000000
__size_of_main                   (abs)        000000
__size_of_mem_cmp                (abs)        000000
__size_of_mem_set                (abs)        000000
__size_of_mensagem_inicial       (abs)        000000
__size_of_pf_mount               (abs)        000000
__size_of_pf_open                (abs)        000000
__size_of_pf_read                (abs)        000000
__size_of_pf_write               (abs)        000000
__size_of_posicao_cursor_lcd     (abs)        000000
__size_of_proceed                (abs)        000000
__size_of_readover               (abs)        000000
__size_of_recebe_dado_SPI        (abs)        000000
__size_of_recebe_dado_uart       (abs)        000000
__size_of_reset                  (abs)        000000
__size_of_response               (abs)        000000
__size_of_tratamento_uart        (abs)        000000
__size_of_utoa                   (abs)        000000
__size_of_write_timer_zero       (abs)        000000
__size_ofi2_write_timer_zero     (abs)        000000
__smallconst                     smallconst   000000
_check_fs                        text34       001D44
_clust2sect                      text27       002896
_comma_counter_gga               bssCOMRAM    000040
_comma_counter_rmc               bssCOMRAM    00003F
_command                         text42       0031D2
_config_timer_dois               text10       0033D4
_config_timer_zero               text8        003344
_create_name                     text28       00212C
_dado                            bssCOMRAM    00003A
_dado_buffer                     bssBANK1     0001AA
_data_buffer                     bssBANK1     00019B
_data_buffer_32                  bssBANK1     00017B
_data_uart_recebe                bssCOMRAM    000045
_delay                           text53       0032E2
_dir_find                        text22       0026CE
_dir_next                        text25       001B88
_dir_rewind                      text24       002262
_dir_rewind$1975                 cstackBANK0  00006B
_disk_initialize                 text31       00161C
_disk_readp                      text35       0012BA
_disk_writep                     text17       001FEC
_dpowers                         mediumconst  006130
_dummy_clocks                    text41       003194
_endereco_cursor_lcd             text40       002F08
_escalonador                     text13       00295C
_escreve_caractere_lcd           text52       002DB6
_escreve_cmd_lcd                 text33       002B42
_escreve_dado_SPI                text43       0030C8
_escreve_frase_ram_lcd           text51       003076
_escreve_inteiro_lcd             text46       003210
_estado                          bssCOMRAM    000039
_fileName                        dataBANK1    0001EC
_fileSize                        bssBANK1     00016B
_flag                            bssBANK0     0000D5
_folder                          bssBANK1     000100
_follow_path                     text20       0024B0
_get_clust                       text21       0027CE
_get_fat                         text26       000B1A
_get_fat$1915                    cstackBANK0  000086
_gga_buffer                      bssBANK2     000200
_gga_code                        bssCOMRAM    00002D
_gga_index                       bssCOMRAM    000034
_gga_pointers                    bssBANK1     000144
_info_chaves                     bssBANK1     000164
_inicializa_shrc                 text12       0033E0
_inicializa_tarefas              text11       003306
_init_hardware                   text4        003376
_init_interrupt                  text7        00338C
_init_lcd                        text3        002AA4
_init_oscilador                  text6        00340E
_init_ports                      text5        00335E
_is_it_gga_string                bssCOMRAM    00003E
_is_it_rmc_string                bssCOMRAM    00003D
_isr                             intcode      000008
_itoa                            text47       00310E
_leitura_chaves_sistema          text2        00324E
_main                            text0        00328A
_mem_cmp                         text23       002E28
_mem_set                         text29       0032B6
_mensagem_inicial                text1        002C50
_n_s                             bssCOMRAM    000042
_p_tarefas                       bssBANK1     000177
_pf_mount                        text30       000012
_pf_open                         text19       001E9C
_pf_read                         text18       000EFE
_pf_read$2169                    cstackBANK0  0000A5
_pf_write                        text16       000646
_posicao_cursor_lcd              text39       002E98
_proceed                         text38       0033F8
_rd                              bssBANK0     0000D7
_readover                        text15       003404
_recebe_dado_SPI                 text37       002F72
_recebe_dado_uart                text57       0033C2
_reset                           text32       002CCA
_response                        text36       0033EC
_rmc_buffer                      bssBANK2     000250
_rmc_code                        bssBANK0     0000D2
_rmc_index                       bssCOMRAM    000032
_rmc_pointers                    bssBANK1     000158
_s                               bssCOMRAM    00003B
_sinaliza_int_timer              bssCOMRAM    000044
_tarefa_em_execucao              bssCOMRAM    000043
_tempo_backup                    bssBANK1     000173
_tempo_tarefa                    bssBANK1     00016F
_timeout_tarefa                  bssCOMRAM    000036
_tratamento_uart                 text56       0025C0
_txt                             bssBANK1     000130
_utoa                            text48       002A00
_write_timer_zero                text9        00339E
btemp                            temp         000046
check_fs@buf                     cstackBANK0  00006C
check_fs@sect                    cstackBANK0  00006E
clust2sect@clst                  cstackCOMRAM 000026
clust2sect@fs                    cstackCOMRAM 00002A
command@CMD                      cstackCOMRAM 000021
command@CRC                      cstackCOMRAM 000020
command@arg                      cstackCOMRAM 00001C
command@argument                 cstackCOMRAM 000022
create_name@c                    cstackBANK0  000068
create_name@cvt                  mediumconst  00605B
create_name@d                    cstackBANK0  000060
create_name@dj                   cstackCOMRAM 000022
create_name@i                    cstackBANK0  000067
create_name@ni                   cstackBANK0  000063
create_name@p                    cstackBANK0  000061
create_name@path                 cstackCOMRAM 000024
create_name@sfn                  cstackBANK0  000065
create_name@si                   cstackBANK0  000064
delay@contador_ext               cstackCOMRAM 00001A
delay@contador_int               cstackCOMRAM 00001B
dir_find@c                       cstackBANK0  0000AB
dir_find@dir                     cstackBANK0  0000A7
dir_find@dj                      cstackBANK0  0000A5
dir_find@res                     cstackBANK0  0000AC
dir_next@clst                    cstackBANK0  00009F
dir_next@dj                      cstackBANK0  000094
dir_next@fs                      cstackBANK0  00009D
dir_next@i                       cstackBANK0  0000A3
dir_rewind@clst                  cstackBANK0  000071
dir_rewind@dj                    cstackBANK0  000065
dir_rewind@fs                    cstackBANK0  00006F
disk_initialize@buff             cstackBANK0  000067
disk_initialize@count1           cstackBANK0  000062
disk_initialize@count2           cstackBANK0  000065
disk_initialize@i                cstackBANK0  000060
disk_initialize@stat             cstackBANK0  000064
disk_readp@arr                   bssBIGRAM    0002D5
disk_readp@buff                  cstackBANK0  000069
disk_readp@count                 cstackCOMRAM 00002B
disk_readp@length                cstackBANK0  00006A
disk_readp@offset                cstackCOMRAM 000029
disk_readp@ptr                   cstackBANK0  000064
disk_readp@rd                    cstackCOMRAM 000023
disk_readp@sector                cstackCOMRAM 000025
disk_readp@start_add             cstackBANK0  000065
disk_writep@buff                 cstackBANK0  000068
disk_writep@i                    cstackBANK0  000064
disk_writep@j                    cstackBANK0  000066
disk_writep@sc                   cstackCOMRAM 000026
disk_writep@wr                   cstackCOMRAM 000023
dummy_clocks@i                   cstackCOMRAM 00001F
dummy_clocks@n                   cstackCOMRAM 00001E
end_of_initialization            cinit        002DA8
endereco_cursor_lcd@endereco     cstackCOMRAM 00001C
escalonador@cont                 cstackBANK0  0000D1
escreve_caractere_lcd@data       cstackCOMRAM 00001C
escreve_cmd_lcd@comando          cstackCOMRAM 00001C
escreve_dado_SPI@contador        cstackCOMRAM 00001A
escreve_dado_SPI@data_to_shrc    cstackCOMRAM 00001B
escreve_frase_ram_lcd@buffer     cstackCOMRAM 00001D
escreve_inteiro_lcd@F3966        dataBANK1    0001E5
escreve_inteiro_lcd@texto        cstackBANK0  000068
escreve_inteiro_lcd@valor        cstackBANK0  000066
escreve_inteiro_uart@F3956       dataBANK1    0001DE
follow_path@dir                  cstackBANK0  0000AF
follow_path@dj                   cstackBANK0  0000AD
follow_path@path                 cstackBANK0  0000B1
follow_path@res                  cstackBANK0  0000B4
get_clust@clst                   cstackCOMRAM 000028
get_clust@dir                    cstackCOMRAM 00001A
get_clust@fs                     cstackCOMRAM 000026
get_fat@bc                       cstackBANK0  000090
get_fat@buf                      cstackBANK0  00008C
get_fat@clst                     cstackBANK0  00006C
get_fat@fs                       cstackBANK0  000092
get_fat@ofs                      cstackBANK0  00008A
get_fat@wc                       cstackBANK0  000088
i2_write_timer_zero              text55       0033B0
i2write_timer_zero@timer         cstackCOMRAM 000003
i2write_timer_zero@timer0        cstackCOMRAM 000001
int$flags                        temp         000046
int_func                         intcode_body 00238C
intlevel0                        text         000000
intlevel1                        text         000000
intlevel2                        text         000000
intlevel3                        text         000000
isr@cont                         cstackCOMRAM 000019
itoa@base                        cstackBANK0  000064
itoa@buf                         cstackBANK0  000060
itoa@cp                          cstackCOMRAM 00002A
itoa@val                         cstackBANK0  000062
leitura_chave@F3838              mediumconst  0060FD
leitura_chave@F3840              mediumconst  0060EC
leitura_chave@F3842              mediumconst  0060DB
mem_cmp@cnt                      cstackCOMRAM 00001E
mem_cmp@d                        cstackCOMRAM 000023
mem_cmp@dst                      cstackCOMRAM 00001A
mem_cmp@r                        cstackCOMRAM 000027
mem_cmp@s                        cstackCOMRAM 000025
mem_cmp@src                      cstackCOMRAM 00001C
mem_set@cnt                      cstackCOMRAM 00001E
mem_set@d                        cstackCOMRAM 000020
mem_set@dst                      cstackCOMRAM 00001A
mem_set@val                      cstackCOMRAM 00001C
mensagem_inicial@F4009           mediumconst  00611F
mensagem_inicial@F4011           mediumconst  00610E
mensagem_inicial@msg_dois        cstackBANK0  000071
mensagem_inicial@msg_linha_um    cstackBANK0  000060
pf_mount@bsect                   cstackBANK0  0000BA
pf_mount@buf                     cstackBANK0  00008E
pf_mount@fmt                     cstackBANK0  0000C2
pf_mount@fs                      cstackBANK0  000076
pf_mount@fsize                   cstackBANK0  0000BE
pf_mount@mclst                   cstackBANK0  0000B6
pf_mount@tsect                   cstackBANK0  0000B2
pf_open@dir                      cstackBANK2  0002A2
pf_open@dj                       cstackBANK2  0002C5
pf_open@fs                       cstackBANK2  0002C3
pf_open@path                     cstackBANK0  0000B5
pf_open@res                      cstackBANK2  0002C2
pf_open@sp                       cstackBANK2  000296
pf_read@br                       cstackBANK0  000098
pf_read@btr                      cstackBANK0  000096
pf_read@buff                     cstackBANK0  000094
pf_read@clst                     cstackBANK0  0000AF
pf_read@cs                       cstackBANK0  0000B3
pf_read@dr                       cstackBANK0  0000A2
pf_read@fs                       cstackBANK0  0000B6
pf_read@rbuff                    cstackBANK0  0000A3
pf_read@rcnt                     cstackBANK0  0000B4
pf_read@remain                   cstackBANK0  0000AB
pf_read@sect                     cstackBANK0  0000A7
pf_write@btw                     cstackBANK0  000096
pf_write@buff                    cstackBANK0  000094
pf_write@bw                      cstackBANK0  000098
pf_write@clst                    cstackBANK0  0000AC
pf_write@cs                      cstackBANK0  0000B0
pf_write@fs                      cstackBANK0  0000B3
pf_write@p                       cstackBANK0  0000A2
pf_write@remain                  cstackBANK0  0000A8
pf_write@sect                    cstackBANK0  0000A4
pf_write@wcnt                    cstackBANK0  0000B1
posicao_cursor_lcd@coluna        cstackCOMRAM 00001D
posicao_cursor_lcd@endereco      cstackCOMRAM 00001F
posicao_cursor_lcd@linha         cstackCOMRAM 00001E
readover@a                       cstackCOMRAM 00001A
recebe_dado_SPI@contador         cstackCOMRAM 00001C
reset@buff                       cstackCOMRAM 000029
reset@count                      cstackCOMRAM 000027
reset@i                          cstackCOMRAM 000025
response@buff                    cstackCOMRAM 00001D
stackhi                          (abs)        0007FF
stacklo                          (abs)        0004D5
start                            init         00000E
start_initialization             cinit        002D44
timer_dois@flag                  bssCOMRAM    000038
tratamento_uart@received_char    cstackCOMRAM 000001
utoa@base                        cstackCOMRAM 000025
utoa@buf                         cstackCOMRAM 000021
utoa@c                           cstackCOMRAM 000029
utoa@v                           cstackCOMRAM 000027
utoa@val                         cstackCOMRAM 000023
write_timer_zero@timer           cstackCOMRAM 00001C
write_timer_zero@timer0          cstackCOMRAM 00001A
wtemp6                           temp         000047


FUNCTION INFORMATION:

 *************** function _main *****************
 Defined at:
		line 208 in file "main.c"
 Parameters:    Size  Location     Type
		None
 Auto vars:     Size  Location     Type
		None
 Return value:  Size  Location     Type
                  1    wreg      void 
 Registers used:
		wreg, fsr0l, fsr0h, fsr1l, fsr1h, fsr2l, fsr2h, status,2, status,0, pclath, tosl, tblptrl, tblptrh, tblptru, prodl, prodh, cstack
 Tracked objects:
		On entry : 
		On exit  : 
		Unchanged: 
 Data sizes:     COMRAM   BANK0   BANK1   BANK2   BANK3   BANK4   BANK5   BANK6   BANK7
      Params:         0       0       0       0       0       0       0       0       0
      Locals:         0       0       0       0       0       0       0       0       0
      Temps:          0       0       0       0       0       0       0       0       0
      Totals:         0       0       0       0       0       0       0       0       0
Total ram usage:        0 bytes
 Hardware stack levels required when called:   13
 This function calls:
		_escalonador
		_inicializa_shrc
		_inicializa_tarefas
		_init_hardware
		_init_lcd
		_leitura_chaves_sistema
		_mensagem_inicial
 This function is called by:
		Startup code after reset
 This function uses a non-reentrant model


 *************** function _mensagem_inicial *****************
 Defined at:
		line 238 in file "main.c"
 Parameters:    Size  Location     Type
		None
 Auto vars:     Size  Location     Type
  msg_dois       17   17[BANK0 ] const unsigned char [17]
  msg_linha_um   17    0[BANK0 ] const unsigned char [17]
 Return value:  Size  Location     Type
                  1    wreg      void 
 Registers used:
		wreg, fsr0l, fsr0h, fsr2l, fsr2h, status,2, status,0, tblptrl, tblptrh, tblptru, cstack
 Tracked objects:
		On entry : 
		On exit  : 
		Unchanged: 
 Data sizes:     COMRAM   BANK0   BANK1   BANK2   BANK3   BANK4   BANK5   BANK6   BANK7
      Params:         0       0       0       0       0       0       0       0       0
      Locals:         0      34       0       0       0       0       0       0       0
      Temps:          2       0       0       0       0       0       0       0       0
      Totals:         2      34       0       0       0       0       0       0       0
Total ram usage:       36 bytes
 Hardware stack levels used:    1
 Hardware stack levels required when called:    5
 This function calls:
		_escreve_cmd_lcd
		_escreve_frase_ram_lcd
		_posicao_cursor_lcd
 This function is called by:
		_main
 This function uses a non-reentrant model


 *************** function _leitura_chaves_sistema *****************
 Defined at:
		line 47 in file "bibliotecas/chaves.c"
 Parameters:    Size  Location     Type
		None
 Auto vars:     Size  Location     Type
		None
 Return value:  Size  Location     Type
                  1    wreg      void 
 Registers used:
		wreg
 Tracked objects:
		On entry : 
		On exit  : 
		Unchanged: 
 Data sizes:     COMRAM   BANK0   BANK1   BANK2   BANK3   BANK4   BANK5   BANK6   BANK7
      Params:         0       0       0       0       0       0       0       0       0
      Locals:         0       0       0       0       0       0       0       0       0
      Temps:          0       0       0       0       0       0       0       0       0
      Totals:         0       0       0       0       0       0       0       0       0
Total ram usage:        0 bytes
 Hardware stack levels used:    1
 Hardware stack levels required when called:    2
 This function calls:
		Nothing
 This function is called by:
		_main
 This function uses a non-reentrant model


 *************** function _init_lcd *****************
 Defined at:
		line 71 in file "bibliotecas/display_lcd.c"
 Parameters:    Size  Location     Type
		None
 Auto vars:     Size  Location     Type
		None
 Return value:  Size  Location     Type
                  1    wreg      void 
 Registers used:
		wreg, status,2, status,0, cstack
 Tracked objects:
		On entry : 
		On exit  : 
		Unchanged: 
 Data sizes:     COMRAM   BANK0   BANK1   BANK2   BANK3   BANK4   BANK5   BANK6   BANK7
      Params:         0       0       0       0       0       0       0       0       0
      Locals:         0       0       0       0       0       0       0       0       0
      Temps:          1       0       0       0       0       0       0       0       0
      Totals:         1       0       0       0       0       0       0       0       0
Total ram usage:        1 bytes
 Hardware stack levels used:    1
 Hardware stack levels required when called:    4
 This function calls:
		_delay
		_escreve_cmd_lcd
 This function is called by:
		_main
 This function uses a non-reentrant model


 *************** function _init_hardware *****************
 Defined at:
		line 55 in file "bibliotecas/hardware.c"
 Parameters:    Size  Location     Type
		None
 Auto vars:     Size  Location     Type
		None
 Return value:  Size  Location     Type
                  1    wreg      void 
 Registers used:
		wreg, status,2, cstack
 Tracked objects:
		On entry : 
		On exit  : 
		Unchanged: 
 Data sizes:     COMRAM   BANK0   BANK1   BANK2   BANK3   BANK4   BANK5   BANK6   BANK7
      Params:         0       0       0       0       0       0       0       0       0
      Locals:         0       0       0       0       0       0       0       0       0
      Temps:          0       0       0       0       0       0       0       0       0
      Totals:         0       0       0       0       0       0       0       0       0
Total ram usage:        0 bytes
 Hardware stack levels used:    1
 Hardware stack levels required when called:    4
 This function calls:
		_config_timer_dois
		_config_timer_zero
		_init_interrupt
		_init_oscilador
		_init_ports
 This function is called by:
		_main
 This function uses a non-reentrant model


 *************** function _init_ports *****************
 Defined at:
		line 154 in file "bibliotecas/hardware.c"
 Parameters:    Size  Location     Type
		None
 Auto vars:     Size  Location     Type
		None
 Return value:  Size  Location     Type
                  1    wreg      void 
 Registers used:
		wreg, status,2
 Tracked objects:
		On entry : 
		On exit  : 
		Unchanged: 
 Data sizes:     COMRAM   BANK0   BANK1   BANK2   BANK3   BANK4   BANK5   BANK6   BANK7
      Params:         0       0       0       0       0       0       0       0       0
      Locals:         0       0       0       0       0       0       0       0       0
      Temps:          0       0       0       0       0       0       0       0       0
      Totals:         0       0       0       0       0       0       0       0       0
Total ram usage:        0 bytes
 Hardware stack levels used:    1
 Hardware stack levels required when called:    2
 This function calls:
		Nothing
 This function is called by:
		_init_hardware
 This function uses a non-reentrant model


 *************** function _init_oscilador *****************
 Defined at:
		line 171 in file "bibliotecas/hardware.c"
 Parameters:    Size  Location     Type
		None
 Auto vars:     Size  Location     Type
		None
 Return value:  Size  Location     Type
                  1    wreg      void 
 Registers used:
		None
 Tracked objects:
		On entry : 
		On exit  : 
		Unchanged: 
 Data sizes:     COMRAM   BANK0   BANK1   BANK2   BANK3   BANK4   BANK5   BANK6   BANK7
      Params:         0       0       0       0       0       0       0       0       0
      Locals:         0       0       0       0       0       0       0       0       0
      Temps:          0       0       0       0       0       0       0       0       0
      Totals:         0       0       0       0       0       0       0       0       0
Total ram usage:        0 bytes
 Hardware stack levels used:    1
 Hardware stack levels required when called:    2
 This function calls:
		Nothing
 This function is called by:
		_init_hardware
 This function uses a non-reentrant model


 *************** function _init_interrupt *****************
 Defined at:
		line 98 in file "bibliotecas/hardware.c"
 Parameters:    Size  Location     Type
		None
 Auto vars:     Size  Location     Type
		None
 Return value:  Size  Location     Type
                  1    wreg      void 
 Registers used:
		wreg, status,2
 Tracked objects:
		On entry : 
		On exit  : 
		Unchanged: 
 Data sizes:     COMRAM   BANK0   BANK1   BANK2   BANK3   BANK4   BANK5   BANK6   BANK7
      Params:         0       0       0       0       0       0       0       0       0
      Locals:         0       0       0       0       0       0       0       0       0
      Temps:          0       0       0       0       0       0       0       0       0
      Totals:         0       0       0       0       0       0       0       0       0
Total ram usage:        0 bytes
 Hardware stack levels used:    1
 Hardware stack levels required when called:    2
 This function calls:
		Nothing
 This function is called by:
		_init_hardware
 This function uses a non-reentrant model


 *************** function _config_timer_zero *****************
 Defined at:
		line 83 in file "bibliotecas/hardware.c"
 Parameters:    Size  Location     Type
		None
 Auto vars:     Size  Location     Type
		None
 Return value:  Size  Location     Type
                  1    wreg      void 
 Registers used:
		wreg, status,2, cstack
 Tracked objects:
		On entry : 
		On exit  : 
		Unchanged: 
 Data sizes:     COMRAM   BANK0   BANK1   BANK2   BANK3   BANK4   BANK5   BANK6   BANK7
      Params:         0       0       0       0       0       0       0       0       0
      Locals:         0       0       0       0       0       0       0       0       0
      Temps:          0       0       0       0       0       0       0       0       0
      Totals:         0       0       0       0       0       0       0       0       0
Total ram usage:        0 bytes
 Hardware stack levels used:    1
 Hardware stack levels required when called:    3
 This function calls:
		_write_timer_zero
 This function is called by:
		_init_hardware
 This function uses a non-reentrant model


 *************** function _write_timer_zero *****************
 Defined at:
		line 138 in file "bibliotecas/hardware.c"
 Parameters:    Size  Location     Type
  timer0          2   25[COMRAM] unsigned int 
 Auto vars:     Size  Location     Type
  timer           2   27[COMRAM] struct Timers
 Return value:  Size  Location     Type
                  1    wreg      void 
 Registers used:
		None
 Tracked objects:
		On entry : 
		On exit  : 
		Unchanged: 
 Data sizes:     COMRAM   BANK0   BANK1   BANK2   BANK3   BANK4   BANK5   BANK6   BANK7
      Params:         2       0       0       0       0       0       0       0       0
      Locals:         2       0       0       0       0       0       0       0       0
      Temps:          0       0       0       0       0       0       0       0       0
      Totals:         4       0       0       0       0       0       0       0       0
Total ram usage:        4 bytes
 Hardware stack levels used:    1
 Hardware stack levels required when called:    2
 This function calls:
		Nothing
 This function is called by:
		_config_timer_zero
 This function uses a non-reentrant model


 *************** function _config_timer_dois *****************
 Defined at:
		line 200 in file "bibliotecas/hardware.c"
 Parameters:    Size  Location     Type
		None
 Auto vars:     Size  Location     Type
		None
 Return value:  Size  Location     Type
                  1    wreg      void 
 Registers used:
		wreg, status,2
 Tracked objects:
		On entry : 
		On exit  : 
		Unchanged: 
 Data sizes:     COMRAM   BANK0   BANK1   BANK2   BANK3   BANK4   BANK5   BANK6   BANK7
      Params:         0       0       0       0       0       0       0       0       0
      Locals:         0       0       0       0       0       0       0       0       0
      Temps:          0       0       0       0       0       0       0       0       0
      Totals:         0       0       0       0       0       0       0       0       0
Total ram usage:        0 bytes
 Hardware stack levels used:    1
 Hardware stack levels required when called:    2
 This function calls:
		Nothing
 This function is called by:
		_init_hardware
 This function uses a non-reentrant model


 *************** function _inicializa_tarefas *****************
 Defined at:
		line 157 in file "main.c"
 Parameters:    Size  Location     Type
		None
 Auto vars:     Size  Location     Type
		None
 Return value:  Size  Location     Type
                  1    wreg      void 
 Registers used:
		wreg, status,2, status,0
 Tracked objects:
		On entry : 
		On exit  : 
		Unchanged: 
 Data sizes:     COMRAM   BANK0   BANK1   BANK2   BANK3   BANK4   BANK5   BANK6   BANK7
      Params:         0       0       0       0       0       0       0       0       0
      Locals:         0       0       0       0       0       0       0       0       0
      Temps:          0       0       0       0       0       0       0       0       0
      Totals:         0       0       0       0       0       0       0       0       0
Total ram usage:        0 bytes
 Hardware stack levels used:    1
 Hardware stack levels required when called:    2
 This function calls:
		Nothing
 This function is called by:
		_main
 This function uses a non-reentrant model


 *************** function _inicializa_shrc *****************
 Defined at:
		line 48 in file "bibliotecas/SHRC.c"
 Parameters:    Size  Location     Type
		None
 Auto vars:     Size  Location     Type
		None
 Return value:  Size  Location     Type
                  1    wreg      void 
 Registers used:
		None
 Tracked objects:
		On entry : 
		On exit  : 
		Unchanged: 
 Data sizes:     COMRAM   BANK0   BANK1   BANK2   BANK3   BANK4   BANK5   BANK6   BANK7
      Params:         0       0       0       0       0       0       0       0       0
      Locals:         0       0       0       0       0       0       0       0       0
      Temps:          0       0       0       0       0       0       0       0       0
      Totals:         0       0       0       0       0       0       0       0       0
Total ram usage:        0 bytes
 Hardware stack levels used:    1
 Hardware stack levels required when called:    2
 This function calls:
		Nothing
 This function is called by:
		_main
 This function uses a non-reentrant model


 *************** function _escalonador *****************
 Defined at:
		line 187 in file "main.c"
 Parameters:    Size  Location     Type
		None
 Auto vars:     Size  Location     Type
  cont            1  113[BANK0 ] unsigned char 
 Return value:  Size  Location     Type
                  1    wreg      void 
 Registers used:
		wreg, fsr0l, fsr0h, fsr1l, fsr1h, fsr2l, fsr2h, status,2, status,0, pclath, tosl, tblptrl, tblptrh, tblptru, prodl, prodh, cstack
 Tracked objects:
		On entry : 
		On exit  : 
		Unchanged: 
 Data sizes:     COMRAM   BANK0   BANK1   BANK2   BANK3   BANK4   BANK5   BANK6   BANK7
      Params:         0       0       0       0       0       0       0       0       0
      Locals:         0       1       0       0       0       0       0       0       0
      Temps:          0       2       0       0       0       0       0       0       0
      Totals:         0       3       0       0       0       0       0       0       0
Total ram usage:        3 bytes
 Hardware stack levels used:    1
 Hardware stack levels required when called:   12
 This function calls:
		_SDCard
[...]
      Totals:         0       9       0       0       0       0       0       0       0
Total ram usage:        9 bytes
 Hardware stack levels used:    1
 Hardware stack levels required when called:    5
 This function calls:
		_escreve_frase_ram_lcd
		_itoa
 This function is called by:
		_SDCard
		_ReadSPI_
		_escreve_float_lcd
 This function uses a non-reentrant model


 *************** function _itoa *****************
 Defined at:
		line 4 in file "C:\Program Files (x86)\Microchip\xc8\v1.45\sources\common\itoa.c"
 Parameters:    Size  Location     Type
  buf             2    0[BANK0 ] PTR unsigned char 
		 -> escreve_inteiro_uart@valor_final(7), escreve_inteiro_lcd@texto(7), 
  val             2    2[BANK0 ] int 
  base            2    4[BANK0 ] int 
 Auto vars:     Size  Location     Type
  cp              2   41[COMRAM] PTR unsigned char 
		 -> escreve_inteiro_uart@valor_final(7), escreve_inteiro_lcd@texto(7), 
 Return value:  Size  Location     Type
                  2    0[BANK0 ] PTR unsigned char 
 Registers used:
		wreg, fsr2l, fsr2h, status,2, status,0, cstack
 Tracked objects:
		On entry : 
		On exit  : 
		Unchanged: 
 Data sizes:     COMRAM   BANK0   BANK1   BANK2   BANK3   BANK4   BANK5   BANK6   BANK7
      Params:         0       6       0       0       0       0       0       0       0
      Locals:         2       0       0       0       0       0       0       0       0
      Temps:          0       0       0       0       0       0       0       0       0
      Totals:         2       6       0       0       0       0       0       0       0
Total ram usage:        8 bytes
 Hardware stack levels used:    1
 Hardware stack levels required when called:    4
 This function calls:
		_utoa
 This function is called by:
		_escreve_inteiro_lcd
		_escreve_inteiro_uart
 This function uses a non-reentrant model


 *************** function _utoa *****************
 Defined at:
		line 17 in file "C:\Program Files (x86)\Microchip\xc8\v1.45\sources\common\itoa.c"
 Parameters:    Size  Location     Type
  buf             2   32[COMRAM] PTR unsigned char 
		 -> escreve_inteiro_uart@valor_final(7), escreve_inteiro_lcd@texto(7), 
  val             2   34[COMRAM] unsigned int 
  base            2   36[COMRAM] int 
 Auto vars:     Size  Location     Type
  v               2   38[COMRAM] unsigned int 
  c               1   40[COMRAM] unsigned char 
 Return value:  Size  Location     Type
                  2   32[COMRAM] PTR unsigned char 
 Registers used:
		wreg, fsr2l, fsr2h, status,2, status,0, cstack
 Tracked objects:
		On entry : 
		On exit  : 
		Unchanged: 
 Data sizes:     COMRAM   BANK0   BANK1   BANK2   BANK3   BANK4   BANK5   BANK6   BANK7
      Params:         6       0       0       0       0       0       0       0       0
      Locals:         3       0       0       0       0       0       0       0       0
      Temps:          0       0       0       0       0       0       0       0       0
      Totals:         9       0       0       0       0       0       0       0       0
Total ram usage:        9 bytes
 Hardware stack levels used:    1
 Hardware stack levels required when called:    3
 This function calls:
		___lwdiv
		___lwmod
 This function is called by:
		_itoa
 This function uses a non-reentrant model


 *************** function ___lwmod *****************
 Defined at:
		line 8 in file "C:\Program Files (x86)\Microchip\xc8\v1.45\sources\common\lwmod.c"
 Parameters:    Size  Location     Type
  dividend        2   25[COMRAM] unsigned int 
  divisor         2   27[COMRAM] unsigned int 
 Auto vars:     Size  Location     Type
  counter         1   29[COMRAM] unsigned char 
 Return value:  Size  Location     Type
                  2   25[COMRAM] unsigned int 
 Registers used:
		wreg, status,2, status,0
 Tracked objects:
		On entry : 
		On exit  : 
		Unchanged: 
 Data sizes:     COMRAM   BANK0   BANK1   BANK2   BANK3   BANK4   BANK5   BANK6   BANK7
      Params:         4       0       0       0       0       0       0       0       0
      Locals:         1       0       0       0       0       0       0       0       0
      Temps:          0       0       0       0       0       0       0       0       0
      Totals:         5       0       0       0       0       0       0       0       0
Total ram usage:        5 bytes
 Hardware stack levels used:    1
 Hardware stack levels required when called:    2
 This function calls:
		Nothing
 This function is called by:
		_utoa
		_converte_inteiro_matriz
		_sprintf
 This function uses a non-reentrant model


 *************** function ___lwdiv *****************
 Defined at:
		line 8 in file "C:\Program Files (x86)\Microchip\xc8\v1.45\sources\common\lwdiv.c"
 Parameters:    Size  Location     Type
  dividend        2   25[COMRAM] unsigned int 
  divisor         2   27[COMRAM] unsigned int 
 Auto vars:     Size  Location     Type
  quotient        2   30[COMRAM] unsigned int 
  counter         1   29[COMRAM] unsigned char 
 Return value:  Size  Location     Type
                  2   25[COMRAM] unsigned int 
 Registers used:
		wreg, status,2, status,0
 Tracked objects:
		On entry : 
		On exit  : 
		Unchanged: 
 Data sizes:     COMRAM   BANK0   BANK1   BANK2   BANK3   BANK4   BANK5   BANK6   BANK7
      Params:         4       0       0       0       0       0       0       0       0
      Locals:         3       0       0       0       0       0       0       0       0
      Temps:          0       0       0       0       0       0       0       0       0
      Totals:         7       0       0       0       0       0       0       0       0
Total ram usage:        7 bytes
 Hardware stack levels used:    1
 Hardware stack levels required when called:    2
 This function calls:
		Nothing
 This function is called by:
		_utoa
		_converte_inteiro_matriz
		_sprintf
 This function uses a non-reentrant model


 *************** function _escreve_frase_ram_lcd *****************
 Defined at:
		line 445 in file "bibliotecas/display_lcd.c"
 Parameters:    Size  Location     Type
  buffer          2   28[COMRAM] PTR unsigned char 
		 -> STR_32(11), STR_31(8), STR_30(9), escreve_inteiro_lcd@texto(7), 
		 -> STR_29(3), STR_28(8), STR_27(14), STR_26(13), 
		 -> STR_25(9), STR_24(14), STR_23(7), STR_22(7), 
		 -> STR_21(10), STR_20(14), leitura_chave@pos_ignicao_on(17), leitura_chave@pos_ignicao_crank(17), 
		 -> leitura_chave@pos_ignicao_off(17), STR_19(17), STR_18(12), STR_17(14), 
		 -> STR_16(13), STR_15(6), STR_14(16), STR_13(14), 
		 -> STR_12(6), STR_11(14), STR_10(14), STR_9(11), 
		 -> STR_8(8), STR_7(14), STR_6(13), STR_5(11), 
		 -> STR_3(17), mensagem_inicial@msg_dois(17), mensagem_inicial@msg_linha_um(17), 
 Auto vars:     Size  Location     Type
		None
 Return value:  Size  Location     Type
                  1    wreg      void 
 Registers used:
		wreg, fsr0l, fsr0h, status,2, status,0, tblptrl, tblptrh, tblptru, cstack
 Tracked objects:
		On entry : 
		On exit  : 
		Unchanged: 
 Data sizes:     COMRAM   BANK0   BANK1   BANK2   BANK3   BANK4   BANK5   BANK6   BANK7
      Params:         2       0       0       0       0       0       0       0       0
      Locals:         0       0       0       0       0       0       0       0       0
      Temps:          0       0       0       0       0       0       0       0       0
      Totals:         2       0       0       0       0       0       0       0       0
Total ram usage:        2 bytes
 Hardware stack levels used:    1
 Hardware stack levels required when called:    4
 This function calls:
		_escreve_caractere_lcd
 This function is called by:
		_mensagem_inicial
		_SDCard
		_disk_initialize
		_disk_readp
		_escreve_inteiro_lcd
		_pf_read
		_pf_write
		_inicializa_SPI
		_leitura_chave
 This function uses a non-reentrant model


 *************** function _escreve_caractere_lcd *****************
 Defined at:
		line 323 in file "bibliotecas/display_lcd.c"
 Parameters:    Size  Location     Type
  data            1    wreg     unsigned char 
 Auto vars:     Size  Location     Type
  data            1   27[COMRAM] unsigned char 
 Return value:  Size  Location     Type
                  1    wreg      void 
 Registers used:
		wreg, status,2, status,0, cstack
 Tracked objects:
		On entry : 
		On exit  : 
		Unchanged: 
 Data sizes:     COMRAM   BANK0   BANK1   BANK2   BANK3   BANK4   BANK5   BANK6   BANK7
      Params:         0       0       0       0       0       0       0       0       0
      Locals:         1       0       0       0       0       0       0       0       0
      Temps:          0       0       0       0       0       0       0       0       0
      Totals:         1       0       0       0       0       0       0       0       0
Total ram usage:        1 bytes
 Hardware stack levels used:    1
 Hardware stack levels required when called:    3
 This function calls:
		_delay
 This function is called by:
		_escreve_frase_ram_lcd
		_escreve_float_lcd
		_escreve_frase_lcd
		_cria_caractere_lcd
 This function uses a non-reentrant model


 *************** function _delay *****************
 Defined at:
		line 45 in file "bibliotecas/display_lcd.c"
 Parameters:    Size  Location     Type
		None
 Auto vars:     Size  Location     Type
  contador_int    1   26[COMRAM] unsigned char 
  contador_ext    1   25[COMRAM] unsigned char 
 Return value:  Size  Location     Type
                  1    wreg      void 
 Registers used:
		wreg, status,2, status,0
 Tracked objects:
		On entry : 
		On exit  : 
		Unchanged: 
 Data sizes:     COMRAM   BANK0   BANK1   BANK2   BANK3   BANK4   BANK5   BANK6   BANK7
      Params:         0       0       0       0       0       0       0       0       0
      Locals:         2       0       0       0       0       0       0       0       0
      Temps:          0       0       0       0       0       0       0       0       0
      Totals:         2       0       0       0       0       0       0       0       0
Total ram usage:        2 bytes
 Hardware stack levels used:    1
 Hardware stack levels required when called:    2
 This function calls:
		Nothing
 This function is called by:
		_init_lcd
		_escreve_cmd_lcd
		_endereco_cursor_lcd
		_escreve_caractere_lcd
 This function uses a non-reentrant model


 *************** function _isr *****************
 Defined at:
		line 96 in file "main.c"
 Parameters:    Size  Location     Type
		None
 Auto vars:     Size  Location     Type
  cont            1   24[COMRAM] unsigned char 
 Return value:  Size  Location     Type
                  1    wreg      void 
 Registers used:
		wreg, fsr2l, fsr2h, status,2, status,0, prodl, prodh, cstack
 Tracked objects:
		On entry : 
		On exit  : 
		Unchanged: 
 Data sizes:     COMRAM   BANK0   BANK1   BANK2   BANK3   BANK4   BANK5   BANK6   BANK7
      Params:         0       0       0       0       0       0       0       0       0
      Locals:         1       0       0       0       0       0       0       0       0
      Temps:         20       0       0       0       0       0       0       0       0
      Totals:        21       0       0       0       0       0       0       0       0
Total ram usage:       21 bytes
 Hardware stack levels used:    1
 Hardware stack levels required when called:    1
 This function calls:
		_recebe_dado_uart
		_tratamento_uart
		i2_write_timer_zero
 This function is called by:
		Interrupt level 2
 This function uses a non-reentrant model


 *************** function i2_write_timer_zero *****************
 Defined at:
		line 138 in file "bibliotecas/hardware.c"
 Parameters:    Size  Location     Type
  timer0          2    0[COMRAM] unsigned int 
 Auto vars:     Size  Location     Type
  write_timer_    2    2[COMRAM] struct Timers
 Return value:  Size  Location     Type
                  1    wreg      void 
 Registers used:
		None
 Tracked objects:
		On entry : 
		On exit  : 
		Unchanged: 
 Data sizes:     COMRAM   BANK0   BANK1   BANK2   BANK3   BANK4   BANK5   BANK6   BANK7
      Params:         2       0       0       0       0       0       0       0       0
      Locals:         2       0       0       0       0       0       0       0       0
      Temps:          0       0       0       0       0       0       0       0       0
      Totals:         4       0       0       0       0       0       0       0       0
Total ram usage:        4 bytes
 Hardware stack levels used:    1
 This function calls:
		Nothing
 This function is called by:
		_isr
 This function uses a non-reentrant model


 *************** function _tratamento_uart *****************
 Defined at:
		line 314 in file "bibliotecas/GPS.c"
 Parameters:    Size  Location     Type
  received_cha    1    wreg     unsigned char 
 Auto vars:     Size  Location     Type
  received_cha    1    0[COMRAM] unsigned char 
 Return value:  Size  Location     Type
                  1    wreg      void 
 Registers used:
		wreg, fsr2l, fsr2h, status,2, status,0, prodl, prodh
 Tracked objects:
		On entry : 
		On exit  : 
		Unchanged: 
 Data sizes:     COMRAM   BANK0   BANK1   BANK2   BANK3   BANK4   BANK5   BANK6   BANK7
      Params:         0       0       0       0       0       0       0       0       0
      Locals:         1       0       0       0       0       0       0       0       0
      Temps:          0       0       0       0       0       0       0       0       0
      Totals:         1       0       0       0       0       0       0       0       0
Total ram usage:        1 bytes
 Hardware stack levels used:    1
 This function calls:
		Nothing
 This function is called by:
		_isr
 This function uses a non-reentrant model


 *************** function _recebe_dado_uart *****************
 Defined at:
		line 138 in file "bibliotecas/uart.c"
 Parameters:    Size  Location     Type
		None
 Auto vars:     Size  Location     Type
		None
 Return value:  Size  Location     Type
                  1    wreg      unsigned char 
 Registers used:
		wreg, status,2
 Tracked objects:
		On entry : 
		On exit  : 
		Unchanged: 
 Data sizes:     COMRAM   BANK0   BANK1   BANK2   BANK3   BANK4   BANK5   BANK6   BANK7
      Params:         0       0       0       0       0       0       0       0       0
      Locals:         0       0       0       0       0       0       0       0       0
      Temps:          0       0       0       0       0       0       0       0       0
      Totals:         0       0       0       0       0       0       0       0       0
Total ram usage:        0 bytes
 Hardware stack levels used:    1
 This function calls:
		Nothing
 This function is called by:
		_isr
		_recebe_string_uart
 This function uses a non-reentrant model



MODULE INFORMATION

Module		Function		Class		Link	Load	Size
bibliotecas/uart.c
		_recebe_dado_uart		CODE           	33C2	0000	19

bibliotecas/uart.c estimated size: 19

bibliotecas/chaves.c
		_leitura_chaves_sistema		CODE           	324E	0000	61

bibliotecas/chaves.c estimated size: 61

bibliotecas/diskio.c
		_reset         		CODE           	2CCA	0000	123
		_disk_initialize		CODE           	161C	0000	751
		_disk_writep   		CODE           	1FEC	0000	321
		_readover      		CODE           	3404	0000	11
		_disk_readp    		CODE           	12BA	0000	867

bibliotecas/diskio.c estimated size: 2073

bibliotecas/pff.c
		_get_clust     		CODE           	27CE	0000	201
		_get_fat       		CODE           	0B1A	0000	997
		_pf_write      		CODE           	0646	0000	1237
		_create_name   		CODE           	212C	0000	311
		_check_fs      		CODE           	1D44	0000	345
		_mem_set       		CODE           	32B6	0000	45
		_clust2sect    		CODE           	2896	0000	199
		_dir_next      		CODE           	1B88	0000	445
		_dir_rewind    		CODE           	2262	0000	299
		_pf_open       		CODE           	1E9C	0000	337
		_dir_find      		CODE           	26CE	0000	257
		_mem_cmp       		CODE           	2E28	0000	113
		_pf_read       		CODE           	0EFE	0000	957
		_follow_path   		CODE           	24B0	0000	273
		_pf_mount      		CODE           	0012	0000	1589

bibliotecas/pff.c estimated size: 7605

C:\Program Files (x86)\Microchip\xc8\v1.45\sources\common\lwmod.c
		___lwmod       		CODE           	3152	0000	67

C:\Program Files (x86)\Microchip\xc8\v1.45\sources\common\lwmod.c estimated size: 67

bibliotecas/SDCard.c
		_response      		CODE           	33EC	0000	13
		_dummy_clocks  		CODE           	3194	0000	63
		_SDCard        		CODE           	190A	0000	639
		_command       		CODE           	31D2	0000	63
		_proceed       		CODE           	33F8	0000	13

bibliotecas/SDCard.c estimated size: 791

C:\Program Files (x86)\Microchip\xc8\v1.45\sources\common\Umul32.c
		___lmul        		CODE           	2FCE	0000	87

C:\Program Files (x86)\Microchip\xc8\v1.45\sources\common\Umul32.c estimated size: 87

bibliotecas/hardware.c
		_init_hardware 		CODE           	3376	0000	23
		_config_timer_dois		CODE           	33D4	0000	13
		_config_timer_zero		CODE           	3344	0000	27
		_init_ports    		CODE           	335E	0000	25
		_write_timer_zero		CODE           	339E	0000	19
		_init_interrupt		CODE           	338C	0000	19
		_init_oscilador		CODE           	340E	0000	9

bibliotecas/hardware.c estimated size: 135

shared
		mensagem_inicial@F4009		MEDIUMCONST    	611F	0000	18
		leitura_chave@F3840		MEDIUMCONST    	60EC	0000	18
		leitura_chave@F3842		MEDIUMCONST    	60DB	0000	18
		leitura_chave@F3838		MEDIUMCONST    	60FD	0000	18
		_dpowers       		MEDIUMCONST    	6130	0000	11
		__initialization		CODE           	2D44	0000	101
		create_name@cvt		MEDIUMCONST    	605B	0000	129
		mensagem_inicial@F4011		MEDIUMCONST    	610E	0000	18
		i2_write_timer_zero		CODE           	33B0	0000	19

shared estimated size: 350

C:\Program Files (x86)\Microchip\xc8\v1.45\sources\common\lwdiv.c
		___lwdiv       		CODE           	3024	0000	83

C:\Program Files (x86)\Microchip\xc8\v1.45\sources\common\lwdiv.c estimated size: 83

C:\Program Files (x86)\Microchip\xc8\v1.45\sources\common\lldiv.c
		___lldiv       		CODE           	2BCE	0000	131

C:\Program Files (x86)\Microchip\xc8\v1.45\sources\common\lldiv.c estimated size: 131

bibliotecas/display_lcd.c
		_delay         		CODE           	32E2	0000	37
		_init_lcd      		CODE           	2AA4	0000	159
		_endereco_cursor_lcd		CODE           	2F08	0000	107
		_escreve_cmd_lcd		CODE           	2B42	0000	141
		_posicao_cursor_lcd		CODE           	2E98	0000	113
		_escreve_caractere_lcd		CODE           	2DB6	0000	115
		_escreve_frase_ram_lcd		CODE           	3076	0000	83
		_escreve_inteiro_lcd		CODE           	3210	0000	63

bibliotecas/display_lcd.c estimated size: 818

main.c
		_main          		CODE           	328A	0000	45
		_isr           		CODE           	0008	0000	299
		_escalonador   		CODE           	295C	0000	165
		_mensagem_inicial		CODE           	2C50	0000	123
		_inicializa_tarefas		CODE           	3306	0000	33

main.c estimated size: 665

C:\Program Files (x86)\Microchip\xc8\v1.45\sources\common\itoa.c
		_itoa          		CODE           	310E	0000	69
		_utoa          		CODE           	2A00	0000	165

C:\Program Files (x86)\Microchip\xc8\v1.45\sources\common\itoa.c estimated size: 234

bibliotecas/GPS.c
		_tratamento_uart		CODE           	25C0	0000	271

bibliotecas/GPS.c estimated size: 271

bibliotecas/SHRC.c
		_recebe_dado_SPI		CODE           	2F72	0000	93
		_inicializa_shrc		CODE           	33E0	0000	13
		_escreve_dado_SPI		CODE           	30C8	0000	71

bibliotecas/SHRC.c estimated size: 177

