Microchip MPLAB XC8 Compiler V2.30

Linker command line:

-W-3 --edf=C:\Program Files\Microchip\xc8\v2.30\pic\dat\en_msgs.txt -cn \
  -h+dist/default/production\TCC_telemetria.X.production.sym \
  --cmf=dist/default/production\TCC_telemetria.X.production.cmf -z \
  -Q18F4550 -oC:\Users\Felipe\AppData\Local\Temp\s3gsx2 \
  -Mdist/default/production/TCC_telemetria.X.production.map -E1 \
  -ver=XC8 Compiler -ASTACK=0501h-07FFh -pstack=STACK -ACODE=00h-0627Fh \
  -ACONST=00h-0627Fh -ASMALLCONST=0800h-08FFhx90,06200h-0627Fh \
  -AMEDIUMCONST=0800h-0627Fh -ACOMRAM=01h-05Fh -AABS1=00h-07FFh \
  -ABIGRAM=01h-07FFh -ARAM=060h-0FFh,0100h-01FFhx7 -ABANK0=060h-0FFh \
  -ABANK1=0100h-01FFh -ABANK2=0200h-02FFh -ABANK3=0300h-03FFh \
  -ABANK4=0400h-04FFh -ABANK5=0500h-05FFh -ABANK6=0600h-06FFh \
  -ABANK7=0700h-07FFh -ASFR=0F60h-0FFFh -ACONFIG=0300000h-030000Dh \
  -AIDLOC=0200000h-0200007h -AEEDATA=0F00000h-0F000FFh -peeprom_data=EEDATA \
  -preset_vec=00h,intcode=08h,intcodelo,powerup,init -pramtop=0800h \
  -psmallconst=SMALLCONST -pmediumconst=MEDIUMCONST -pconst=CONST \
  -AFARRAM=00h-00h \
  -prdata=COMRAM,nvrram=COMRAM,nvbit=COMRAM,rbss=COMRAM,rbit=COMRAM \
  -pfarbss=FARRAM,fardata=FARRAM,nvFARRAM=FARRAM \
  -pintsave_regs=BIGRAM,bigbss=BIGRAM,bigdata=BIGRAM -pbss=RAM \
  -pidata=CODE,irdata=CODE,ibigdata=CODE,ifardata=CODE -prparam=COMRAM \
  C:\Users\Felipe\AppData\Local\Temp\s3gsx8.obj \
  dist/default/production\TCC_telemetria.X.production.obj 

Object code version is 3.11

Machine type is 18F4550



                Name                               Link     Load   Length Selector   Space Scale
C:\Users\Felipe\AppData\Local\Temp\s3gsx8.obj
                idloc                            200000   200000        8        0       5
                config                           300000   300000        E        0       4
                init                                  E        E        4        4       0
                reset_vec                             0        0        4        0       0
dist/default/production\TCC_telemetria.X.production.obj
                intcode                               8        8        6        4       0
                idloc                            200000   200000        8        0       5
                config                           300000   300000        E        0       4
                temp                                 47       47        1        1       1
                mediumconst                        6088     6088      1F8     3044       0
                text138                            5528     5528       4A        4       0
                text137                            5602     5602       46        4       0
                text136                            2324     2324      22A        4       0
                text135                            5E14     5E14       12        4       0
                text134                            5EE6     5EE6        A        4       0
                intcode_body                       3E56     3E56      118        4       0
                text132                            5B5C     5B5C       24        4       0
                text131                            5E46     5E46       10        4       0
                text130                            5DA8     5DA8       1A        4       0
                text129                            2770     2770      214        4       0
                text128                            58B8     58B8       36        4       0
                text127                            4684     4684       AE        4       0
                text126                            3998     3998      14E        4       0
                text125                            5D3E     5D3E       1C        4       0
                text124                            5C8C     5C8C       20        4       0
                text123                            5CE8     5CE8       1E        4       0
                text122                            59AA     59AA       2C        4       0
                text121                            42EC     42EC       C8        4       0
                text120                            5DEE     5DEE       14        4       0
                text119                            5E80     5E80        E        4       0
                text118                            5D22     5D22       1C        4       0
                text117                            5756     5756       42        4       0
                text116                            2984     2984      206        4       0
                text115                            52F4     52F4       56        4       0
                text114                            5A2A     5A2A       2A        4       0
                text113                            5C2A     5C2A       22        4       0
                text112                            5B38     5B38       24        4       0
                text111                            5C08     5C08       22        4       0
                text110                            5BE6     5BE6       22        4       0
                text109                            5BC4     5BC4       22        4       0
                text108                            5BA2     5BA2       22        4       0
                text107                            3842     3842      156        4       0
                text106                            5C6C     5C6C       20        4       0
                text105                            5EB2     5EB2        C        4       0
                text104                            57D8     57D8       3C        4       0
                text103                            5E36     5E36       10        4       0
                text102                            5882     5882       36        4       0
                text101                            51EC     51EC       5A        4       0
                text100                            5EA6     5EA6        C        4       0
                text99                             5E9A     5E9A        C        4       0
                text98                             3D32     3D32      124        4       0
                text97                             4F94     4F94       70        4       0
                text96                             2D46     2D46      1B6        4       0
                text95                             548E     548E       4E        4       0
                text94                             30B0     30B0      1AA        4       0
                text93                             53EE     53EE       52        4       0
                text92                             5E26     5E26       10        4       0
                text91                             5920     5920       30        4       0
                text90                             55BA     55BA       48        4       0
                text89                             3C0E     3C0E      124        4       0
                text88                             5A00     5A00       2A        4       0
                text87                             4EA0     4EA0       82        4       0
                text86                             5ACA     5ACA       26        4       0
                text85                             254E     254E      222        4       0
                text84                             20BE     20BE      266        4       0
                text83                             33F8     33F8      18C        4       0
                text82                              AE4      AE4      48A        4       0
                text81                             5572     5572       48        4       0
                text80                             529E     529E       56        4       0
                text79                             4A4A     4A4A       92        4       0
                text78                             4E1E     4E1E       82        4       0
                text77                             5CCA     5CCA       1E        4       0
                text76                             4F22     4F22       72        4       0
                text75                             539C     539C       52        4       0
                text74                             5004     5004       6A        4       0
                text73                             5134     5134       5E        4       0
                text72                             4ADC     4ADC       90        4       0
                text71                             161E     161E      300        4       0
                text70                             5AA4     5AA4       26        4       0
                text69                             597E     597E       2C        4       0
                text68                              59C      59C      548        4       0
                text67                             56D0     56D0       44        4       0
                text66                             491A     491A       9C        4       0
                text65                             4472     4472       B2        4       0
                text64                             3584     3584      164        4       0
                text63                             1E50     1E50      26E        4       0
                text62                             36E8     36E8      15A        4       0
                text61                             1BD8     1BD8      278        4       0
                text60                             12EC     12EC      332        4       0
                text59                             506E     506E       66        4       0
                text58                               12       12      58A        4       0
                text57                             5798     5798       40        4       0
                text56                             4D10     4D10       8A        4       0
                text55                              F6E      F6E      37E        4       0
                text54                             59D6     59D6       2A        4       0
                text53                             568C     568C       44        4       0
                text52                             3AE6     3AE6      128        4       0
                text51                             5EDC     5EDC        A        4       0
                text50                             5E8E     5E8E        C        4       0
                text49                             5E72     5E72        E        4       0
                text48                             5C4C     5C4C       20        4       0
                text47                             4220     4220       CC        4       0
                text46                             3F6E     3F6E      10A        4       0
                text45                             5B80     5B80       22        4       0
                text44                             5B14     5B14       24        4       0
                text43                             5A7C     5A7C       28        4       0
                text42                             5ED2     5ED2        A        4       0
                text41                             5950     5950       2E        4       0
                text40                             5D8E     5D8E       1A        4       0
                text39                             5EC8     5EC8        A        4       0
                text38                             5D74     5D74       1A        4       0
                text37                             5CAC     5CAC       1E        4       0
                text36                             43B4     43B4       BE        4       0
                text35                             5246     5246       58        4       0
                text34                             4078     4078       D8        4       0
                text33                             4150     4150       D0        4       0
                text32                             2EFC     2EFC      1B4        4       0
                text31                             2B8A     2B8A      1BC        4       0
                text30                             45D4     45D4       B0        4       0
                text29                             4524     4524       B0        4       0
                text28                             4D9A     4D9A       84        4       0
                text27                             4C84     4C84       8C        4       0
                text26                             534A     534A       52        4       0
                text25                             5714     5714       42        4       0
                text24                             49B6     49B6       94        4       0
                text23                             58EE     58EE       32        4       0
                text22                             584C     584C       36        4       0
                text21                             5DD8     5DD8       16        4       0
                text20                             5814     5814       38        4       0
                text19                             325A     325A      19E        4       0
                text18                             5192     5192       5A        4       0
                text17                             5648     5648       44        4       0
                text16                             4BF8     4BF8       8C        4       0
                text15                             5440     5440       4E        4       0
                text14                             5A54     5A54       28        4       0
                text13                             54DC     54DC       4C        4       0
                text12                             191E     191E      2BA        4       0
                text11                             4732     4732       A6        4       0
                text10                             50D4     50D4       60        4       0
                text9                              5E64     5E64        E        4       0
                text8                              5EBE     5EBE        A        4       0
                text7                              5D5A     5D5A       1A        4       0
                text6                              5E02     5E02       12        4       0
                text5                              5EF0     5EF0        8        4       0
                text4                              5D06     5D06       1C        4       0
                text3                              5DC2     5DC2       16        4       0
                text2                              487C     487C       9E        4       0
                text1                              4B6C     4B6C       8C        4       0
                text0                              5AF0     5AF0       24        4       0
                cstackCOMRAM                          1        1       31        1       1
                cstackBANK0                          60       60       97       60       1
                cstackBANK2                         2B1      2B1       22      200       1
                bssBIGRAM                           2E1      2E1      220      2E1       1
                dataBANK2                           2D3      2D3        E      200       1
                bssBANK2                            200      200       B1      200       1
                dataBANK1                           1FC      1FC        3      100       1
                bssBANK1                            100      100       FC      100       1
                dataBANK0                            FD       FD        1       60       1
                bssBANK0                             F7       F7        6       60       1
                bssCOMRAM                            32       32       15        1       1
                cinit                              47D8     47D8       A4        4       0
                idataBANK2                         5E56     5E56        E        4       0
                idataBANK1                         5EF8     5EF8        3        4       0
                idataBANK0                         5EFB     5EFB        1        4       0

TOTAL           Name                               Link     Load   Length     Space
        CLASS   STACK          

        CLASS   CODE           
                intcode                               8        8        6         0
                init                                  E        E        4         0
                reset_vec                             0        0        4         0
                text138                            5528     5528       4A         0
                text137                            5602     5602       46         0
                text136                            2324     2324      22A         0
                text135                            5E14     5E14       12         0
                text134                            5EE6     5EE6        A         0
                intcode_body                       3E56     3E56      118         0
                text132                            5B5C     5B5C       24         0
                text131                            5E46     5E46       10         0
                text130                            5DA8     5DA8       1A         0
                text129                            2770     2770      214         0
                text128                            58B8     58B8       36         0
                text127                            4684     4684       AE         0
                text126                            3998     3998      14E         0
                text125                            5D3E     5D3E       1C         0
                text124                            5C8C     5C8C       20         0
                text123                            5CE8     5CE8       1E         0
                text122                            59AA     59AA       2C         0
                text121                            42EC     42EC       C8         0
                text120                            5DEE     5DEE       14         0
                text119                            5E80     5E80        E         0
                text118                            5D22     5D22       1C         0
                text117                            5756     5756       42         0
                text116                            2984     2984      206         0
                text115                            52F4     52F4       56         0
                text114                            5A2A     5A2A       2A         0
                text113                            5C2A     5C2A       22         0
                text112                            5B38     5B38       24         0
                text111                            5C08     5C08       22         0
                text110                            5BE6     5BE6       22         0
                text109                            5BC4     5BC4       22         0
                text108                            5BA2     5BA2       22         0
                text107                            3842     3842      156         0
                text106                            5C6C     5C6C       20         0
                text105                            5EB2     5EB2        C         0
                text104                            57D8     57D8       3C         0
                text103                            5E36     5E36       10         0
                text102                            5882     5882       36         0
                text101                            51EC     51EC       5A         0
                text100                            5EA6     5EA6        C         0
                text99                             5E9A     5E9A        C         0
                text98                             3D32     3D32      124         0
                text97                             4F94     4F94       70         0
                text96                             2D46     2D46      1B6         0
                text95                             548E     548E       4E         0
                text94                             30B0     30B0      1AA         0
                text93                             53EE     53EE       52         0
                text92                             5E26     5E26       10         0
                text91                             5920     5920       30         0
                text90                             55BA     55BA       48         0
                text89                             3C0E     3C0E      124         0
                text88                             5A00     5A00       2A         0
                text87                             4EA0     4EA0       82         0
                text86                             5ACA     5ACA       26         0
                text85                             254E     254E      222         0
                text84                             20BE     20BE      266         0
                text83                             33F8     33F8      18C         0
                text82                              AE4      AE4      48A         0
                text81                             5572     5572       48         0
                text80                             529E     529E       56         0
                text79                             4A4A     4A4A       92         0
                text78                             4E1E     4E1E       82         0
                text77                             5CCA     5CCA       1E         0
                text76                             4F22     4F22       72         0
                text75                             539C     539C       52         0
                text74                             5004     5004       6A         0
                text73                             5134     5134       5E         0
                text72                             4ADC     4ADC       90         0
                text71                             161E     161E      300         0
                text70                             5AA4     5AA4       26         0
                text69                             597E     597E       2C         0
                text68                              59C      59C      548         0
                text67                             56D0     56D0       44         0
                text66                             491A     491A       9C         0
                text65                             4472     4472       B2         0
                text64                             3584     3584      164         0
                text63                             1E50     1E50      26E         0
                text62                             36E8     36E8      15A         0
                text61                             1BD8     1BD8      278         0
                text60                             12EC     12EC      332         0
                text59                             506E     506E       66         0
                text58                               12       12      58A         0
                text57                             5798     5798       40         0
                text56                             4D10     4D10       8A         0
                text55                              F6E      F6E      37E         0
                text54                             59D6     59D6       2A         0
                text53                             568C     568C       44         0
                text52                             3AE6     3AE6      128         0
                text51                             5EDC     5EDC        A         0
                text50                             5E8E     5E8E        C         0
                text49                             5E72     5E72        E         0
                text48                             5C4C     5C4C       20         0
                text47                             4220     4220       CC         0
                text46                             3F6E     3F6E      10A         0
                text45                             5B80     5B80       22         0
                text44                             5B14     5B14       24         0
                text43                             5A7C     5A7C       28         0
                text42                             5ED2     5ED2        A         0
                text41                             5950     5950       2E         0
                text40                             5D8E     5D8E       1A         0
                text39                             5EC8     5EC8        A         0
                text38                             5D74     5D74       1A         0
                text37                             5CAC     5CAC       1E         0
                text36                             43B4     43B4       BE         0
                text35                             5246     5246       58         0
                text34                             4078     4078       D8         0
                text33                             4150     4150       D0         0
                text32                             2EFC     2EFC      1B4         0
                text31                             2B8A     2B8A      1BC         0
                text30                             45D4     45D4       B0         0
                text29                             4524     4524       B0         0
                text28                             4D9A     4D9A       84         0
                text27                             4C84     4C84       8C         0
                text26                             534A     534A       52         0
                text25                             5714     5714       42         0
                text24                             49B6     49B6       94         0
                text23                             58EE     58EE       32         0
                text22                             584C     584C       36         0
                text21                             5DD8     5DD8       16         0
                text20                             5814     5814       38         0
                text19                             325A     325A      19E         0
                text18                             5192     5192       5A         0
                text17                             5648     5648       44         0
                text16                             4BF8     4BF8       8C         0
                text15                             5440     5440       4E         0
                text14                             5A54     5A54       28         0
                text13                             54DC     54DC       4C         0
                text12                             191E     191E      2BA         0
                text11                             4732     4732       A6         0
                text10                             50D4     50D4       60         0
                text9                              5E64     5E64        E         0
                text8                              5EBE     5EBE        A         0
                text7                              5D5A     5D5A       1A         0
                text6                              5E02     5E02       12         0
                text5                              5EF0     5EF0        8         0
                text4                              5D06     5D06       1C         0
                text3                              5DC2     5DC2       16         0
                text2                              487C     487C       9E         0
                text1                              4B6C     4B6C       8C         0
                text0                              5AF0     5AF0       24         0
                cinit                              47D8     47D8       A4         0
                idataBANK2                         5E56     5E56        E         0
                idataBANK1                         5EF8     5EF8        3         0
                idataBANK0                         5EFB     5EFB        1         0

        CLASS   CONST          

        CLASS   SMALLCONST     

        CLASS   MEDIUMCONST    
                mediumconst                        6088     6088      1F8         0

        CLASS   COMRAM         
                temp                                 47       47        1         1
                cstackCOMRAM                          1        1       31         1
                bssCOMRAM                            32       32       15         1

        CLASS   ABS1           

        CLASS   BIGRAM         
                bssBIGRAM                           2E1      2E1      220         1

        CLASS   RAM            

        CLASS   BANK0          
                cstackBANK0                          60       60       97         1
                dataBANK0                            FD       FD        1         1
                bssBANK0                             F7       F7        6         1

        CLASS   BANK1          
                dataBANK1                           1FC      1FC        3         1
                bssBANK1                            100      100       FC         1

        CLASS   BANK2          
                cstackBANK2                         2B1      2B1       22         1
                dataBANK2                           2D3      2D3        E         1
                bssBANK2                            200      200       B1         1

        CLASS   BANK3          

        CLASS   BANK4          

        CLASS   BANK5          

        CLASS   BANK6          

        CLASS   BANK7          

        CLASS   SFR            

        CLASS   CONFIG         
                config                           300000   300000        E         4

        CLASS   IDLOC          
                idloc                            200000   200000        8         5

        CLASS   EEDATA         

        CLASS   FARRAM         



SEGMENTS        Name                           Load    Length   Top    Selector   Space  Class

                reset_vec                      000000  000004  000004         0       0  CODE    
                cstackCOMRAM                   000001  000047  000048         1       1  COMRAM  
                intcode                        000008  005EF4  005EFC         4       0  CODE    
                cstackBANK0                    000060  00009E  0000FE        60       1  BANK0   
                bssBANK1                       000100  0000FF  0001FF       100       1  BANK1   
                bssBANK2                       000200  0000E1  0002E1       200       1  BANK2   
                bssBIGRAM                      0002E1  000220  000501       2E1       1  BIGRAM  
                mediumconst                    006088  0001F8  006280      3044       0  MEDIUMCO


UNUSED ADDRESS RANGES

        Name                Unused          Largest block    Delta
        BANK0            0000FE-0000FF                2
        BANK1            0001FF-0001FF                1
        BANK5            000501-0005FF               FF
        BANK6            000600-0006FF              100
        BANK7            000700-0007FF              100
        BIGRAM           000048-00005F               18
                         0000FE-0000FF                2
                         0001FF-0001FF                1
                         000501-0007FF              2FF
        CODE             000004-000007                4
                         005EFC-006087              18C
        COMRAM           000048-00005F               18
        CONST            000004-000007                4
                         005EFC-006087              18C
        EEDATA           F00000-F000FF              100
        MEDIUMCONST      005EFC-006087              18C
        RAM              0000FE-0000FF                2
                         0001FF-0001FF                1
                         000501-0007FF              100
        SFR              000F60-000FFF               A0
        SMALLCONST       005EFC-006087              100
        STACK            000501-0007FF              2FF

                                  Symbol Table

?_GPSDay                                    cstackCOMRAM 000019
?_GPSHour                                   cstackCOMRAM 000019
?_GPSMinute                                 cstackCOMRAM 000019
?_GPSMonth                                  cstackCOMRAM 000019
?_GPSSecond                                 cstackCOMRAM 000019
?_GPSyear                                   cstackCOMRAM 000019
?_Latitude                                  cstackCOMRAM 000019
?_Longitude                                 cstackCOMRAM 000019
?___aldiv                                   cstackCOMRAM 000019
?___lldiv                                   cstackCOMRAM 000019
?___llmod                                   cstackCOMRAM 000019
?___lmul                                    cstackCOMRAM 000019
?___lwdiv                                   cstackCOMRAM 000019
?___lwmod                                   cstackCOMRAM 000019
?___wmul                                    cstackCOMRAM 000019
?_atoi                                      cstackCOMRAM 00001F
?_clust2sect                                cstackCOMRAM 000025
?_create_chain                              cstackBANK0  0000A0
?_diff_calc                                 cstackCOMRAM 000026
?_fix                                       cstackCOMRAM 000019
?_fprintf                                   cstackBANK0  0000D9
?_fputc                                     cstackBANK0  0000CC
?_fputs                                     cstackBANK0  0000D3
?_get_cluster                               cstackBANK0  000088
?_get_fattime                               cstackCOMRAM 00001D
?_memcmp                                    cstackCOMRAM 000019
?_strcmp                                    cstackCOMRAM 000001
?_strlen                                    cstackCOMRAM 000019
GPSRead@buff                                cstackCOMRAM 00000A
GPSRead@c                                   cstackCOMRAM 00000B
MCP2515_RECEBE@buf                          cstackBANK0  000071
MCP2515_RECEBE@id                           cstackBANK0  00006D
MCP2515_RECEBE@len                          cstackBANK0  00006F
MPC2515_SPI@data                            cstackCOMRAM 000019
_ADCON0                                     (abs)        000FC2
_ADCON1                                     (abs)        000FC1
_BRGH                                       (abs)        007D62
_CREN                                       (abs)        007D5C
_FatFs                                      bssCOMRAM    000037
_GPGGA_ok                                   bssBANK1     00012C
_GPRMC_ok                                   bssBANK1     00012E
_GPSDay                                     text113      005C2A
_GPSHour                                    text112      005B38
_GPSMinute                                  text111      005C08
_GPSMonth                                   text110      005BE6
_GPSRead                                    text136      002324
_GPSSecond                                  text109      005BC4
_GPSyear                                    text108      005BA2
_INT0IE                                     (abs)        007F94
_INT0IF                                     (abs)        007F91
_INTCON                                     (abs)        000FF2
_INTCON2                                    (abs)        000FF1
_INTCON2bits                                (abs)        000FF1
_INTCON3                                    (abs)        000FF0
_INTCONbits                                 (abs)        000FF2
_LATB                                       (abs)        000F8A
_LATBbits                                   (abs)        000F8A
_LATCbits                                   (abs)        000F8B
_Latitude                                   text42       005ED2
_Longitude                                  text39       005EC8
_MCP2515_INIT                               text118      005D22
_MCP2515_RECEBE                             text15       005440
_MCPCS                                      bssBANK0     0000F7
_MPC2515_SPI                                text131      005E46
_OSCCONbits                                 (abs)        000FD3
_PCL                                        (abs)        000FF9
_PCLATH                                     (abs)        000FFA
_PIE1                                       (abs)        000F9D
_PIE1bits                                   (abs)        000F9D
_PIR1bits                                   (abs)        000F9E
_PORTBbits                                  (abs)        000F81
_PORTDbits                                  (abs)        000F83
_PORTEbits                                  (abs)        000F84
_PR2                                        (abs)        000FCB
_RCIF                                       (abs)        007CF5
_RCREG                                      (abs)        000FAE
_RCSTA                                      (abs)        000FAB
_RCSTAbits                                  (abs)        000FAB
_SPBRG                                      (abs)        000FAF
_SPEN                                       (abs)        007D5F
_SPI1_Initialize                            text132      005B5C
_SPPCFG                                     (abs)        000F63
_SPPCON                                     (abs)        000F65
_SSPADD                                     (abs)        000FC8
_SSPBUF                                     (abs)        000FC9
_SSPCON1                                    (abs)        000FC6
_SSPCON1bits                                (abs)        000FC6
_SSPSTAT                                    (abs)        000FC7
_SSPSTATbits                                (abs)        000FC7
_SYNC                                       (abs)        007D64
_SentenceType                               bssCOMRAM    000044
_T0CON                                      (abs)        000FD5
_T0CONbits                                  (abs)        000FD5
_T0IF                                       (abs)        007F92
_T2CON                                      (abs)        000FCA
_TMR0                                       (abs)        000FD6
_TMR0IF                                     (abs)        007F92
_TMR2                                       (abs)        000FCC
_TRISA                                      (abs)        000F92
_TRISAbits                                  (abs)        000F92
_TRISB                                      (abs)        000F93
_TRISBbits                                  (abs)        000F93
_TRISC                                      (abs)        000F94
_TRISCbits                                  (abs)        000F94
_TRISD                                      (abs)        000F95
_TRISDbits                                  (abs)        000F95
_TRISE                                      (abs)        000F96
_TXEN                                       (abs)        007D65
_TXSTA                                      (abs)        000FAC
_Term                                       bssCOMRAM    000043
__HRAM                                      (abs)        000000
__Habs1                                     abs1         000000
__Hbank0                                    bank0        000000
__Hbank1                                    bank1        000000
__Hbank2                                    bank2        000000
__Hbank3                                    bank3        000000
__Hbank4                                    bank4        000000
__Hbank5                                    bank5        000000
__Hbank6                                    bank6        000000
__Hbank7                                    bank7        000000
__Hbigbss                                   bigbss       000000
__Hbigdata                                  bigdata      000000
__Hbigram                                   bigram       000000
__Hbss                                      bss          000000
__HbssBANK0                                 bssBANK0     000000
__HbssBANK1                                 bssBANK1     000000
__HbssBANK2                                 bssBANK2     000000
__HbssBIGRAM                                bssBIGRAM    000000
__HbssCOMRAM                                bssCOMRAM    000000
__Hcinit                                    cinit        000000
__Hclrtext                                  clrtext      000000
__Hcomram                                   comram       000000
__Hconfig                                   config       30000E
__Hconst                                    const        000000
__HcstackBANK0                              cstackBANK0  000000
__HcstackBANK2                              cstackBANK2  000000
__HcstackCOMRAM                             cstackCOMRAM 000000
__Hdata                                     data         000000
__HdataBANK0                                dataBANK0    000000
__HdataBANK1                                dataBANK1    000000
__HdataBANK2                                dataBANK2    000000
__Heeprom_data                              eeprom_data  000000
__Hfarbss                                   farbss       000000
__Hfardata                                  fardata      000000
__Hibigdata                                 ibigdata     000000
__Hidata                                    idata        000000
__HidataBANK0                               idataBANK0   000000
__HidataBANK1                               idataBANK1   000000
__HidataBANK2                               idataBANK2   000000
__Hidloc                                    idloc        200008
__Hifardata                                 ifardata     000000
__Hinit                                     init         000012
__Hintcode                                  intcode      00000E
__Hintcode_body                             intcode_body 000000
__Hintcodelo                                intcodelo    00000E
__Hintentry                                 intentry     000000
__Hintret                                   intret       000000
__Hintsave_regs                             intsave_regs 000000
__Hirdata                                   irdata       000000
__Hmediumconst                              mediumconst  006280
__HnvFARRAM                                 nvFARRAM     000000
__Hnvbit                                    nvbit        000000
__Hnvrram                                   nvrram       000000
__Hparam                                    rparam       000000
__Hpowerup                                  powerup      00000E
__Hram                                      ram          000000
__Hramtop                                   ramtop       000800
__Hrbit                                     rbit         000000
__Hrbss                                     rbss         000000
__Hrdata                                    rdata        000000
__Hreset_vec                                reset_vec    000004
__Hrparam                                   rparam       000000
__Hsfr                                      sfr          000000
__Hsmallconst                               smallconst   000000
__Hspace_0                                  (abs)        006280
__Hspace_1                                  (abs)        000501
__Hspace_2                                  (abs)        000000
__Hspace_4                                  (abs)        60000E
__Hstack                                    stack        000000
__Hstruct                                   struct       000000
__Htemp                                     temp         000048
__Htext                                     text         000000
__Htext0                                    text0        000000
__Htext1                                    text1        000000
__Htext10                                   text10       000000
__Htext100                                  text100      000000
__Htext101                                  text101      000000
__Htext102                                  text102      000000
__Htext103                                  text103      000000
__Htext104                                  text104      000000
__Htext105                                  text105      000000
__Htext106                                  text106      000000
__Htext107                                  text107      000000
__Htext108                                  text108      000000
__Htext109                                  text109      000000
__Htext11                                   text11       000000
__Htext110                                  text110      000000
__Htext111                                  text111      000000
__Htext112                                  text112      000000
__Htext113                                  text113      000000
__Htext114                                  text114      000000
__Htext115                                  text115      000000
__Htext116                                  text116      000000
__Htext117                                  text117      000000
__Htext118                                  text118      000000
__Htext119                                  text119      000000
__Htext12                                   text12       000000
__Htext120                                  text120      000000
__Htext121                                  text121      000000
__Htext122                                  text122      000000
__Htext123                                  text123      000000
__Htext124                                  text124      000000
__Htext125                                  text125      000000
__Htext126                                  text126      000000
__Htext127                                  text127      000000
__Htext128                                  text128      000000
__Htext129                                  text129      000000
__Htext13                                   text13       000000
__Htext130                                  text130      000000
__Htext131                                  text131      000000
__Htext132                                  text132      000000
__Htext134                                  text134      000000
__Htext135                                  text135      000000
__Htext136                                  text136      000000
__Htext137                                  text137      000000
__Htext138                                  text138      000000
__Htext139                                  text139      000000
__Htext14                                   text14       000000
__Htext15                                   text15       000000
__Htext16                                   text16       000000
__Htext17                                   text17       000000
__Htext18                                   text18       000000
__Htext19                                   text19       000000
__Htext2                                    text2        000000
__Htext20                                   text20       000000
__Htext21                                   text21       000000
__Htext22                                   text22       000000
__Htext23                                   text23       000000
__Htext24                                   text24       000000
__Htext25                                   text25       000000
__Htext26                                   text26       000000
__Htext27                                   text27       000000
__Htext28                                   text28       000000
__Htext29                                   text29       000000
__Htext3                                    text3        000000
__Htext30                                   text30       000000
__Htext31                                   text31       000000
__Htext32                                   text32       000000
__Htext33                                   text33       000000
__Htext34                                   text34       000000
__Htext35                                   text35       000000
__Htext36                                   text36       000000
__Htext37                                   text37       000000
__Htext38                                   text38       000000
__Htext39                                   text39       000000
__Htext4                                    text4        000000
__Htext40                                   text40       000000
__Htext41                                   text41       000000
__Htext42                                   text42       000000
__Htext43                                   text43       000000
__Htext44                                   text44       000000
__Htext45                                   text45       000000
__Htext46                                   text46       000000
__Htext47                                   text47       000000
__Htext48                                   text48       000000
__Htext49                                   text49       000000
__Htext5                                    text5        000000
__Htext50                                   text50       000000
__Htext51                                   text51       000000
__Htext52                                   text52       000000
__Htext53                                   text53       000000
__Htext54                                   text54       000000
__Htext55                                   text55       000000
__Htext56                                   text56       000000
__Htext57                                   text57       000000
__Htext58                                   text58       000000
__Htext59                                   text59       000000
__Htext6                                    text6        000000
__Htext60                                   text60       000000
__Htext61                                   text61       000000
__Htext62                                   text62       000000
__Htext63                                   text63       000000
__Htext64                                   text64       000000
__Htext65                                   text65       000000
__Htext66                                   text66       000000
__Htext67                                   text67       000000
__Htext68                                   text68       000000
__Htext69                                   text69       000000
__Htext7                                    text7        000000
__Htext70                                   text70       000000
__Htext71                                   text71       000000
__Htext72                                   text72       000000
__Htext73                                   text73       000000
__Htext74                                   text74       000000
__Htext75                                   text75       000000
__Htext76                                   text76       000000
__Htext77                                   text77       000000
__Htext78                                   text78       000000
__Htext79                                   text79       000000
__Htext8                                    text8        000000
__Htext80                                   text80       000000
__Htext81                                   text81       000000
__Htext82                                   text82       000000
__Htext83                                   text83       000000
__Htext84                                   text84       000000
__Htext85                                   text85       000000
__Htext86                                   text86       000000
__Htext87                                   text87       000000
__Htext88                                   text88       000000
__Htext89                                   text89       000000
__Htext9                                    text9        000000
__Htext90                                   text90       000000
__Htext91                                   text91       000000
__Htext92                                   text92       000000
__Htext93                                   text93       000000
__Htext94                                   text94       000000
__Htext95                                   text95       000000
__Htext96                                   text96       000000
__Htext97                                   text97       000000
__Htext98                                   text98       000000
__Htext99                                   text99       000000
__LRAM                                      (abs)        000001
__Labs1                                     abs1         000000
__Lbank0                                    bank0        000000
__Lbank1                                    bank1        000000
__Lbank2                                    bank2        000000
__Lbank3                                    bank3        000000
__Lbank4                                    bank4        000000
__Lbank5                                    bank5        000000
__Lbank6                                    bank6        000000
__Lbank7                                    bank7        000000
__Lbigbss                                   bigbss       000000
__Lbigdata                                  bigdata      000000
__Lbigram                                   bigram       000000
__Lbss                                      bss          000000
__LbssBANK0                                 bssBANK0     000000
__LbssBANK1                                 bssBANK1     000000
__LbssBANK2                                 bssBANK2     000000
__LbssBIGRAM                                bssBIGRAM    000000
__LbssCOMRAM                                bssCOMRAM    000000
__Lcinit                                    cinit        000000
__Lclrtext                                  clrtext      000000
__Lcomram                                   comram       000000
__Lconfig                                   config       000000
__Lconst                                    const        000000
__LcstackBANK0                              cstackBANK0  000000
__LcstackBANK2                              cstackBANK2  000000
__LcstackCOMRAM                             cstackCOMRAM 000000
__Ldata                                     data         000000
__LdataBANK0                                dataBANK0    000000
__LdataBANK1                                dataBANK1    000000
__LdataBANK2                                dataBANK2    000000
__Leeprom_data                              eeprom_data  000000
__Lfarbss                                   farbss       000000
__Lfardata                                  fardata      000000
__Libigdata                                 ibigdata     000000
__Lidata                                    idata        000000
__LidataBANK0                               idataBANK0   000000
__LidataBANK1                               idataBANK1   000000
__LidataBANK2                               idataBANK2   000000
__Lidloc                                    idloc        000000
__Lifardata                                 ifardata     000000
__Linit                                     init         00000E
__Lintcode                                  intcode      000008
__Lintcode_body                             intcode_body 000000
__Lintcodelo                                intcodelo    00000E
__Lintentry                                 intentry     000000
__Lintret                                   intret       000000
__Lintsave_regs                             intsave_regs 000000
__Lirdata                                   irdata       000000
__Lmediumconst                              mediumconst  006088
__LnvFARRAM                                 nvFARRAM     000000
__Lnvbit                                    nvbit        000000
__Lnvrram                                   nvrram       000000
__Lparam                                    rparam       000000
__Lpowerup                                  powerup      00000E
__Lram                                      ram          000000
__Lramtop                                   ramtop       000800
__Lrbit                                     rbit         000000
__Lrbss                                     rbss         000000
__Lrdata                                    rdata        000000
__Lreset_vec                                reset_vec    000000
__Lrparam                                   rparam       000000
__Lsfr                                      sfr          000000
__Lsmallconst                               smallconst   000000
__Lspace_0                                  (abs)        000000
__Lspace_1                                  (abs)        000000
__Lspace_2                                  (abs)        000000
__Lspace_4                                  (abs)        000000
__Lstack                                    stack        000000
__Lstruct                                   struct       000000
__Ltemp                                     temp         000047
__Ltext                                     text         000000
__Ltext0                                    text0        000000
__Ltext1                                    text1        000000
__Ltext10                                   text10       000000
__Ltext100                                  text100      000000
__Ltext101                                  text101      000000
__Ltext102                                  text102      000000
__Ltext103                                  text103      000000
__Ltext104                                  text104      000000
__Ltext105                                  text105      000000
__Ltext106                                  text106      000000
__Ltext107                                  text107      000000
__Ltext108                                  text108      000000
__Ltext109                                  text109      000000
__Ltext11                                   text11       000000
__Ltext110                                  text110      000000
__Ltext111                                  text111      000000
__Ltext112                                  text112      000000
__Ltext113                                  text113      000000
__Ltext114                                  text114      000000
__Ltext115                                  text115      000000
__Ltext116                                  text116      000000
__Ltext117                                  text117      000000
__Ltext118                                  text118      000000
__Ltext119                                  text119      000000
__Ltext12                                   text12       000000
__Ltext120                                  text120      000000
__Ltext121                                  text121      000000
__Ltext122                                  text122      000000
__Ltext123                                  text123      000000
__Ltext124                                  text124      000000
__Ltext125                                  text125      000000
__Ltext126                                  text126      000000
__Ltext127                                  text127      000000
__Ltext128                                  text128      000000
__Ltext129                                  text129      000000
__Ltext13                                   text13       000000
__Ltext130                                  text130      000000
__Ltext131                                  text131      000000
__Ltext132                                  text132      000000
__Ltext134                                  text134      000000
__Ltext135                                  text135      000000
__Ltext136                                  text136      000000
__Ltext137                                  text137      000000
__Ltext138                                  text138      000000
__Ltext139                                  text139      000000
__Ltext14                                   text14       000000
__Ltext15                                   text15       000000
__Ltext16                                   text16       000000
__Ltext17                                   text17       000000
__Ltext18                                   text18       000000
__Ltext19                                   text19       000000
__Ltext2                                    text2        000000
__Ltext20                                   text20       000000
__Ltext21                                   text21       000000
__Ltext22                                   text22       000000
__Ltext23                                   text23       000000
__Ltext24                                   text24       000000
__Ltext25                                   text25       000000
__Ltext26                                   text26       000000
__Ltext27                                   text27       000000
__Ltext28                                   text28       000000
__Ltext29                                   text29       000000
__Ltext3                                    text3        000000
__Ltext30                                   text30       000000
__Ltext31                                   text31       000000
__Ltext32                                   text32       000000
__Ltext33                                   text33       000000
__Ltext34                                   text34       000000
__Ltext35                                   text35       000000
__Ltext36                                   text36       000000
__Ltext37                                   text37       000000
__Ltext38                                   text38       000000
__Ltext39                                   text39       000000
__Ltext4                                    text4        000000
__Ltext40                                   text40       000000
__Ltext41                                   text41       000000
__Ltext42                                   text42       000000
__Ltext43                                   text43       000000
__Ltext44                                   text44       000000
__Ltext45                                   text45       000000
__Ltext46                                   text46       000000
__Ltext47                                   text47       000000
__Ltext48                                   text48       000000
__Ltext49                                   text49       000000
__Ltext5                                    text5        000000
__Ltext50                                   text50       000000
__Ltext51                                   text51       000000
__Ltext52                                   text52       000000
__Ltext53                                   text53       000000
__Ltext54                                   text54       000000
__Ltext55                                   text55       000000
__Ltext56                                   text56       000000
__Ltext57                                   text57       000000
__Ltext58                                   text58       000000
__Ltext59                                   text59       000000
__Ltext6                                    text6        000000
__Ltext60                                   text60       000000
__Ltext61                                   text61       000000
__Ltext62                                   text62       000000
__Ltext63                                   text63       000000
__Ltext64                                   text64       000000
__Ltext65                                   text65       000000
__Ltext66                                   text66       000000
__Ltext67                                   text67       000000
__Ltext68                                   text68       000000
__Ltext69                                   text69       000000
__Ltext7                                    text7        000000
__Ltext70                                   text70       000000
__Ltext71                                   text71       000000
__Ltext72                                   text72       000000
__Ltext73                                   text73       000000
__Ltext74                                   text74       000000
__Ltext75                                   text75       000000
__Ltext76                                   text76       000000
__Ltext77                                   text77       000000
__Ltext78                                   text78       000000
__Ltext79                                   text79       000000
__Ltext8                                    text8        000000
__Ltext80                                   text80       000000
__Ltext81                                   text81       000000
__Ltext82                                   text82       000000
__Ltext83                                   text83       000000
__Ltext84                                   text84       000000
__Ltext85                                   text85       000000
__Ltext86                                   text86       000000
__Ltext87                                   text87       000000
__Ltext88                                   text88       000000
__Ltext89                                   text89       000000
__Ltext9                                    text9        000000
__Ltext90                                   text90       000000
__Ltext91                                   text91       000000
__Ltext92                                   text92       000000
__Ltext93                                   text93       000000
__Ltext94                                   text94       000000
__Ltext95                                   text95       000000
__Ltext96                                   text96       000000
__Ltext97                                   text97       000000
__Ltext98                                   text98       000000
__Ltext99                                   text99       000000
__S0                                        (abs)        006280
__S1                                        (abs)        000501
__S2                                        (abs)        000000
__S4                                        (abs)        000000
__S5                                        (abs)        000000
___aldiv                                    text47       004220
___aldiv@counter                            cstackCOMRAM 000021
___aldiv@dividend                           cstackCOMRAM 000019
___aldiv@divisor                            cstackCOMRAM 00001D
___aldiv@quotient                           cstackCOMRAM 000023
___aldiv@sign                               cstackCOMRAM 000022
___inthi_sp                                 stack        000000
___intlo_sp                                 stack        000000
___lldiv                                    text87       004EA0
___lldiv@counter                            cstackCOMRAM 000025
___lldiv@dividend                           cstackCOMRAM 000019
___lldiv@divisor                            cstackCOMRAM 00001D
___lldiv@quotient                           cstackCOMRAM 000021
___llmod                                    text59       00506E
___llmod@counter                            cstackCOMRAM 000021
___llmod@dividend                           cstackCOMRAM 000019
___llmod@divisor                            cstackCOMRAM 00001D
___lmul                                     text80       00529E
___lmul@multiplicand                        cstackCOMRAM 00001D
___lmul@multiplier                          cstackCOMRAM 000019
___lmul@product                             cstackCOMRAM 000021
___lwdiv                                    text26       00534A
___lwdiv@counter                            cstackCOMRAM 00001D
___lwdiv@dividend                           cstackCOMRAM 000019
___lwdiv@divisor                            cstackCOMRAM 00001B
___lwdiv@quotient                           cstackCOMRAM 00001E
___lwmod                                    text25       005714
___lwmod@counter                            cstackCOMRAM 00001D
___lwmod@dividend                           cstackCOMRAM 000019
___lwmod@divisor                            cstackCOMRAM 00001B
___param_bank                               (abs)        000000
___rparam_used                              (abs)        000001
___sp                                       stack        000000
___wmul                                     text86       005ACA
___wmul@multiplicand                        cstackCOMRAM 00001B
___wmul@multiplier                          cstackCOMRAM 000019
___wmul@product                             cstackCOMRAM 00001D
__accesstop                                 (abs)        000060
__activetblptr                              (abs)        000002
__end_of_GPSDay                             text113      005C4C
__end_of_GPSHour                            text112      005B5C
__end_of_GPSMinute                          text111      005C2A
__end_of_GPSMonth                           text110      005C08
__end_of_GPSRead                            text136      00254E
__end_of_GPSSecond                          text109      005BE6
__end_of_GPSyear                            text108      005BC4
__end_of_Latitude                           text42       005EDC
__end_of_Longitude                          text39       005ED2
__end_of_MCP2515_INIT                       text118      005D3E
__end_of_MCP2515_RECEBE                     text15       00548E
__end_of_MPC2515_SPI                        text131      005E56
__end_of_SPI1_Initialize                    text132      005B80
__end_of___aldiv                            text47       0042EC
__end_of___lldiv                            text87       004F22
__end_of___llmod                            text59       0050D4
__end_of___lmul                             text80       0052F4
__end_of___lwdiv                            text26       00539C
__end_of___lwmod                            text25       005756
__end_of___wmul                             text86       005AF0
__end_of__initialization                    cinit        00486E
__end_of_armazena_latitude                  text40       005DA8
__end_of_armazena_longitude                 text38       005D8E
__end_of_atoi                               text36       004472
__end_of_auto_mount                         text68       000AE4
__end_of_begin                              text120      005E02
__end_of_calcula_diff_graus                 text34       004150
__end_of_calcula_diff_minutos               text33       004220
__end_of_check_fs                           text78       004EA0
__end_of_clust2sect                         text65       004524
__end_of_command                            text101      005246
__end_of_config_timer_dois                  text9        005E72
__end_of_config_timer_zero                  text7        005D74
__end_of_configura_baudrate_uart            text46       004078
__end_of_create_chain                       text83       003584
__end_of_dados_gps_to_sd                    text115      00534A
__end_of_data_nome                          text114      005A54
__end_of_delay                              text77       005CE8
__end_of_desliga_SPI                        text50       005E9A
__end_of_desliga_uart                       text49       005E80
__end_of_diff_calc                          text35       00529E
__end_of_disk_initialize                    text70       005ACA
__end_of_disk_ioctl                         text106      005C8C
__end_of_disk_read                          text97       005004
__end_of_disk_status                        text91       005950
__end_of_disk_write                         text95       0054DC
__end_of_disparo_gravacao                   text13       005528
__end_of_dummy_clocks                       text104      005814
__end_of_endereco_cursor_lcd                text74       00506E
__end_of_escalonador                        text11       0047D8
__end_of_escreve_SPI                        text103      005E46
__end_of_escreve_caractere_lcd              text76       004F94
__end_of_escreve_cmd_lcd                    text27       004D10
__end_of_escreve_frase_ram_lcd              text75       0053EE
__end_of_escreve_inteiro_lcd                text22       005882
__end_of_escrita_sdcard                     text52       003C0E
__end_of_f_close                            text88       005A2A
__end_of_f_lseek                            text82       000F6E
__end_of_f_mount                            text81       0055BA
__end_of_f_open                             text60       00161E
__end_of_f_sync                             text89       003D32
__end_of_f_write                            text58       00059C
__end_of_fence_diff_lat                     mediumconst  0060E5
__end_of_fence_diff_long                    mediumconst  0060B9
__end_of_fix                                text51       005EE6
__end_of_fprintf                            text55       0012EC
__end_of_fputc                              text57       0057D8
__end_of_fputs                              text56       004D9A
__end_of_get_cluster                        text85       002770
__end_of_get_fattime                        text107      003998
__end_of_hora_nome                          text54       005A00
__end_of_inicializa_SPI                     text48       005C6C
__end_of_inicializa_tarefas                 text10       005134
__end_of_inicializa_uart                    text45       005BA2
__end_of_init_hardware                      text3        005DD8
__end_of_init_interrupt                     text6        005E14
__end_of_init_lcd                           text2        00491A
__end_of_init_oscilador                     text5        005EF8
__end_of_init_ports                         text4        005D22
__end_of_isdigit                            text37       005CCA
__end_of_isr                                intcode_body 003F6E
__end_of_itoa                               text23       005920
__end_of_leitura_SPI                        text105      005EBE
__end_of_main                               text0        005B14
__end_of_make_dirfile                       text62       003842
__end_of_mcp2515_configRate                 text129      002984
__end_of_mcp2515_init                       text121      0043B4
__end_of_mcp2515_initCANBuffers             text126      003AE6
__end_of_mcp2515_modifyRegister             text124      005CAC
__end_of_mcp2515_readRegister               text123      005D06
__end_of_mcp2515_readRegisterS              text20       00584C
__end_of_mcp2515_readStatus                 text21       005DEE
__end_of_mcp2515_read_canMsg                text18       0051EC
__end_of_mcp2515_read_id                    text19       0033F8
__end_of_mcp2515_reset                      text125      005D5A
__end_of_mcp2515_setCANCTRL_Mode            text122      0059D6
__end_of_mcp2515_setRegister                text130      005DC2
__end_of_mcp2515_setRegisterS               text128      0058EE
__end_of_mcp2515_write_mf                   text127      004732
__end_of_memcmp                             text79       004ADC
__end_of_memcpy                             text67       005714
__end_of_memset                             text69       0059AA
__end_of_mensagem_inicial                   text1        004BF8
__end_of_monta_sd                           text116      002B8A
__end_of_move_window                        text94       00325A
__end_of_next_dir_entry                     text64       0036E8
__end_of_posicao_cursor_lcd                 text73       005192
__end_of_proceed                            text100      005EB2
__end_of_put_cluster                        text84       002324
__end_of_readMsg                            text17       00568C
__end_of_readMsgBuf                         text16       004C84
__end_of_recebe_dado_uart                   text135      005E26
__end_of_recebe_dados_gps                   text43       005AA4
__end_of_remove_chain                       text66       0049B6
__end_of_reserve_direntry                   text63       0020BE
__end_of_response                           text99       005EA6
__end_of_sdc_disk_initialize                text71       00191E
__end_of_sdc_disk_read                      text98       003E56
__end_of_sdc_disk_status                    text92       005E36
__end_of_sdc_disk_write                     text96       002EFC
__end_of_sdc_reset                          text72       004B6C
__end_of_setMode                            text119      005E8E
__end_of_strcat                             text53       0056D0
__end_of_strcmp                             text138      005572
__end_of_strcpy                             text41       00597E
__end_of_stringcpy                          text137      005648
__end_of_strlen                             text117      005798
__end_of_sync                               text93       005440
__end_of_trace_path                         text61       001E50
__end_of_troca_de_tela                      text12       001BD8
__end_of_utoa                               text24       004A4A
__end_of_validate                           text90       005602
__end_of_verifica_dados_operacionais        text14       005A7C
__end_of_verifica_diferenca_graus           text32       0030B0
__end_of_verifica_diferenca_minutos         text31       002D46
__end_of_verifica_fence_externo             text28       004E1E
__end_of_verifica_plausibilidade_lat        text30       004684
__end_of_verifica_plausibilidade_long       text29       0045D4
__end_of_verifica_recep_gps                 text44       005B38
__end_of_wait_ready                         text102      0058B8
__end_of_write_timer_zero                   text8        005EC8
__end_ofi2_write_timer_zero                 text134      005EF0
__end_ofmensagem_inicial@F3670              mediumconst  006107
__end_ofmensagem_inicial@F3672              mediumconst  0060F6
__initialization                            cinit        0047D8
__mediumconst                               mediumconst  006088
__pbssBANK0                                 bssBANK0     0000F7
__pbssBANK1                                 bssBANK1     000100
__pbssBANK2                                 bssBANK2     000200
__pbssBIGRAM                                bssBIGRAM    0002E1
__pbssCOMRAM                                bssCOMRAM    000032
__pcinit                                    cinit        0047D8
__pcstackBANK0                              cstackBANK0  000060
__pcstackBANK2                              cstackBANK2  0002B1
__pcstackCOMRAM                             cstackCOMRAM 000001
__pdataBANK0                                dataBANK0    0000FD
[...]
  data            1    wreg     unsigned char 
 Auto vars:     Size  Location     Type
  data            1   24[COMRAM] unsigned char 
 Return value:  Size  Location     Type
                  1    wreg      unsigned char 
 Registers used:
		wreg, status,2
 Tracked objects:
		On entry : 
		On exit  : 
		Unchanged: 
 Data sizes:     COMRAM   BANK0   BANK1   BANK2   BANK3   BANK4   BANK5   BANK6   BANK7
      Params:         0       0       0       0       0       0       0       0       0
      Locals:         1       0       0       0       0       0       0       0       0
      Temps:          0       0       0       0       0       0       0       0       0
      Totals:         1       0       0       0       0       0       0       0       0
Total ram usage:        1 bytes
 Hardware stack levels used:    1
 Hardware stack levels required when called:    3
 This function calls:
		Nothing
 This function is called by:
		_mcp2515_reset
		_mcp2515_readRegister
		_mcp2515_readRegisterS
		_mcp2515_setRegister
		_mcp2515_setRegisterS
		_mcp2515_modifyRegister
		_mcp2515_readStatus
 This function uses a non-reentrant model


 *************** function _SPI1_Initialize *****************
 Defined at:
		line 1289 in file "MCP2515.c"
 Parameters:    Size  Location     Type
		None
 Auto vars:     Size  Location     Type
		None
 Return value:  Size  Location     Type
                  1    wreg      void 
 Registers used:
		wreg, status,2
 Tracked objects:
		On entry : 
		On exit  : 
		Unchanged: 
 Data sizes:     COMRAM   BANK0   BANK1   BANK2   BANK3   BANK4   BANK5   BANK6   BANK7
      Params:         0       0       0       0       0       0       0       0       0
      Locals:         0       0       0       0       0       0       0       0       0
      Temps:          0       0       0       0       0       0       0       0       0
      Totals:         0       0       0       0       0       0       0       0       0
Total ram usage:        0 bytes
 Hardware stack levels used:    1
 Hardware stack levels required when called:    3
 This function calls:
		Nothing
 This function is called by:
		_MCP2515_INIT
 This function uses a non-reentrant model


 *************** function _isr *****************
 Defined at:
		line 110 in file "main.c"
 Parameters:    Size  Location     Type
		None
 Auto vars:     Size  Location     Type
  cont            1   23[COMRAM] unsigned char 
 Return value:  Size  Location     Type
                  1    wreg      void 
 Registers used:
		wreg, fsr1l, fsr1h, fsr2l, fsr2h, status,2, status,0, tblptrl, tblptrh, tblptru, prodl, prodh, cstack
 Tracked objects:
		On entry : 
		On exit  : 
		Unchanged: 
 Data sizes:     COMRAM   BANK0   BANK1   BANK2   BANK3   BANK4   BANK5   BANK6   BANK7
      Params:         0       0       0       0       0       0       0       0       0
      Locals:         1       0       0       0       0       0       0       0       0
      Temps:         12       0       0       0       0       0       0       0       0
      Totals:        13       0       0       0       0       0       0       0       0
Total ram usage:       13 bytes
 Hardware stack levels used:    1
 Hardware stack levels required when called:    2
 This function calls:
		_GPSRead
		_recebe_dado_uart
		i2_write_timer_zero
 This function is called by:
		Interrupt level 2
 This function uses a non-reentrant model


 *************** function i2_write_timer_zero *****************
 Defined at:
		line 134 in file "bibliotecas/hardware.c"
 Parameters:    Size  Location     Type
  timer0          2    0[COMRAM] unsigned int 
 Auto vars:     Size  Location     Type
		None
 Return value:  Size  Location     Type
                  1    wreg      void 
 Registers used:
		None
 Tracked objects:
		On entry : 
		On exit  : 
		Unchanged: 
 Data sizes:     COMRAM   BANK0   BANK1   BANK2   BANK3   BANK4   BANK5   BANK6   BANK7
      Params:         2       0       0       0       0       0       0       0       0
      Locals:         0       0       0       0       0       0       0       0       0
      Temps:          0       0       0       0       0       0       0       0       0
      Totals:         2       0       0       0       0       0       0       0       0
Total ram usage:        2 bytes
 Hardware stack levels used:    1
 This function calls:
		Nothing
 This function is called by:
		_isr
 This function uses a non-reentrant model


 *************** function _recebe_dado_uart *****************
 Defined at:
		line 138 in file "bibliotecas/uart.c"
 Parameters:    Size  Location     Type
		None
 Auto vars:     Size  Location     Type
		None
 Return value:  Size  Location     Type
                  1    wreg      unsigned char 
 Registers used:
		wreg, status,2
 Tracked objects:
		On entry : 
		On exit  : 
		Unchanged: 
 Data sizes:     COMRAM   BANK0   BANK1   BANK2   BANK3   BANK4   BANK5   BANK6   BANK7
      Params:         0       0       0       0       0       0       0       0       0
      Locals:         0       0       0       0       0       0       0       0       0
      Temps:          0       0       0       0       0       0       0       0       0
      Totals:         0       0       0       0       0       0       0       0       0
Total ram usage:        0 bytes
 Hardware stack levels used:    1
 This function calls:
		Nothing
 This function is called by:
		_isr
 This function uses a non-reentrant model


 *************** function _GPSRead *****************
 Defined at:
		line 49 in file "bibliotecas/GPS.c"
 Parameters:    Size  Location     Type
  buff            1    wreg     unsigned char 
 Auto vars:     Size  Location     Type
  buff            1    9[COMRAM] unsigned char 
  c               1   10[COMRAM] unsigned char 
 Return value:  Size  Location     Type
                  2  348[None  ] int 
 Registers used:
		wreg, fsr1l, fsr1h, fsr2l, fsr2h, status,2, status,0, tblptrl, tblptrh, tblptru, cstack
 Tracked objects:
		On entry : 
		On exit  : 
		Unchanged: 
 Data sizes:     COMRAM   BANK0   BANK1   BANK2   BANK3   BANK4   BANK5   BANK6   BANK7
      Params:         0       0       0       0       0       0       0       0       0
      Locals:         2       0       0       0       0       0       0       0       0
      Temps:          0       0       0       0       0       0       0       0       0
      Totals:         2       0       0       0       0       0       0       0       0
Total ram usage:        2 bytes
 Hardware stack levels used:    1
 Hardware stack levels required when called:    1
 This function calls:
		_strcmp
		_stringcpy
 This function is called by:
		_isr
 This function uses a non-reentrant model


 *************** function _stringcpy *****************
 Defined at:
		line 40 in file "bibliotecas/GPS.c"
 Parameters:    Size  Location     Type
  str1            2    0[COMRAM] PTR unsigned char 
		 -> buffer(12), 
  str2            2    2[COMRAM] PTR unsigned char 
		 -> rawFix(2), rawDate(7), rawLongitude(13), rawLatitude(13), 
		 -> rawTime(11), sentence(6), 
  dir             2    4[COMRAM] int 
 Auto vars:     Size  Location     Type
  chr             1    8[COMRAM] unsigned char 
 Return value:  Size  Location     Type
                  1    wreg      void 
 Registers used:
		wreg, fsr1l, fsr1h, fsr2l, fsr2h, status,2, status,0
 Tracked objects:
		On entry : 
		On exit  : 
		Unchanged: 
 Data sizes:     COMRAM   BANK0   BANK1   BANK2   BANK3   BANK4   BANK5   BANK6   BANK7
      Params:         6       0       0       0       0       0       0       0       0
      Locals:         1       0       0       0       0       0       0       0       0
      Temps:          2       0       0       0       0       0       0       0       0
      Totals:         9       0       0       0       0       0       0       0       0
Total ram usage:        9 bytes
 Hardware stack levels used:    1
 This function calls:
		Nothing
 This function is called by:
		_GPSRead
 This function uses a non-reentrant model


 *************** function _strcmp *****************
 Defined at:
		line 33 in file "C:\Program Files\Microchip\xc8\v2.30\pic\sources\c90\common\strcmp.c"
 Parameters:    Size  Location     Type
  s1              2    0[COMRAM] PTR const unsigned char 
		 -> sentence(6), 
  s2              2    2[COMRAM] PTR const unsigned char 
		 -> STR_6(6), STR_5(6), 
 Auto vars:     Size  Location     Type
  r               1    6[COMRAM] char 
 Return value:  Size  Location     Type
                  2    0[COMRAM] int 
 Registers used:
		wreg, fsr2l, fsr2h, status,2, status,0, tblptrl, tblptrh, tblptru
 Tracked objects:
		On entry : 
		On exit  : 
		Unchanged: 
 Data sizes:     COMRAM   BANK0   BANK1   BANK2   BANK3   BANK4   BANK5   BANK6   BANK7
      Params:         4       0       0       0       0       0       0       0       0
      Locals:         1       0       0       0       0       0       0       0       0
      Temps:          2       0       0       0       0       0       0       0       0
      Totals:         7       0       0       0       0       0       0       0       0
Total ram usage:        7 bytes
 Hardware stack levels used:    1
 This function calls:
		Nothing
 This function is called by:
		_GPSRead
 This function uses a non-reentrant model



MODULE INFORMATION

Module		Function		Class		Link	Load	Size
C:\Program Files\Microchip\xc8\v2.30\pic\sources\c90\common\lwmod.c
		___lwmod       		CODE           	5714	0000	66

C:\Program Files\Microchip\xc8\v2.30\pic\sources\c90\common\lwmod.c estimated size: 66

bibliotecas/uart.c
		_configura_baudrate_uart		CODE           	3F6E	0000	266
		_recebe_dado_uart		CODE           	5E14	0000	18
		_desliga_uart  		CODE           	5E72	0000	14
		_inicializa_uart		CODE           	5B80	0000	34

bibliotecas/uart.c estimated size: 332

bibliotecas/SPI.c
		_escreve_SPI   		CODE           	5E36	0000	16
		_inicializa_SPI		CODE           	5C4C	0000	32
		_desliga_SPI   		CODE           	5E8E	0000	12
		_leitura_SPI   		CODE           	5EB2	0000	12

bibliotecas/SPI.c estimated size: 72

C:\Program Files\Microchip\xc8\v2.30\pic\sources\c90\common\strlen.c
		_strlen        		CODE           	5756	0000	66

C:\Program Files\Microchip\xc8\v2.30\pic\sources\c90\common\strlen.c estimated size: 66

C:\Program Files\Microchip\xc8\v2.30\pic\sources\c90\common\__lldiv.c
		___lldiv       		CODE           	4EA0	0000	130

C:\Program Files\Microchip\xc8\v2.30\pic\sources\c90\common\__lldiv.c estimated size: 130

C:\Program Files\Microchip\xc8\v2.30\pic\sources\c90\common\strcmp.c
		_strcmp        		CODE           	5528	0000	74

C:\Program Files\Microchip\xc8\v2.30\pic\sources\c90\common\strcmp.c estimated size: 74

bibliotecas/diskio.c
		_disk_initialize		CODE           	5AA4	0000	38
		_disk_write    		CODE           	548E	0000	78
		_disk_status   		CODE           	5920	0000	48
		_sdc_reset     		CODE           	4ADC	0000	144
		_disk_ioctl    		CODE           	5C6C	0000	32
		_sdc_disk_read 		CODE           	3D32	0000	292
		_sdc_disk_initialize		CODE           	161E	0000	768
		_disk_read     		CODE           	4F94	0000	112
		_sdc_disk_write		CODE           	2D46	0000	438
		_sdc_disk_status		CODE           	5E26	0000	16

bibliotecas/diskio.c estimated size: 1966

C:\Program Files\Microchip\xc8\v2.30\pic\sources\c90\common\strcpy.c
		_strcpy        		CODE           	5950	0000	46

C:\Program Files\Microchip\xc8\v2.30\pic\sources\c90\common\strcpy.c estimated size: 46

C:\Program Files\Microchip\xc8\v2.30\pic\sources\c90\common\memset.c
		_memset        		CODE           	597E	0000	44

C:\Program Files\Microchip\xc8\v2.30\pic\sources\c90\common\memset.c estimated size: 44

C:\Program Files\Microchip\xc8\v2.30\pic\sources\c90\common\llmod.c
		___llmod       		CODE           	506E	0000	102

C:\Program Files\Microchip\xc8\v2.30\pic\sources\c90\common\llmod.c estimated size: 102

C:\Program Files\Microchip\xc8\v2.30\pic\sources\c90\common\atoi.c
		_atoi          		CODE           	43B4	0000	190

C:\Program Files\Microchip\xc8\v2.30\pic\sources\c90\common\atoi.c estimated size: 190

C:\Program Files\Microchip\xc8\v2.30\pic\sources\c90\common\lwdiv.c
		___lwdiv       		CODE           	534A	0000	82

C:\Program Files\Microchip\xc8\v2.30\pic\sources\c90\common\lwdiv.c estimated size: 82

C:\Program Files\Microchip\xc8\v2.30\pic\sources\c90\common\itoa.c
		_itoa          		CODE           	58EE	0000	50
		_utoa          		CODE           	49B6	0000	148

C:\Program Files\Microchip\xc8\v2.30\pic\sources\c90\common\itoa.c estimated size: 198

C:\Program Files\Microchip\xc8\v2.30\pic\sources\c90\common\isdigit.c
		_isdigit       		CODE           	5CAC	0000	30

C:\Program Files\Microchip\xc8\v2.30\pic\sources\c90\common\isdigit.c estimated size: 30

bibliotecas/SDCard.c
		_response      		CODE           	5E9A	0000	12
		_data_nome     		CODE           	5A2A	0000	42
		_hora_nome     		CODE           	59D6	0000	42
		_dummy_clocks  		CODE           	57D8	0000	60
		_escrita_sdcard		CODE           	3AE6	0000	296
		_monta_sd      		CODE           	2984	0000	518
		_command       		CODE           	51EC	0000	90
		_proceed       		CODE           	5EA6	0000	12
		_wait_ready    		CODE           	5882	0000	54

bibliotecas/SDCard.c estimated size: 1126

C:\Program Files\Microchip\xc8\v2.30\pic\sources\c90\common\memcmp.c
		_memcmp        		CODE           	4A4A	0000	146

C:\Program Files\Microchip\xc8\v2.30\pic\sources\c90\common\memcmp.c estimated size: 146

C:\Program Files\Microchip\xc8\v2.30\pic\sources\c90\common\memcpy.c
		_memcpy        		CODE           	56D0	0000	68

C:\Program Files\Microchip\xc8\v2.30\pic\sources\c90\common\memcpy.c estimated size: 68

bibliotecas/hardware.c
		_init_hardware 		CODE           	5DC2	0000	22
		_config_timer_dois		CODE           	5E64	0000	14
		_config_timer_zero		CODE           	5D5A	0000	26
		_init_ports    		CODE           	5D06	0000	28
		_write_timer_zero		CODE           	5EBE	0000	10
		_init_interrupt		CODE           	5E02	0000	18
		_init_oscilador		CODE           	5EF0	0000	8

bibliotecas/hardware.c estimated size: 126

shared
		mensagem_inicial@F3670		MEDIUMCONST    	60F6	0000	17
		__initialization		CODE           	47D8	0000	150
		_fence_diff_lat		MEDIUMCONST    	60B9	0000	44
		mensagem_inicial@F3672		MEDIUMCONST    	60E5	0000	17
		i2_write_timer_zero		CODE           	5EE6	0000	10
		_fence_diff_long		MEDIUMCONST    	6089	0000	48

shared estimated size: 286

C:\Program Files\Microchip\xc8\v2.30\pic\sources\c90\common\Umul16.c
		___wmul        		CODE           	5ACA	0000	38

C:\Program Files\Microchip\xc8\v2.30\pic\sources\c90\common\Umul16.c estimated size: 38

MCP2515.c
		_mcp2515_write_mf		CODE           	4684	0000	174
		_setMode       		CODE           	5E80	0000	14
		_mcp2515_reset 		CODE           	5D3E	0000	28
		_mcp2515_readRegisterS		CODE           	5814	0000	56
		_MPC2515_SPI   		CODE           	5E46	0000	16
		_mcp2515_configRate		CODE           	2770	0000	532
		_mcp2515_initCANBuffers		CODE           	3998	0000	334
		_mcp2515_setRegister		CODE           	5DA8	0000	26
		_mcp2515_read_id		CODE           	325A	0000	414
		_mcp2515_setRegisterS		CODE           	58B8	0000	54
		_MCP2515_INIT  		CODE           	5D22	0000	28
		_begin         		CODE           	5DEE	0000	20
		_MCP2515_RECEBE		CODE           	5440	0000	78
		_SPI1_Initialize		CODE           	5B5C	0000	36
		_mcp2515_read_canMsg		CODE           	5192	0000	90
		_mcp2515_readStatus		CODE           	5DD8	0000	22
		_mcp2515_modifyRegister		CODE           	5C8C	0000	32
		_mcp2515_readRegister		CODE           	5CE8	0000	30
		_readMsg       		CODE           	5648	0000	68
		_readMsgBuf    		CODE           	4BF8	0000	140
		_mcp2515_setCANCTRL_Mode		CODE           	59AA	0000	44
		_mcp2515_init  		CODE           	42EC	0000	200

MCP2515.c estimated size: 2436

C:\Program Files\Microchip\xc8\v2.30\pic\sources\c90\common\aldiv.c
		___aldiv       		CODE           	4220	0000	204

C:\Program Files\Microchip\xc8\v2.30\pic\sources\c90\common\aldiv.c estimated size: 204

bibliotecas/display_lcd.c
		_delay         		CODE           	5CCA	0000	30
		_init_lcd      		CODE           	487C	0000	158
		_endereco_cursor_lcd		CODE           	5004	0000	106
		_escreve_cmd_lcd		CODE           	4C84	0000	140
		_posicao_cursor_lcd		CODE           	5134	0000	94
		_escreve_caractere_lcd		CODE           	4F22	0000	114
		_escreve_frase_ram_lcd		CODE           	539C	0000	82
		_escreve_inteiro_lcd		CODE           	584C	0000	54

bibliotecas/display_lcd.c estimated size: 778

main.c
		_main          		CODE           	5AF0	0000	36
		_verifica_fence_externo		CODE           	4D9A	0000	132
		_troca_de_tela 		CODE           	191E	0000	698
		_disparo_gravacao		CODE           	54DC	0000	76
		_verifica_dados_operacionais		CODE           	5A54	0000	40
		_recebe_dados_gps		CODE           	5A7C	0000	40
		_isr           		CODE           	0008	0000	286
		_escalonador   		CODE           	4732	0000	166
		_mensagem_inicial		CODE           	4B6C	0000	140
		_inicializa_tarefas		CODE           	50D4	0000	96

main.c estimated size: 1710

bibliotecas/fence.c
		_calcula_diff_graus		CODE           	4078	0000	216
		_armazena_latitude		CODE           	5D8E	0000	26
		_verifica_diferenca_minutos		CODE           	2B8A	0000	444
		_armazena_longitude		CODE           	5D74	0000	26
		_verifica_plausibilidade_lat		CODE           	45D4	0000	176
		_verifica_plausibilidade_long		CODE           	4524	0000	176
		_diff_calc     		CODE           	5246	0000	88
		_verifica_diferenca_graus		CODE           	2EFC	0000	436
		_calcula_diff_minutos		CODE           	4150	0000	208

bibliotecas/fence.c estimated size: 1796

bibliotecas/GPS.c
		_GPSSecond     		CODE           	5BC4	0000	34
		_GPSHour       		CODE           	5B38	0000	36
		_GPSMinute     		CODE           	5C08	0000	34
		_stringcpy     		CODE           	5602	0000	70
		_GPSDay        		CODE           	5C2A	0000	34
		_Longitude     		CODE           	5EC8	0000	10
		_GPSMonth      		CODE           	5BE6	0000	34
		_fix           		CODE           	5EDC	0000	10
		_GPSyear       		CODE           	5BA2	0000	34
		_GPSRead       		CODE           	2324	0000	554
		_dados_gps_to_sd		CODE           	52F4	0000	86
		_verifica_recep_gps		CODE           	5B14	0000	36
		_Latitude      		CODE           	5ED2	0000	10

bibliotecas/GPS.c estimated size: 982

bibliotecas/tff.c
		_reserve_direntry		CODE           	1E50	0000	622
		_sync          		CODE           	53EE	0000	82
		_remove_chain  		CODE           	491A	0000	156
		_f_mount       		CODE           	5572	0000	72
		_get_cluster   		CODE           	254E	0000	546
		_get_fattime   		CODE           	3842	0000	342
		_fputs         		CODE           	4D10	0000	138
		_auto_mount    		CODE           	059C	0000	1352
		_create_chain  		CODE           	33F8	0000	396
		_f_lseek       		CODE           	0AE4	0000	1162
		_validate      		CODE           	55BA	0000	72
		_check_fs      		CODE           	4E1E	0000	130
		_fprintf       		CODE           	0F6E	0000	894
		_f_sync        		CODE           	3C0E	0000	292
		_trace_path    		CODE           	1BD8	0000	632
		_f_write       		CODE           	0012	0000	1418
		_fputc         		CODE           	5798	0000	64
		_put_cluster   		CODE           	20BE	0000	614
		_make_dirfile  		CODE           	36E8	0000	346
		_clust2sect    		CODE           	4472	0000	178
		_f_open        		CODE           	12EC	0000	818
		_next_dir_entry		CODE           	3584	0000	356
		_f_close       		CODE           	5A00	0000	42
		_move_window   		CODE           	30B0	0000	426

bibliotecas/tff.c estimated size: 11150

C:\Program Files\Microchip\xc8\v2.30\pic\sources\c90\common\Umul32.c
		___lmul        		CODE           	529E	0000	86

C:\Program Files\Microchip\xc8\v2.30\pic\sources\c90\common\Umul32.c estimated size: 86

C:\Program Files\Microchip\xc8\v2.30\pic\sources\c90\common\strcat.c
		_strcat        		CODE           	568C	0000	68

C:\Program Files\Microchip\xc8\v2.30\pic\sources\c90\common\strcat.c estimated size: 68

