Microchip MPLAB XC8 Compiler V2.30

Linker command line:

-W-3 --edf=C:\Program Files\Microchip\xc8\v2.30\pic\dat\en_msgs.txt -cn \
  -h+dist/default/production\TCC_telemetria.X.production.sym \
  --cmf=dist/default/production\TCC_telemetria.X.production.cmf -z \
  -Q18F4550 -oC:\Users\Felipe\AppData\Local\Temp\s5p0x2 \
  -Mdist/default/production/TCC_telemetria.X.production.map -E1 \
  -ver=XC8 Compiler -ASTACK=04EDh-07FFh -pstack=STACK -ACODE=00h-0627Fh \
  -ACONST=00h-0627Fh -ASMALLCONST=0800h-08FFhx90,06200h-0627Fh \
  -AMEDIUMCONST=0800h-0627Fh -ACOMRAM=01h-05Fh -AABS1=00h-07FFh \
  -ABIGRAM=01h-07FFh -ARAM=060h-0FFh,0100h-01FFhx7 -ABANK0=060h-0FFh \
  -ABANK1=0100h-01FFh -ABANK2=0200h-02FFh -ABANK3=0300h-03FFh \
  -ABANK4=0400h-04FFh -ABANK5=0500h-05FFh -ABANK6=0600h-06FFh \
  -ABANK7=0700h-07FFh -ASFR=0F60h-0FFFh -ACONFIG=0300000h-030000Dh \
  -AIDLOC=0200000h-0200007h -AEEDATA=0F00000h-0F000FFh -peeprom_data=EEDATA \
  -preset_vec=00h,intcode=08h,intcodelo,powerup,init -pramtop=0800h \
  -psmallconst=SMALLCONST -pmediumconst=MEDIUMCONST -pconst=CONST \
  -AFARRAM=00h-00h \
  -prdata=COMRAM,nvrram=COMRAM,nvbit=COMRAM,rbss=COMRAM,rbit=COMRAM \
  -pfarbss=FARRAM,fardata=FARRAM,nvFARRAM=FARRAM \
  -pintsave_regs=BIGRAM,bigbss=BIGRAM,bigdata=BIGRAM -pbss=RAM \
  -pidata=CODE,irdata=CODE,ibigdata=CODE,ifardata=CODE -prparam=COMRAM \
  C:\Users\Felipe\AppData\Local\Temp\s5p0x8.obj \
  dist/default/production\TCC_telemetria.X.production.obj 

Object code version is 3.11

Machine type is 18F4550



                Name                               Link     Load   Length Selector   Space Scale
C:\Users\Felipe\AppData\Local\Temp\s5p0x8.obj
                idloc                            200000   200000        8        0       5
                config                           300000   300000        E        0       4
                init                                  E        E        4        4       0
                reset_vec                             0        0        4        0       0
dist/default/production\TCC_telemetria.X.production.obj
                intcode                               8        8        6        4       0
                idloc                            200000   200000        8        0       5
                config                           300000   300000        E        0       4
                temp                                 47       47        1        1       1
                mediumconst                        608A     608A      1F6     3045       0
                text114                            4D1A     4D1A       4A        4       0
                text113                            4DF4     4DF4       46        4       0
                text112                            2324     2324      22A        4       0
                text111                            542C     542C       12        4       0
                text110                            54E0     54E0        A        4       0
                intcode_body                       3952     3952      118        4       0
                text108                            4F48     4F48       42        4       0
                text107                            2770     2770      206        4       0
                text106                            4B80     4B80       56        4       0
                text105                            54AC     54AC        C        4       0
                text104                            52FC     52FC       22        4       0
                text103                            522E     522E       24        4       0
                text102                            52DA     52DA       22        4       0
                text101                            52B8     52B8       22        4       0
                text100                            5296     5296       22        4       0
                text99                             5274     5274       22        4       0
                text98                             3490     3490      156        4       0
                text97                             533E     533E       20        4       0
                text96                             54A0     54A0        C        4       0
                text95                             500A     500A       3C        4       0
                text94                             544E     544E       10        4       0
                text93                             507C     507C       36        4       0
                text92                             4A78     4A78       5A        4       0
                text91                             5494     5494        C        4       0
                text90                             5488     5488        C        4       0
                text89                             382E     382E      124        4       0
                text88                             487A     487A       70        4       0
                text87                             2B32     2B32      1B6        4       0
                text86                             4CCC     4CCC       4E        4       0
                text85                             2E9C     2E9C      1AA        4       0
                text84                             4C7A     4C7A       52        4       0
                text83                             543E     543E       10        4       0
                text82                             50E4     50E4       30        4       0
                text81                             4DAC     4DAC       48        4       0
                text80                             370A     370A      124        4       0
                text79                             516C     516C       2A        4       0
                text78                             4710     4710       82        4       0
                text77                             51E4     51E4       26        4       0
                text76                             254E     254E      222        4       0
                text75                             20BE     20BE      266        4       0
                text74                             3046     3046      18C        4       0
                text73                              AE4      AE4      48A        4       0
                text72                             4D64     4D64       48        4       0
                text71                             4B2A     4B2A       56        4       0
                text70                             43D2     43D2       92        4       0
                text69                             468E     468E       82        4       0
                text68                             537C     537C       1E        4       0
                text67                             4808     4808       72        4       0
                text66                             4C28     4C28       52        4       0
                text65                             48EA     48EA       6A        4       0
                text64                             4A1A     4A1A       5E        4       0
                text63                             4464     4464       90        4       0
                text62                             161E     161E      300        4       0
                text61                             51BE     51BE       26        4       0
                text60                             5140     5140       2C        4       0
                text59                              59C      59C      548        4       0
                text58                             4EC2     4EC2       44        4       0
                text57                             42A2     42A2       9C        4       0
                text56                             3EA6     3EA6       B2        4       0
                text55                             31D2     31D2      164        4       0
                text54                             1E50     1E50      26E        4       0
                text53                             3336     3336      15A        4       0
                text52                             1BD8     1BD8      278        4       0
                text51                             12EC     12EC      332        4       0
                text50                             4954     4954       66        4       0
                text49                               12       12      58A        4       0
                text48                             4FCA     4FCA       40        4       0
                text47                             4580     4580       8A        4       0
                text46                              F6E      F6E      37E        4       0
                text45                             531E     531E       20        4       0
                text44                             4E7E     4E7E       44        4       0
                text43                             4E3A     4E3A       44        4       0
                text42                             35E6     35E6      124        4       0
                text41                             54D6     54D6        A        4       0
                text40                             547A     547A        E        4       0
                text39                             3D1C     3D1C       CC        4       0
                text38                             3A6A     3A6A      10A        4       0
                text37                             5252     5252       22        4       0
                text36                             520A     520A       24        4       0
                text35                             5196     5196       28        4       0
                text34                             54CC     54CC        A        4       0
                text33                             53EA     53EA       1A        4       0
                text32                             54C2     54C2        A        4       0
                text31                             53D0     53D0       1A        4       0
                text30                             535E     535E       1E        4       0
                text29                             3DE8     3DE8       BE        4       0
                text28                             4AD2     4AD2       58        4       0
                text27                             3B74     3B74       D8        4       0
                text26                             3C4C     3C4C       D0        4       0
                text25                             2CE8     2CE8      1B4        4       0
                text24                             2976     2976      1BC        4       0
                text23                             4008     4008       B0        4       0
                text22                             3F58     3F58       B0        4       0
                text21                             460A     460A       84        4       0
                text20                             44F4     44F4       8C        4       0
                text19                             4BD6     4BD6       52        4       0
                text18                             4F06     4F06       42        4       0
                text17                             433E     433E       94        4       0
                text16                             50B2     50B2       32        4       0
                text15                             5046     5046       36        4       0
                text14                             546C     546C        E        4       0
                text13                             4F8A     4F8A       40        4       0
                text12                             191E     191E      2BA        4       0
                text11                             415E     415E       A6        4       0
                text10                             49BA     49BA       60        4       0
                text9                              545E     545E        E        4       0
                text8                              54B8     54B8        A        4       0
                text7                              53B6     53B6       1A        4       0
                text6                              541A     541A       12        4       0
                text5                              54EA     54EA        8        4       0
                text4                              539A     539A       1C        4       0
                text3                              5404     5404       16        4       0
                text2                              4204     4204       9E        4       0
                text1                              4792     4792       76        4       0
                text0                              5114     5114       2C        4       0
                cstackCOMRAM                          1        1       31        1       1
                cstackBANK0                          60       60       97       60       1
                cstackBANK2                         2A4      2A4       22      200       1
                bssBIGRAM                           2CD      2CD      220      2CD       1
                dataBANK2                           2C6      2C6        7      200       1
                bssBANK2                            200      200       A4      200       1
                dataBANK1                           1F6      1F6        7      100       1
                bssBANK1                            100      100       F6      100       1
                bssBANK0                             F7       F7        6       60       1
                dataCOMRAM                           46       46        1        1       1
                bssCOMRAM                            32       32       14        1       1
                cinit                              40B8     40B8       A6        4       0
                idataBANK2                         54F9     54F9        7        4       0
                idataBANK1                         54F2     54F2        7        4       0
                idataCOMRAM                        5500     5500        1        4       0

TOTAL           Name                               Link     Load   Length     Space
        CLASS   STACK          

        CLASS   CODE           
                intcode                               8        8        6         0
                init                                  E        E        4         0
                reset_vec                             0        0        4         0
                text114                            4D1A     4D1A       4A         0
                text113                            4DF4     4DF4       46         0
                text112                            2324     2324      22A         0
                text111                            542C     542C       12         0
                text110                            54E0     54E0        A         0
                intcode_body                       3952     3952      118         0
                text108                            4F48     4F48       42         0
                text107                            2770     2770      206         0
                text106                            4B80     4B80       56         0
                text105                            54AC     54AC        C         0
                text104                            52FC     52FC       22         0
                text103                            522E     522E       24         0
                text102                            52DA     52DA       22         0
                text101                            52B8     52B8       22         0
                text100                            5296     5296       22         0
                text99                             5274     5274       22         0
                text98                             3490     3490      156         0
                text97                             533E     533E       20         0
                text96                             54A0     54A0        C         0
                text95                             500A     500A       3C         0
                text94                             544E     544E       10         0
                text93                             507C     507C       36         0
                text92                             4A78     4A78       5A         0
                text91                             5494     5494        C         0
                text90                             5488     5488        C         0
                text89                             382E     382E      124         0
                text88                             487A     487A       70         0
                text87                             2B32     2B32      1B6         0
                text86                             4CCC     4CCC       4E         0
                text85                             2E9C     2E9C      1AA         0
                text84                             4C7A     4C7A       52         0
                text83                             543E     543E       10         0
                text82                             50E4     50E4       30         0
                text81                             4DAC     4DAC       48         0
                text80                             370A     370A      124         0
                text79                             516C     516C       2A         0
                text78                             4710     4710       82         0
                text77                             51E4     51E4       26         0
                text76                             254E     254E      222         0
                text75                             20BE     20BE      266         0
                text74                             3046     3046      18C         0
                text73                              AE4      AE4      48A         0
                text72                             4D64     4D64       48         0
                text71                             4B2A     4B2A       56         0
                text70                             43D2     43D2       92         0
                text69                             468E     468E       82         0
                text68                             537C     537C       1E         0
                text67                             4808     4808       72         0
                text66                             4C28     4C28       52         0
                text65                             48EA     48EA       6A         0
                text64                             4A1A     4A1A       5E         0
                text63                             4464     4464       90         0
                text62                             161E     161E      300         0
                text61                             51BE     51BE       26         0
                text60                             5140     5140       2C         0
                text59                              59C      59C      548         0
                text58                             4EC2     4EC2       44         0
                text57                             42A2     42A2       9C         0
                text56                             3EA6     3EA6       B2         0
                text55                             31D2     31D2      164         0
                text54                             1E50     1E50      26E         0
                text53                             3336     3336      15A         0
                text52                             1BD8     1BD8      278         0
                text51                             12EC     12EC      332         0
                text50                             4954     4954       66         0
                text49                               12       12      58A         0
                text48                             4FCA     4FCA       40         0
                text47                             4580     4580       8A         0
                text46                              F6E      F6E      37E         0
                text45                             531E     531E       20         0
                text44                             4E7E     4E7E       44         0
                text43                             4E3A     4E3A       44         0
                text42                             35E6     35E6      124         0
                text41                             54D6     54D6        A         0
                text40                             547A     547A        E         0
                text39                             3D1C     3D1C       CC         0
                text38                             3A6A     3A6A      10A         0
                text37                             5252     5252       22         0
                text36                             520A     520A       24         0
                text35                             5196     5196       28         0
                text34                             54CC     54CC        A         0
                text33                             53EA     53EA       1A         0
                text32                             54C2     54C2        A         0
                text31                             53D0     53D0       1A         0
                text30                             535E     535E       1E         0
                text29                             3DE8     3DE8       BE         0
                text28                             4AD2     4AD2       58         0
                text27                             3B74     3B74       D8         0
                text26                             3C4C     3C4C       D0         0
                text25                             2CE8     2CE8      1B4         0
                text24                             2976     2976      1BC         0
                text23                             4008     4008       B0         0
                text22                             3F58     3F58       B0         0
                text21                             460A     460A       84         0
                text20                             44F4     44F4       8C         0
                text19                             4BD6     4BD6       52         0
                text18                             4F06     4F06       42         0
                text17                             433E     433E       94         0
                text16                             50B2     50B2       32         0
                text15                             5046     5046       36         0
                text14                             546C     546C        E         0
                text13                             4F8A     4F8A       40         0
                text12                             191E     191E      2BA         0
                text11                             415E     415E       A6         0
                text10                             49BA     49BA       60         0
                text9                              545E     545E        E         0
                text8                              54B8     54B8        A         0
                text7                              53B6     53B6       1A         0
                text6                              541A     541A       12         0
                text5                              54EA     54EA        8         0
                text4                              539A     539A       1C         0
                text3                              5404     5404       16         0
                text2                              4204     4204       9E         0
                text1                              4792     4792       76         0
                text0                              5114     5114       2C         0
                cinit                              40B8     40B8       A6         0
                idataBANK2                         54F9     54F9        7         0
                idataBANK1                         54F2     54F2        7         0
                idataCOMRAM                        5500     5500        1         0

        CLASS   CONST          

        CLASS   SMALLCONST     

        CLASS   MEDIUMCONST    
                mediumconst                        608A     608A      1F6         0

        CLASS   COMRAM         
                temp                                 47       47        1         1
                cstackCOMRAM                          1        1       31         1
                dataCOMRAM                           46       46        1         1
                bssCOMRAM                            32       32       14         1

        CLASS   ABS1           

        CLASS   BIGRAM         
                bssBIGRAM                           2CD      2CD      220         1

        CLASS   RAM            

        CLASS   BANK0          
                cstackBANK0                          60       60       97         1
                bssBANK0                             F7       F7        6         1

        CLASS   BANK1          
                dataBANK1                           1F6      1F6        7         1
                bssBANK1                            100      100       F6         1

        CLASS   BANK2          
                cstackBANK2                         2A4      2A4       22         1
                dataBANK2                           2C6      2C6        7         1
                bssBANK2                            200      200       A4         1

        CLASS   BANK3          

        CLASS   BANK4          

        CLASS   BANK5          

        CLASS   BANK6          

        CLASS   BANK7          

        CLASS   SFR            

        CLASS   CONFIG         
                config                           300000   300000        E         4

        CLASS   IDLOC          
                idloc                            200000   200000        8         5

        CLASS   EEDATA         

        CLASS   FARRAM         



SEGMENTS        Name                           Load    Length   Top    Selector   Space  Class

                reset_vec                      000000  000004  000004         0       0  CODE    
                cstackCOMRAM                   000001  000047  000048         1       1  COMRAM  
                intcode                        000008  0054F9  005501         4       0  CODE    
                cstackBANK0                    000060  00009D  0000FD        60       1  BANK0   
                bssBANK1                       000100  0000FD  0001FD       100       1  BANK1   
                bssBANK2                       000200  0000CD  0002CD       200       1  BANK2   
                bssBIGRAM                      0002CD  000220  0004ED       2CD       1  BIGRAM  
                mediumconst                    00608A  0001F6  006280      3045       0  MEDIUMCO


UNUSED ADDRESS RANGES

        Name                Unused          Largest block    Delta
        BANK0            0000FD-0000FF                3
        BANK1            0001FD-0001FF                3
        BANK4            0004ED-0004FF               13
        BANK5            000500-0005FF              100
        BANK6            000600-0006FF              100
        BANK7            000700-0007FF              100
        BIGRAM           000048-00005F               18
                         0000FD-0000FF                3
                         0001FD-0001FF                3
                         0004ED-0007FF              313
        CODE             000004-000007                4
                         005501-006089              B89
        COMRAM           000048-00005F               18
        CONST            000004-000007                4
                         005501-006089              B89
        EEDATA           F00000-F000FF              100
        MEDIUMCONST      005501-006089              B89
        RAM              0000FD-0000FF                3
                         0001FD-0001FF                3
                         0004ED-0007FF              100
        SFR              000F60-000FFF               A0
        SMALLCONST       005501-006089              100
        STACK            0004ED-0007FF              313

                                  Symbol Table

?_GPSDay                                    cstackCOMRAM 000019
?_GPSHour                                   cstackCOMRAM 000019
?_GPSMinute                                 cstackCOMRAM 000019
?_GPSMonth                                  cstackCOMRAM 000019
?_GPSSecond                                 cstackCOMRAM 000019
?_GPSyear                                   cstackCOMRAM 000019
?_Latitude                                  cstackCOMRAM 000019
?_Longitude                                 cstackCOMRAM 000019
?___aldiv                                   cstackCOMRAM 000019
?___lldiv                                   cstackCOMRAM 000019
?___llmod                                   cstackCOMRAM 000019
?___lmul                                    cstackCOMRAM 000019
?___lwdiv                                   cstackCOMRAM 000019
?___lwmod                                   cstackCOMRAM 000019
?___wmul                                    cstackCOMRAM 000019
?_atoi                                      cstackCOMRAM 00001F
?_clust2sect                                cstackCOMRAM 000025
?_create_chain                              cstackBANK0  0000A0
?_diff_calc                                 cstackCOMRAM 000026
?_fix                                       cstackCOMRAM 000019
?_fprintf                                   cstackBANK0  0000D9
?_fputc                                     cstackBANK0  0000CC
?_fputs                                     cstackBANK0  0000D3
?_get_cluster                               cstackBANK0  000088
?_get_fattime                               cstackCOMRAM 00001D
?_memcmp                                    cstackCOMRAM 000019
?_strcmp                                    cstackCOMRAM 000001
?_strlen                                    cstackCOMRAM 000019
GPSRead@buff                                cstackCOMRAM 00000A
GPSRead@c                                   cstackCOMRAM 00000B
_ADCON1                                     (abs)        000FC1
_BRGH                                       (abs)        007D62
_CREN                                       (abs)        007D5C
_FatFs                                      bssCOMRAM    000039
_GPGGA_ok                                   bssBANK1     000132
_GPRMC_ok                                   bssBANK1     000134
_GPSDay                                     text104      0052FC
_GPSHour                                    text103      00522E
_GPSMinute                                  text102      0052DA
_GPSMonth                                   text101      0052B8
_GPSRead                                    text112      002324
_GPSSecond                                  text100      005296
_GPSyear                                    text99       005274
_INT0IE                                     (abs)        007F94
_INT0IF                                     (abs)        007F91
_INTCON                                     (abs)        000FF2
_INTCON2                                    (abs)        000FF1
_INTCON3                                    (abs)        000FF0
_INTCONbits                                 (abs)        000FF2
_LATB                                       (abs)        000F8A
_LATBbits                                   (abs)        000F8A
_LATCbits                                   (abs)        000F8B
_Latitude                                   text34       0054CC
_Longitude                                  text32       0054C2
_OSCCONbits                                 (abs)        000FD3
_PCL                                        (abs)        000FF9
_PCLATH                                     (abs)        000FFA
_PIE1                                       (abs)        000F9D
_PIE1bits                                   (abs)        000F9D
_PIR1bits                                   (abs)        000F9E
_PORTBbits                                  (abs)        000F81
_PORTDbits                                  (abs)        000F83
_PORTEbits                                  (abs)        000F84
_PR2                                        (abs)        000FCB
_RCIF                                       (abs)        007CF5
_RCREG                                      (abs)        000FAE
_RCSTA                                      (abs)        000FAB
_RCSTAbits                                  (abs)        000FAB
_SPBRG                                      (abs)        000FAF
_SPEN                                       (abs)        007D5F
_SPPCFG                                     (abs)        000F63
_SPPCON                                     (abs)        000F65
_SSPBUF                                     (abs)        000FC9
_SSPCON1                                    (abs)        000FC6
_SSPCON1bits                                (abs)        000FC6
_SSPSTAT                                    (abs)        000FC7
_SSPSTATbits                                (abs)        000FC7
_SYNC                                       (abs)        007D64
_SentenceType                               bssCOMRAM    000044
_T0CON                                      (abs)        000FD5
_T0CONbits                                  (abs)        000FD5
_T0IF                                       (abs)        007F92
_T2CON                                      (abs)        000FCA
_TMR0                                       (abs)        000FD6
_TMR0IF                                     (abs)        007F92
_TMR2                                       (abs)        000FCC
_TRISA                                      (abs)        000F92
_TRISB                                      (abs)        000F93
_TRISBbits                                  (abs)        000F93
_TRISC                                      (abs)        000F94
_TRISCbits                                  (abs)        000F94
_TRISD                                      (abs)        000F95
_TRISDbits                                  (abs)        000F95
_TRISE                                      (abs)        000F96
_TXEN                                       (abs)        007D65
_TXSTA                                      (abs)        000FAC
_Term                                       bssCOMRAM    000043
__HRAM                                      (abs)        000000
__Habs1                                     abs1         000000
__Hbank0                                    bank0        000000
__Hbank1                                    bank1        000000
__Hbank2                                    bank2        000000
__Hbank3                                    bank3        000000
__Hbank4                                    bank4        000000
__Hbank5                                    bank5        000000
__Hbank6                                    bank6        000000
__Hbank7                                    bank7        000000
__Hbigbss                                   bigbss       000000
__Hbigdata                                  bigdata      000000
__Hbigram                                   bigram       000000
__Hbss                                      bss          000000
__HbssBANK0                                 bssBANK0     000000
__HbssBANK1                                 bssBANK1     000000
__HbssBANK2                                 bssBANK2     000000
__HbssBIGRAM                                bssBIGRAM    000000
__HbssCOMRAM                                bssCOMRAM    000000
__Hcinit                                    cinit        000000
__Hclrtext                                  clrtext      000000
__Hcomram                                   comram       000000
__Hconfig                                   config       30000E
__Hconst                                    const        000000
__HcstackBANK0                              cstackBANK0  000000
__HcstackBANK2                              cstackBANK2  000000
__HcstackCOMRAM                             cstackCOMRAM 000000
__Hdata                                     data         000000
__HdataBANK1                                dataBANK1    000000
__HdataBANK2                                dataBANK2    000000
__HdataCOMRAM                               dataCOMRAM   000000
__Heeprom_data                              eeprom_data  000000
__Hfarbss                                   farbss       000000
__Hfardata                                  fardata      000000
__Hibigdata                                 ibigdata     000000
__Hidata                                    idata        000000
__HidataBANK1                               idataBANK1   000000
__HidataBANK2                               idataBANK2   000000
__HidataCOMRAM                              idataCOMRAM  000000
__Hidloc                                    idloc        200008
__Hifardata                                 ifardata     000000
__Hinit                                     init         000012
__Hintcode                                  intcode      00000E
__Hintcode_body                             intcode_body 000000
__Hintcodelo                                intcodelo    00000E
__Hintentry                                 intentry     000000
__Hintret                                   intret       000000
__Hintsave_regs                             intsave_regs 000000
__Hirdata                                   irdata       000000
__Hmediumconst                              mediumconst  006280
__HnvFARRAM                                 nvFARRAM     000000
__Hnvbit                                    nvbit        000000
__Hnvrram                                   nvrram       000000
__Hparam                                    rparam       000000
__Hpowerup                                  powerup      00000E
__Hram                                      ram          000000
__Hramtop                                   ramtop       000800
__Hrbit                                     rbit         000000
__Hrbss                                     rbss         000000
__Hrdata                                    rdata        000000
__Hreset_vec                                reset_vec    000004
__Hrparam                                   rparam       000000
__Hsfr                                      sfr          000000
__Hsmallconst                               smallconst   000000
__Hspace_0                                  (abs)        006280
__Hspace_1                                  (abs)        0004ED
__Hspace_2                                  (abs)        000000
__Hspace_4                                  (abs)        60000E
__Hstack                                    stack        000000
__Hstruct                                   struct       000000
__Htemp                                     temp         000048
__Htext                                     text         000000
__Htext0                                    text0        000000
__Htext1                                    text1        000000
__Htext10                                   text10       000000
__Htext100                                  text100      000000
__Htext101                                  text101      000000
__Htext102                                  text102      000000
__Htext103                                  text103      000000
__Htext104                                  text104      000000
__Htext105                                  text105      000000
__Htext106                                  text106      000000
__Htext107                                  text107      000000
__Htext108                                  text108      000000
__Htext11                                   text11       000000
__Htext110                                  text110      000000
__Htext111                                  text111      000000
__Htext112                                  text112      000000
__Htext113                                  text113      000000
__Htext114                                  text114      000000
__Htext115                                  text115      000000
__Htext12                                   text12       000000
__Htext13                                   text13       000000
__Htext14                                   text14       000000
__Htext15                                   text15       000000
__Htext16                                   text16       000000
__Htext17                                   text17       000000
__Htext18                                   text18       000000
__Htext19                                   text19       000000
__Htext2                                    text2        000000
__Htext20                                   text20       000000
__Htext21                                   text21       000000
__Htext22                                   text22       000000
__Htext23                                   text23       000000
__Htext24                                   text24       000000
__Htext25                                   text25       000000
__Htext26                                   text26       000000
__Htext27                                   text27       000000
__Htext28                                   text28       000000
__Htext29                                   text29       000000
__Htext3                                    text3        000000
__Htext30                                   text30       000000
__Htext31                                   text31       000000
__Htext32                                   text32       000000
__Htext33                                   text33       000000
__Htext34                                   text34       000000
__Htext35                                   text35       000000
__Htext36                                   text36       000000
__Htext37                                   text37       000000
__Htext38                                   text38       000000
__Htext39                                   text39       000000
__Htext4                                    text4        000000
__Htext40                                   text40       000000
__Htext41                                   text41       000000
__Htext42                                   text42       000000
__Htext43                                   text43       000000
__Htext44                                   text44       000000
__Htext45                                   text45       000000
__Htext46                                   text46       000000
__Htext47                                   text47       000000
__Htext48                                   text48       000000
__Htext49                                   text49       000000
__Htext5                                    text5        000000
__Htext50                                   text50       000000
__Htext51                                   text51       000000
__Htext52                                   text52       000000
__Htext53                                   text53       000000
__Htext54                                   text54       000000
__Htext55                                   text55       000000
__Htext56                                   text56       000000
__Htext57                                   text57       000000
__Htext58                                   text58       000000
__Htext59                                   text59       000000
__Htext6                                    text6        000000
__Htext60                                   text60       000000
__Htext61                                   text61       000000
__Htext62                                   text62       000000
__Htext63                                   text63       000000
__Htext64                                   text64       000000
__Htext65                                   text65       000000
__Htext66                                   text66       000000
__Htext67                                   text67       000000
__Htext68                                   text68       000000
__Htext69                                   text69       000000
__Htext7                                    text7        000000
__Htext70                                   text70       000000
__Htext71                                   text71       000000
__Htext72                                   text72       000000
__Htext73                                   text73       000000
__Htext74                                   text74       000000
__Htext75                                   text75       000000
__Htext76                                   text76       000000
__Htext77                                   text77       000000
__Htext78                                   text78       000000
__Htext79                                   text79       000000
__Htext8                                    text8        000000
__Htext80                                   text80       000000
__Htext81                                   text81       000000
__Htext82                                   text82       000000
__Htext83                                   text83       000000
__Htext84                                   text84       000000
__Htext85                                   text85       000000
__Htext86                                   text86       000000
__Htext87                                   text87       000000
__Htext88                                   text88       000000
__Htext89                                   text89       000000
__Htext9                                    text9        000000
__Htext90                                   text90       000000
__Htext91                                   text91       000000
__Htext92                                   text92       000000
__Htext93                                   text93       000000
__Htext94                                   text94       000000
__Htext95                                   text95       000000
__Htext96                                   text96       000000
__Htext97                                   text97       000000
__Htext98                                   text98       000000
__Htext99                                   text99       000000
__LRAM                                      (abs)        000001
__Labs1                                     abs1         000000
__Lbank0                                    bank0        000000
__Lbank1                                    bank1        000000
__Lbank2                                    bank2        000000
__Lbank3                                    bank3        000000
__Lbank4                                    bank4        000000
__Lbank5                                    bank5        000000
__Lbank6                                    bank6        000000
__Lbank7                                    bank7        000000
__Lbigbss                                   bigbss       000000
__Lbigdata                                  bigdata      000000
__Lbigram                                   bigram       000000
__Lbss                                      bss          000000
__LbssBANK0                                 bssBANK0     000000
__LbssBANK1                                 bssBANK1     000000
__LbssBANK2                                 bssBANK2     000000
__LbssBIGRAM                                bssBIGRAM    000000
__LbssCOMRAM                                bssCOMRAM    000000
__Lcinit                                    cinit        000000
__Lclrtext                                  clrtext      000000
__Lcomram                                   comram       000000
__Lconfig                                   config       000000
__Lconst                                    const        000000
__LcstackBANK0                              cstackBANK0  000000
__LcstackBANK2                              cstackBANK2  000000
__LcstackCOMRAM                             cstackCOMRAM 000000
__Ldata                                     data         000000
__LdataBANK1                                dataBANK1    000000
__LdataBANK2                                dataBANK2    000000
__LdataCOMRAM                               dataCOMRAM   000000
__Leeprom_data                              eeprom_data  000000
__Lfarbss                                   farbss       000000
__Lfardata                                  fardata      000000
__Libigdata                                 ibigdata     000000
__Lidata                                    idata        000000
__LidataBANK1                               idataBANK1   000000
__LidataBANK2                               idataBANK2   000000
__LidataCOMRAM                              idataCOMRAM  000000
__Lidloc                                    idloc        000000
__Lifardata                                 ifardata     000000
__Linit                                     init         00000E
__Lintcode                                  intcode      000008
__Lintcode_body                             intcode_body 000000
__Lintcodelo                                intcodelo    00000E
__Lintentry                                 intentry     000000
__Lintret                                   intret       000000
__Lintsave_regs                             intsave_regs 000000
__Lirdata                                   irdata       000000
__Lmediumconst                              mediumconst  00608A
__LnvFARRAM                                 nvFARRAM     000000
__Lnvbit                                    nvbit        000000
__Lnvrram                                   nvrram       000000
__Lparam                                    rparam       000000
__Lpowerup                                  powerup      00000E
__Lram                                      ram          000000
__Lramtop                                   ramtop       000800
__Lrbit                                     rbit         000000
__Lrbss                                     rbss         000000
__Lrdata                                    rdata        000000
__Lreset_vec                                reset_vec    000000
__Lrparam                                   rparam       000000
__Lsfr                                      sfr          000000
__Lsmallconst                               smallconst   000000
__Lspace_0                                  (abs)        000000
__Lspace_1                                  (abs)        000000
__Lspace_2                                  (abs)        000000
__Lspace_4                                  (abs)        000000
__Lstack                                    stack        000000
__Lstruct                                   struct       000000
__Ltemp                                     temp         000047
__Ltext                                     text         000000
__Ltext0                                    text0        000000
__Ltext1                                    text1        000000
__Ltext10                                   text10       000000
__Ltext100                                  text100      000000
__Ltext101                                  text101      000000
__Ltext102                                  text102      000000
__Ltext103                                  text103      000000
__Ltext104                                  text104      000000
__Ltext105                                  text105      000000
__Ltext106                                  text106      000000
__Ltext107                                  text107      000000
__Ltext108                                  text108      000000
__Ltext11                                   text11       000000
__Ltext110                                  text110      000000
__Ltext111                                  text111      000000
__Ltext112                                  text112      000000
__Ltext113                                  text113      000000
__Ltext114                                  text114      000000
__Ltext115                                  text115      000000
__Ltext12                                   text12       000000
__Ltext13                                   text13       000000
__Ltext14                                   text14       000000
__Ltext15                                   text15       000000
__Ltext16                                   text16       000000
__Ltext17                                   text17       000000
__Ltext18                                   text18       000000
__Ltext19                                   text19       000000
__Ltext2                                    text2        000000
__Ltext20                                   text20       000000
__Ltext21                                   text21       000000
__Ltext22                                   text22       000000
__Ltext23                                   text23       000000
__Ltext24                                   text24       000000
__Ltext25                                   text25       000000
__Ltext26                                   text26       000000
__Ltext27                                   text27       000000
__Ltext28                                   text28       000000
__Ltext29                                   text29       000000
__Ltext3                                    text3        000000
__Ltext30                                   text30       000000
__Ltext31                                   text31       000000
__Ltext32                                   text32       000000
__Ltext33                                   text33       000000
__Ltext34                                   text34       000000
__Ltext35                                   text35       000000
__Ltext36                                   text36       000000
__Ltext37                                   text37       000000
__Ltext38                                   text38       000000
__Ltext39                                   text39       000000
__Ltext4                                    text4        000000
__Ltext40                                   text40       000000
__Ltext41                                   text41       000000
__Ltext42                                   text42       000000
__Ltext43                                   text43       000000
__Ltext44                                   text44       000000
__Ltext45                                   text45       000000
__Ltext46                                   text46       000000
__Ltext47                                   text47       000000
__Ltext48                                   text48       000000
__Ltext49                                   text49       000000
__Ltext5                                    text5        000000
__Ltext50                                   text50       000000
__Ltext51                                   text51       000000
__Ltext52                                   text52       000000
__Ltext53                                   text53       000000
__Ltext54                                   text54       000000
__Ltext55                                   text55       000000
__Ltext56                                   text56       000000
__Ltext57                                   text57       000000
__Ltext58                                   text58       000000
__Ltext59                                   text59       000000
__Ltext6                                    text6        000000
__Ltext60                                   text60       000000
__Ltext61                                   text61       000000
__Ltext62                                   text62       000000
__Ltext63                                   text63       000000
__Ltext64                                   text64       000000
__Ltext65                                   text65       000000
__Ltext66                                   text66       000000
__Ltext67                                   text67       000000
__Ltext68                                   text68       000000
__Ltext69                                   text69       000000
__Ltext7                                    text7        000000
__Ltext70                                   text70       000000
__Ltext71                                   text71       000000
__Ltext72                                   text72       000000
__Ltext73                                   text73       000000
__Ltext74                                   text74       000000
__Ltext75                                   text75       000000
__Ltext76                                   text76       000000
__Ltext77                                   text77       000000
__Ltext78                                   text78       000000
__Ltext79                                   text79       000000
__Ltext8                                    text8        000000
__Ltext80                                   text80       000000
__Ltext81                                   text81       000000
__Ltext82                                   text82       000000
__Ltext83                                   text83       000000
__Ltext84                                   text84       000000
__Ltext85                                   text85       000000
__Ltext86                                   text86       000000
__Ltext87                                   text87       000000
__Ltext88                                   text88       000000
__Ltext89                                   text89       000000
__Ltext9                                    text9        000000
__Ltext90                                   text90       000000
__Ltext91                                   text91       000000
__Ltext92                                   text92       000000
__Ltext93                                   text93       000000
__Ltext94                                   text94       000000
__Ltext95                                   text95       000000
__Ltext96                                   text96       000000
__Ltext97                                   text97       000000
__Ltext98                                   text98       000000
__Ltext99                                   text99       000000
__S0                                        (abs)        006280
__S1                                        (abs)        0004ED
__S2                                        (abs)        000000
__S4                                        (abs)        000000
__S5                                        (abs)        000000
___aldiv                                    text39       003D1C
___aldiv@counter                            cstackCOMRAM 000021
___aldiv@dividend                           cstackCOMRAM 000019
___aldiv@divisor                            cstackCOMRAM 00001D
___aldiv@quotient                           cstackCOMRAM 000023
___aldiv@sign                               cstackCOMRAM 000022
___inthi_sp                                 stack        000000
___intlo_sp                                 stack        000000
___lldiv                                    text78       004710
___lldiv@counter                            cstackCOMRAM 000025
___lldiv@dividend                           cstackCOMRAM 000019
___lldiv@divisor                            cstackCOMRAM 00001D
___lldiv@quotient                           cstackCOMRAM 000021
___llmod                                    text50       004954
___llmod@counter                            cstackCOMRAM 000021
___llmod@dividend                           cstackCOMRAM 000019
___llmod@divisor                            cstackCOMRAM 00001D
___lmul                                     text71       004B2A
___lmul@multiplicand                        cstackCOMRAM 00001D
___lmul@multiplier                          cstackCOMRAM 000019
___lmul@product                             cstackCOMRAM 000021
___lwdiv                                    text19       004BD6
___lwdiv@counter                            cstackCOMRAM 00001D
___lwdiv@dividend                           cstackCOMRAM 000019
___lwdiv@divisor                            cstackCOMRAM 00001B
___lwdiv@quotient                           cstackCOMRAM 00001E
___lwmod                                    text18       004F06
___lwmod@counter                            cstackCOMRAM 00001D
___lwmod@dividend                           cstackCOMRAM 000019
___lwmod@divisor                            cstackCOMRAM 00001B
___param_bank                               (abs)        000000
___rparam_used                              (abs)        000001
___sp                                       stack        000000
___wmul                                     text77       0051E4
___wmul@multiplicand                        cstackCOMRAM 00001B
___wmul@multiplier                          cstackCOMRAM 000019
___wmul@product                             cstackCOMRAM 00001D
__accesstop                                 (abs)        000060
__activetblptr                              (abs)        000002
__end_of_GPSDay                             text104      00531E
__end_of_GPSHour                            text103      005252
__end_of_GPSMinute                          text102      0052FC
__end_of_GPSMonth                           text101      0052DA
__end_of_GPSRead                            text112      00254E
__end_of_GPSSecond                          text100      0052B8
__end_of_GPSyear                            text99       005296
__end_of_Latitude                           text34       0054D6
__end_of_Longitude                          text32       0054CC
__end_of___aldiv                            text39       003DE8
__end_of___lldiv                            text78       004792
__end_of___llmod                            text50       0049BA
__end_of___lmul                             text71       004B80
__end_of___lwdiv                            text19       004C28
__end_of___lwmod                            text18       004F48
__end_of___wmul                             text77       00520A
__end_of__initialization                    cinit        004150
__end_of_armazena_latitude                  text33       005404
__end_of_armazena_longitude                 text31       0053EA
__end_of_atoi                               text29       003EA6
__end_of_auto_mount                         text59       000AE4
__end_of_calcula_diff_graus                 text27       003C4C
__end_of_calcula_diff_minutos               text26       003D1C
__end_of_check_fs                           text69       004710
__end_of_clust2sect                         text56       003F58
__end_of_command                            text92       004AD2
__end_of_config_timer_dois                  text9        00546C
__end_of_config_timer_zero                  text7        0053D0
__end_of_configura_baudrate_uart            text38       003B74
__end_of_create_chain                       text74       0031D2
__end_of_dados_gps_to_sd                    text106      004BD6
__end_of_delay                              text68       00539A
__end_of_desliga_SPI                        text105      0054B8
__end_of_desliga_uart                       text40       005488
__end_of_diff_calc                          text28       004B2A
__end_of_disk_initialize                    text61       0051E4
__end_of_disk_ioctl                         text97       00535E
__end_of_disk_read                          text88       0048EA
__end_of_disk_status                        text82       005114
__end_of_disk_write                         text86       004D1A
__end_of_disparo_gravacao                   text13       004FCA
__end_of_dummy_clocks                       text95       005046
__end_of_endereco_cursor_lcd                text65       004954
__end_of_escalonador                        text11       004204
__end_of_escreve_SPI                        text94       00545E
__end_of_escreve_caractere_lcd              text67       00487A
__end_of_escreve_cmd_lcd                    text20       004580
__end_of_escreve_frase_ram_lcd              text66       004C7A
__end_of_escreve_inteiro_lcd                text15       00507C
__end_of_escrita_sdcard                     text42       00370A
__end_of_f_close                            text79       005196
__end_of_f_lseek                            text73       000F6E
__end_of_f_mount                            text72       004DAC
__end_of_f_open                             text51       00161E
__end_of_f_sync                             text80       00382E
__end_of_f_write                            text49       00059C
__end_of_fence_diff_lat                     mediumconst  0060E7
__end_of_fence_diff_long                    mediumconst  0060BB
__end_of_fix                                text41       0054E0
__end_of_fprintf                            text46       0012EC
__end_of_fputc                              text48       00500A
__end_of_fputs                              text47       00460A
__end_of_get_cluster                        text76       002770
__end_of_get_fattime                        text98       0035E6
__end_of_inicializa_SPI                     text45       00533E
__end_of_inicializa_tarefas                 text10       004A1A
__end_of_inicializa_uart                    text37       005274
__end_of_init_hardware                      text3        00541A
__end_of_init_interrupt                     text6        00542C
__end_of_init_lcd                           text2        0042A2
__end_of_init_oscilador                     text5        0054F2
__end_of_init_ports                         text4        0053B6
__end_of_isdigit                            text30       00537C
__end_of_isr                                intcode_body 003A6A
__end_of_itoa                               text16       0050E4
__end_of_leitura_SPI                        text96       0054AC
__end_of_main                               text0        005140
__end_of_make_dirfile                       text53       003490
__end_of_memcmp                             text70       004464
__end_of_memcpy                             text58       004F06
__end_of_memset                             text60       00516C
__end_of_mensagem_inicial                   text1        004808
__end_of_monta_sd                           text107      002976
__end_of_move_window                        text85       003046
__end_of_next_dir_entry                     text55       003336
__end_of_posicao_cursor_lcd                 text64       004A78
__end_of_proceed                            text91       0054A0
__end_of_put_cluster                        text75       002324
__end_of_recebe_dado_uart                   text111      00543E
__end_of_recebe_dados_gps                   text35       0051BE
__end_of_remove_chain                       text57       00433E
__end_of_reserve_direntry                   text54       0020BE
__end_of_response                           text90       005494
__end_of_sdc_disk_initialize                text62       00191E
__end_of_sdc_disk_read                      text89       003952
__end_of_sdc_disk_status                    text83       00544E
__end_of_sdc_disk_write                     text87       002CE8
__end_of_sdc_reset                          text63       0044F4
__end_of_strcat                             text44       004EC2
__end_of_strcmp                             text114      004D64
__end_of_strcpy                             text43       004E7E
__end_of_stringcpy                          text113      004E3A
__end_of_strlen                             text108      004F8A
__end_of_sync                               text84       004CCC
__end_of_trace_path                         text52       001E50
__end_of_troca_de_tela                      text12       001BD8
__end_of_utoa                               text17       0043D2
__end_of_validate                           text81       004DF4
__end_of_verifica_dados_operacionais        text14       00547A
__end_of_verifica_diferenca_graus           text25       002E9C
__end_of_verifica_diferenca_minutos         text24       002B32
__end_of_verifica_fence_externo             text21       00468E
__end_of_verifica_plausibilidade_lat        text23       0040B8
__end_of_verifica_plausibilidade_long       text22       004008
__end_of_verifica_recep_gps                 text36       00522E
__end_of_wait_ready                         text93       0050B2
__end_of_write_timer_zero                   text8        0054C2
__end_ofi2_write_timer_zero                 text110      0054EA
__end_ofmensagem_inicial@F3666              mediumconst  006109
__end_ofmensagem_inicial@F3668              mediumconst  0060F8
__initialization                            cinit        0040B8
__mediumconst                               mediumconst  00608A
__pbssBANK0                                 bssBANK0     0000F7
__pbssBANK1                                 bssBANK1     000100
__pbssBANK2                                 bssBANK2     000200
__pbssBIGRAM                                bssBIGRAM    0002CD
__pbssCOMRAM                                bssCOMRAM    000032
__pcinit                                    cinit        0040B8
__pcstackBANK0                              cstackBANK0  000060
__pcstackBANK2                              cstackBANK2  0002A4
__pcstackCOMRAM                             cstackCOMRAM 000001
__pdataBANK1                                dataBANK1    0001F6
__pdataBANK2                                dataBANK2    0002C6
__pdataCOMRAM                               dataCOMRAM   000046
__pidataBANK1                               idataBANK1   0054F2
__pidataBANK2                               idataBANK2   0054F9
__pidataCOMRAM                              idataCOMRAM  005500
__pintcode                                  intcode      000008
__pintcode_body                             intcode_body 003952
__pmediumconst                              mediumconst  00608A
__ptext0                                    text0        005114
__ptext1                                    text1        004792
__ptext10                                   text10       0049BA
__ptext100                                  text100      005296
__ptext101                                  text101      0052B8
__ptext102                                  text102      0052DA
__ptext103                                  text103      00522E
__ptext104                                  text104      0052FC
__ptext105                                  text105      0054AC
__ptext106                                  text106      004B80
__ptext107                                  text107      002770
__ptext108                                  text108      004F48
__ptext11                                   text11       00415E
__ptext110                                  text110      0054E0
__ptext111                                  text111      00542C
__ptext112                                  text112      002324
__ptext113                                  text113      004DF4
__ptext114                                  text114      004D1A
__ptext115                                  text115      000000
__ptext12                                   text12       00191E
__ptext13                                   text13       004F8A
__ptext14                                   text14       00546C
__ptext15                                   text15       005046
__ptext16                                   text16       0050B2
__ptext17                                   text17       00433E
__ptext18                                   text18       004F06
__ptext19                                   text19       004BD6
__ptext2                                    text2        004204
__ptext20                                   text20       0044F4
__ptext21                                   text21       00460A
__ptext22                                   text22       003F58
__ptext23                                   text23       004008
__ptext24                                   text24       002976
__ptext25                                   text25       002CE8
__ptext26                                   text26       003C4C
__ptext27                                   text27       003B74
__ptext28                                   text28       004AD2
__ptext29                                   text29       003DE8
__ptext3                                    text3        005404
__ptext30                                   text30       00535E
__ptext31                                   text31       0053D0
__ptext32                                   text32       0054C2
__ptext33                                   text33       0053EA
__ptext34                                   text34       0054CC
__ptext35                                   text35       005196
__ptext36                                   text36       00520A
__ptext37                                   text37       005252
__ptext38                                   text38       003A6A
__ptext39                                   text39       003D1C
__ptext4                                    text4        00539A
__ptext40                                   text40       00547A
__ptext41                                   text41       0054D6
__ptext42                                   text42       0035E6
__ptext43                                   text43       004E3A
__ptext44                                   text44       004E7E
__ptext45                                   text45       00531E
__ptext46                                   text46       000F6E
__ptext47                                   text47       004580
__ptext48                                   text48       004FCA
__ptext49                                   text49       000012
__ptext5                                    text5        0054EA
__ptext50                                   text50       004954
__ptext51                                   text51       0012EC
__ptext52                                   text52       001BD8
__ptext53                                   text53       003336
__ptext54                                   text54       001E50
__ptext55                                   text55       0031D2
__ptext56                                   text56       003EA6
__ptext57                                   text57       0042A2
__ptext58                                   text58       004EC2
__ptext59                                   text59       00059C
__ptext6                                    text6        00541A
__ptext60                                   text60       005140
__ptext61                                   text61       0051BE
__ptext62                                   text62       00161E
__ptext63                                   text63       004464
__ptext64                                   text64       004A1A
__ptext65                                   text65       0048EA
__ptext66                                   text66       004C28
__ptext67                                   text67       004808
__ptext68                                   text68       00537C
__ptext69                                   text69       00468E
__ptext7                                    text7        0053B6
__ptext70                                   text70       0043D2
__ptext71                                   text71       004B2A
__ptext72                                   text72       004D64
__ptext73                                   text73       000AE4
__ptext74                                   text74       003046
__ptext75                                   text75       0020BE
__ptext76                                   text76       00254E
__ptext77                                   text77       0051E4
__ptext78                                   text78       004710
__ptext79                                   text79       00516C
__ptext8                                    text8        0054B8
__ptext80                                   text80       00370A
__ptext81                                   text81       004DAC
__ptext82                                   text82       0050E4
__ptext83                                   text83       00543E
__ptext84                                   text84       004C7A
__ptext85                                   text85       002E9C
__ptext86                                   text86       004CCC
__ptext87                                   text87       002B32
__ptext88                                   text88       00487A
__ptext89                                   text89       00382E
__ptext9                                    text9        00545E
__ptext90                                   text90       005488
__ptext91                                   text91       005494
__ptext92                                   text92       004A78
__ptext93                                   text93       00507C
__ptext94                                   text94       00544E
__ptext95                                   text95       00500A
__ptext96                                   text96       0054A0
__ptext97                                   text97       00533E
__ptext98                                   text98       003490
__ptext99                                   text99       005274
__ramtop                                    ramtop       000800
__size_of_GPSDay                            (abs)        000000
__size_of_GPSHour                           (abs)        000000
__size_of_GPSMinute                         (abs)        000000
__size_of_GPSMonth                          (abs)        000000
__size_of_GPSRead                           (abs)        000000
__size_of_GPSSecond                         (abs)        000000
__size_of_GPSyear                           (abs)        000000
__size_of_Latitude                          (abs)        000000
__size_of_Longitude                         (abs)        000000
__size_of___aldiv                           (abs)        000000
__size_of___lldiv                           (abs)        000000
__size_of___llmod                           (abs)        000000
__size_of___lmul                            (abs)        000000
__size_of___lwdiv                           (abs)        000000
__size_of___lwmod                           (abs)        000000
__size_of___wmul                            (abs)        000000
__size_of_armazena_latitude                 (abs)        000000
__size_of_armazena_longitude                (abs)        000000
__size_of_atoi                              (abs)        000000
__size_of_auto_mount                        (abs)        000000
__size_of_calcula_diff_graus                (abs)        000000
__size_of_calcula_diff_minutos              (abs)        000000
__size_of_check_fs                          (abs)        000000
__size_of_clust2sect                        (abs)        000000
__size_of_command                           (abs)        000000
[...]
      Locals:         0       0       0       0       0       0       0       0       0
      Temps:          0       0       0       0       0       0       0       0       0
      Totals:         0       0       0       0       0       0       0       0       0
Total ram usage:        0 bytes
 Hardware stack levels used:    1
 Hardware stack levels required when called:    5
 This function calls:
		_monta_sd
 This function is called by:
		_main
 This function uses a non-reentrant model


 *************** function _monta_sd *****************
 Defined at:
		line 298 in file "bibliotecas/SDCard.c"
 Parameters:    Size  Location     Type
  index           1    wreg     unsigned char 
  dado            2   28[COMRAM] PTR unsigned char 
		 -> STR_26(7), STR_25(5), rawDate(7), rawLongitude(13), 
		 -> rawLatitude(13), rawTime(11), 
 Auto vars:     Size  Location     Type
  index           1   30[COMRAM] unsigned char 
  i               1   32[COMRAM] unsigned char 
  size            1   31[COMRAM] unsigned char 
 Return value:  Size  Location     Type
                  1    wreg      void 
 Registers used:
		wreg, fsr1l, fsr1h, fsr2l, fsr2h, status,2, status,0, tblptrl, tblptrh, tblptru, cstack
 Tracked objects:
		On entry : 
		On exit  : 
		Unchanged: 
 Data sizes:     COMRAM   BANK0   BANK1   BANK2   BANK3   BANK4   BANK5   BANK6   BANK7
      Params:         2       0       0       0       0       0       0       0       0
      Locals:         3       0       0       0       0       0       0       0       0
      Temps:          0       0       0       0       0       0       0       0       0
      Totals:         5       0       0       0       0       0       0       0       0
Total ram usage:        5 bytes
 Hardware stack levels used:    1
 Hardware stack levels required when called:    4
 This function calls:
		_strlen
 This function is called by:
		_dados_gps_to_sd
		_verifica_fence_externo
 This function uses a non-reentrant model


 *************** function _strlen *****************
 Defined at:
		line 4 in file "C:\Program Files\Microchip\xc8\v2.30\pic\sources\c90\common\strlen.c"
 Parameters:    Size  Location     Type
  s               2   24[COMRAM] PTR const unsigned char 
		 -> STR_26(7), STR_25(5), rawDate(7), rawLongitude(13), 
		 -> rawLatitude(13), rawTime(11), 
 Auto vars:     Size  Location     Type
  cp              2   26[COMRAM] PTR const unsigned char 
		 -> STR_26(7), STR_25(5), rawDate(7), rawLongitude(13), 
		 -> rawLatitude(13), rawTime(11), 
 Return value:  Size  Location     Type
                  2   24[COMRAM] unsigned int 
 Registers used:
		wreg, fsr1l, fsr1h, status,2, status,0, tblptrl, tblptrh, tblptru
 Tracked objects:
		On entry : 
		On exit  : 
		Unchanged: 
 Data sizes:     COMRAM   BANK0   BANK1   BANK2   BANK3   BANK4   BANK5   BANK6   BANK7
      Params:         2       0       0       0       0       0       0       0       0
      Locals:         2       0       0       0       0       0       0       0       0
      Temps:          0       0       0       0       0       0       0       0       0
      Totals:         4       0       0       0       0       0       0       0       0
Total ram usage:        4 bytes
 Hardware stack levels used:    1
 Hardware stack levels required when called:    3
 This function calls:
		Nothing
 This function is called by:
		_monta_sd
 This function uses a non-reentrant model


 *************** function _isr *****************
 Defined at:
		line 110 in file "main.c"
 Parameters:    Size  Location     Type
		None
 Auto vars:     Size  Location     Type
  cont            1   23[COMRAM] unsigned char 
 Return value:  Size  Location     Type
                  1    wreg      void 
 Registers used:
		wreg, fsr1l, fsr1h, fsr2l, fsr2h, status,2, status,0, tblptrl, tblptrh, tblptru, prodl, prodh, cstack
 Tracked objects:
		On entry : 
		On exit  : 
		Unchanged: 
 Data sizes:     COMRAM   BANK0   BANK1   BANK2   BANK3   BANK4   BANK5   BANK6   BANK7
      Params:         0       0       0       0       0       0       0       0       0
      Locals:         1       0       0       0       0       0       0       0       0
      Temps:         12       0       0       0       0       0       0       0       0
      Totals:        13       0       0       0       0       0       0       0       0
Total ram usage:       13 bytes
 Hardware stack levels used:    1
 Hardware stack levels required when called:    2
 This function calls:
		_GPSRead
		_recebe_dado_uart
		i2_write_timer_zero
 This function is called by:
		Interrupt level 2
 This function uses a non-reentrant model


 *************** function i2_write_timer_zero *****************
 Defined at:
		line 134 in file "bibliotecas/hardware.c"
 Parameters:    Size  Location     Type
  timer0          2    0[COMRAM] unsigned int 
 Auto vars:     Size  Location     Type
		None
 Return value:  Size  Location     Type
                  1    wreg      void 
 Registers used:
		None
 Tracked objects:
		On entry : 
		On exit  : 
		Unchanged: 
 Data sizes:     COMRAM   BANK0   BANK1   BANK2   BANK3   BANK4   BANK5   BANK6   BANK7
      Params:         2       0       0       0       0       0       0       0       0
      Locals:         0       0       0       0       0       0       0       0       0
      Temps:          0       0       0       0       0       0       0       0       0
      Totals:         2       0       0       0       0       0       0       0       0
Total ram usage:        2 bytes
 Hardware stack levels used:    1
 This function calls:
		Nothing
 This function is called by:
		_isr
 This function uses a non-reentrant model


 *************** function _recebe_dado_uart *****************
 Defined at:
		line 138 in file "bibliotecas/uart.c"
 Parameters:    Size  Location     Type
		None
 Auto vars:     Size  Location     Type
		None
 Return value:  Size  Location     Type
                  1    wreg      unsigned char 
 Registers used:
		wreg, status,2
 Tracked objects:
		On entry : 
		On exit  : 
		Unchanged: 
 Data sizes:     COMRAM   BANK0   BANK1   BANK2   BANK3   BANK4   BANK5   BANK6   BANK7
      Params:         0       0       0       0       0       0       0       0       0
      Locals:         0       0       0       0       0       0       0       0       0
      Temps:          0       0       0       0       0       0       0       0       0
      Totals:         0       0       0       0       0       0       0       0       0
Total ram usage:        0 bytes
 Hardware stack levels used:    1
 This function calls:
		Nothing
 This function is called by:
		_isr
 This function uses a non-reentrant model


 *************** function _GPSRead *****************
 Defined at:
		line 49 in file "bibliotecas/GPS.c"
 Parameters:    Size  Location     Type
  buff            1    wreg     unsigned char 
 Auto vars:     Size  Location     Type
  buff            1    9[COMRAM] unsigned char 
  c               1   10[COMRAM] unsigned char 
 Return value:  Size  Location     Type
                  2  348[None  ] int 
 Registers used:
		wreg, fsr1l, fsr1h, fsr2l, fsr2h, status,2, status,0, tblptrl, tblptrh, tblptru, cstack
 Tracked objects:
		On entry : 
		On exit  : 
		Unchanged: 
 Data sizes:     COMRAM   BANK0   BANK1   BANK2   BANK3   BANK4   BANK5   BANK6   BANK7
      Params:         0       0       0       0       0       0       0       0       0
      Locals:         2       0       0       0       0       0       0       0       0
      Temps:          0       0       0       0       0       0       0       0       0
      Totals:         2       0       0       0       0       0       0       0       0
Total ram usage:        2 bytes
 Hardware stack levels used:    1
 Hardware stack levels required when called:    1
 This function calls:
		_strcmp
		_stringcpy
 This function is called by:
		_isr
 This function uses a non-reentrant model


 *************** function _stringcpy *****************
 Defined at:
		line 40 in file "bibliotecas/GPS.c"
 Parameters:    Size  Location     Type
  str1            2    0[COMRAM] PTR unsigned char 
		 -> buffer(12), 
  str2            2    2[COMRAM] PTR unsigned char 
		 -> rawFix(2), rawDate(7), rawLongitude(13), rawLatitude(13), 
		 -> rawTime(11), sentence(6), 
  dir             2    4[COMRAM] int 
 Auto vars:     Size  Location     Type
  chr             1    8[COMRAM] unsigned char 
 Return value:  Size  Location     Type
                  1    wreg      void 
 Registers used:
		wreg, fsr1l, fsr1h, fsr2l, fsr2h, status,2, status,0
 Tracked objects:
		On entry : 
		On exit  : 
		Unchanged: 
 Data sizes:     COMRAM   BANK0   BANK1   BANK2   BANK3   BANK4   BANK5   BANK6   BANK7
      Params:         6       0       0       0       0       0       0       0       0
      Locals:         1       0       0       0       0       0       0       0       0
      Temps:          2       0       0       0       0       0       0       0       0
      Totals:         9       0       0       0       0       0       0       0       0
Total ram usage:        9 bytes
 Hardware stack levels used:    1
 This function calls:
		Nothing
 This function is called by:
		_GPSRead
 This function uses a non-reentrant model


 *************** function _strcmp *****************
 Defined at:
		line 33 in file "C:\Program Files\Microchip\xc8\v2.30\pic\sources\c90\common\strcmp.c"
 Parameters:    Size  Location     Type
  s1              2    0[COMRAM] PTR const unsigned char 
		 -> sentence(6), 
  s2              2    2[COMRAM] PTR const unsigned char 
		 -> STR_6(6), STR_5(6), 
 Auto vars:     Size  Location     Type
  r               1    6[COMRAM] char 
 Return value:  Size  Location     Type
                  2    0[COMRAM] int 
 Registers used:
		wreg, fsr2l, fsr2h, status,2, status,0, tblptrl, tblptrh, tblptru
 Tracked objects:
		On entry : 
		On exit  : 
		Unchanged: 
 Data sizes:     COMRAM   BANK0   BANK1   BANK2   BANK3   BANK4   BANK5   BANK6   BANK7
      Params:         4       0       0       0       0       0       0       0       0
      Locals:         1       0       0       0       0       0       0       0       0
      Temps:          2       0       0       0       0       0       0       0       0
      Totals:         7       0       0       0       0       0       0       0       0
Total ram usage:        7 bytes
 Hardware stack levels used:    1
 This function calls:
		Nothing
 This function is called by:
		_GPSRead
 This function uses a non-reentrant model



MODULE INFORMATION

Module		Function		Class		Link	Load	Size
C:\Program Files\Microchip\xc8\v2.30\pic\sources\c90\common\lwmod.c
		___lwmod       		CODE           	4F06	0000	66

C:\Program Files\Microchip\xc8\v2.30\pic\sources\c90\common\lwmod.c estimated size: 66

bibliotecas/uart.c
		_configura_baudrate_uart		CODE           	3A6A	0000	266
		_recebe_dado_uart		CODE           	542C	0000	18
		_desliga_uart  		CODE           	547A	0000	14
		_inicializa_uart		CODE           	5252	0000	34

bibliotecas/uart.c estimated size: 332

bibliotecas/SPI.c
		_escreve_SPI   		CODE           	544E	0000	16
		_inicializa_SPI		CODE           	531E	0000	32
		_desliga_SPI   		CODE           	54AC	0000	12
		_leitura_SPI   		CODE           	54A0	0000	12

bibliotecas/SPI.c estimated size: 72

C:\Program Files\Microchip\xc8\v2.30\pic\sources\c90\common\strlen.c
		_strlen        		CODE           	4F48	0000	66

C:\Program Files\Microchip\xc8\v2.30\pic\sources\c90\common\strlen.c estimated size: 66

C:\Program Files\Microchip\xc8\v2.30\pic\sources\c90\common\__lldiv.c
		___lldiv       		CODE           	4710	0000	130

C:\Program Files\Microchip\xc8\v2.30\pic\sources\c90\common\__lldiv.c estimated size: 130

C:\Program Files\Microchip\xc8\v2.30\pic\sources\c90\common\strcmp.c
		_strcmp        		CODE           	4D1A	0000	74

C:\Program Files\Microchip\xc8\v2.30\pic\sources\c90\common\strcmp.c estimated size: 74

bibliotecas/diskio.c
		_disk_initialize		CODE           	51BE	0000	38
		_disk_write    		CODE           	4CCC	0000	78
		_disk_status   		CODE           	50E4	0000	48
		_sdc_reset     		CODE           	4464	0000	144
		_disk_ioctl    		CODE           	533E	0000	32
		_sdc_disk_read 		CODE           	382E	0000	292
		_sdc_disk_initialize		CODE           	161E	0000	768
		_disk_read     		CODE           	487A	0000	112
		_sdc_disk_write		CODE           	2B32	0000	438
		_sdc_disk_status		CODE           	543E	0000	16

bibliotecas/diskio.c estimated size: 1966

C:\Program Files\Microchip\xc8\v2.30\pic\sources\c90\common\strcpy.c
		_strcpy        		CODE           	4E3A	0000	68

C:\Program Files\Microchip\xc8\v2.30\pic\sources\c90\common\strcpy.c estimated size: 68

C:\Program Files\Microchip\xc8\v2.30\pic\sources\c90\common\memset.c
		_memset        		CODE           	5140	0000	44

C:\Program Files\Microchip\xc8\v2.30\pic\sources\c90\common\memset.c estimated size: 44

C:\Program Files\Microchip\xc8\v2.30\pic\sources\c90\common\llmod.c
		___llmod       		CODE           	4954	0000	102

C:\Program Files\Microchip\xc8\v2.30\pic\sources\c90\common\llmod.c estimated size: 102

C:\Program Files\Microchip\xc8\v2.30\pic\sources\c90\common\atoi.c
		_atoi          		CODE           	3DE8	0000	190

C:\Program Files\Microchip\xc8\v2.30\pic\sources\c90\common\atoi.c estimated size: 190

C:\Program Files\Microchip\xc8\v2.30\pic\sources\c90\common\lwdiv.c
		___lwdiv       		CODE           	4BD6	0000	82

C:\Program Files\Microchip\xc8\v2.30\pic\sources\c90\common\lwdiv.c estimated size: 82

C:\Program Files\Microchip\xc8\v2.30\pic\sources\c90\common\itoa.c
		_itoa          		CODE           	50B2	0000	50
		_utoa          		CODE           	433E	0000	148

C:\Program Files\Microchip\xc8\v2.30\pic\sources\c90\common\itoa.c estimated size: 198

C:\Program Files\Microchip\xc8\v2.30\pic\sources\c90\common\isdigit.c
		_isdigit       		CODE           	535E	0000	30

C:\Program Files\Microchip\xc8\v2.30\pic\sources\c90\common\isdigit.c estimated size: 30

bibliotecas/SDCard.c
		_response      		CODE           	5488	0000	12
		_dummy_clocks  		CODE           	500A	0000	60
		_escrita_sdcard		CODE           	35E6	0000	292
		_monta_sd      		CODE           	2770	0000	518
		_command       		CODE           	4A78	0000	90
		_proceed       		CODE           	5494	0000	12
		_wait_ready    		CODE           	507C	0000	54

bibliotecas/SDCard.c estimated size: 1038

C:\Program Files\Microchip\xc8\v2.30\pic\sources\c90\common\memcmp.c
		_memcmp        		CODE           	43D2	0000	146

C:\Program Files\Microchip\xc8\v2.30\pic\sources\c90\common\memcmp.c estimated size: 146

C:\Program Files\Microchip\xc8\v2.30\pic\sources\c90\common\memcpy.c
		_memcpy        		CODE           	4EC2	0000	68

C:\Program Files\Microchip\xc8\v2.30\pic\sources\c90\common\memcpy.c estimated size: 68

bibliotecas/hardware.c
		_init_hardware 		CODE           	5404	0000	22
		_config_timer_dois		CODE           	545E	0000	14
		_config_timer_zero		CODE           	53B6	0000	26
		_init_ports    		CODE           	539A	0000	28
		_write_timer_zero		CODE           	54B8	0000	10
		_init_interrupt		CODE           	541A	0000	18
		_init_oscilador		CODE           	54EA	0000	8

bibliotecas/hardware.c estimated size: 126

shared
		mensagem_inicial@F3666		MEDIUMCONST    	60F8	0000	17
		__initialization		CODE           	40B8	0000	152
		mensagem_inicial@F3668		MEDIUMCONST    	60E7	0000	17
		_fence_diff_lat		MEDIUMCONST    	60BB	0000	44
		i2_write_timer_zero		CODE           	54E0	0000	10
		_fence_diff_long		MEDIUMCONST    	608B	0000	48

shared estimated size: 288

C:\Program Files\Microchip\xc8\v2.30\pic\sources\c90\common\Umul16.c
		___wmul        		CODE           	51E4	0000	38

C:\Program Files\Microchip\xc8\v2.30\pic\sources\c90\common\Umul16.c estimated size: 38

C:\Program Files\Microchip\xc8\v2.30\pic\sources\c90\common\aldiv.c
		___aldiv       		CODE           	3D1C	0000	204

C:\Program Files\Microchip\xc8\v2.30\pic\sources\c90\common\aldiv.c estimated size: 204

bibliotecas/display_lcd.c
		_delay         		CODE           	537C	0000	30
		_init_lcd      		CODE           	4204	0000	158
		_endereco_cursor_lcd		CODE           	48EA	0000	106
		_escreve_cmd_lcd		CODE           	44F4	0000	140
		_posicao_cursor_lcd		CODE           	4A1A	0000	94
		_escreve_caractere_lcd		CODE           	4808	0000	114
		_escreve_frase_ram_lcd		CODE           	4C28	0000	82
		_escreve_inteiro_lcd		CODE           	5046	0000	54

bibliotecas/display_lcd.c estimated size: 778

main.c
		_main          		CODE           	5114	0000	44
		_verifica_fence_externo		CODE           	460A	0000	132
		_troca_de_tela 		CODE           	191E	0000	698
		_disparo_gravacao		CODE           	4F8A	0000	64
		_verifica_dados_operacionais		CODE           	546C	0000	14
		_recebe_dados_gps		CODE           	5196	0000	40
		_isr           		CODE           	0008	0000	286
		_escalonador   		CODE           	415E	0000	166
		_mensagem_inicial		CODE           	4792	0000	118
		_inicializa_tarefas		CODE           	49BA	0000	96

main.c estimated size: 1658

bibliotecas/fence.c
		_calcula_diff_graus		CODE           	3B74	0000	216
		_armazena_latitude		CODE           	53EA	0000	26
		_verifica_diferenca_minutos		CODE           	2976	0000	444
		_armazena_longitude		CODE           	53D0	0000	26
		_verifica_plausibilidade_lat		CODE           	4008	0000	176
		_verifica_plausibilidade_long		CODE           	3F58	0000	176
		_diff_calc     		CODE           	4AD2	0000	88
		_verifica_diferenca_graus		CODE           	2CE8	0000	436
		_calcula_diff_minutos		CODE           	3C4C	0000	208

bibliotecas/fence.c estimated size: 1796

bibliotecas/GPS.c
		_GPSSecond     		CODE           	5296	0000	34
		_GPSHour       		CODE           	522E	0000	36
		_GPSMinute     		CODE           	52DA	0000	34
		_stringcpy     		CODE           	4DF4	0000	70
		_GPSDay        		CODE           	52FC	0000	34
		_Longitude     		CODE           	54C2	0000	10
		_GPSMonth      		CODE           	52B8	0000	34
		_fix           		CODE           	54D6	0000	10
		_GPSyear       		CODE           	5274	0000	34
		_GPSRead       		CODE           	2324	0000	554
		_dados_gps_to_sd		CODE           	4B80	0000	86
		_verifica_recep_gps		CODE           	520A	0000	36
		_Latitude      		CODE           	54CC	0000	10

bibliotecas/GPS.c estimated size: 982

bibliotecas/tff.c
		_reserve_direntry		CODE           	1E50	0000	622
		_sync          		CODE           	4C7A	0000	82
		_remove_chain  		CODE           	42A2	0000	156
		_f_mount       		CODE           	4D64	0000	72
		_get_cluster   		CODE           	254E	0000	546
		_get_fattime   		CODE           	3490	0000	342
		_fputs         		CODE           	4580	0000	138
		_auto_mount    		CODE           	059C	0000	1352
		_create_chain  		CODE           	3046	0000	396
		_f_lseek       		CODE           	0AE4	0000	1162
		_validate      		CODE           	4DAC	0000	72
		_check_fs      		CODE           	468E	0000	130
		_fprintf       		CODE           	0F6E	0000	894
		_f_sync        		CODE           	370A	0000	292
		_trace_path    		CODE           	1BD8	0000	632
		_f_write       		CODE           	0012	0000	1418
		_fputc         		CODE           	4FCA	0000	64
		_put_cluster   		CODE           	20BE	0000	614
		_make_dirfile  		CODE           	3336	0000	346
		_clust2sect    		CODE           	3EA6	0000	178
		_f_open        		CODE           	12EC	0000	818
		_next_dir_entry		CODE           	31D2	0000	356
		_f_close       		CODE           	516C	0000	42
		_move_window   		CODE           	2E9C	0000	426

bibliotecas/tff.c estimated size: 11150

C:\Program Files\Microchip\xc8\v2.30\pic\sources\c90\common\Umul32.c
		___lmul        		CODE           	4B2A	0000	86

C:\Program Files\Microchip\xc8\v2.30\pic\sources\c90\common\Umul32.c estimated size: 86

C:\Program Files\Microchip\xc8\v2.30\pic\sources\c90\common\strcat.c
		_strcat        		CODE           	4E7E	0000	68

C:\Program Files\Microchip\xc8\v2.30\pic\sources\c90\common\strcat.c estimated size: 68

