Microchip MPLAB XC8 Compiler V2.30

Linker command line:

-W-3 --edf=C:\Program Files\Microchip\xc8\v2.30\pic\dat\en_msgs.txt -cn \
  -h+dist/default/production\TCC_telemetria.X.production.sym \
  --cmf=dist/default/production\TCC_telemetria.X.production.cmf -z \
  -Q18F4550 -oC:\Users\Felipe\AppData\Local\Temp\s2t8x2 \
  -Mdist/default/production/TCC_telemetria.X.production.map -E1 \
  -ver=XC8 Compiler -ASTACK=0480h-07FFh -pstack=STACK -ACODE=00h-0627Fh \
  -ACONST=00h-0627Fh -ASMALLCONST=0800h-08FFhx90,06200h-0627Fh \
  -AMEDIUMCONST=0800h-0627Fh -ACOMRAM=01h-05Fh -AABS1=00h-07FFh \
  -ABIGRAM=01h-07FFh -ARAM=060h-0FFh,0100h-01FFhx7 -ABANK0=060h-0FFh \
  -ABANK1=0100h-01FFh -ABANK2=0200h-02FFh -ABANK3=0300h-03FFh \
  -ABANK4=0400h-04FFh -ABANK5=0500h-05FFh -ABANK6=0600h-06FFh \
  -ABANK7=0700h-07FFh -ASFR=0F60h-0FFFh -ACONFIG=0300000h-030000Dh \
  -AIDLOC=0200000h-0200007h -AEEDATA=0F00000h-0F000FFh -peeprom_data=EEDATA \
  -preset_vec=00h,intcode=08h,intcodelo,powerup,init -pramtop=0800h \
  -psmallconst=SMALLCONST -pmediumconst=MEDIUMCONST -pconst=CONST \
  -AFARRAM=00h-00h \
  -prdata=COMRAM,nvrram=COMRAM,nvbit=COMRAM,rbss=COMRAM,rbit=COMRAM \
  -pfarbss=FARRAM,fardata=FARRAM,nvFARRAM=FARRAM \
  -pintsave_regs=BIGRAM,bigbss=BIGRAM,bigdata=BIGRAM -pbss=RAM \
  -pidata=CODE,irdata=CODE,ibigdata=CODE,ifardata=CODE -prparam=COMRAM \
  C:\Users\Felipe\AppData\Local\Temp\s2t8x8.obj \
  dist/default/production\TCC_telemetria.X.production.obj 

Object code version is 3.11

Machine type is 18F4550



                Name                               Link     Load   Length Selector   Space Scale
C:\Users\Felipe\AppData\Local\Temp\s2t8x8.obj
                idloc                            200000   200000        8        0       5
                config                           300000   300000        E        0       4
                init                                  E        E        4        4       0
                reset_vec                             0        0        4        0       0
dist/default/production\TCC_telemetria.X.production.obj
                intcode                               8        8        6        4       0
                idloc                            200000   200000        8        0       5
                config                           300000   300000        E        0       4
                temp                                 47       47        1        1       1
                mediumconst                        60DA     60DA      1A6     306D       0
                text114                            4CDE     4CDE       4A        4       0
                text113                            4DB8     4DB8       46        4       0
                text112                            22D8     22D8      254        4       0
                text111                            53EE     53EE       12        4       0
                text110                            54AA     54AA        A        4       0
                intcode_body                       386A     386A      11A        4       0
                text108                            54A0     54A0        A        4       0
                text107                            548A     548A        C        4       0
                text106                            5458     5458        E        4       0
                text105                            4F0C     4F0C       42        4       0
                text104                            252C     252C      24C        4       0
                text103                            4A1A     4A1A       64        4       0
                text102                            529C     529C       22        4       0
                text101                            51AC     51AC       24        4       0
                text100                            527A     527A       22        4       0
                text99                             5258     5258       22        4       0
                text98                             5236     5236       22        4       0
                text97                             5214     5214       22        4       0
                text96                             3144     3144      156        4       0
                text95                             52DE     52DE       20        4       0
                text94                             547E     547E        C        4       0
                text93                             5008     5008       3C        4       0
                text92                             5410     5410       10        4       0
                text91                             507C     507C       36        4       0
                text90                             4B3C     4B3C       5A        4       0
                text89                             5472     5472        C        4       0
                text88                             5466     5466        C        4       0
                text87                             3746     3746      124        4       0
                text86                             480A     480A       70        4       0
                text85                             299A     299A      1B6        4       0
                text84                             4C90     4C90       4E        4       0
                text83                             2B50     2B50      1AA        4       0
                text82                             4C3E     4C3E       52        4       0
                text81                             5400     5400       10        4       0
                text80                             50B2     50B2       30        4       0
                text79                             4D70     4D70       48        4       0
                text78                             3622     3622      124        4       0
                text77                             510E     510E       2A        4       0
                text76                             462A     462A       82        4       0
                text75                             5186     5186       26        4       0
                text74                             2778     2778      222        4       0
                text73                             1E1A     1E1A      266        4       0
                text72                             2CFA     2CFA      18C        4       0
                text71                              AEA      AEA      48A        4       0
                text70                             4D28     4D28       48        4       0
                text69                             4B96     4B96       56        4       0
                text68                             41DA     41DA       92        4       0
                text67                             45A8     45A8       82        4       0
                text66                             5358     5358       1E        4       0
                text65                             4798     4798       72        4       0
                text64                             4BEC     4BEC       52        4       0
                text63                             487A     487A       6A        4       0
                text62                             4ADE     4ADE       5E        4       0
                text61                             426C     426C       90        4       0
                text60                             1626     1626      300        4       0
                text59                             5160     5160       26        4       0
                text58                             50E2     50E2       2C        4       0
                text57                              5A0      5A0      54A        4       0
                text56                             4E86     4E86       44        4       0
                text55                             40A8     40A8       9C        4       0
                text54                             3E04     3E04       B2        4       0
                text53                             2E86     2E86      164        4       0
                text52                             1BA4     1BA4      276        4       0
                text51                             2FEA     2FEA      15A        4       0
                text50                             1926     1926      27E        4       0
                text49                             12F4     12F4      332        4       0
                text48                             49B4     49B4       66        4       0
                text47                               12       12      58E        4       0
                text46                             4F4E     4F4E       40        4       0
                text45                             4414     4414       8A        4       0
                text44                              F74      F74      380        4       0
                text43                             4E42     4E42       44        4       0
                text42                             4DFE     4DFE       44        4       0
                text41                             34FE     34FE      124        4       0
                text40                             52BE     52BE       20        4       0
                text39                             3D38     3D38       CC        4       0
                text38                             3984     3984      10A        4       0
                text37                             51F2     51F2       22        4       0
                text36                             53AC     53AC       1A        4       0
                text35                             533A     533A       1E        4       0
                text34                             544A     544A        E        4       0
                text33                             531C     531C       1E        4       0
                text32                             543C     543C        E        4       0
                text31                             52FE     52FE       1E        4       0
                text30                             33D4     33D4      12A        4       0
                text29                             51D0     51D0       22        4       0
                text28                             4144     4144       96        4       0
                text27                             329A     329A      13A        4       0
                text26                             4524     4524       84        4       0
                text25                             4722     4722       76        4       0
                text24                             494C     494C       68        4       0
                text23                             4388     4388       8C        4       0
                text22                             3B84     3B84       E8        4       0
                text21                             4ECA     4ECA       42        4       0
                text20                             4F8E     4F8E       3E        4       0
                text19                             3EB6     3EB6       AE        4       0
                text18                             5044     5044       38        4       0
                text17                             46AC     46AC       76        4       0
                text16                             3A8E     3A8E       F6        4       0
                text15                             3C6C     3C6C       CC        4       0
                text14                             48E4     48E4       68        4       0
                text13                             4FCC     4FCC       3C        4       0
                text12                             2080     2080      258        4       0
                text11                             3F64     3F64       A6        4       0
                text10                             4A7E     4A7E       60        4       0
                text9                              542E     542E        E        4       0
                text8                              5496     5496        A        4       0
                text7                              5392     5392       1A        4       0
                text6                              53DC     53DC       12        4       0
                text5                              54B4     54B4        8        4       0
                text4                              5376     5376       1C        4       0
                text3                              53C6     53C6       16        4       0
                text2                              400A     400A       9E        4       0
                text1                              42FC     42FC       8C        4       0
                text0                              5138     5138       28        4       0
                cstackCOMRAM                          1        1       31        1       1
                cstackBANK0                          60       60       98       60       1
                cstackBANK2                         23E      23E       22      200       1
                bssBIGRAM                           260      260      220      260       1
                bssBANK2                            200      200       3E      200       1
                dataBANK1                           1D9      1D9        E      100       1
                bssBANK1                            100      100       D9      100       1
                bssBANK0                             F8       F8        6       60       1
                dataCOMRAM                           46       46        1        1       1
                bssCOMRAM                            32       32       14        1       1
                cinit                              449E     449E       86        4       0
                idataBANK1                         5420     5420        E        4       0
                idataCOMRAM                        54BC     54BC        1        4       0

TOTAL           Name                               Link     Load   Length     Space
        CLASS   STACK          

        CLASS   CODE           
                intcode                               8        8        6         0
                init                                  E        E        4         0
                reset_vec                             0        0        4         0
                text114                            4CDE     4CDE       4A         0
                text113                            4DB8     4DB8       46         0
                text112                            22D8     22D8      254         0
                text111                            53EE     53EE       12         0
                text110                            54AA     54AA        A         0
                intcode_body                       386A     386A      11A         0
                text108                            54A0     54A0        A         0
                text107                            548A     548A        C         0
                text106                            5458     5458        E         0
                text105                            4F0C     4F0C       42         0
                text104                            252C     252C      24C         0
                text103                            4A1A     4A1A       64         0
                text102                            529C     529C       22         0
                text101                            51AC     51AC       24         0
                text100                            527A     527A       22         0
                text99                             5258     5258       22         0
                text98                             5236     5236       22         0
                text97                             5214     5214       22         0
                text96                             3144     3144      156         0
                text95                             52DE     52DE       20         0
                text94                             547E     547E        C         0
                text93                             5008     5008       3C         0
                text92                             5410     5410       10         0
                text91                             507C     507C       36         0
                text90                             4B3C     4B3C       5A         0
                text89                             5472     5472        C         0
                text88                             5466     5466        C         0
                text87                             3746     3746      124         0
                text86                             480A     480A       70         0
                text85                             299A     299A      1B6         0
                text84                             4C90     4C90       4E         0
                text83                             2B50     2B50      1AA         0
                text82                             4C3E     4C3E       52         0
                text81                             5400     5400       10         0
                text80                             50B2     50B2       30         0
                text79                             4D70     4D70       48         0
                text78                             3622     3622      124         0
                text77                             510E     510E       2A         0
                text76                             462A     462A       82         0
                text75                             5186     5186       26         0
                text74                             2778     2778      222         0
                text73                             1E1A     1E1A      266         0
                text72                             2CFA     2CFA      18C         0
                text71                              AEA      AEA      48A         0
                text70                             4D28     4D28       48         0
                text69                             4B96     4B96       56         0
                text68                             41DA     41DA       92         0
                text67                             45A8     45A8       82         0
                text66                             5358     5358       1E         0
                text65                             4798     4798       72         0
                text64                             4BEC     4BEC       52         0
                text63                             487A     487A       6A         0
                text62                             4ADE     4ADE       5E         0
                text61                             426C     426C       90         0
                text60                             1626     1626      300         0
                text59                             5160     5160       26         0
                text58                             50E2     50E2       2C         0
                text57                              5A0      5A0      54A         0
                text56                             4E86     4E86       44         0
                text55                             40A8     40A8       9C         0
                text54                             3E04     3E04       B2         0
                text53                             2E86     2E86      164         0
                text52                             1BA4     1BA4      276         0
                text51                             2FEA     2FEA      15A         0
                text50                             1926     1926      27E         0
                text49                             12F4     12F4      332         0
                text48                             49B4     49B4       66         0
                text47                               12       12      58E         0
                text46                             4F4E     4F4E       40         0
                text45                             4414     4414       8A         0
                text44                              F74      F74      380         0
                text43                             4E42     4E42       44         0
                text42                             4DFE     4DFE       44         0
                text41                             34FE     34FE      124         0
                text40                             52BE     52BE       20         0
                text39                             3D38     3D38       CC         0
                text38                             3984     3984      10A         0
                text37                             51F2     51F2       22         0
                text36                             53AC     53AC       1A         0
                text35                             533A     533A       1E         0
                text34                             544A     544A        E         0
                text33                             531C     531C       1E         0
                text32                             543C     543C        E         0
                text31                             52FE     52FE       1E         0
                text30                             33D4     33D4      12A         0
                text29                             51D0     51D0       22         0
                text28                             4144     4144       96         0
                text27                             329A     329A      13A         0
                text26                             4524     4524       84         0
                text25                             4722     4722       76         0
                text24                             494C     494C       68         0
                text23                             4388     4388       8C         0
                text22                             3B84     3B84       E8         0
                text21                             4ECA     4ECA       42         0
                text20                             4F8E     4F8E       3E         0
                text19                             3EB6     3EB6       AE         0
                text18                             5044     5044       38         0
                text17                             46AC     46AC       76         0
                text16                             3A8E     3A8E       F6         0
                text15                             3C6C     3C6C       CC         0
                text14                             48E4     48E4       68         0
                text13                             4FCC     4FCC       3C         0
                text12                             2080     2080      258         0
                text11                             3F64     3F64       A6         0
                text10                             4A7E     4A7E       60         0
                text9                              542E     542E        E         0
                text8                              5496     5496        A         0
                text7                              5392     5392       1A         0
                text6                              53DC     53DC       12         0
                text5                              54B4     54B4        8         0
                text4                              5376     5376       1C         0
                text3                              53C6     53C6       16         0
                text2                              400A     400A       9E         0
                text1                              42FC     42FC       8C         0
                text0                              5138     5138       28         0
                cinit                              449E     449E       86         0
                idataBANK1                         5420     5420        E         0
                idataCOMRAM                        54BC     54BC        1         0

        CLASS   CONST          

        CLASS   SMALLCONST     

        CLASS   MEDIUMCONST    
                mediumconst                        60DA     60DA      1A6         0

        CLASS   COMRAM         
                temp                                 47       47        1         1
                cstackCOMRAM                          1        1       31         1
                dataCOMRAM                           46       46        1         1
                bssCOMRAM                            32       32       14         1

        CLASS   ABS1           

        CLASS   BIGRAM         
                bssBIGRAM                           260      260      220         1

        CLASS   RAM            

        CLASS   BANK0          
                cstackBANK0                          60       60       98         1
                bssBANK0                             F8       F8        6         1

        CLASS   BANK1          
                dataBANK1                           1D9      1D9        E         1
                bssBANK1                            100      100       D9         1

        CLASS   BANK2          
                cstackBANK2                         23E      23E       22         1
                bssBANK2                            200      200       3E         1

        CLASS   BANK3          

        CLASS   BANK4          

        CLASS   BANK5          

        CLASS   BANK6          

        CLASS   BANK7          

        CLASS   SFR            

        CLASS   CONFIG         
                config                           300000   300000        E         4

        CLASS   IDLOC          
                idloc                            200000   200000        8         5

        CLASS   EEDATA         

        CLASS   FARRAM         



SEGMENTS        Name                           Load    Length   Top    Selector   Space  Class

                reset_vec                      000000  000004  000004         0       0  CODE    
                cstackCOMRAM                   000001  000047  000048         1       1  COMRAM  
                intcode                        000008  0054B5  0054BD         4       0  CODE    
                cstackBANK0                    000060  00009E  0000FE        60       1  BANK0   
                bssBANK1                       000100  0000E7  0001E7       100       1  BANK1   
                bssBANK2                       000200  000060  000260       200       1  BANK2   
                bssBIGRAM                      000260  000220  000480       260       1  BIGRAM  
                mediumconst                    0060DA  0001A6  006280      306D       0  MEDIUMCO


UNUSED ADDRESS RANGES

        Name                Unused          Largest block    Delta
        BANK0            0000FE-0000FF                2
        BANK1            0001E7-0001FF               19
        BANK4            000480-0004FF               80
        BANK5            000500-0005FF              100
        BANK6            000600-0006FF              100
        BANK7            000700-0007FF              100
        BIGRAM           000048-00005F               18
                         0000FE-0000FF                2
                         0001E7-0001FF               19
                         000480-0007FF              380
        CODE             000004-000007                4
                         0054BD-0060D9              C1D
        COMRAM           000048-00005F               18
        CONST            000004-000007                4
                         0054BD-0060D9              C1D
        EEDATA           F00000-F000FF              100
        MEDIUMCONST      0054BD-0060D9              C1D
        RAM              0000FE-0000FF                2
                         0001E7-0001FF               19
                         000480-0007FF              100
        SFR              000F60-000FFF               A0
        SMALLCONST       0054BD-0060D9              100
        STACK            000480-0007FF              380

                                  Symbol Table

?_GPSDay                               cstackCOMRAM 000019
?_GPSHour                              cstackCOMRAM 000019
?_GPSMinute                            cstackCOMRAM 000019
?_GPSMonth                             cstackCOMRAM 000019
?_GPSSecond                            cstackCOMRAM 000019
?_GPSyear                              cstackCOMRAM 000019
?_Latitude                             cstackCOMRAM 00001F
?_Longitude                            cstackCOMRAM 00001F
?___aldiv                              cstackCOMRAM 000019
?___awtoft                             cstackCOMRAM 000026
?___ftmul                              cstackCOMRAM 00002A
?___ftpack                             cstackCOMRAM 000019
?___lldiv                              cstackCOMRAM 000019
?___llmod                              cstackCOMRAM 000019
?___lmul                               cstackCOMRAM 000019
?___wmul                               cstackCOMRAM 000019
?_atoi                                 cstackCOMRAM 00001F
?_atol                                 cstackCOMRAM 000025
?_clust2sect                           cstackCOMRAM 000025
?_convert_to_int                       cstackCOMRAM 00002D
?_convert_to_int_point                 cstackCOMRAM 00002D
?_create_chain                         cstackBANK0  0000A0
?_fix                                  cstackCOMRAM 000019
?_fprintf                              cstackBANK0  0000D9
?_fputc                                cstackBANK0  0000CC
?_fputs                                cstackBANK0  0000D3
?_get_cluster                          cstackBANK0  000088
?_get_fattime                          cstackCOMRAM 00001D
?_memcmp                               cstackCOMRAM 000019
?_strcmp                               cstackCOMRAM 000001
?_strlen                               cstackCOMRAM 000019
GPSRead@buff                           cstackCOMRAM 00000A
GPSRead@c                              cstackCOMRAM 00000B
_ADCON1                                (abs)        000FC1
_BRGH                                  (abs)        007D62
_CREN                                  (abs)        007D5C
_FatFs                                 bssCOMRAM    000038
_GPGGA_ok                              bssBANK1     000149
_GPRMC_ok                              bssBANK1     00014B
_GPSDay                                text102      00529C
_GPSHour                               text101      0051AC
_GPSMinute                             text100      00527A
_GPSMonth                              text99       005258
_GPSRead                               text112      0022D8
_GPSSecond                             text98       005236
_GPSyear                               text97       005214
_INT0IE                                (abs)        007F94
_INT0IF                                (abs)        007F91
_INTCON                                (abs)        000FF2
_INTCON2                               (abs)        000FF1
_INTCON3                               (abs)        000FF0
_INTCONbits                            (abs)        000FF2
_LATB                                  (abs)        000F8A
_LATBbits                              (abs)        000F8A
_LATCbits                              (abs)        000F8B
_Latitude                              text35       00533A
_Longitude                             text33       00531C
_OSCCONbits                            (abs)        000FD3
_PCL                                   (abs)        000FF9
_PCLATH                                (abs)        000FFA
_PIE1                                  (abs)        000F9D
_PIE1bits                              (abs)        000F9D
_PIR1bits                              (abs)        000F9E
_PORTBbits                             (abs)        000F81
_PORTDbits                             (abs)        000F83
_PORTEbits                             (abs)        000F84
_PR2                                   (abs)        000FCB
_RCIF                                  (abs)        007CF5
_RCREG                                 (abs)        000FAE
_RCSTA                                 (abs)        000FAB
_RCSTAbits                             (abs)        000FAB
_SPBRG                                 (abs)        000FAF
_SPEN                                  (abs)        007D5F
_SPPCFG                                (abs)        000F63
_SPPCON                                (abs)        000F65
_SSPBUF                                (abs)        000FC9
_SSPCON1                               (abs)        000FC6
_SSPCON1bits                           (abs)        000FC6
_SSPSTAT                               (abs)        000FC7
_SSPSTATbits                           (abs)        000FC7
_SYNC                                  (abs)        007D64
_SentenceType                          bssCOMRAM    000044
_Speed                                 (abs)        000000
_T0CON                                 (abs)        000FD5
_T0CONbits                             (abs)        000FD5
_T0IF                                  (abs)        007F92
_T2CON                                 (abs)        000FCA
_TMR0                                  (abs)        000FD6
_TMR0IF                                (abs)        007F92
_TMR2                                  (abs)        000FCC
_TRISA                                 (abs)        000F92
_TRISB                                 (abs)        000F93
_TRISBbits                             (abs)        000F93
_TRISC                                 (abs)        000F94
_TRISCbits                             (abs)        000F94
_TRISD                                 (abs)        000F95
_TRISDbits                             (abs)        000F95
_TRISE                                 (abs)        000F96
_TXEN                                  (abs)        007D65
_TXSTA                                 (abs)        000FAC
_Term                                  bssCOMRAM    000043
__HRAM                                 (abs)        000000
__Habs1                                abs1         000000
__Hbank0                               bank0        000000
__Hbank1                               bank1        000000
__Hbank2                               bank2        000000
__Hbank3                               bank3        000000
__Hbank4                               bank4        000000
__Hbank5                               bank5        000000
__Hbank6                               bank6        000000
__Hbank7                               bank7        000000
__Hbigbss                              bigbss       000000
__Hbigdata                             bigdata      000000
__Hbigram                              bigram       000000
__Hbss                                 bss          000000
__HbssBANK0                            bssBANK0     000000
__HbssBANK1                            bssBANK1     000000
__HbssBANK2                            bssBANK2     000000
__HbssBIGRAM                           bssBIGRAM    000000
__HbssCOMRAM                           bssCOMRAM    000000
__Hcinit                               cinit        000000
__Hclrtext                             clrtext      000000
__Hcomram                              comram       000000
__Hconfig                              config       30000E
__Hconst                               const        000000
__HcstackBANK0                         cstackBANK0  000000
__HcstackBANK2                         cstackBANK2  000000
__HcstackCOMRAM                        cstackCOMRAM 000000
__Hdata                                data         000000
__HdataBANK1                           dataBANK1    000000
__HdataCOMRAM                          dataCOMRAM   000000
__Heeprom_data                         eeprom_data  000000
__Hfarbss                              farbss       000000
__Hfardata                             fardata      000000
__Hibigdata                            ibigdata     000000
__Hidata                               idata        000000
__HidataBANK1                          idataBANK1   000000
__HidataCOMRAM                         idataCOMRAM  000000
__Hidloc                               idloc        200008
__Hifardata                            ifardata     000000
__Hinit                                init         000012
__Hintcode                             intcode      00000E
__Hintcode_body                        intcode_body 000000
__Hintcodelo                           intcodelo    00000E
__Hintentry                            intentry     000000
__Hintret                              intret       000000
__Hintsave_regs                        intsave_regs 000000
__Hirdata                              irdata       000000
__Hmediumconst                         mediumconst  006280
__HnvFARRAM                            nvFARRAM     000000
__Hnvbit                               nvbit        000000
__Hnvrram                              nvrram       000000
__Hparam                               rparam       000000
__Hpowerup                             powerup      00000E
__Hram                                 ram          000000
__Hramtop                              ramtop       000800
__Hrbit                                rbit         000000
__Hrbss                                rbss         000000
__Hrdata                               rdata        000000
__Hreset_vec                           reset_vec    000004
__Hrparam                              rparam       000000
__Hsfr                                 sfr          000000
__Hsmallconst                          smallconst   000000
__Hspace_0                             (abs)        006280
__Hspace_1                             (abs)        000480
__Hspace_2                             (abs)        000000
__Hspace_4                             (abs)        60000E
__Hstack                               stack        000000
__Hstruct                              struct       000000
__Htemp                                temp         000048
__Htext                                text         000000
__Htext0                               text0        000000
__Htext1                               text1        000000
__Htext10                              text10       000000
__Htext100                             text100      000000
__Htext101                             text101      000000
__Htext102                             text102      000000
__Htext103                             text103      000000
__Htext104                             text104      000000
__Htext105                             text105      000000
__Htext106                             text106      000000
__Htext107                             text107      000000
__Htext108                             text108      000000
__Htext11                              text11       000000
__Htext110                             text110      000000
__Htext111                             text111      000000
__Htext112                             text112      000000
__Htext113                             text113      000000
__Htext114                             text114      000000
__Htext115                             text115      000000
__Htext12                              text12       000000
__Htext13                              text13       000000
__Htext14                              text14       000000
__Htext15                              text15       000000
__Htext16                              text16       000000
__Htext17                              text17       000000
__Htext18                              text18       000000
__Htext19                              text19       000000
__Htext2                               text2        000000
__Htext20                              text20       000000
__Htext21                              text21       000000
__Htext22                              text22       000000
__Htext23                              text23       000000
__Htext24                              text24       000000
__Htext25                              text25       000000
__Htext26                              text26       000000
__Htext27                              text27       000000
__Htext28                              text28       000000
__Htext29                              text29       000000
__Htext3                               text3        000000
__Htext30                              text30       000000
__Htext31                              text31       000000
__Htext32                              text32       000000
__Htext33                              text33       000000
__Htext34                              text34       000000
__Htext35                              text35       000000
__Htext36                              text36       000000
__Htext37                              text37       000000
__Htext38                              text38       000000
__Htext39                              text39       000000
__Htext4                               text4        000000
__Htext40                              text40       000000
__Htext41                              text41       000000
__Htext42                              text42       000000
__Htext43                              text43       000000
__Htext44                              text44       000000
__Htext45                              text45       000000
__Htext46                              text46       000000
__Htext47                              text47       000000
__Htext48                              text48       000000
__Htext49                              text49       000000
__Htext5                               text5        000000
__Htext50                              text50       000000
__Htext51                              text51       000000
__Htext52                              text52       000000
__Htext53                              text53       000000
__Htext54                              text54       000000
__Htext55                              text55       000000
__Htext56                              text56       000000
__Htext57                              text57       000000
__Htext58                              text58       000000
__Htext59                              text59       000000
__Htext6                               text6        000000
__Htext60                              text60       000000
__Htext61                              text61       000000
__Htext62                              text62       000000
__Htext63                              text63       000000
__Htext64                              text64       000000
__Htext65                              text65       000000
__Htext66                              text66       000000
__Htext67                              text67       000000
__Htext68                              text68       000000
__Htext69                              text69       000000
__Htext7                               text7        000000
__Htext70                              text70       000000
__Htext71                              text71       000000
__Htext72                              text72       000000
__Htext73                              text73       000000
__Htext74                              text74       000000
__Htext75                              text75       000000
__Htext76                              text76       000000
__Htext77                              text77       000000
__Htext78                              text78       000000
__Htext79                              text79       000000
__Htext8                               text8        000000
__Htext80                              text80       000000
__Htext81                              text81       000000
__Htext82                              text82       000000
__Htext83                              text83       000000
__Htext84                              text84       000000
__Htext85                              text85       000000
__Htext86                              text86       000000
__Htext87                              text87       000000
__Htext88                              text88       000000
__Htext89                              text89       000000
__Htext9                               text9        000000
__Htext90                              text90       000000
__Htext91                              text91       000000
__Htext92                              text92       000000
__Htext93                              text93       000000
__Htext94                              text94       000000
__Htext95                              text95       000000
__Htext96                              text96       000000
__Htext97                              text97       000000
__Htext98                              text98       000000
__Htext99                              text99       000000
__LRAM                                 (abs)        000001
__Labs1                                abs1         000000
__Lbank0                               bank0        000000
__Lbank1                               bank1        000000
__Lbank2                               bank2        000000
__Lbank3                               bank3        000000
__Lbank4                               bank4        000000
__Lbank5                               bank5        000000
__Lbank6                               bank6        000000
__Lbank7                               bank7        000000
__Lbigbss                              bigbss       000000
__Lbigdata                             bigdata      000000
__Lbigram                              bigram       000000
__Lbss                                 bss          000000
__LbssBANK0                            bssBANK0     000000
__LbssBANK1                            bssBANK1     000000
__LbssBANK2                            bssBANK2     000000
__LbssBIGRAM                           bssBIGRAM    000000
__LbssCOMRAM                           bssCOMRAM    000000
__Lcinit                               cinit        000000
__Lclrtext                             clrtext      000000
__Lcomram                              comram       000000
__Lconfig                              config       000000
__Lconst                               const        000000
__LcstackBANK0                         cstackBANK0  000000
__LcstackBANK2                         cstackBANK2  000000
__LcstackCOMRAM                        cstackCOMRAM 000000
__Ldata                                data         000000
__LdataBANK1                           dataBANK1    000000
__LdataCOMRAM                          dataCOMRAM   000000
__Leeprom_data                         eeprom_data  000000
__Lfarbss                              farbss       000000
__Lfardata                             fardata      000000
__Libigdata                            ibigdata     000000
__Lidata                               idata        000000
__LidataBANK1                          idataBANK1   000000
__LidataCOMRAM                         idataCOMRAM  000000
__Lidloc                               idloc        000000
__Lifardata                            ifardata     000000
__Linit                                init         00000E
__Lintcode                             intcode      000008
__Lintcode_body                        intcode_body 000000
__Lintcodelo                           intcodelo    00000E
__Lintentry                            intentry     000000
__Lintret                              intret       000000
__Lintsave_regs                        intsave_regs 000000
__Lirdata                              irdata       000000
__Lmediumconst                         mediumconst  0060DA
__LnvFARRAM                            nvFARRAM     000000
__Lnvbit                               nvbit        000000
__Lnvrram                              nvrram       000000
__Lparam                               rparam       000000
__Lpowerup                             powerup      00000E
__Lram                                 ram          000000
__Lramtop                              ramtop       000800
__Lrbit                                rbit         000000
__Lrbss                                rbss         000000
__Lrdata                               rdata        000000
__Lreset_vec                           reset_vec    000000
__Lrparam                              rparam       000000
__Lsfr                                 sfr          000000
__Lsmallconst                          smallconst   000000
__Lspace_0                             (abs)        000000
__Lspace_1                             (abs)        000000
__Lspace_2                             (abs)        000000
__Lspace_4                             (abs)        000000
__Lstack                               stack        000000
__Lstruct                              struct       000000
__Ltemp                                temp         000047
__Ltext                                text         000000
__Ltext0                               text0        000000
__Ltext1                               text1        000000
__Ltext10                              text10       000000
__Ltext100                             text100      000000
__Ltext101                             text101      000000
__Ltext102                             text102      000000
__Ltext103                             text103      000000
__Ltext104                             text104      000000
__Ltext105                             text105      000000
__Ltext106                             text106      000000
__Ltext107                             text107      000000
__Ltext108                             text108      000000
__Ltext11                              text11       000000
__Ltext110                             text110      000000
__Ltext111                             text111      000000
__Ltext112                             text112      000000
__Ltext113                             text113      000000
__Ltext114                             text114      000000
__Ltext115                             text115      000000
__Ltext12                              text12       000000
__Ltext13                              text13       000000
__Ltext14                              text14       000000
__Ltext15                              text15       000000
__Ltext16                              text16       000000
__Ltext17                              text17       000000
__Ltext18                              text18       000000
__Ltext19                              text19       000000
__Ltext2                               text2        000000
__Ltext20                              text20       000000
__Ltext21                              text21       000000
__Ltext22                              text22       000000
__Ltext23                              text23       000000
__Ltext24                              text24       000000
__Ltext25                              text25       000000
__Ltext26                              text26       000000
__Ltext27                              text27       000000
__Ltext28                              text28       000000
__Ltext29                              text29       000000
__Ltext3                               text3        000000
__Ltext30                              text30       000000
__Ltext31                              text31       000000
__Ltext32                              text32       000000
__Ltext33                              text33       000000
__Ltext34                              text34       000000
__Ltext35                              text35       000000
__Ltext36                              text36       000000
__Ltext37                              text37       000000
__Ltext38                              text38       000000
__Ltext39                              text39       000000
__Ltext4                               text4        000000
__Ltext40                              text40       000000
__Ltext41                              text41       000000
__Ltext42                              text42       000000
__Ltext43                              text43       000000
__Ltext44                              text44       000000
__Ltext45                              text45       000000
__Ltext46                              text46       000000
__Ltext47                              text47       000000
__Ltext48                              text48       000000
__Ltext49                              text49       000000
__Ltext5                               text5        000000
__Ltext50                              text50       000000
__Ltext51                              text51       000000
__Ltext52                              text52       000000
__Ltext53                              text53       000000
__Ltext54                              text54       000000
__Ltext55                              text55       000000
__Ltext56                              text56       000000
__Ltext57                              text57       000000
__Ltext58                              text58       000000
__Ltext59                              text59       000000
__Ltext6                               text6        000000
__Ltext60                              text60       000000
__Ltext61                              text61       000000
__Ltext62                              text62       000000
__Ltext63                              text63       000000
__Ltext64                              text64       000000
__Ltext65                              text65       000000
__Ltext66                              text66       000000
__Ltext67                              text67       000000
__Ltext68                              text68       000000
__Ltext69                              text69       000000
__Ltext7                               text7        000000
__Ltext70                              text70       000000
__Ltext71                              text71       000000
__Ltext72                              text72       000000
__Ltext73                              text73       000000
__Ltext74                              text74       000000
__Ltext75                              text75       000000
__Ltext76                              text76       000000
__Ltext77                              text77       000000
__Ltext78                              text78       000000
__Ltext79                              text79       000000
__Ltext8                               text8        000000
__Ltext80                              text80       000000
__Ltext81                              text81       000000
__Ltext82                              text82       000000
__Ltext83                              text83       000000
__Ltext84                              text84       000000
__Ltext85                              text85       000000
__Ltext86                              text86       000000
__Ltext87                              text87       000000
__Ltext88                              text88       000000
__Ltext89                              text89       000000
__Ltext9                               text9        000000
__Ltext90                              text90       000000
__Ltext91                              text91       000000
__Ltext92                              text92       000000
__Ltext93                              text93       000000
__Ltext94                              text94       000000
__Ltext95                              text95       000000
__Ltext96                              text96       000000
__Ltext97                              text97       000000
__Ltext98                              text98       000000
__Ltext99                              text99       000000
__S0                                   (abs)        006280
__S1                                   (abs)        000480
__S2                                   (abs)        000000
__S4                                   (abs)        000000
__S5                                   (abs)        000000
___aldiv                               text39       003D38
___aldiv@counter                       cstackCOMRAM 000021
___aldiv@dividend                      cstackCOMRAM 000019
___aldiv@divisor                       cstackCOMRAM 00001D
___aldiv@quotient                      cstackCOMRAM 000023
___aldiv@sign                          cstackCOMRAM 000022
___awtoft                              text18       005044
___awtoft@c                            cstackCOMRAM 000026
___awtoft@sign                         cstackCOMRAM 000029
___ftge                                text17       0046AC
___ftge@ff1                            cstackBANK0  000069
___ftge@ff2                            cstackBANK0  00006C
___ftmul                               text16       003A8E
___ftmul@cntr                          cstackBANK0  000067
___ftmul@exp                           cstackBANK0  000063
___ftmul@f1                            cstackCOMRAM 00002A
___ftmul@f2                            cstackCOMRAM 00002D
___ftmul@f3_as_product                 cstackBANK0  000064
___ftmul@sign                          cstackBANK0  000068
___ftpack                              text19       003EB6
___ftpack@arg                          cstackCOMRAM 000019
___ftpack@exp                          cstackCOMRAM 00001C
___ftpack@sign                         cstackCOMRAM 00001D
___inthi_sp                            stack        000000
___intlo_sp                            stack        000000
___lldiv                               text76       00462A
___lldiv@counter                       cstackCOMRAM 000025
___lldiv@dividend                      cstackCOMRAM 000019
___lldiv@divisor                       cstackCOMRAM 00001D
___lldiv@quotient                      cstackCOMRAM 000021
___llmod                               text48       0049B4
___llmod@counter                       cstackCOMRAM 000021
___llmod@dividend                      cstackCOMRAM 000019
___llmod@divisor                       cstackCOMRAM 00001D
___lmul                                text69       004B96
___lmul@multiplicand                   cstackCOMRAM 00001D
___lmul@multiplier                     cstackCOMRAM 000019
___lmul@product                        cstackCOMRAM 000021
___param_bank                          (abs)        000000
___rparam_used                         (abs)        000001
___sp                                  stack        000000
___wmul                                text75       005186
___wmul@multiplicand                   cstackCOMRAM 00001B
___wmul@multiplier                     cstackCOMRAM 000019
___wmul@product                        cstackCOMRAM 00001D
__accesstop                            (abs)        000060
__activetblptr                         (abs)        000002
__end_of_GPSDay                        text102      0052BE
__end_of_GPSHour                       text101      0051D0
__end_of_GPSMinute                     text100      00529C
__end_of_GPSMonth                      text99       00527A
__end_of_GPSRead                       text112      00252C
__end_of_GPSSecond                     text98       005258
__end_of_GPSyear                       text97       005236
__end_of_Latitude                      text35       005358
__end_of_Longitude                     text33       00533A
__end_of___aldiv                       text39       003E04
__end_of___awtoft                      text18       00507C
__end_of___ftge                        text17       004722
__end_of___ftmul                       text16       003B84
__end_of___ftpack                      text19       003F64
__end_of___lldiv                       text76       0046AC
__end_of___llmod                       text48       004A1A
__end_of___lmul                        text69       004BEC
__end_of___wmul                        text75       0051AC
__end_of__initialization               cinit        004516
__end_of_armazena_latitude             text34       005458
__end_of_armazena_longitude            text32       00544A
__end_of_atoi                          text15       003D38
__end_of_atol                          text30       0034FE
__end_of_auto_mount                    text57       000AEA
__end_of_check_fs                      text67       00462A
__end_of_clust2sect                    text54       003EB6
__end_of_command                       text90       004B96
__end_of_config_timer_dois             text9        00543C
__end_of_config_timer_zero             text7        0053AC
__end_of_configura_baudrate_uart       text38       003A8E
__end_of_convert_to_int                text29       0051F2
__end_of_convert_to_int_point          text28       0041DA
__end_of_create_chain                  text72       002E86
__end_of_dados_gps_to_sd               text103      004A7E
__end_of_delay                         text66       005376
__end_of_desliga_SPI                   text107      005496
__end_of_desliga_uart                  text106      005466
__end_of_disk_initialize               text59       005186
__end_of_disk_ioctl                    text95       0052FE
__end_of_disk_read                     text86       00487A
__end_of_disk_status                   text80       0050E2
__end_of_disk_write                    text84       004CDE
__end_of_disparo_gravacao              text13       005008
__end_of_dummy_clocks                  text93       005044
__end_of_endereco_cursor_lcd           text63       0048E4
__end_of_escalonador                   text11       00400A
__end_of_escreve_SPI                   text92       005420
__end_of_escreve_caractere_lcd         text65       00480A
__end_of_escreve_cmd_lcd               text23       004414
__end_of_escreve_frase_ram_lcd         text64       004C3E
__end_of_escreve_inteiro_lcd           text20       004FCC
__end_of_escrita_sdcard                text41       003622
__end_of_f_close                       text77       005138
__end_of_f_lseek                       text71       000F74
__end_of_f_mount                       text70       004D70
__end_of_f_open                        text49       001626
__end_of_f_sync                        text78       003746
__end_of_f_write                       text47       0005A0
__end_of_fence_diff_lat                mediumconst  006151
__end_of_fence_diff_long               mediumconst  006129
__end_of_fix                           text108      0054AA
__end_of_fprintf                       text44       0012F4
__end_of_fputc                         text46       004F8E
__end_of_fputs                         text45       00449E
__end_of_get_cluster                   text74       00299A
__end_of_get_fattime                   text96       00329A
__end_of_grava_sd                      text36       0053C6
__end_of_inicializa_SPI                text40       0052DE
__end_of_inicializa_tarefas            text10       004ADE
__end_of_inicializa_uart               text37       005214
__end_of_init_hardware                 text3        0053DC
__end_of_init_interrupt                text6        0053EE
__end_of_init_lcd                      text2        0040A8
__end_of_init_oscilador                text5        0054BC
__end_of_init_ports                    text4        005392
__end_of_isdigit                       text31       00531C
__end_of_isr                           intcode_body 003984
__end_of_leitura_SPI                   text94       00548A
__end_of_ltoa                          text21       004F0C
__end_of_main                          text0        005160
__end_of_make_dirfile                  text51       003144
__end_of_memcmp                        text68       00426C
__end_of_memcpy                        text56       004ECA
__end_of_memset                        text58       00510E
__end_of_mensagem_inicial              text1        004388
__end_of_monta_sd                      text104      002778
__end_of_move_window                   text83       002CFA
__end_of_next_dir_entry                text53       002FEA
__end_of_posicao_cursor_lcd            text62       004B3C
__end_of_proceed                       text89       00547E
__end_of_put_cluster                   text73       002080
__end_of_recebe_dado_uart              text111      005400
__end_of_remove_chain                  text55       004144
__end_of_reserve_direntry              text52       001E1A
__end_of_response                      text88       005472
__end_of_sdc_disk_initialize           text60       001926
__end_of_sdc_disk_read                 text87       00386A
__end_of_sdc_disk_status               text81       005410
__end_of_sdc_disk_write                text85       002B50
__end_of_sdc_reset                     text61       0042FC
__end_of_strcat                        text43       004E86
__end_of_strcmp                        text114      004D28
__end_of_strcpy                        text42       004E42
__end_of_stringcpy                     text113      004DFE
__end_of_strlen                        text105      004F4E
__end_of_sync                          text82       004C90
__end_of_trace_path                    text50       001BA4
__end_of_troca_de_tela                 text12       0022D8
__end_of_ultoa                         text22       003C6C
__end_of_validate                      text79       004DB8
__end_of_verifica_dados_operacionais   text14       00494C
__end_of_verifica_diferenca            text27       0033D4
__end_of_verifica_fence_externo        text24       0049B4
__end_of_verifica_plausibilidade_lat   text26       0045A8
__end_of_verifica_plausibilidade_long  text25       004798
__end_of_wait_ready                    text91       0050B2
__end_of_write_timer_zero              text8        0054A0
__end_ofi2_write_timer_zero            text110      0054B4
__end_ofmensagem_inicial@F3654         mediumconst  0060FD
__end_ofmensagem_inicial@F3656         mediumconst  0060EC
__initialization                       cinit        00449E
__mediumconst                          mediumconst  0060DA
__pbssBANK0                            bssBANK0     0000F8
__pbssBANK1                            bssBANK1     000100
__pbssBANK2                            bssBANK2     000200
__pbssBIGRAM                           bssBIGRAM    000260
__pbssCOMRAM                           bssCOMRAM    000032
__pcinit                               cinit        00449E
__pcstackBANK0                         cstackBANK0  000060
__pcstackBANK2                         cstackBANK2  00023E
__pcstackCOMRAM                        cstackCOMRAM 000001
__pdataBANK1                           dataBANK1    0001D9
__pdataCOMRAM                          dataCOMRAM   000046
__pidataBANK1                          idataBANK1   005420
__pidataCOMRAM                         idataCOMRAM  0054BC
__pintcode                             intcode      000008
__pintcode_body                        intcode_body 00386A
__pmediumconst                         mediumconst  0060DA
__ptext0                               text0        005138
__ptext1                               text1        0042FC
__ptext10                              text10       004A7E
__ptext100                             text100      00527A
__ptext101                             text101      0051AC
__ptext102                             text102      00529C
__ptext103                             text103      004A1A
__ptext104                             text104      00252C
__ptext105                             text105      004F0C
__ptext106                             text106      005458
__ptext107                             text107      00548A
__ptext108                             text108      0054A0
__ptext11                              text11       003F64
__ptext110                             text110      0054AA
__ptext111                             text111      0053EE
__ptext112                             text112      0022D8
__ptext113                             text113      004DB8
__ptext114                             text114      004CDE
__ptext115                             text115      000000
__ptext12                              text12       002080
__ptext13                              text13       004FCC
__ptext14                              text14       0048E4
__ptext15                              text15       003C6C
__ptext16                              text16       003A8E
__ptext17                              text17       0046AC
__ptext18                              text18       005044
__ptext19                              text19       003EB6
__ptext2                               text2        00400A
__ptext20                              text20       004F8E
__ptext21                              text21       004ECA
__ptext22                              text22       003B84
__ptext23                              text23       004388
__ptext24                              text24       00494C
__ptext25                              text25       004722
__ptext26                              text26       004524
__ptext27                              text27       00329A
__ptext28                              text28       004144
__ptext29                              text29       0051D0
__ptext3                               text3        0053C6
__ptext30                              text30       0033D4
__ptext31                              text31       0052FE
__ptext32                              text32       00543C
__ptext33                              text33       00531C
__ptext34                              text34       00544A
__ptext35                              text35       00533A
__ptext36                              text36       0053AC
__ptext37                              text37       0051F2
__ptext38                              text38       003984
__ptext39                              text39       003D38
__ptext4                               text4        005376
__ptext40                              text40       0052BE
__ptext41                              text41       0034FE
__ptext42                              text42       004DFE
__ptext43                              text43       004E42
__ptext44                              text44       000F74
__ptext45                              text45       004414
__ptext46                              text46       004F4E
__ptext47                              text47       000012
__ptext48                              text48       0049B4
__ptext49                              text49       0012F4
__ptext5                               text5        0054B4
__ptext50                              text50       001926
__ptext51                              text51       002FEA
__ptext52                              text52       001BA4
__ptext53                              text53       002E86
__ptext54                              text54       003E04
__ptext55                              text55       0040A8
__ptext56                              text56       004E86
__ptext57                              text57       0005A0
__ptext58                              text58       0050E2
__ptext59                              text59       005160
__ptext6                               text6        0053DC
__ptext60                              text60       001626
__ptext61                              text61       00426C
__ptext62                              text62       004ADE
__ptext63                              text63       00487A
__ptext64                              text64       004BEC
__ptext65                              text65       004798
__ptext66                              text66       005358
__ptext67                              text67       0045A8
__ptext68                              text68       0041DA
__ptext69                              text69       004B96
__ptext7                               text7        005392
__ptext70                              text70       004D28
__ptext71                              text71       000AEA
__ptext72                              text72       002CFA
__ptext73                              text73       001E1A
__ptext74                              text74       002778
__ptext75                              text75       005186
__ptext76                              text76       00462A
__ptext77                              text77       00510E
__ptext78                              text78       003622
__ptext79                              text79       004D70
__ptext8                               text8        005496
__ptext80                              text80       0050B2
__ptext81                              text81       005400
__ptext82                              text82       004C3E
__ptext83                              text83       002B50
__ptext84                              text84       004C90
__ptext85                              text85       00299A
__ptext86                              text86       00480A
__ptext87                              text87       003746
__ptext88                              text88       005466
__ptext89                              text89       005472
__ptext9                               text9        00542E
__ptext90                              text90       004B3C
__ptext91                              text91       00507C
__ptext92                              text92       005410
__ptext93                              text93       005008
__ptext94                              text94       00547E
__ptext95                              text95       0052DE
__ptext96                              text96       003144
__ptext97                              text97       005214
__ptext98                              text98       005236
__ptext99                              text99       005258
__ramtop                               ramtop       000800
__size_of_GPSDay                       (abs)        000000
__size_of_GPSHour                      (abs)        000000
__size_of_GPSMinute                    (abs)        000000
__size_of_GPSMonth                     (abs)        000000
__size_of_GPSRead                      (abs)        000000
__size_of_GPSSecond                    (abs)        000000
__size_of_GPSyear                      (abs)        000000
__size_of_Latitude                     (abs)        000000
__size_of_Longitude                    (abs)        000000
__size_of___aldiv                      (abs)        000000
__size_of___awtoft                     (abs)        000000
__size_of___ftge                       (abs)        000000
__size_of___ftmul                      (abs)        000000
__size_of___ftpack                     (abs)        000000
__size_of___lldiv                      (abs)        000000
__size_of___llmod                      (abs)        000000
__size_of___lmul                       (abs)        000000
__size_of___wmul                       (abs)        000000
__size_of_armazena_latitude            (abs)        000000
__size_of_armazena_longitude           (abs)        000000
__size_of_atoi                         (abs)        000000
__size_of_atol                         (abs)        000000
__size_of_auto_mount                   (abs)        000000
__size_of_check_fs                     (abs)        000000
__size_of_clust2sect                   (abs)        000000
__size_of_command                      (abs)        000000
__size_of_config_timer_dois            (abs)        000000
__size_of_config_timer_zero            (abs)        000000
__size_of_configura_baudrate_uart      (abs)        000000
__size_of_convert_to_int               (abs)        000000
__size_of_convert_to_int_point         (abs)        000000
__size_of_create_chain                 (abs)        000000
__size_of_dados_gps_to_sd              (abs)        000000
__size_of_delay                        (abs)        000000
__size_of_desliga_SPI                  (abs)        000000
__size_of_desliga_uart                 (abs)        000000
__size_of_disk_initialize              (abs)        000000
__size_of_disk_ioctl                   (abs)        000000
__size_of_disk_read                    (abs)        000000
__size_of_disk_status                  (abs)        000000
__size_of_disk_write                   (abs)        000000
__size_of_disparo_gravacao             (abs)        000000
__size_of_dummy_clocks                 (abs)        000000
__size_of_endereco_cursor_lcd          (abs)        000000
__size_of_escalonador                  (abs)        000000
__size_of_escreve_SPI                  (abs)        000000
__size_of_escreve_caractere_lcd        (abs)        000000
__size_of_escreve_cmd_lcd              (abs)        000000
__size_of_escreve_frase_ram_lcd        (abs)        000000
__size_of_escreve_inteiro_lcd          (abs)        000000
__size_of_escrita_sdcard               (abs)        000000
__size_of_f_close                      (abs)        000000
__size_of_f_lseek                      (abs)        000000
__size_of_f_mount                      (abs)        000000
__size_of_f_open                       (abs)        000000
__size_of_f_sync                       (abs)        000000
__size_of_f_write                      (abs)        000000
__size_of_fix                          (abs)        000000
__size_of_fprintf                      (abs)        000000
__size_of_fputc                        (abs)        000000
__size_of_fputs                        (abs)        000000
__size_of_get_cluster                  (abs)        000000
__size_of_get_fattime                  (abs)        000000
__size_of_grava_sd                     (abs)        000000
__size_of_inicializa_SPI               (abs)        000000
__size_of_inicializa_tarefas           (abs)        000000
__size_of_inicializa_uart              (abs)        000000
__size_of_init_hardware                (abs)        000000
__size_of_init_interrupt               (abs)        000000
__size_of_init_lcd                     (abs)        000000
__size_of_init_oscilador               (abs)        000000
__size_of_init_ports                   (abs)        000000
__size_of_isdigit                      (abs)        000000
__size_of_isr                          (abs)        000000
__size_of_leitura_SPI                  (abs)        000000
__size_of_ltoa                         (abs)        000000
__size_of_main                         (abs)        000000
__size_of_make_dirfile                 (abs)        000000
__size_of_memcmp                       (abs)        000000
__size_of_memcpy                       (abs)        000000
__size_of_memset                       (abs)        000000
__size_of_mensagem_inicial             (abs)        000000
__size_of_monta_sd                     (abs)        000000
__size_of_move_window                  (abs)        000000
__size_of_next_dir_entry               (abs)        000000
__size_of_posicao_cursor_lcd           (abs)        000000
__size_of_proceed                      (abs)        000000
__size_of_put_cluster                  (abs)        000000
__size_of_recebe_dado_uart             (abs)        000000
__size_of_remove_chain                 (abs)        000000
__size_of_reserve_direntry             (abs)        000000
__size_of_response                     (abs)        000000
__size_of_sdc_disk_initialize          (abs)        000000
[...]
 Auto vars:     Size  Location     Type
		None
 Return value:  Size  Location     Type
                  1    wreg      void 
 Registers used:
		wreg, status,2
 Tracked objects:
		On entry : 
		On exit  : 
		Unchanged: 
 Data sizes:     COMRAM   BANK0   BANK1   BANK2   BANK3   BANK4   BANK5   BANK6   BANK7
      Params:         0       0       0       0       0       0       0       0       0
      Locals:         0       0       0       0       0       0       0       0       0
      Temps:          0       0       0       0       0       0       0       0       0
      Totals:         0       0       0       0       0       0       0       0       0
Total ram usage:        0 bytes
 Hardware stack levels used:    1
 Hardware stack levels required when called:    3
 This function calls:
		Nothing
 This function is called by:
		_grava_sd
 This function uses a non-reentrant model


 *************** function _desliga_SPI *****************
 Defined at:
		line 68 in file "bibliotecas/SPI.c"
 Parameters:    Size  Location     Type
		None
 Auto vars:     Size  Location     Type
		None
 Return value:  Size  Location     Type
                  1    wreg      void 
 Registers used:
		wreg, status,2
 Tracked objects:
		On entry : 
		On exit  : 
		Unchanged: 
 Data sizes:     COMRAM   BANK0   BANK1   BANK2   BANK3   BANK4   BANK5   BANK6   BANK7
      Params:         0       0       0       0       0       0       0       0       0
      Locals:         0       0       0       0       0       0       0       0       0
      Temps:          0       0       0       0       0       0       0       0       0
      Totals:         0       0       0       0       0       0       0       0       0
Total ram usage:        0 bytes
 Hardware stack levels used:    1
 Hardware stack levels required when called:    3
 This function calls:
		Nothing
 This function is called by:
		_grava_sd
 This function uses a non-reentrant model


 *************** function _fix *****************
 Defined at:
		line 197 in file "bibliotecas/GPS.c"
 Parameters:    Size  Location     Type
		None
 Auto vars:     Size  Location     Type
		None
 Return value:  Size  Location     Type
                  2   24[COMRAM] PTR unsigned char 
 Registers used:
		wreg, status,2, status,0
 Tracked objects:
		On entry : 
		On exit  : 
		Unchanged: 
 Data sizes:     COMRAM   BANK0   BANK1   BANK2   BANK3   BANK4   BANK5   BANK6   BANK7
      Params:         2       0       0       0       0       0       0       0       0
      Locals:         0       0       0       0       0       0       0       0       0
      Temps:          0       0       0       0       0       0       0       0       0
      Totals:         2       0       0       0       0       0       0       0       0
Total ram usage:        2 bytes
 Hardware stack levels used:    1
 Hardware stack levels required when called:    3
 This function calls:
		Nothing
 This function is called by:
		_disparo_gravacao
		_troca_de_tela
 This function uses a non-reentrant model


 *************** function _isr *****************
 Defined at:
		line 110 in file "main.c"
 Parameters:    Size  Location     Type
		None
 Auto vars:     Size  Location     Type
  cont            1   23[COMRAM] unsigned char 
 Return value:  Size  Location     Type
                  1    wreg      void 
 Registers used:
		wreg, fsr1l, fsr1h, fsr2l, fsr2h, status,2, status,0, tblptrl, tblptrh, tblptru, prodl, prodh, cstack
 Tracked objects:
		On entry : 
		On exit  : 
		Unchanged: 
 Data sizes:     COMRAM   BANK0   BANK1   BANK2   BANK3   BANK4   BANK5   BANK6   BANK7
      Params:         0       0       0       0       0       0       0       0       0
      Locals:         1       0       0       0       0       0       0       0       0
      Temps:         12       0       0       0       0       0       0       0       0
      Totals:        13       0       0       0       0       0       0       0       0
Total ram usage:       13 bytes
 Hardware stack levels used:    1
 Hardware stack levels required when called:    2
 This function calls:
		_GPSRead
		_recebe_dado_uart
		i2_write_timer_zero
 This function is called by:
		Interrupt level 2
 This function uses a non-reentrant model


 *************** function i2_write_timer_zero *****************
 Defined at:
		line 134 in file "bibliotecas/hardware.c"
 Parameters:    Size  Location     Type
  timer0          2    0[COMRAM] unsigned int 
 Auto vars:     Size  Location     Type
		None
 Return value:  Size  Location     Type
                  1    wreg      void 
 Registers used:
		None
 Tracked objects:
		On entry : 
		On exit  : 
		Unchanged: 
 Data sizes:     COMRAM   BANK0   BANK1   BANK2   BANK3   BANK4   BANK5   BANK6   BANK7
      Params:         2       0       0       0       0       0       0       0       0
      Locals:         0       0       0       0       0       0       0       0       0
      Temps:          0       0       0       0       0       0       0       0       0
      Totals:         2       0       0       0       0       0       0       0       0
Total ram usage:        2 bytes
 Hardware stack levels used:    1
 This function calls:
		Nothing
 This function is called by:
		_isr
 This function uses a non-reentrant model


 *************** function _recebe_dado_uart *****************
 Defined at:
		line 138 in file "bibliotecas/uart.c"
 Parameters:    Size  Location     Type
		None
 Auto vars:     Size  Location     Type
		None
 Return value:  Size  Location     Type
                  1    wreg      unsigned char 
 Registers used:
		wreg, status,2
 Tracked objects:
		On entry : 
		On exit  : 
		Unchanged: 
 Data sizes:     COMRAM   BANK0   BANK1   BANK2   BANK3   BANK4   BANK5   BANK6   BANK7
      Params:         0       0       0       0       0       0       0       0       0
      Locals:         0       0       0       0       0       0       0       0       0
      Temps:          0       0       0       0       0       0       0       0       0
      Totals:         0       0       0       0       0       0       0       0       0
Total ram usage:        0 bytes
 Hardware stack levels used:    1
 This function calls:
		Nothing
 This function is called by:
		_isr
 This function uses a non-reentrant model


 *************** function _GPSRead *****************
 Defined at:
		line 49 in file "bibliotecas/GPS.c"
 Parameters:    Size  Location     Type
  buff            1    wreg     unsigned char 
 Auto vars:     Size  Location     Type
  buff            1    9[COMRAM] unsigned char 
  c               1   10[COMRAM] unsigned char 
 Return value:  Size  Location     Type
                  2  350[None  ] int 
 Registers used:
		wreg, fsr1l, fsr1h, fsr2l, fsr2h, status,2, status,0, tblptrl, tblptrh, tblptru, cstack
 Tracked objects:
		On entry : 
		On exit  : 
		Unchanged: 
 Data sizes:     COMRAM   BANK0   BANK1   BANK2   BANK3   BANK4   BANK5   BANK6   BANK7
      Params:         0       0       0       0       0       0       0       0       0
      Locals:         2       0       0       0       0       0       0       0       0
      Temps:          0       0       0       0       0       0       0       0       0
      Totals:         2       0       0       0       0       0       0       0       0
Total ram usage:        2 bytes
 Hardware stack levels used:    1
 Hardware stack levels required when called:    1
 This function calls:
		_strcmp
		_stringcpy
 This function is called by:
		_isr
 This function uses a non-reentrant model


 *************** function _stringcpy *****************
 Defined at:
		line 40 in file "bibliotecas/GPS.c"
 Parameters:    Size  Location     Type
  str1            2    0[COMRAM] PTR unsigned char 
		 -> buffer(12), 
  str2            2    2[COMRAM] PTR unsigned char 
		 -> rawFix(2), rawDate(7), rawSpeed(6), rawLongitude(13), 
		 -> rawLatitude(13), rawTime(11), sentence(6), 
  dir             2    4[COMRAM] int 
 Auto vars:     Size  Location     Type
  chr             1    8[COMRAM] unsigned char 
 Return value:  Size  Location     Type
                  1    wreg      void 
 Registers used:
		wreg, fsr1l, fsr1h, fsr2l, fsr2h, status,2, status,0
 Tracked objects:
		On entry : 
		On exit  : 
		Unchanged: 
 Data sizes:     COMRAM   BANK0   BANK1   BANK2   BANK3   BANK4   BANK5   BANK6   BANK7
      Params:         6       0       0       0       0       0       0       0       0
      Locals:         1       0       0       0       0       0       0       0       0
      Temps:          2       0       0       0       0       0       0       0       0
      Totals:         9       0       0       0       0       0       0       0       0
Total ram usage:        9 bytes
 Hardware stack levels used:    1
 This function calls:
		Nothing
 This function is called by:
		_GPSRead
 This function uses a non-reentrant model


 *************** function _strcmp *****************
 Defined at:
		line 33 in file "C:\Program Files\Microchip\xc8\v2.30\pic\sources\c90\common\strcmp.c"
 Parameters:    Size  Location     Type
  s1              2    0[COMRAM] PTR const unsigned char 
		 -> sentence(6), 
  s2              2    2[COMRAM] PTR const unsigned char 
		 -> STR_6(6), STR_5(6), 
 Auto vars:     Size  Location     Type
  r               1    6[COMRAM] char 
 Return value:  Size  Location     Type
                  2    0[COMRAM] int 
 Registers used:
		wreg, fsr2l, fsr2h, status,2, status,0, tblptrl, tblptrh, tblptru
 Tracked objects:
		On entry : 
		On exit  : 
		Unchanged: 
 Data sizes:     COMRAM   BANK0   BANK1   BANK2   BANK3   BANK4   BANK5   BANK6   BANK7
      Params:         4       0       0       0       0       0       0       0       0
      Locals:         1       0       0       0       0       0       0       0       0
      Temps:          2       0       0       0       0       0       0       0       0
      Totals:         7       0       0       0       0       0       0       0       0
Total ram usage:        7 bytes
 Hardware stack levels used:    1
 This function calls:
		Nothing
 This function is called by:
		_GPSRead
 This function uses a non-reentrant model



MODULE INFORMATION

Module		Function		Class		Link	Load	Size
bibliotecas/uart.c
		_configura_baudrate_uart		CODE           	3984	0000	266
		_recebe_dado_uart		CODE           	53EE	0000	18
		_desliga_uart  		CODE           	5458	0000	14
		_inicializa_uart		CODE           	51F2	0000	34

bibliotecas/uart.c estimated size: 332

bibliotecas/SPI.c
		_escreve_SPI   		CODE           	5410	0000	16
		_inicializa_SPI		CODE           	52BE	0000	32
		_desliga_SPI   		CODE           	548A	0000	12
		_leitura_SPI   		CODE           	547E	0000	12

bibliotecas/SPI.c estimated size: 72

C:\Program Files\Microchip\xc8\v2.30\pic\sources\c90\common\ftge.c
		___ftge        		CODE           	46AC	0000	118

C:\Program Files\Microchip\xc8\v2.30\pic\sources\c90\common\ftge.c estimated size: 118

C:\Program Files\Microchip\xc8\v2.30\pic\sources\c90\common\strlen.c
		_strlen        		CODE           	4F0C	0000	66

C:\Program Files\Microchip\xc8\v2.30\pic\sources\c90\common\strlen.c estimated size: 66

C:\Program Files\Microchip\xc8\v2.30\pic\sources\c90\common\__lldiv.c
		___lldiv       		CODE           	462A	0000	130

C:\Program Files\Microchip\xc8\v2.30\pic\sources\c90\common\__lldiv.c estimated size: 130

C:\Program Files\Microchip\xc8\v2.30\pic\sources\c90\common\strcmp.c
		_strcmp        		CODE           	4CDE	0000	74

C:\Program Files\Microchip\xc8\v2.30\pic\sources\c90\common\strcmp.c estimated size: 74

bibliotecas/diskio.c
		_disk_initialize		CODE           	5160	0000	38
		_disk_write    		CODE           	4C90	0000	78
		_disk_status   		CODE           	50B2	0000	48
		_sdc_reset     		CODE           	426C	0000	144
		_disk_ioctl    		CODE           	52DE	0000	32
		_sdc_disk_read 		CODE           	3746	0000	292
		_sdc_disk_initialize		CODE           	1626	0000	768
		_disk_read     		CODE           	480A	0000	112
		_sdc_disk_write		CODE           	299A	0000	438
		_sdc_disk_status		CODE           	5400	0000	16

bibliotecas/diskio.c estimated size: 1966

C:\Program Files\Microchip\xc8\v2.30\pic\sources\c90\common\awtoft.c
		___awtoft      		CODE           	5044	0000	56

C:\Program Files\Microchip\xc8\v2.30\pic\sources\c90\common\awtoft.c estimated size: 56

C:\Program Files\Microchip\xc8\v2.30\pic\sources\c90\common\strcpy.c
		_strcpy        		CODE           	4DFE	0000	68

C:\Program Files\Microchip\xc8\v2.30\pic\sources\c90\common\strcpy.c estimated size: 68

C:\Program Files\Microchip\xc8\v2.30\pic\sources\c90\common\memset.c
		_memset        		CODE           	50E2	0000	44

C:\Program Files\Microchip\xc8\v2.30\pic\sources\c90\common\memset.c estimated size: 44

C:\Program Files\Microchip\xc8\v2.30\pic\sources\c90\common\ftmul.c
		___ftmul       		CODE           	3A8E	0000	246

C:\Program Files\Microchip\xc8\v2.30\pic\sources\c90\common\ftmul.c estimated size: 246

C:\Program Files\Microchip\xc8\v2.30\pic\sources\c90\common\ltoa.c
		_ltoa          		CODE           	4ECA	0000	66
		_ultoa         		CODE           	3B84	0000	232

C:\Program Files\Microchip\xc8\v2.30\pic\sources\c90\common\ltoa.c estimated size: 298

C:\Program Files\Microchip\xc8\v2.30\pic\sources\c90\common\llmod.c
		___llmod       		CODE           	49B4	0000	102

C:\Program Files\Microchip\xc8\v2.30\pic\sources\c90\common\llmod.c estimated size: 102

C:\Program Files\Microchip\xc8\v2.30\pic\sources\c90\common\atoi.c
		_atoi          		CODE           	3C6C	0000	204

C:\Program Files\Microchip\xc8\v2.30\pic\sources\c90\common\atoi.c estimated size: 204

C:\Program Files\Microchip\xc8\v2.30\pic\sources\c90\common\isdigit.c
		_isdigit       		CODE           	52FE	0000	30

C:\Program Files\Microchip\xc8\v2.30\pic\sources\c90\common\isdigit.c estimated size: 30

bibliotecas/SDCard.c
		_response      		CODE           	5466	0000	12
		_dummy_clocks  		CODE           	5008	0000	60
		_escrita_sdcard		CODE           	34FE	0000	292
		_monta_sd      		CODE           	252C	0000	588
		_command       		CODE           	4B3C	0000	90
		_proceed       		CODE           	5472	0000	12
		_wait_ready    		CODE           	507C	0000	54

bibliotecas/SDCard.c estimated size: 1108

C:\Program Files\Microchip\xc8\v2.30\pic\sources\c90\common\memcmp.c
		_memcmp        		CODE           	41DA	0000	146

C:\Program Files\Microchip\xc8\v2.30\pic\sources\c90\common\memcmp.c estimated size: 146

C:\Program Files\Microchip\xc8\v2.30\pic\sources\c90\common\memcpy.c
		_memcpy        		CODE           	4E86	0000	68

C:\Program Files\Microchip\xc8\v2.30\pic\sources\c90\common\memcpy.c estimated size: 68

bibliotecas/hardware.c
		_init_hardware 		CODE           	53C6	0000	22
		_config_timer_dois		CODE           	542E	0000	14
		_config_timer_zero		CODE           	5392	0000	26
		_init_ports    		CODE           	5376	0000	28
		_write_timer_zero		CODE           	5496	0000	10
		_init_interrupt		CODE           	53DC	0000	18
		_init_oscilador		CODE           	54B4	0000	8

bibliotecas/hardware.c estimated size: 126

shared
		mensagem_inicial@F3656		MEDIUMCONST    	60DB	0000	17
		__initialization		CODE           	449E	0000	120
		_fence_diff_lat		MEDIUMCONST    	6129	0000	40
		i2_write_timer_zero		CODE           	54AA	0000	10
		mensagem_inicial@F3654		MEDIUMCONST    	60EC	0000	17
		_fence_diff_long		MEDIUMCONST    	60FD	0000	44

shared estimated size: 248

C:\Program Files\Microchip\xc8\v2.30\pic\sources\c90\common\Umul16.c
		___wmul        		CODE           	5186	0000	38

C:\Program Files\Microchip\xc8\v2.30\pic\sources\c90\common\Umul16.c estimated size: 38

C:\Program Files\Microchip\xc8\v2.30\pic\sources\c90\common\aldiv.c
		___aldiv       		CODE           	3D38	0000	204

C:\Program Files\Microchip\xc8\v2.30\pic\sources\c90\common\aldiv.c estimated size: 204

C:\Program Files\Microchip\xc8\v2.30\pic\sources\c90\common\atol.c
		_atol          		CODE           	33D4	0000	298

C:\Program Files\Microchip\xc8\v2.30\pic\sources\c90\common\atol.c estimated size: 298

bibliotecas/display_lcd.c
		_delay         		CODE           	5358	0000	30
		_init_lcd      		CODE           	400A	0000	158
		_endereco_cursor_lcd		CODE           	487A	0000	106
		_escreve_cmd_lcd		CODE           	4388	0000	140
		_posicao_cursor_lcd		CODE           	4ADE	0000	94
		_escreve_caractere_lcd		CODE           	4798	0000	114
		_escreve_frase_ram_lcd		CODE           	4BEC	0000	82
		_escreve_inteiro_lcd		CODE           	4F8E	0000	62

bibliotecas/display_lcd.c estimated size: 786

main.c
		_main          		CODE           	5138	0000	40
		_verifica_fence_externo		CODE           	494C	0000	104
		_troca_de_tela 		CODE           	2080	0000	600
		_disparo_gravacao		CODE           	4FCC	0000	60
		_grava_sd      		CODE           	53AC	0000	26
		_verifica_dados_operacionais		CODE           	48E4	0000	104
		_isr           		CODE           	0008	0000	288
		_escalonador   		CODE           	3F64	0000	166
		_mensagem_inicial		CODE           	42FC	0000	140
		_inicializa_tarefas		CODE           	4A7E	0000	96

main.c estimated size: 1624

C:\Program Files\Microchip\xc8\v2.30\pic\sources\c90\common\float.c
		___ftpack      		CODE           	3EB6	0000	174

C:\Program Files\Microchip\xc8\v2.30\pic\sources\c90\common\float.c estimated size: 174

bibliotecas/fence.c
		_convert_to_int		CODE           	51D0	0000	34
		_convert_to_int_point		CODE           	4144	0000	150
		_armazena_latitude		CODE           	544A	0000	14
		_armazena_longitude		CODE           	543C	0000	14
		_verifica_plausibilidade_lat		CODE           	4524	0000	132
		_verifica_diferenca		CODE           	329A	0000	314
		_verifica_plausibilidade_long		CODE           	4722	0000	118

bibliotecas/fence.c estimated size: 776

bibliotecas/GPS.c
		_GPSSecond     		CODE           	5236	0000	34
		_GPSHour       		CODE           	51AC	0000	36
		_GPSMinute     		CODE           	527A	0000	34
		_stringcpy     		CODE           	4DB8	0000	70
		_GPSDay        		CODE           	529C	0000	34
		_Longitude     		CODE           	531C	0000	30
		_GPSMonth      		CODE           	5258	0000	34
		_fix           		CODE           	54A0	0000	10
		_GPSyear       		CODE           	5214	0000	34
		_GPSRead       		CODE           	22D8	0000	596
		_dados_gps_to_sd		CODE           	4A1A	0000	100
		_Latitude      		CODE           	533A	0000	30

bibliotecas/GPS.c estimated size: 1042

bibliotecas/tff.c
		_reserve_direntry		CODE           	1BA4	0000	630
		_sync          		CODE           	4C3E	0000	82
		_remove_chain  		CODE           	40A8	0000	156
		_f_mount       		CODE           	4D28	0000	72
		_get_cluster   		CODE           	2778	0000	546
		_get_fattime   		CODE           	3144	0000	342
		_fputs         		CODE           	4414	0000	138
		_auto_mount    		CODE           	05A0	0000	1354
		_create_chain  		CODE           	2CFA	0000	396
		_f_lseek       		CODE           	0AEA	0000	1162
		_validate      		CODE           	4D70	0000	72
		_check_fs      		CODE           	45A8	0000	130
		_fprintf       		CODE           	0F74	0000	896
		_f_sync        		CODE           	3622	0000	292
		_trace_path    		CODE           	1926	0000	638
		_f_write       		CODE           	0012	0000	1422
		_fputc         		CODE           	4F4E	0000	64
		_put_cluster   		CODE           	1E1A	0000	614
		_make_dirfile  		CODE           	2FEA	0000	346
		_clust2sect    		CODE           	3E04	0000	178
		_f_open        		CODE           	12F4	0000	818
		_next_dir_entry		CODE           	2E86	0000	356
		_f_close       		CODE           	510E	0000	42
		_move_window   		CODE           	2B50	0000	426

bibliotecas/tff.c estimated size: 11172

C:\Program Files\Microchip\xc8\v2.30\pic\sources\c90\common\Umul32.c
		___lmul        		CODE           	4B96	0000	86

C:\Program Files\Microchip\xc8\v2.30\pic\sources\c90\common\Umul32.c estimated size: 86

C:\Program Files\Microchip\xc8\v2.30\pic\sources\c90\common\strcat.c
		_strcat        		CODE           	4E42	0000	68

C:\Program Files\Microchip\xc8\v2.30\pic\sources\c90\common\strcat.c estimated size: 68

