Microchip MPLAB XC8 Compiler V1.45 ()

Linker command line:

-W-3 --edf=C:\Program Files (x86)\Microchip\xc8\v1.45\dat\en_msgs.txt -cs \
  -h+dist/default/production\TCC_telemetria.X.production.sym \
  --cmf=dist/default/production\TCC_telemetria.X.production.cmf -z \
  -Q18F4550 -oC:\Users\Felipe\AppData\Local\Temp\s3ps.2 \
  -Mdist/default/production/TCC_telemetria.X.production.map -E1 -ver=XC8 \
  -ASTACK=0487h-07ffh -pstack=STACK -ACODE=00h-0627Fh -ACONST=00h-0627Fh \
  -ASMALLCONST=0800h-08FFhx90,06200h-0627Fh -AMEDIUMCONST=0800h-0627Fh \
  -ACOMRAM=01h-05Fh -AABS1=00h-07FFh -ABIGRAM=01h-07FFh \
  -ARAM=060h-0FFh,0100h-01FFhx7 -ABANK0=060h-0FFh -ABANK1=0100h-01FFh \
  -ABANK2=0200h-02FFh -ABANK3=0300h-03FFh -ABANK4=0400h-04FFh \
  -ABANK5=0500h-05FFh -ABANK6=0600h-06FFh -ABANK7=0700h-07FFh \
  -ASFR=0F60h-0FFFh -preset_vec=00h,intcode=08h,intcodelo,powerup,init \
  -pramtop=0800h -psmallconst=SMALLCONST -pmediumconst=MEDIUMCONST \
  -pconst=CONST -AFARRAM=00h-00h -ACONFIG=0300000h-030000Dh -pconfig=CONFIG \
  -AIDLOC=0200000h-0200007h -pidloc=IDLOC -AEEDATA=0F00000h-0F000FFh \
  -peeprom_data=EEDATA \
  -prdata=COMRAM,nvrram=COMRAM,nvbit=COMRAM,rbss=COMRAM,rbit=COMRAM \
  -pfarbss=FARRAM,fardata=FARRAM,nvFARRAM=FARRAM \
  -pintsave_regs=BIGRAM,bigbss=BIGRAM,bigdata=BIGRAM -pbss=RAM \
  -pidata=CODE,irdata=CODE,ibigdata=CODE,ifardata=CODE -prparam=COMRAM \
  C:\Users\Felipe\AppData\Local\Temp\s3ps.obj \
  dist/default/production\TCC_telemetria.X.production.obj 

Object code version is 3.11

Machine type is 18F4550

Call graph: (short form)




                Name                               Link     Load   Length Selector   Space Scale
C:\Users\Felipe\AppData\Local\Temp\s3ps.obj
                init                                  E        E        4        4       0
                reset_vec                             0        0        4        0       0
                idloc                            200000   200000        8   200000       0
                config                           300000   300000        E   300000       0
dist/default/production\TCC_telemetria.X.production.obj
                intcode                               8        8        6        4       0
                temp                                 43       43        1        1       1
                mediumconst                        60D8     60D8      1A8     306C       0
                text118                            597C     597C       48        4       0
                text117                            5776     5776       4E        4       0
                text116                            282A     282A      278        4       0
                text115                            5F2C     5F2C       12        4       0
                text114                            5FA6     5FA6        A        4       0
                intcode_body                       394E     394E      15E        4       0
                text112                            5F90     5F90        C        4       0
                text111                            5F3E     5F3E       10        4       0
                text110                            5F1A     5F1A       12        4       0
                text109                            5628     5628       56        4       0
                text108                            16FE     16FE      380        4       0
                text107                            529C     529C       72        4       0
                text106                            5DC2     5DC2       28        4       0
                text105                            5B70     5B70       3C        4       0
                text104                            5B34     5B34       3C        4       0
                text103                            5AF8     5AF8       3C        4       0
                text102                            5ABC     5ABC       3C        4       0
                text101                            5A80     5A80       3C        4       0
                text100                            5A44     5A44       3C        4       0
                text99                             3AAC     3AAC      15C        4       0
                text98                             5D1A     5D1A       2C        4       0
                text97                             5F84     5F84        C        4       0
                text96                             59C4     59C4       44        4       0
                text95                             5EF4     5EF4       14        4       0
                text94                             5BE6     5BE6       3A        4       0
                text93                             5456     5456       68        4       0
                text92                             5F78     5F78        C        4       0
                text91                             5F6A     5F6A        E        4       0
                text90                             3C08     3C08      146        4       0
                text89                             4D80     4D80       90        4       0
                text88                             2CC4     2CC4      1CA        4       0
                text87                             4F24     4F24       88        4       0
                text86                             304E     304E      1B6        4       0
                text85                             5520     5520       5A        4       0
                text84                             5EC6     5EC6       18        4       0
                text83                             5934     5934       48        4       0
                text82                             5810     5810       4C        4       0
                text81                             3E80     3E80      12A        4       0
                text80                             5CEE     5CEE       2C        4       0
                text79                             5030     5030       84        4       0
                text78                             2AA2     2AA2      222        4       0
                text77                             25B0     25B0      27A        4       0
                text76                             2E8E     2E8E      1C0        4       0
                text75                              B00      B00      48A        4       0
                text74                             57C4     57C4       4C        4       0
                text73                             557A     557A       58        4       0
                text72                             49CA     49CA       A4        4       0
                text71                             4E10     4E10       8C        4       0
                text70                             5D70     5D70       2A        4       0
                text69                             5224     5224       78        4       0
                text68                             56D2     56D2       54        4       0
                text67                             537E     537E       70        4       0
                text66                             50B4     50B4       7E        4       0
                text65                             4926     4926       A4        4       0
                text64                             1A7E     1A7E      346        4       0
                text63                             5A08     5A08       3C        4       0
                text62                             5CBE     5CBE       30        4       0
                text61                              5CC      5CC      534        4       0
                text60                             58EC     58EC       48        4       0
                text59                             4880     4880       A6        4       0
                text58                             4504     4504       B6        4       0
                text57                             3394     3394      188        4       0
                text56                             2316     2316      29A        4       0
                text55                             351C     351C      16E        4       0
                text54                             1DC4     1DC4      2AC        4       0
                text53                             1368     1368      396        4       0
                text52                             53EE     53EE       68        4       0
                text51                               12       12      5BA        4       0
                text50                             55D2     55D2       56        4       0
                text49                             54BE     54BE       62        4       0
                text48                              F8A      F8A      3DE        4       0
                text47                             5FBE     5FBE        6        4       0
                text46                             5FB8     5FB8        6        4       0
                text45                             58A4     58A4       48        4       0
                text44                             5C8C     5C8C       32        4       0
                text43                             3204     3204      190        4       0
                text42                             5E54     5E54       20        4       0
                text41                             436E     436E       CE        4       0
                text40                             3D4E     3D4E      132        4       0
                text39                             5E0E     5E0E       24        4       0
                text38                             5EAC     5EAC       1A        4       0
                text37                             5E32     5E32       22        4       0
                text36                             37EC     37EC      162        4       0
                text35                             5DEA     5DEA       24        4       0
                text34                             51AC     51AC       78        4       0
                text33                             530E     530E       70        4       0
                text32                             368A     368A      162        4       0
                text31                             4BAE     4BAE       A0        4       0
                text30                             466E     466E       B4        4       0
                text29                             45BA     45BA       B4        4       0
                text28                             4B0E     4B0E       A0        4       0
                text27                             4E9C     4E9C       88        4       0
                text26                             5D9A     5D9A       28        4       0
                text25                             5132     5132       7A        4       0
                text24                             4CEC     4CEC       94        4       0
                text23                             3FAA     3FAA       FE        4       0
                text22                             567E     567E       54        4       0
                text21                             585C     585C       48        4       0
                text20                             5C56     5C56       36        4       0
                text19                             4722     4722       B0        4       0
                text18                             5BAC     5BAC       3A        4       0
                text17                             41A0     41A0       F6        4       0
                text16                             40A8     40A8       F8        4       0
                text15                             4296     4296       D8        4       0
                text14                             443C     443C       C8        4       0
                text13                             5C20     5C20       36        4       0
                text12                             2070     2070      2A6        4       0
                text11                             47D2     47D2       AE        4       0
                text10                             5726     5726       50        4       0
                text9                              5F5C     5F5C        E        4       0
                text8                              5F9C     5F9C        A        4       0
                text7                              5E90     5E90       1C        4       0
                text6                              5F08     5F08       12        4       0
                text5                              5FB0     5FB0        8        4       0
                text4                              5E74     5E74       1C        4       0
                text3                              5EDE     5EDE       16        4       0
                text2                              4C4E     4C4E       9E        4       0
                text1                              4A6E     4A6E       A0        4       0
                text0                              5D46     5D46       2A        4       0
                cstackCOMRAM                          1        1       21        1       1
                cstackBANK0                          60       60       8F       60       1
                cstackBANK1                         1CD      1CD       25      100       1
                cstackBANK2                         23E      23E       29      200       1
                bssBIGRAM                           267      267      220      267       1
                bssBANK2                            200      200       3E      200       1
                dataBANK1                           1F2      1F2        E      100       1
                bssBANK1                            100      100       CD      100       1
                bssBANK0                             EF       EF       11       60       1
                dataCOMRAM                           42       42        1        1       1
                bssCOMRAM                            22       22       20        1       1
                cinit                              4FAC     4FAC       84        4       0
                idataBANK1                         5F4E     5F4E        E        4       0
                idataCOMRAM                        5FC4     5FC4        1        4       0

TOTAL           Name                               Link     Load   Length     Space
        CLASS   STACK          

        CLASS   CODE           
                intcode                               8        8        6         0
                init                                  E        E        4         0
                reset_vec                             0        0        4         0
                text118                            597C     597C       48         0
                text117                            5776     5776       4E         0
                text116                            282A     282A      278         0
                text115                            5F2C     5F2C       12         0
                text114                            5FA6     5FA6        A         0
                intcode_body                       394E     394E      15E         0
                text112                            5F90     5F90        C         0
                text111                            5F3E     5F3E       10         0
                text110                            5F1A     5F1A       12         0
                text109                            5628     5628       56         0
                text108                            16FE     16FE      380         0
                text107                            529C     529C       72         0
                text106                            5DC2     5DC2       28         0
                text105                            5B70     5B70       3C         0
                text104                            5B34     5B34       3C         0
                text103                            5AF8     5AF8       3C         0
                text102                            5ABC     5ABC       3C         0
                text101                            5A80     5A80       3C         0
                text100                            5A44     5A44       3C         0
                text99                             3AAC     3AAC      15C         0
                text98                             5D1A     5D1A       2C         0
                text97                             5F84     5F84        C         0
                text96                             59C4     59C4       44         0
                text95                             5EF4     5EF4       14         0
                text94                             5BE6     5BE6       3A         0
                text93                             5456     5456       68         0
                text92                             5F78     5F78        C         0
                text91                             5F6A     5F6A        E         0
                text90                             3C08     3C08      146         0
                text89                             4D80     4D80       90         0
                text88                             2CC4     2CC4      1CA         0
                text87                             4F24     4F24       88         0
                text86                             304E     304E      1B6         0
                text85                             5520     5520       5A         0
                text84                             5EC6     5EC6       18         0
                text83                             5934     5934       48         0
                text82                             5810     5810       4C         0
                text81                             3E80     3E80      12A         0
                text80                             5CEE     5CEE       2C         0
                text79                             5030     5030       84         0
                text78                             2AA2     2AA2      222         0
                text77                             25B0     25B0      27A         0
                text76                             2E8E     2E8E      1C0         0
                text75                              B00      B00      48A         0
                text74                             57C4     57C4       4C         0
                text73                             557A     557A       58         0
                text72                             49CA     49CA       A4         0
                text71                             4E10     4E10       8C         0
                text70                             5D70     5D70       2A         0
                text69                             5224     5224       78         0
                text68                             56D2     56D2       54         0
                text67                             537E     537E       70         0
                text66                             50B4     50B4       7E         0
                text65                             4926     4926       A4         0
                text64                             1A7E     1A7E      346         0
                text63                             5A08     5A08       3C         0
                text62                             5CBE     5CBE       30         0
                text61                              5CC      5CC      534         0
                text60                             58EC     58EC       48         0
                text59                             4880     4880       A6         0
                text58                             4504     4504       B6         0
                text57                             3394     3394      188         0
                text56                             2316     2316      29A         0
                text55                             351C     351C      16E         0
                text54                             1DC4     1DC4      2AC         0
                text53                             1368     1368      396         0
                text52                             53EE     53EE       68         0
                text51                               12       12      5BA         0
                text50                             55D2     55D2       56         0
                text49                             54BE     54BE       62         0
                text48                              F8A      F8A      3DE         0
                text47                             5FBE     5FBE        6         0
                text46                             5FB8     5FB8        6         0
                text45                             58A4     58A4       48         0
                text44                             5C8C     5C8C       32         0
                text43                             3204     3204      190         0
                text42                             5E54     5E54       20         0
                text41                             436E     436E       CE         0
                text40                             3D4E     3D4E      132         0
                text39                             5E0E     5E0E       24         0
                text38                             5EAC     5EAC       1A         0
                text37                             5E32     5E32       22         0
                text36                             37EC     37EC      162         0
                text35                             5DEA     5DEA       24         0
                text34                             51AC     51AC       78         0
                text33                             530E     530E       70         0
                text32                             368A     368A      162         0
                text31                             4BAE     4BAE       A0         0
                text30                             466E     466E       B4         0
                text29                             45BA     45BA       B4         0
                text28                             4B0E     4B0E       A0         0
                text27                             4E9C     4E9C       88         0
                text26                             5D9A     5D9A       28         0
                text25                             5132     5132       7A         0
                text24                             4CEC     4CEC       94         0
                text23                             3FAA     3FAA       FE         0
                text22                             567E     567E       54         0
                text21                             585C     585C       48         0
                text20                             5C56     5C56       36         0
                text19                             4722     4722       B0         0
                text18                             5BAC     5BAC       3A         0
                text17                             41A0     41A0       F6         0
                text16                             40A8     40A8       F8         0
                text15                             4296     4296       D8         0
                text14                             443C     443C       C8         0
                text13                             5C20     5C20       36         0
                text12                             2070     2070      2A6         0
                text11                             47D2     47D2       AE         0
                text10                             5726     5726       50         0
                text9                              5F5C     5F5C        E         0
                text8                              5F9C     5F9C        A         0
                text7                              5E90     5E90       1C         0
                text6                              5F08     5F08       12         0
                text5                              5FB0     5FB0        8         0
                text4                              5E74     5E74       1C         0
                text3                              5EDE     5EDE       16         0
                text2                              4C4E     4C4E       9E         0
                text1                              4A6E     4A6E       A0         0
                text0                              5D46     5D46       2A         0
                cinit                              4FAC     4FAC       84         0
                idataBANK1                         5F4E     5F4E        E         0
                idataCOMRAM                        5FC4     5FC4        1         0

        CLASS   CONST          

        CLASS   SMALLCONST     

        CLASS   MEDIUMCONST    
                mediumconst                        60D8     60D8      1A8         0

        CLASS   COMRAM         
                temp                                 43       43        1         1
                cstackCOMRAM                          1        1       21         1
                dataCOMRAM                           42       42        1         1
                bssCOMRAM                            22       22       20         1

        CLASS   ABS1           

        CLASS   BIGRAM         
                bssBIGRAM                           267      267      220         1

        CLASS   RAM            

        CLASS   BANK0          
                cstackBANK0                          60       60       8F         1
                bssBANK0                             EF       EF       11         1

        CLASS   BANK1          
                cstackBANK1                         1CD      1CD       25         1
                dataBANK1                           1F2      1F2        E         1
                bssBANK1                            100      100       CD         1

        CLASS   BANK2          
                cstackBANK2                         23E      23E       29         1
                bssBANK2                            200      200       3E         1

        CLASS   BANK3          

        CLASS   BANK4          

        CLASS   BANK5          

        CLASS   BANK6          

        CLASS   BANK7          

        CLASS   SFR            

        CLASS   FARRAM         

        CLASS   CONFIG         
                config                           300000   300000        E         0

        CLASS   IDLOC          
                idloc                            200000   200000        8         0

        CLASS   EEDATA         



SEGMENTS        Name                           Load    Length   Top    Selector   Space  Class

                reset_vec                      000000  000004  000004         0       0  CODE    
                cstackCOMRAM                   000001  000043  000044         1       1  COMRAM  
                intcode                        000008  005FBD  005FC5         4       0  CODE    
                cstackBANK0                    000060  0000A0  000100        60       1  BANK0   
                bssBANK1                       000100  000100  000200       100       1  BANK1   
                bssBANK2                       000200  000067  000267       200       1  BANK2   
                bssBIGRAM                      000267  000220  000487       267       1  BIGRAM  
                mediumconst                    0060D8  0001A8  006280      306C       0  MEDIUMCO
                idloc                          200000  000008  200008    200000       0  IDLOC   
                config                         300000  00000E  30000E    300000       0  CONFIG  


UNUSED ADDRESS RANGES

        Name                Unused          Largest block    Delta
        BANK4            000487-0004FF               79
        BANK5            000500-0005FF              100
        BANK6            000600-0006FF              100
        BANK7            000700-0007FF              100
        BIGRAM           000044-00005F               1C
                         000487-0007FF              379
        CODE             000004-000007                4
                         005FC5-0060D7              113
        COMRAM           000044-00005F               1C
        CONST            000004-000007                4
                         005FC5-0060D7              113
        EEDATA           F00000-F000FF              100
        MEDIUMCONST      005FC5-0060D7              113
        RAM              000487-0007FF              100
        SFR              000F60-000FFF               A0
        SMALLCONST       005FC5-0060D7               3B
        STACK            000487-0007FF              379

                                  Symbol Table

?_GPSDay                                     cstackBANK0  000066
?_GPSHour                                    cstackBANK0  000066
?_GPSMinute                                  cstackBANK0  000066
?_GPSMonth                                   cstackBANK0  000066
?_GPSSecond                                  cstackBANK0  000066
?_GPSyear                                    cstackBANK0  000066
?___aldiv                                    cstackBANK0  000060
?___awtoft                                   cstackBANK0  00006D
?___ftmul                                    cstackBANK0  000071
?___ftpack                                   cstackBANK0  000060
?___fttol                                    cstackBANK0  000080
?___lldiv                                    cstackBANK0  000060
?___llmod                                    cstackBANK0  000060
?___lmul                                     cstackBANK0  000060
?___wmul                                     cstackBANK0  000060
?_atoi                                       cstackBANK0  000066
?_atol                                       cstackBANK0  00006C
?_clust2sect                                 cstackBANK0  00006C
?_convert_to_int                             cstackBANK0  00007A
?_convert_to_int_point_lat                   cstackBANK0  00007A
?_convert_to_int_point_long                  cstackBANK0  00007A
?_create_chain                               cstackBANK0  0000B6
?_fix                                        cstackBANK0  000060
?_fprintf                                    cstackBANK1  0001D1
?_fputc                                      cstackBANK0  0000E5
?_fputs                                      cstackBANK1  0001CD
?_get_cluster                                cstackBANK0  0000A0
?_get_fattime                                cstackBANK0  00006A
?_memcmp                                     cstackBANK0  000060
?_strcmp                                     cstackCOMRAM 000001
?_strlen                                     cstackBANK0  000060
GPSRead@buff                                 cstackCOMRAM 00000B
GPSRead@c                                    cstackCOMRAM 00000C
_ADCON1                                      (abs)        000FC1
_BRGH                                        (abs)        007D62
_CREN                                        (abs)        007D5C
_FatFs                                       bssBANK0     0000F6
_GPGGA_ok                                    bssBANK0     0000F8
_GPRMC_ok                                    bssBANK0     0000FA
_GPSDay                                      text105      005B70
_GPSHour                                     text104      005B34
_GPSMinute                                   text103      005AF8
_GPSMonth                                    text102      005ABC
_GPSRead                                     text116      00282A
_GPSSecond                                   text101      005A80
_GPSyear                                     text100      005A44
_INT0IE                                      (abs)        007F94
_INT0IF                                      (abs)        007F91
_INTCON                                      (abs)        000FF2
_INTCON2                                     (abs)        000FF1
_INTCON3                                     (abs)        000FF0
_INTCONbits                                  (abs)        000FF2
_LATB                                        (abs)        000F8A
_LATBbits                                    (abs)        000F8A
_LATCbits                                    (abs)        000F8B
_OSCCONbits                                  (abs)        000FD3
_PCL                                         (abs)        000FF9
_PCLATH                                      (abs)        000FFA
_PIE1                                        (abs)        000F9D
_PIE1bits                                    (abs)        000F9D
_PIR1bits                                    (abs)        000F9E
_PORTBbits                                   (abs)        000F81
_PORTDbits                                   (abs)        000F83
_PORTEbits                                   (abs)        000F84
_PR2                                         (abs)        000FCB
_RCIF                                        (abs)        007CF5
_RCREG                                       (abs)        000FAE
_RCSTA                                       (abs)        000FAB
_RCSTAbits                                   (abs)        000FAB
_SPBRG                                       (abs)        000FAF
_SPEN                                        (abs)        007D5F
_SPPCFG                                      (abs)        000F63
_SPPCON                                      (abs)        000F65
_SSPBUF                                      (abs)        000FC9
_SSPCON1                                     (abs)        000FC6
_SSPCON1bits                                 (abs)        000FC6
_SSPSTAT                                     (abs)        000FC7
_SSPSTATbits                                 (abs)        000FC7
_SYNC                                        (abs)        007D64
_SentenceType                                bssCOMRAM    000040
_Speed                                       (abs)        000000
_T0CON                                       (abs)        000FD5
_T0CONbits                                   (abs)        000FD5
_T0IF                                        (abs)        007F92
_T2CON                                       (abs)        000FCA
_TMR0                                        (abs)        000FD6
_TMR0H                                       (abs)        000FD7
_TMR0IF                                      (abs)        007F92
_TMR0L                                       (abs)        000FD6
_TMR2                                        (abs)        000FCC
_TMR2IF                                      (abs)        007CF1
_TRISA                                       (abs)        000F92
_TRISB                                       (abs)        000F93
_TRISBbits                                   (abs)        000F93
_TRISC                                       (abs)        000F94
_TRISCbits                                   (abs)        000F94
_TRISD                                       (abs)        000F95
_TRISDbits                                   (abs)        000F95
_TRISE                                       (abs)        000F96
_TRMT                                        (abs)        007D61
_TXEN                                        (abs)        007D65
_TXREG                                       (abs)        000FAD
_TXSTA                                       (abs)        000FAC
_Term                                        bssCOMRAM    00003F
__HRAM                                       (abs)        000000
__Habs1                                      abs1         000000
__Hbank0                                     bank0        000000
__Hbank1                                     bank1        000000
__Hbank2                                     bank2        000000
__Hbank3                                     bank3        000000
__Hbank4                                     bank4        000000
__Hbank5                                     bank5        000000
__Hbank6                                     bank6        000000
__Hbank7                                     bank7        000000
__Hbigbss                                    bigbss       000000
__Hbigdata                                   bigdata      000000
__Hbigram                                    bigram       000000
__Hbss                                       bss          000000
__HbssBANK0                                  bssBANK0     000000
__HbssBANK1                                  bssBANK1     000000
__HbssBANK2                                  bssBANK2     000000
__HbssBIGRAM                                 bssBIGRAM    000000
__HbssCOMRAM                                 bssCOMRAM    000000
__Hcinit                                     cinit        000000
__Hclrtext                                   clrtext      000000
__Hcomram                                    comram       000000
__Hconfig                                    config       30000E
__Hconst                                     const        000000
__HcstackBANK0                               cstackBANK0  000000
__HcstackBANK1                               cstackBANK1  000000
__HcstackBANK2                               cstackBANK2  000000
__HcstackCOMRAM                              cstackCOMRAM 000000
__Hdata                                      data         000000
__HdataBANK1                                 dataBANK1    000000
__HdataCOMRAM                                dataCOMRAM   000000
__Heeprom_data                               eeprom_data  000000
__Hfarbss                                    farbss       000000
__Hfardata                                   fardata      000000
__Hibigdata                                  ibigdata     000000
__Hidata                                     idata        000000
__HidataBANK1                                idataBANK1   000000
__HidataCOMRAM                               idataCOMRAM  000000
__Hidloc                                     idloc        200008
__Hifardata                                  ifardata     000000
__Hinit                                      init         000012
__Hintcode                                   intcode      00000E
__Hintcode_body                              intcode_body 000000
__Hintcodelo                                 intcodelo    00000E
__Hintentry                                  intentry     000000
__Hintret                                    intret       000000
__Hintsave_regs                              intsave_regs 000000
__Hirdata                                    irdata       000000
__Hmediumconst                               mediumconst  006280
__HnvFARRAM                                  nvFARRAM     000000
__Hnvbit                                     nvbit        000000
__Hnvrram                                    nvrram       000000
__Hparam                                     rparam       000000
__Hpowerup                                   powerup      00000E
__Hram                                       ram          000000
__Hramtop                                    ramtop       000800
__Hrbit                                      rbit         000000
__Hrbss                                      rbss         000000
__Hrdata                                     rdata        000000
__Hreset_vec                                 reset_vec    000004
__Hrparam                                    rparam       000000
__Hsfr                                       sfr          000000
__Hsmallconst                                smallconst   000000
__Hspace_0                                   (abs)        30000E
__Hspace_1                                   (abs)        000487
__Hspace_2                                   (abs)        000000
__Hstack                                     stack        000000
__Hstruct                                    struct       000000
__Htemp                                      temp         000044
__Htext                                      text         000000
__Htext0                                     text0        000000
__Htext1                                     text1        000000
__Htext10                                    text10       000000
__Htext100                                   text100      000000
__Htext101                                   text101      000000
__Htext102                                   text102      000000
__Htext103                                   text103      000000
__Htext104                                   text104      000000
__Htext105                                   text105      000000
__Htext106                                   text106      000000
__Htext107                                   text107      000000
__Htext108                                   text108      000000
__Htext109                                   text109      000000
__Htext11                                    text11       000000
__Htext110                                   text110      000000
__Htext111                                   text111      000000
__Htext112                                   text112      000000
__Htext114                                   text114      000000
__Htext115                                   text115      000000
__Htext116                                   text116      000000
__Htext117                                   text117      000000
__Htext118                                   text118      000000
__Htext119                                   text119      000000
__Htext12                                    text12       000000
__Htext13                                    text13       000000
__Htext14                                    text14       000000
__Htext15                                    text15       000000
__Htext16                                    text16       000000
__Htext17                                    text17       000000
__Htext18                                    text18       000000
__Htext19                                    text19       000000
__Htext2                                     text2        000000
__Htext20                                    text20       000000
__Htext21                                    text21       000000
__Htext22                                    text22       000000
__Htext23                                    text23       000000
__Htext24                                    text24       000000
__Htext25                                    text25       000000
__Htext26                                    text26       000000
__Htext27                                    text27       000000
__Htext28                                    text28       000000
__Htext29                                    text29       000000
__Htext3                                     text3        000000
__Htext30                                    text30       000000
__Htext31                                    text31       000000
__Htext32                                    text32       000000
__Htext33                                    text33       000000
__Htext34                                    text34       000000
__Htext35                                    text35       000000
__Htext36                                    text36       000000
__Htext37                                    text37       000000
__Htext38                                    text38       000000
__Htext39                                    text39       000000
__Htext4                                     text4        000000
__Htext40                                    text40       000000
__Htext41                                    text41       000000
__Htext42                                    text42       000000
__Htext43                                    text43       000000
__Htext44                                    text44       000000
__Htext45                                    text45       000000
__Htext46                                    text46       000000
__Htext47                                    text47       000000
__Htext48                                    text48       000000
__Htext49                                    text49       000000
__Htext5                                     text5        000000
__Htext50                                    text50       000000
__Htext51                                    text51       000000
__Htext52                                    text52       000000
__Htext53                                    text53       000000
__Htext54                                    text54       000000
__Htext55                                    text55       000000
__Htext56                                    text56       000000
__Htext57                                    text57       000000
__Htext58                                    text58       000000
__Htext59                                    text59       000000
__Htext6                                     text6        000000
__Htext60                                    text60       000000
__Htext61                                    text61       000000
__Htext62                                    text62       000000
__Htext63                                    text63       000000
__Htext64                                    text64       000000
__Htext65                                    text65       000000
__Htext66                                    text66       000000
__Htext67                                    text67       000000
__Htext68                                    text68       000000
__Htext69                                    text69       000000
__Htext7                                     text7        000000
__Htext70                                    text70       000000
__Htext71                                    text71       000000
__Htext72                                    text72       000000
__Htext73                                    text73       000000
__Htext74                                    text74       000000
__Htext75                                    text75       000000
__Htext76                                    text76       000000
__Htext77                                    text77       000000
__Htext78                                    text78       000000
__Htext79                                    text79       000000
__Htext8                                     text8        000000
__Htext80                                    text80       000000
__Htext81                                    text81       000000
__Htext82                                    text82       000000
__Htext83                                    text83       000000
__Htext84                                    text84       000000
__Htext85                                    text85       000000
__Htext86                                    text86       000000
__Htext87                                    text87       000000
__Htext88                                    text88       000000
__Htext89                                    text89       000000
__Htext9                                     text9        000000
__Htext90                                    text90       000000
__Htext91                                    text91       000000
__Htext92                                    text92       000000
__Htext93                                    text93       000000
__Htext94                                    text94       000000
__Htext95                                    text95       000000
__Htext96                                    text96       000000
__Htext97                                    text97       000000
__Htext98                                    text98       000000
__Htext99                                    text99       000000
__LRAM                                       (abs)        000001
__Labs1                                      abs1         000000
__Lbank0                                     bank0        000000
__Lbank1                                     bank1        000000
__Lbank2                                     bank2        000000
__Lbank3                                     bank3        000000
__Lbank4                                     bank4        000000
__Lbank5                                     bank5        000000
__Lbank6                                     bank6        000000
__Lbank7                                     bank7        000000
__Lbigbss                                    bigbss       000000
__Lbigdata                                   bigdata      000000
__Lbigram                                    bigram       000000
__Lbss                                       bss          000000
__LbssBANK0                                  bssBANK0     000000
__LbssBANK1                                  bssBANK1     000000
__LbssBANK2                                  bssBANK2     000000
__LbssBIGRAM                                 bssBIGRAM    000000
__LbssCOMRAM                                 bssCOMRAM    000000
__Lcinit                                     cinit        000000
__Lclrtext                                   clrtext      000000
__Lcomram                                    comram       000000
__Lconfig                                    config       300000
__Lconst                                     const        000000
__LcstackBANK0                               cstackBANK0  000000
__LcstackBANK1                               cstackBANK1  000000
__LcstackBANK2                               cstackBANK2  000000
__LcstackCOMRAM                              cstackCOMRAM 000000
__Ldata                                      data         000000
__LdataBANK1                                 dataBANK1    000000
__LdataCOMRAM                                dataCOMRAM   000000
__Leeprom_data                               eeprom_data  000000
__Lfarbss                                    farbss       000000
__Lfardata                                   fardata      000000
__Libigdata                                  ibigdata     000000
__Lidata                                     idata        000000
__LidataBANK1                                idataBANK1   000000
__LidataCOMRAM                               idataCOMRAM  000000
__Lidloc                                     idloc        200000
__Lifardata                                  ifardata     000000
__Linit                                      init         00000E
__Lintcode                                   intcode      000008
__Lintcode_body                              intcode_body 000000
__Lintcodelo                                 intcodelo    00000E
__Lintentry                                  intentry     000000
__Lintret                                    intret       000000
__Lintsave_regs                              intsave_regs 000000
__Lirdata                                    irdata       000000
__Lmediumconst                               mediumconst  0060D8
__LnvFARRAM                                  nvFARRAM     000000
__Lnvbit                                     nvbit        000000
__Lnvrram                                    nvrram       000000
__Lparam                                     rparam       000000
__Lpowerup                                   powerup      00000E
__Lram                                       ram          000000
__Lramtop                                    ramtop       000800
__Lrbit                                      rbit         000000
__Lrbss                                      rbss         000000
__Lrdata                                     rdata        000000
__Lreset_vec                                 reset_vec    000000
__Lrparam                                    rparam       000000
__Lsfr                                       sfr          000000
__Lsmallconst                                smallconst   000000
__Lspace_0                                   (abs)        000000
__Lspace_1                                   (abs)        000000
__Lspace_2                                   (abs)        000000
__Lstack                                     stack        000000
__Lstruct                                    struct       000000
__Ltemp                                      temp         000043
__Ltext                                      text         000000
__Ltext0                                     text0        000000
__Ltext1                                     text1        000000
__Ltext10                                    text10       000000
__Ltext100                                   text100      000000
__Ltext101                                   text101      000000
__Ltext102                                   text102      000000
__Ltext103                                   text103      000000
__Ltext104                                   text104      000000
__Ltext105                                   text105      000000
__Ltext106                                   text106      000000
__Ltext107                                   text107      000000
__Ltext108                                   text108      000000
__Ltext109                                   text109      000000
__Ltext11                                    text11       000000
__Ltext110                                   text110      000000
__Ltext111                                   text111      000000
__Ltext112                                   text112      000000
__Ltext114                                   text114      000000
__Ltext115                                   text115      000000
__Ltext116                                   text116      000000
__Ltext117                                   text117      000000
__Ltext118                                   text118      000000
__Ltext119                                   text119      000000
__Ltext12                                    text12       000000
__Ltext13                                    text13       000000
__Ltext14                                    text14       000000
__Ltext15                                    text15       000000
__Ltext16                                    text16       000000
__Ltext17                                    text17       000000
__Ltext18                                    text18       000000
__Ltext19                                    text19       000000
__Ltext2                                     text2        000000
__Ltext20                                    text20       000000
__Ltext21                                    text21       000000
__Ltext22                                    text22       000000
__Ltext23                                    text23       000000
__Ltext24                                    text24       000000
__Ltext25                                    text25       000000
__Ltext26                                    text26       000000
__Ltext27                                    text27       000000
__Ltext28                                    text28       000000
__Ltext29                                    text29       000000
__Ltext3                                     text3        000000
__Ltext30                                    text30       000000
__Ltext31                                    text31       000000
__Ltext32                                    text32       000000
__Ltext33                                    text33       000000
__Ltext34                                    text34       000000
__Ltext35                                    text35       000000
__Ltext36                                    text36       000000
__Ltext37                                    text37       000000
__Ltext38                                    text38       000000
__Ltext39                                    text39       000000
__Ltext4                                     text4        000000
__Ltext40                                    text40       000000
__Ltext41                                    text41       000000
__Ltext42                                    text42       000000
__Ltext43                                    text43       000000
__Ltext44                                    text44       000000
__Ltext45                                    text45       000000
__Ltext46                                    text46       000000
__Ltext47                                    text47       000000
__Ltext48                                    text48       000000
__Ltext49                                    text49       000000
__Ltext5                                     text5        000000
__Ltext50                                    text50       000000
__Ltext51                                    text51       000000
__Ltext52                                    text52       000000
__Ltext53                                    text53       000000
__Ltext54                                    text54       000000
__Ltext55                                    text55       000000
__Ltext56                                    text56       000000
__Ltext57                                    text57       000000
__Ltext58                                    text58       000000
__Ltext59                                    text59       000000
__Ltext6                                     text6        000000
__Ltext60                                    text60       000000
__Ltext61                                    text61       000000
__Ltext62                                    text62       000000
__Ltext63                                    text63       000000
__Ltext64                                    text64       000000
__Ltext65                                    text65       000000
__Ltext66                                    text66       000000
__Ltext67                                    text67       000000
__Ltext68                                    text68       000000
__Ltext69                                    text69       000000
__Ltext7                                     text7        000000
__Ltext70                                    text70       000000
__Ltext71                                    text71       000000
__Ltext72                                    text72       000000
__Ltext73                                    text73       000000
__Ltext74                                    text74       000000
__Ltext75                                    text75       000000
__Ltext76                                    text76       000000
__Ltext77                                    text77       000000
__Ltext78                                    text78       000000
__Ltext79                                    text79       000000
__Ltext8                                     text8        000000
__Ltext80                                    text80       000000
__Ltext81                                    text81       000000
__Ltext82                                    text82       000000
__Ltext83                                    text83       000000
__Ltext84                                    text84       000000
__Ltext85                                    text85       000000
__Ltext86                                    text86       000000
__Ltext87                                    text87       000000
__Ltext88                                    text88       000000
__Ltext89                                    text89       000000
__Ltext9                                     text9        000000
__Ltext90                                    text90       000000
__Ltext91                                    text91       000000
__Ltext92                                    text92       000000
__Ltext93                                    text93       000000
__Ltext94                                    text94       000000
__Ltext95                                    text95       000000
__Ltext96                                    text96       000000
__Ltext97                                    text97       000000
__Ltext98                                    text98       000000
__Ltext99                                    text99       000000
__S0                                         (abs)        30000E
__S1                                         (abs)        000487
__S2                                         (abs)        000000
___aldiv                                     text41       00436E
___aldiv@counter                             cstackBANK0  000068
___aldiv@dividend                            cstackBANK0  000060
___aldiv@divisor                             cstackBANK0  000064
___aldiv@quotient                            cstackBANK0  00006A
___aldiv@sign                                cstackBANK0  000069
___awtoft                                    text18       005BAC
___awtoft@c                                  cstackBANK0  00006D
___awtoft@sign                               cstackBANK0  000070
___ftmul                                     text17       0041A0
___ftmul@cntr                                cstackBANK0  00007E
___ftmul@exp                                 cstackBANK0  00007A
___ftmul@f1                                  cstackBANK0  000071
___ftmul@f2                                  cstackBANK0  000074
___ftmul@f3_as_product                       cstackBANK0  00007B
___ftmul@sign                                cstackBANK0  00007F
___ftpack                                    text19       004722
___ftpack@arg                                cstackBANK0  000060
___ftpack@exp                                cstackBANK0  000063
___ftpack@sign                               cstackBANK0  000064
___fttol                                     text16       0040A8
___fttol@exp1                                cstackBANK0  00008E
___fttol@f1                                  cstackBANK0  000080
___fttol@lval                                cstackBANK0  00008A
___fttol@sign1                               cstackBANK0  000089
___inthi_sp                                  stack        000000
___intlo_sp                                  stack        000000
___lldiv                                     text79       005030
___lldiv@counter                             cstackBANK0  00006C
___lldiv@dividend                            cstackBANK0  000060
___lldiv@divisor                             cstackBANK0  000064
___lldiv@quotient                            cstackBANK0  000068
___llmod                                     text52       0053EE
___llmod@counter                             cstackBANK0  000068
___llmod@dividend                            cstackBANK0  000060
___llmod@divisor                             cstackBANK0  000064
___lmul                                      text73       00557A
___lmul@multiplicand                         cstackBANK0  000064
___lmul@multiplier                           cstackBANK0  000060
___lmul@product                              cstackBANK0  000068
___param_bank                                (abs)        000000
___rparam_used                               (abs)        000001
___sp                                        stack        000000
___wmul                                      text106      005DC2
___wmul@multiplicand                         cstackBANK0  000062
___wmul@multiplier                           cstackBANK0  000060
___wmul@product                              cstackBANK0  000064
__accesstop                                  (abs)        000060
__activetblptr                               (abs)        000002
__end_of_GPSDay                              text105      005BAC
__end_of_GPSHour                             text104      005B70
__end_of_GPSMinute                           text103      005B34
__end_of_GPSMonth                            text102      005AF8
__end_of_GPSRead                             text116      002AA2
__end_of_GPSSecond                           text101      005ABC
__end_of_GPSyear                             text100      005A80
__end_of___aldiv                             text41       00443C
__end_of___awtoft                            text18       005BE6
__end_of___ftmul                             text17       004296
__end_of___ftpack                            text19       0047D2
__end_of___fttol                             text16       0041A0
__end_of___lldiv                             text79       0050B4
__end_of___llmod                             text52       005456
__end_of___lmul                              text73       0055D2
__end_of___wmul                              text106      005DEA
__end_of__initialization                     cinit        005022
__end_of_armazena_ltlo                       text31       004C4E
__end_of_atoi                                text15       00436E
__end_of_atol                                text36       00394E
__end_of_auto_mount                          text61       000B00
__end_of_check_fs                            text71       004E9C
__end_of_clust2sect                          text58       0045BA
__end_of_command                             text93       0054BE
__end_of_config_timer_dois                   text9        005F6A
__end_of_config_timer_zero                   text7        005EAC
__end_of_configura_baudrate_uart             text40       003E80
__end_of_convert_to_int                      text35       005E0E
__end_of_convert_to_int_point_lat            text34       005224
__end_of_convert_to_int_point_long           text33       00537E
__end_of_create_chain                        text76       00304E
__end_of_dados_gps_to_sd                     text107      00530E
__end_of_delay                               text70       005D9A
__end_of_desliga_SPI                         text111      005F4E
__end_of_desliga_uart                        text110      005F2C
__end_of_diferenca                           text32       0037EC
__end_of_disk_initialize                     text63       005A44
__end_of_disk_ioctl                          text98       005D46
__end_of_disk_read                           text89       004E10
__end_of_disk_status                         text83       00597C
__end_of_disk_write                          text87       004FAC
__end_of_disparo_gravacao                    text13       005C56
__end_of_dummy_clocks                        text96       005A08
__end_of_endereco_cursor_lcd                 text67       0053EE
__end_of_escalonador                         text11       004880
__end_of_escreve_SPI                         text95       005F08
__end_of_escreve_caractere_lcd               text69       00529C
__end_of_escreve_cmd_lcd                     text24       004D80
__end_of_escreve_frase_ram_lcd               text68       005726
__end_of_escreve_inteiro_lcd                 text21       0058A4
__end_of_escrita_sdcard                      text43       003394
__end_of_f_close                             text80       005D1A
__end_of_f_lseek                             text75       000F8A
__end_of_f_mount                             text74       005810
__end_of_f_open                              text53       0016FE
__end_of_f_sync                              text81       003FAA
__end_of_f_write                             text51       0005CC
__end_of_fence_diff_lat                      mediumconst  00614F
__end_of_fence_diff_long                     mediumconst  006127
__end_of_fix                                 text112      005F9C
__end_of_fprintf                             text48       001368
__end_of_fputc                               text50       005628
__end_of_fputs                               text49       005520
__end_of_get_cluster                         text78       002CC4
__end_of_get_fattime                         text99       003C08
__end_of_grava_sd                            text38       005EC6
__end_of_inicializa_SPI                      text42       005E74
__end_of_inicializa_tarefas                  text10       005776
__end_of_inicializa_uart                     text39       005E32
__end_of_init_hardware                       text3        005EF4
__end_of_init_interrupt                      text6        005F1A
__end_of_init_lcd                            text2        004CEC
__end_of_init_oscilador                      text5        005FB8
__end_of_init_ports                          text4        005E90
__end_of_isdigit                             text37       005E54
__end_of_isr                                 intcode_body 003AAC
__end_of_latitude_to_convert                 text30       004722
__end_of_leitura_SPI                         text97       005F90
__end_of_longitude_to_convert                text29       00466E
__end_of_ltoa                                text22       0056D2
__end_of_main                                text0        005D70
__end_of_make_dirfile                        text55       00368A
__end_of_memcmp                              text72       004A6E
__end_of_memcpy                              text60       005934
__end_of_memset                              text62       005CEE
__end_of_mensagem_inicial                    text1        004B0E
__end_of_monta_sd                            text108      001A7E
__end_of_mostra_dados_display                text20       005C8C
__end_of_move_window                         text86       003204
__end_of_next_dir_entry                      text57       00351C
__end_of_posicao_cursor_lcd                  text66       005132
__end_of_posicao_lat                         text47       005FC4
__end_of_posicao_long                        text46       005FBE
__end_of_proceed                             text92       005F84
__end_of_put_cluster                         text77       00282A
__end_of_recebe_dado_uart                    text115      005F3E
__end_of_remove_chain                        text59       004926
__end_of_reserve_direntry                    text56       0025B0
__end_of_response                            text91       005F78
__end_of_sdc_disk_initialize                 text64       001DC4
__end_of_sdc_disk_read                       text90       003D4E
__end_of_sdc_disk_status                     text84       005EDE
__end_of_sdc_disk_write                      text88       002E8E
__end_of_sdc_reset                           text65       0049CA
__end_of_strcat                              text45       0058EC
__end_of_strcmp                              text118      0059C4
__end_of_strcpy                              text44       005CBE
__end_of_stringcpy                           text117      0057C4
__end_of_strlen                              text109      00567E
__end_of_sync                                text85       00557A
__end_of_trace_path                          text54       002070
__end_of_troca_de_tela                       text12       002316
__end_of_ultoa                               text23       0040A8
__end_of_validate                            text82       00585C
__end_of_verifica_dados_operacionais         text14       004504
__end_of_verifica_fence                      text25       0051AC
__end_of_verifica_plausibilidade_lat         text28       004BAE
__end_of_verifica_plausibilidade_long        text27       004F24
__end_of_verifica_recep_gps                  text26       005DC2
__end_of_wait_ready                          text94       005C20
__end_of_write_timer_zero                    text8        005FA6
__end_ofi2_write_timer_zero                  text114      005FB0
__end_ofmensagem_inicial@F4428               mediumconst  0060FB
__end_ofmensagem_inicial@F4430               mediumconst  0060EA
__initialization                             cinit        004FAC
__mediumconst                                mediumconst  0060D8
__pbssBANK0                                  bssBANK0     0000EF
__pbssBANK1                                  bssBANK1     000100
__pbssBANK2                                  bssBANK2     000200
__pbssBIGRAM                                 bssBIGRAM    000267
__pbssCOMRAM                                 bssCOMRAM    000022
__pcinit                                     cinit        004FAC
__pcstackBANK0                               cstackBANK0  000060
__pcstackBANK1                               cstackBANK1  0001CD
__pcstackBANK2                               cstackBANK2  00023E
__pcstackCOMRAM                              cstackCOMRAM 000001
__pdataBANK1                                 dataBANK1    0001F2
__pdataCOMRAM                                dataCOMRAM   000042
__pidataBANK1                                idataBANK1   005F4E
__pidataCOMRAM                               idataCOMRAM  005FC4
__pintcode                                   intcode      000008
__pintcode_body                              intcode_body 00394E
__pmediumconst                               mediumconst  0060D8
__ptext0                                     text0        005D46
__ptext1                                     text1        004A6E
__ptext10                                    text10       005726
__ptext100                                   text100      005A44
__ptext101                                   text101      005A80
__ptext102                                   text102      005ABC
__ptext103                                   text103      005AF8
__ptext104                                   text104      005B34
__ptext105                                   text105      005B70
__ptext106                                   text106      005DC2
__ptext107                                   text107      00529C
__ptext108                                   text108      0016FE
__ptext109                                   text109      005628
__ptext11                                    text11       0047D2
__ptext110                                   text110      005F1A
__ptext111                                   text111      005F3E
__ptext112                                   text112      005F90
__ptext114                                   text114      005FA6
__ptext115                                   text115      005F2C
__ptext116                                   text116      00282A
__ptext117                                   text117      005776
__ptext118                                   text118      00597C
__ptext119                                   text119      000000
__ptext12                                    text12       002070
__ptext13                                    text13       005C20
__ptext14                                    text14       00443C
__ptext15                                    text15       004296
__ptext16                                    text16       0040A8
__ptext17                                    text17       0041A0
__ptext18                                    text18       005BAC
__ptext19                                    text19       004722
__ptext2                                     text2        004C4E
__ptext20                                    text20       005C56
__ptext21                                    text21       00585C
__ptext22                                    text22       00567E
__ptext23                                    text23       003FAA
__ptext24                                    text24       004CEC
__ptext25                                    text25       005132
__ptext26                                    text26       005D9A
__ptext27                                    text27       004E9C
__ptext28                                    text28       004B0E
__ptext29                                    text29       0045BA
__ptext3                                     text3        005EDE
__ptext30                                    text30       00466E
__ptext31                                    text31       004BAE
__ptext32                                    text32       00368A
__ptext33                                    text33       00530E
__ptext34                                    text34       0051AC
__ptext35                                    text35       005DEA
__ptext36                                    text36       0037EC
__ptext37                                    text37       005E32
__ptext38                                    text38       005EAC
__ptext39                                    text39       005E0E
__ptext4                                     text4        005E74
__ptext40                                    text40       003D4E
__ptext41                                    text41       00436E
__ptext42                                    text42       005E54
__ptext43                                    text43       003204
__ptext44                                    text44       005C8C
__ptext45                                    text45       0058A4
__ptext46                                    text46       005FB8
__ptext47                                    text47       005FBE
__ptext48                                    text48       000F8A
__ptext49                                    text49       0054BE
__ptext5                                     text5        005FB0
__ptext50                                    text50       0055D2
__ptext51                                    text51       000012
__ptext52                                    text52       0053EE
__ptext53                                    text53       001368
__ptext54                                    text54       001DC4
__ptext55                                    text55       00351C
__ptext56                                    text56       002316
__ptext57                                    text57       003394
__ptext58                                    text58       004504
__ptext59                                    text59       004880
__ptext6                                     text6        005F08
__ptext60                                    text60       0058EC
__ptext61                                    text61       0005CC
__ptext62                                    text62       005CBE
__ptext63                                    text63       005A08
__ptext64                                    text64       001A7E
__ptext65                                    text65       004926
__ptext66                                    text66       0050B4
__ptext67                                    text67       00537E
__ptext68                                    text68       0056D2
__ptext69                                    text69       005224
__ptext7                                     text7        005E90
__ptext70                                    text70       005D70
__ptext71                                    text71       004E10
__ptext72                                    text72       0049CA
__ptext73                                    text73       00557A
__ptext74                                    text74       0057C4
__ptext75                                    text75       000B00
__ptext76                                    text76       002E8E
__ptext77                                    text77       0025B0
__ptext78                                    text78       002AA2
__ptext79                                    text79       005030
__ptext8                                     text8        005F9C
__ptext80                                    text80       005CEE
__ptext81                                    text81       003E80
__ptext82                                    text82       005810
__ptext83                                    text83       005934
__ptext84                                    text84       005EC6
[...]
      Params:         0       0       0       0       0       0       0       0       0
      Locals:         0       0       0       0       0       0       0       0       0
      Temps:          0       0       0       0       0       0       0       0       0
      Totals:         0       0       0       0       0       0       0       0       0
Total ram usage:        0 bytes
 Hardware stack levels used:    1
 Hardware stack levels required when called:    3
 This function calls:
		Nothing
 This function is called by:
		_grava_sd
		_sdcard_init
		_leitura_sdcard
 This function uses a non-reentrant model


 *************** function _desliga_SPI *****************
 Defined at:
		line 75 in file "bibliotecas/SPI.c"
 Parameters:    Size  Location     Type
		None
 Auto vars:     Size  Location     Type
		None
 Return value:  Size  Location     Type
                  1    wreg      void 
 Registers used:
		wreg, status,2
 Tracked objects:
		On entry : 
		On exit  : 
		Unchanged: 
 Data sizes:     COMRAM   BANK0   BANK1   BANK2   BANK3   BANK4   BANK5   BANK6   BANK7
      Params:         0       0       0       0       0       0       0       0       0
      Locals:         0       0       0       0       0       0       0       0       0
      Temps:          0       0       0       0       0       0       0       0       0
      Totals:         0       0       0       0       0       0       0       0       0
Total ram usage:        0 bytes
 Hardware stack levels used:    1
 Hardware stack levels required when called:    3
 This function calls:
		Nothing
 This function is called by:
		_grava_sd
		_leitura_sdcard
 This function uses a non-reentrant model


 *************** function _fix *****************
 Defined at:
		line 261 in file "bibliotecas/GPS.c"
 Parameters:    Size  Location     Type
		None
 Auto vars:     Size  Location     Type
		None
 Return value:  Size  Location     Type
                  2    0[BANK0 ] PTR unsigned char 
 Registers used:
		wreg, status,2, status,0
 Tracked objects:
		On entry : 
		On exit  : 
		Unchanged: 
 Data sizes:     COMRAM   BANK0   BANK1   BANK2   BANK3   BANK4   BANK5   BANK6   BANK7
      Params:         0       2       0       0       0       0       0       0       0
      Locals:         0       0       0       0       0       0       0       0       0
      Temps:          0       0       0       0       0       0       0       0       0
      Totals:         0       2       0       0       0       0       0       0       0
Total ram usage:        2 bytes
 Hardware stack levels used:    1
 Hardware stack levels required when called:    3
 This function calls:
		Nothing
 This function is called by:
		_disparo_gravacao
		_troca_de_tela
 This function uses a non-reentrant model


 *************** function _isr *****************
 Defined at:
		line 106 in file "main.c"
 Parameters:    Size  Location     Type
		None
 Auto vars:     Size  Location     Type
  cont            1   32[COMRAM] unsigned char 
 Return value:  Size  Location     Type
                  1    wreg      void 
 Registers used:
		wreg, fsr1l, fsr1h, fsr2l, fsr2h, status,2, status,0, tblptrl, tblptrh, tblptru, prodl, prodh, cstack
 Tracked objects:
		On entry : 
		On exit  : 
		Unchanged: 
 Data sizes:     COMRAM   BANK0   BANK1   BANK2   BANK3   BANK4   BANK5   BANK6   BANK7
      Params:         0       0       0       0       0       0       0       0       0
      Locals:         1       0       0       0       0       0       0       0       0
      Temps:         20       0       0       0       0       0       0       0       0
      Totals:        21       0       0       0       0       0       0       0       0
Total ram usage:       21 bytes
 Hardware stack levels used:    1
 Hardware stack levels required when called:    2
 This function calls:
		_GPSRead
		_recebe_dado_uart
		i2_write_timer_zero
 This function is called by:
		Interrupt level 2
 This function uses a non-reentrant model


 *************** function i2_write_timer_zero *****************
 Defined at:
		line 134 in file "bibliotecas/hardware.c"
 Parameters:    Size  Location     Type
  timer0          2    0[COMRAM] unsigned int 
 Auto vars:     Size  Location     Type
		None
 Return value:  Size  Location     Type
                  1    wreg      void 
 Registers used:
		None
 Tracked objects:
		On entry : 
		On exit  : 
		Unchanged: 
 Data sizes:     COMRAM   BANK0   BANK1   BANK2   BANK3   BANK4   BANK5   BANK6   BANK7
      Params:         2       0       0       0       0       0       0       0       0
      Locals:         0       0       0       0       0       0       0       0       0
      Temps:          0       0       0       0       0       0       0       0       0
      Totals:         2       0       0       0       0       0       0       0       0
Total ram usage:        2 bytes
 Hardware stack levels used:    1
 This function calls:
		Nothing
 This function is called by:
		_isr
 This function uses a non-reentrant model


 *************** function _recebe_dado_uart *****************
 Defined at:
		line 138 in file "bibliotecas/uart.c"
 Parameters:    Size  Location     Type
		None
 Auto vars:     Size  Location     Type
		None
 Return value:  Size  Location     Type
                  1    wreg      unsigned char 
 Registers used:
		wreg, status,2
 Tracked objects:
		On entry : 
		On exit  : 
		Unchanged: 
 Data sizes:     COMRAM   BANK0   BANK1   BANK2   BANK3   BANK4   BANK5   BANK6   BANK7
      Params:         0       0       0       0       0       0       0       0       0
      Locals:         0       0       0       0       0       0       0       0       0
      Temps:          0       0       0       0       0       0       0       0       0
      Totals:         0       0       0       0       0       0       0       0       0
Total ram usage:        0 bytes
 Hardware stack levels used:    1
 This function calls:
		Nothing
 This function is called by:
		_isr
		_recebe_string_uart
 This function uses a non-reentrant model


 *************** function _GPSRead *****************
 Defined at:
		line 61 in file "bibliotecas/GPS.c"
 Parameters:    Size  Location     Type
  buff            1    wreg     unsigned char 
 Auto vars:     Size  Location     Type
  buff            1   10[COMRAM] unsigned char 
  c               1   11[COMRAM] unsigned char 
 Return value:  Size  Location     Type
                  2  356[None  ] int 
 Registers used:
		wreg, fsr1l, fsr1h, fsr2l, fsr2h, status,2, status,0, tblptrl, tblptrh, tblptru, prodl, prodh, cstack
 Tracked objects:
		On entry : 
		On exit  : 
		Unchanged: 
 Data sizes:     COMRAM   BANK0   BANK1   BANK2   BANK3   BANK4   BANK5   BANK6   BANK7
      Params:         0       0       0       0       0       0       0       0       0
      Locals:         2       0       0       0       0       0       0       0       0
      Temps:          0       0       0       0       0       0       0       0       0
      Totals:         2       0       0       0       0       0       0       0       0
Total ram usage:        2 bytes
 Hardware stack levels used:    1
 Hardware stack levels required when called:    1
 This function calls:
		_strcmp
		_stringcpy
 This function is called by:
		_isr
 This function uses a non-reentrant model


 *************** function _stringcpy *****************
 Defined at:
		line 52 in file "bibliotecas/GPS.c"
 Parameters:    Size  Location     Type
  str1            2    0[COMRAM] PTR unsigned char 
		 -> buffer(12), 
  str2            2    2[COMRAM] PTR unsigned char 
		 -> rawFix(2), rawDate(7), rawSpeed(6), rawLongitude(12), 
		 -> rawLatitude(11), rawTime(11), sentence(6), 
  dir             2    4[COMRAM] int 
  size            1    6[COMRAM] unsigned char 
 Auto vars:     Size  Location     Type
  chr             1    9[COMRAM] unsigned char 
 Return value:  Size  Location     Type
                  1    wreg      void 
 Registers used:
		wreg, fsr1l, fsr1h, fsr2l, fsr2h, status,2, status,0, prodl, prodh
 Tracked objects:
		On entry : 
		On exit  : 
		Unchanged: 
 Data sizes:     COMRAM   BANK0   BANK1   BANK2   BANK3   BANK4   BANK5   BANK6   BANK7
      Params:         7       0       0       0       0       0       0       0       0
      Locals:         1       0       0       0       0       0       0       0       0
      Temps:          2       0       0       0       0       0       0       0       0
      Totals:        10       0       0       0       0       0       0       0       0
Total ram usage:       10 bytes
 Hardware stack levels used:    1
 This function calls:
		Nothing
 This function is called by:
		_GPSRead
 This function uses a non-reentrant model


 *************** function _strcmp *****************
 Defined at:
		line 33 in file "C:\Program Files (x86)\Microchip\xc8\v1.45\sources\common\strcmp.c"
 Parameters:    Size  Location     Type
  s1              2    0[COMRAM] PTR const unsigned char 
		 -> sentence(6), 
  s2              2    2[COMRAM] PTR const unsigned char 
		 -> STR_6(6), STR_5(6), 
 Auto vars:     Size  Location     Type
  r               1    5[COMRAM] char 
 Return value:  Size  Location     Type
                  2    0[COMRAM] int 
 Registers used:
		wreg, fsr2l, fsr2h, status,2, status,0, tblptrl, tblptrh, tblptru
 Tracked objects:
		On entry : 
		On exit  : 
		Unchanged: 
 Data sizes:     COMRAM   BANK0   BANK1   BANK2   BANK3   BANK4   BANK5   BANK6   BANK7
      Params:         4       0       0       0       0       0       0       0       0
      Locals:         1       0       0       0       0       0       0       0       0
      Temps:          1       0       0       0       0       0       0       0       0
      Totals:         6       0       0       0       0       0       0       0       0
Total ram usage:        6 bytes
 Hardware stack levels used:    1
 This function calls:
		Nothing
 This function is called by:
		_GPSRead
 This function uses a non-reentrant model



MODULE INFORMATION

Module		Function		Class		Link	Load	Size
bibliotecas/uart.c
		_configura_baudrate_uart		CODE           	3D4E	0000	307
		_recebe_dado_uart		CODE           	5F2C	0000	19
		_desliga_uart  		CODE           	5F1A	0000	19
		_inicializa_uart		CODE           	5E0E	0000	37

bibliotecas/uart.c estimated size: 382

bibliotecas/SPI.c
		_escreve_SPI   		CODE           	5EF4	0000	21
		_inicializa_SPI		CODE           	5E54	0000	33
		_desliga_SPI   		CODE           	5F3E	0000	17
		_leitura_SPI   		CODE           	5F84	0000	13

bibliotecas/SPI.c estimated size: 84

C:\Program Files (x86)\Microchip\xc8\v1.45\sources\common\float.c
		___ftpack      		CODE           	4722	0000	177

C:\Program Files (x86)\Microchip\xc8\v1.45\sources\common\float.c estimated size: 177

bibliotecas/diskio.c
		_disk_initialize		CODE           	5A08	0000	61
		_disk_write    		CODE           	4F24	0000	137
		_disk_status   		CODE           	5934	0000	73
		_sdc_reset     		CODE           	4926	0000	165
		_disk_ioctl    		CODE           	5D1A	0000	45
		_sdc_disk_read 		CODE           	3C08	0000	327
		_sdc_disk_initialize		CODE           	1A7E	0000	839
		_disk_read     		CODE           	4D80	0000	145
		_sdc_disk_write		CODE           	2CC4	0000	459
		_sdc_disk_status		CODE           	5EC6	0000	25

bibliotecas/diskio.c estimated size: 2276

C:\Program Files (x86)\Microchip\xc8\v1.45\sources\common\Umul16.c
		___wmul        		CODE           	5DC2	0000	41

C:\Program Files (x86)\Microchip\xc8\v1.45\sources\common\Umul16.c estimated size: 41

C:\Program Files (x86)\Microchip\xc8\v1.45\sources\common\isdigit.c
		_isdigit       		CODE           	5E32	0000	35

C:\Program Files (x86)\Microchip\xc8\v1.45\sources\common\isdigit.c estimated size: 35

C:\Program Files (x86)\Microchip\xc8\v1.45\sources\common\memcmp.c
		_memcmp        		CODE           	49CA	0000	165

C:\Program Files (x86)\Microchip\xc8\v1.45\sources\common\memcmp.c estimated size: 165

C:\Program Files (x86)\Microchip\xc8\v1.45\sources\common\memcpy.c
		_memcpy        		CODE           	58EC	0000	73

C:\Program Files (x86)\Microchip\xc8\v1.45\sources\common\memcpy.c estimated size: 73

C:\Program Files (x86)\Microchip\xc8\v1.45\sources\common\ftmul.c
		___ftmul       		CODE           	41A0	0000	247

C:\Program Files (x86)\Microchip\xc8\v1.45\sources\common\ftmul.c estimated size: 247

C:\Program Files (x86)\Microchip\xc8\v1.45\sources\common\llmod.c
		___llmod       		CODE           	53EE	0000	105

C:\Program Files (x86)\Microchip\xc8\v1.45\sources\common\llmod.c estimated size: 105

bibliotecas/SDCard.c
		_response      		CODE           	5F6A	0000	15
		_dummy_clocks  		CODE           	59C4	0000	69
		_escrita_sdcard		CODE           	3204	0000	401
		_monta_sd      		CODE           	16FE	0000	897
		_command       		CODE           	5456	0000	105
		_proceed       		CODE           	5F78	0000	13
		_wait_ready    		CODE           	5BE6	0000	59

bibliotecas/SDCard.c estimated size: 1559

C:\Program Files (x86)\Microchip\xc8\v1.45\sources\common\Umul32.c
		___lmul        		CODE           	557A	0000	89

C:\Program Files (x86)\Microchip\xc8\v1.45\sources\common\Umul32.c estimated size: 89

C:\Program Files (x86)\Microchip\xc8\v1.45\sources\common\atoi.c
		_atoi          		CODE           	4296	0000	217

C:\Program Files (x86)\Microchip\xc8\v1.45\sources\common\atoi.c estimated size: 217

bibliotecas/hardware.c
		_init_hardware 		CODE           	5EDE	0000	23
		_config_timer_dois		CODE           	5F5C	0000	15
		_config_timer_zero		CODE           	5E90	0000	29
		_init_ports    		CODE           	5E74	0000	29
		_write_timer_zero		CODE           	5F9C	0000	11
		_init_interrupt		CODE           	5F08	0000	19
		_init_oscilador		CODE           	5FB0	0000	9

bibliotecas/hardware.c estimated size: 135

shared
		mensagem_inicial@F4428		MEDIUMCONST    	60EA	0000	18
		__initialization		CODE           	4FAC	0000	119
		_fence_diff_lat		MEDIUMCONST    	6127	0000	41
		i2_write_timer_zero		CODE           	5FA6	0000	11
		mensagem_inicial@F4430		MEDIUMCONST    	60D9	0000	18
		_fence_diff_long		MEDIUMCONST    	60FB	0000	45

shared estimated size: 252

C:\Program Files (x86)\Microchip\xc8\v1.45\sources\common\fttol.c
		___fttol       		CODE           	40A8	0000	249

C:\Program Files (x86)\Microchip\xc8\v1.45\sources\common\fttol.c estimated size: 249

C:\Program Files (x86)\Microchip\xc8\v1.45\sources\common\awtoft.c
		___awtoft      		CODE           	5BAC	0000	59

C:\Program Files (x86)\Microchip\xc8\v1.45\sources\common\awtoft.c estimated size: 59

C:\Program Files (x86)\Microchip\xc8\v1.45\sources\common\ltoa.c
		_ltoa          		CODE           	567E	0000	85
		_ultoa         		CODE           	3FAA	0000	255

C:\Program Files (x86)\Microchip\xc8\v1.45\sources\common\ltoa.c estimated size: 340

C:\Program Files (x86)\Microchip\xc8\v1.45\sources\common\strcat.c
		_strcat        		CODE           	58A4	0000	73

C:\Program Files (x86)\Microchip\xc8\v1.45\sources\common\strcat.c estimated size: 73

C:\Program Files (x86)\Microchip\xc8\v1.45\sources\common\lldiv.c
		___lldiv       		CODE           	5030	0000	133

C:\Program Files (x86)\Microchip\xc8\v1.45\sources\common\lldiv.c estimated size: 133

C:\Program Files (x86)\Microchip\xc8\v1.45\sources\common\aldiv.c
		___aldiv       		CODE           	436E	0000	207

C:\Program Files (x86)\Microchip\xc8\v1.45\sources\common\aldiv.c estimated size: 207

bibliotecas/display_lcd.c
		_delay         		CODE           	5D70	0000	43
		_init_lcd      		CODE           	4C4E	0000	159
		_endereco_cursor_lcd		CODE           	537E	0000	113
		_escreve_cmd_lcd		CODE           	4CEC	0000	149
		_posicao_cursor_lcd		CODE           	50B4	0000	127
		_escreve_caractere_lcd		CODE           	5224	0000	121
		_escreve_frase_ram_lcd		CODE           	56D2	0000	85
		_escreve_inteiro_lcd		CODE           	585C	0000	73

bibliotecas/display_lcd.c estimated size: 870

main.c
		_main          		CODE           	5D46	0000	43
		_troca_de_tela 		CODE           	2070	0000	679
		_disparo_gravacao		CODE           	5C20	0000	55
		_grava_sd      		CODE           	5EAC	0000	27
		_verifica_fence		CODE           	5132	0000	123
		_verifica_dados_operacionais		CODE           	443C	0000	201
		_isr           		CODE           	0008	0000	357
		_escalonador   		CODE           	47D2	0000	175
		_mensagem_inicial		CODE           	4A6E	0000	161
		_inicializa_tarefas		CODE           	5726	0000	81

main.c estimated size: 1902

C:\Program Files (x86)\Microchip\xc8\v1.45\sources\common\strlen.c
		_strlen        		CODE           	5628	0000	87

C:\Program Files (x86)\Microchip\xc8\v1.45\sources\common\strlen.c estimated size: 87

bibliotecas/fence.c
		_convert_to_int		CODE           	5DEA	0000	37
		_armazena_ltlo 		CODE           	4BAE	0000	161
		_convert_to_int_point_lat		CODE           	51AC	0000	121
		_verifica_plausibilidade_lat		CODE           	4B0E	0000	161
		_diferenca     		CODE           	368A	0000	355
		_verifica_plausibilidade_long		CODE           	4E9C	0000	137
		_convert_to_int_point_long		CODE           	530E	0000	113

bibliotecas/fence.c estimated size: 1085

C:\Program Files (x86)\Microchip\xc8\v1.45\sources\common\strcmp.c
		_strcmp        		CODE           	597C	0000	73

C:\Program Files (x86)\Microchip\xc8\v1.45\sources\common\strcmp.c estimated size: 73

bibliotecas/GPS.c
		_GPSSecond     		CODE           	5A80	0000	61
		_latitude_to_convert		CODE           	466E	0000	181
		_GPSHour       		CODE           	5B34	0000	61
		_longitude_to_convert		CODE           	45BA	0000	181
		_GPSMinute     		CODE           	5AF8	0000	61
		_mostra_dados_display		CODE           	5C56	0000	55
		_stringcpy     		CODE           	5776	0000	79
		_GPSDay        		CODE           	5B70	0000	61
		_posicao_lat   		CODE           	5FBE	0000	7
		_posicao_long  		CODE           	5FB8	0000	7
		_GPSMonth      		CODE           	5ABC	0000	61
		_fix           		CODE           	5F90	0000	13
		_GPSyear       		CODE           	5A44	0000	61
		_GPSRead       		CODE           	282A	0000	633
		_dados_gps_to_sd		CODE           	529C	0000	115
		_verifica_recep_gps		CODE           	5D9A	0000	41

bibliotecas/GPS.c estimated size: 1678

bibliotecas/tff.c
		_reserve_direntry		CODE           	2316	0000	667
		_sync          		CODE           	5520	0000	91
		_remove_chain  		CODE           	4880	0000	167
		_f_mount       		CODE           	57C4	0000	77
		_get_cluster   		CODE           	2AA2	0000	547
		_get_fattime   		CODE           	3AAC	0000	349
		_fputs         		CODE           	54BE	0000	99
		_auto_mount    		CODE           	05CC	0000	1333
		_create_chain  		CODE           	2E8E	0000	449
		_f_lseek       		CODE           	0B00	0000	1163
		_validate      		CODE           	5810	0000	77
		_check_fs      		CODE           	4E10	0000	141
		_fprintf       		CODE           	0F8A	0000	991
		_f_sync        		CODE           	3E80	0000	299
		_trace_path    		CODE           	1DC4	0000	685
		_f_write       		CODE           	0012	0000	1467
		_fputc         		CODE           	55D2	0000	87
		_put_cluster   		CODE           	25B0	0000	635
		_make_dirfile  		CODE           	351C	0000	367
		_clust2sect    		CODE           	4504	0000	183
		_f_open        		CODE           	1368	0000	919
		_next_dir_entry		CODE           	3394	0000	393
		_f_close       		CODE           	5CEE	0000	45
		_move_window   		CODE           	304E	0000	439

bibliotecas/tff.c estimated size: 11670

C:\Program Files (x86)\Microchip\xc8\v1.45\sources\common\strcpy.c
		_strcpy        		CODE           	5C8C	0000	51

C:\Program Files (x86)\Microchip\xc8\v1.45\sources\common\strcpy.c estimated size: 51

C:\Program Files (x86)\Microchip\xc8\v1.45\sources\common\memset.c
		_memset        		CODE           	5CBE	0000	49

C:\Program Files (x86)\Microchip\xc8\v1.45\sources\common\memset.c estimated size: 49

C:\Program Files (x86)\Microchip\xc8\v1.45\sources\common\atol.c
		_atol          		CODE           	37EC	0000	355

C:\Program Files (x86)\Microchip\xc8\v1.45\sources\common\atol.c estimated size: 355

