Microchip MPLAB XC8 Compiler V2.30

Linker command line:

-W-3 --edf=C:\Program Files\Microchip\xc8\v2.30\pic\dat\en_msgs.txt -cn \
  -h+dist/default/production\TCC_telemetria.X.production.sym \
  --cmf=dist/default/production\TCC_telemetria.X.production.cmf -z \
  -Q18F4550 -oC:\Users\Felipe\AppData\Local\Temp\s92sx2 \
  -Mdist/default/production/TCC_telemetria.X.production.map -E1 \
  -ver=XC8 Compiler -ASTACK=05B6h-07FFh -pstack=STACK -ACODE=00h-0627Fh \
  -ACONST=00h-0627Fh -ASMALLCONST=0800h-08FFhx90,06200h-0627Fh \
  -AMEDIUMCONST=0800h-0627Fh -ACOMRAM=01h-05Fh -AABS1=00h-07FFh \
  -ABIGRAM=01h-07FFh -ARAM=060h-0FFh,0100h-01FFhx7 -ABANK0=060h-0FFh \
  -ABANK1=0100h-01FFh -ABANK2=0200h-02FFh -ABANK3=0300h-03FFh \
  -ABANK4=0400h-04FFh -ABANK5=0500h-05FFh -ABANK6=0600h-06FFh \
  -ABANK7=0700h-07FFh -ASFR=0F60h-0FFFh -ACONFIG=0300000h-030000Dh \
  -AIDLOC=0200000h-0200007h -AEEDATA=0F00000h-0F000FFh -peeprom_data=EEDATA \
  -preset_vec=00h,intcode=08h,intcodelo,powerup,init -pramtop=0800h \
  -psmallconst=SMALLCONST -pmediumconst=MEDIUMCONST -pconst=CONST \
  -AFARRAM=00h-00h \
  -prdata=COMRAM,nvrram=COMRAM,nvbit=COMRAM,rbss=COMRAM,rbit=COMRAM \
  -pfarbss=FARRAM,fardata=FARRAM,nvFARRAM=FARRAM \
  -pintsave_regs=BIGRAM,bigbss=BIGRAM,bigdata=BIGRAM -pbss=RAM \
  -pidata=CODE,irdata=CODE,ibigdata=CODE,ifardata=CODE -prparam=COMRAM \
  C:\Users\Felipe\AppData\Local\Temp\s92sx8.obj \
  dist/default/production\TCC_telemetria.X.production.obj 

Object code version is 3.11

Machine type is 18F4550



                Name                               Link     Load   Length Selector   Space Scale
C:\Users\Felipe\AppData\Local\Temp\s92sx8.obj
                idloc                            200000   200000        8        0       5
                config                           300000   300000        E        0       4
                init                                  E        E        4        4       0
                reset_vec                             0        0        4        0       0
dist/default/production\TCC_telemetria.X.production.obj
                intcode                               8        8        6        4       0
                idloc                            200000   200000        8        0       5
                config                           300000   300000        E        0       4
                temp                                 56       56        1        1       1
                mediumconst                        6102     6102      17E     3081       0
                text135                            5BEA     5BEA       12     26E9       0
                text134                            3B12     3B12      112        4       0
                text133                            5CB4     5CB4        A     2E1E       0
                intcode_body                       3E20     3E20       EC        4       0
                text131                            598C     598C       26     26E9       0
                text130                            5B42     5B42       1E     26E9       0
                text129                            3252     3252      162        4       0
                text128                            5574     5574       42     26E9       0
                text127                             F7E      F7E      374        4       0
                text126                            4E9C     4E9C       64     26E9       0
                text125                            5C1C     5C1C       10     26E9       0
                text124                            5BD8     5BD8       12     26E9       0
                text123                            5914     5914       2A     26E9       0
                text122                            5AA2     5AA2       22     26E9       0
                text121                            5A80     5A80       22     26E9       0
                text120                            59B2     59B2       24     26E9       0
                text119                            5A5E     5A5E       22     26E9       0
                text118                            5A3C     5A3C       22     26E9       0
                text117                            5A1A     5A1A       22     26E9       0
                text116                            350E     350E      154        4       0
                text115                            5B04     5B04       20     26E9       0
                text114                            5C62     5C62        C     2E1E       0
                text113                            5634     5634       3C     26E9       0
                text112                            5C0C     5C0C       10     26E9       0
                text111                            5718     5718       36     26E9       0
                text110                            4FBA     4FBA       5A     26E9       0
                text109                            5C56     5C56        C     2E1E       0
                text108                            5C4A     5C4A        C     2E1E       0
                text107                            39FA     39FA      118        4       0
                text106                            4C90     4C90       6E        4       0
                text105                            2C38     2C38      1A2        4       0
                text104                            52B8     52B8       4C     26E9       0
                text103                            2A8E     2A8E      1AA        4       0
                text102                            5216     5216       52     26E9       0
                text101                            5BFC     5BFC       10     26E9       0
                text100                            57AE     57AE       30     26E9       0
                text99                             53DC     53DC       48     26E9       0
                text98                             37B0     37B0      128        4       0
                text97                             5894     5894       2C     26E9       0
                text96                             4A32     4A32       82        4       0
                text95                             2650     2650      228        4       0
                text94                             23E4     23E4      26C        4       0
                text93                             2DDA     2DDA      196        4       0
                text92                              AF2      AF2      48C        4       0
                text91                             5394     5394       48     26E9       0
                text90                             511C     511C       56     26E9       0
                text89                             477E     477E       92        4       0
                text88                             49B0     49B0       82        4       0
                text87                             5B24     5B24       1E     26E9       0
                text86                             4C1E     4C1E       72        4       0
                text85                             51C4     51C4       52     26E9       0
                text84                             4CFE     4CFE       6A        4       0
                text83                             4F00     4F00       5E     26E9       0
                text82                             4810     4810       90        4       0
                text81                             197A     197A      2E8        4       0
                text80                             5966     5966       26     26E9       0
                text79                             5868     5868       2C     26E9       0
                text78                              5A8      5A8      54A        4       0
                text77                             546A     546A       44     26E9       0
                text76                             4512     4512       A0        4       0
                text75                             4264     4264       B2        4       0
                text74                             30EC     30EC      166        4       0
                text73                             216A     216A      27A        4       0
                text72                             33B4     33B4      15A        4       0
                text71                             1EEA     1EEA      280        4       0
                text70                             1640     1640      33A        4       0
                text69                             4DD2     4DD2       66     26E9       0
                text68                               12       12      596        4       0
                text67                             55B6     55B6       40     26E9       0
                text66                             50C4     50C4       58     26E9       0
                text65                             12F2     12F2      34E        4       0
                text64                             5CAA     5CAA        A     2E1E       0
                text63                             5532     5532       42     26E9       0
                text62                             58EA     58EA       2A     26E9       0
                text61                             534C     534C       48     26E9       0
                text60                             5304     5304       48     26E9       0
                text59                             577E     577E       30     26E9       0
                text58                             574E     574E       30     26E9       0
                text57                             56E2     56E2       36     26E9       0
                text56                             58C0     58C0       2A     26E9       0
                text55                             5424     5424       46     26E9       0
                text54                             3662     3662      14E        4       0
                text53                             5AE4     5AE4       20     26E9       0
                text52                             4198     4198       CC        4       0
                text51                             3C24     3C24      108        4       0
                text50                             59F8     59F8       22     26E9       0
                text49                             5B96     5B96       1A     26E9       0
                text48                             5172     5172       52     26E9       0
                text47                             54F0     54F0       42     26E9       0
                text46                             446E     446E       A4        4       0
                text45                             5670     5670       3A     26E9       0
                text44                             38D8     38D8      122        4       0
                text43                             59D6     59D6       22     26E9       0
                text42                             506C     506C       58     26E9       0
                text41                             5014     5014       58     26E9       0
                text40                             40C6     40C6       D2        4       0
                text39                             492C     492C       84        4       0
                text38                             4BA6     4BA6       78        4       0
                text37                             4AB4     4AB4       7A        4       0
                text36                             593E     593E       28     26E9       0
                text35                             5AC4     5AC4       20     26E9       0
                text34                             5CCC     5CCC        4     2E1E       0
                text33                             4B2E     4B2E       78        4       0
                text32                             5CC6     5CC6        6     2E1E       0
                text31                             4E38     4E38       64     26E9       0
                text30                             4F5E     4F5E       5C     26E9       0
                text29                             48A0     48A0       8C        4       0
                text28                             3F0C     3F0C       E8        4       0
                text27                             54AE     54AE       42     26E9       0
                text26                             55F6     55F6       3E     26E9       0
                text25                             583A     583A       2E     26E9       0
                text24                             5CA0     5CA0        A     2E1E       0
                text23                             4316     4316       AE        4       0
                text22                             56AA     56AA       38     26E9       0
                text21                             3D2C     3D2C       F4        4       0
                text20                             3FF4     3FF4       D2        4       0
                text19                             5C96     5C96        A     2E1E       0
                text18                             5C8C     5C8C        A     2E1E       0
                text17                             5C82     5C82        A     2E1E       0
                text16                             5C78     5C78        A     2E1E       0
                text15                             580C     580C       2E     26E9       0
                text14                             2F70     2F70      17C        4       0
                text13                             2878     2878      216        4       0
                text12                             1C62     1C62      288        4       0
                text11                             43C4     43C4       AA        4       0
                text10                             5268     5268       50     26E9       0
                text9                              5C3C     5C3C        E     2E1E       0
                text8                              5C6E     5C6E        A     2E1E       0
                text7                              5B7C     5B7C       1A     26E9       0
                text6                              5BC6     5BC6       12     26E9       0
                text5                              5CBE     5CBE        8     2E1E       0
                text4                              5B60     5B60       1C     26E9       0
                text3                              5BB0     5BB0       16     26E9       0
                text2                              45B2     45B2       9E        4       0
                text1                              46EA     46EA       94        4       0
                text0                              57DE     57DE       2E     26E9       0
                cstackCOMRAM                          1        1       4C        1       1
                cstackBANK0                          60       60       87       60       1
                cstackBANK2                         2E7      2E7       13      200       1
                bssBIGRAM                           396      396      220      396       1
                bssBANK3                            300      300       96      300       1
                dataBANK2                           27E      27E       69      200       1
                bssBANK2                            200      200       7E      200       1
                dataBANK1                           1F0      1F0        F      100       1
                bssBANK1                            100      100       F0      100       1
                bssBANK0                             E7       E7       19       60       1
                bssCOMRAM                            4D       4D        9        1       1
                cinit                              4650     4650       9A        4       0
                idataBANK2                         4D68     4D68       69        4       0
                idataBANK1                         5C2C     5C2C        F     26E9       0

TOTAL           Name                               Link     Load   Length     Space
        CLASS   STACK          

        CLASS   CODE           
                intcode                               8        8        6         0
                init                                  E        E        4         0
                reset_vec                             0        0        4         0
                text135                            5BEA     5BEA       12         0
                text134                            3B12     3B12      112         0
                text133                            5CB4     5CB4        A         0
                intcode_body                       3E20     3E20       EC         0
                text131                            598C     598C       26         0
                text130                            5B42     5B42       1E         0
                text129                            3252     3252      162         0
                text128                            5574     5574       42         0
                text127                             F7E      F7E      374         0
                text126                            4E9C     4E9C       64         0
                text125                            5C1C     5C1C       10         0
                text124                            5BD8     5BD8       12         0
                text123                            5914     5914       2A         0
                text122                            5AA2     5AA2       22         0
                text121                            5A80     5A80       22         0
                text120                            59B2     59B2       24         0
                text119                            5A5E     5A5E       22         0
                text118                            5A3C     5A3C       22         0
                text117                            5A1A     5A1A       22         0
                text116                            350E     350E      154         0
                text115                            5B04     5B04       20         0
                text114                            5C62     5C62        C         0
                text113                            5634     5634       3C         0
                text112                            5C0C     5C0C       10         0
                text111                            5718     5718       36         0
                text110                            4FBA     4FBA       5A         0
                text109                            5C56     5C56        C         0
                text108                            5C4A     5C4A        C         0
                text107                            39FA     39FA      118         0
                text106                            4C90     4C90       6E         0
                text105                            2C38     2C38      1A2         0
                text104                            52B8     52B8       4C         0
                text103                            2A8E     2A8E      1AA         0
                text102                            5216     5216       52         0
                text101                            5BFC     5BFC       10         0
                text100                            57AE     57AE       30         0
                text99                             53DC     53DC       48         0
                text98                             37B0     37B0      128         0
                text97                             5894     5894       2C         0
                text96                             4A32     4A32       82         0
                text95                             2650     2650      228         0
                text94                             23E4     23E4      26C         0
                text93                             2DDA     2DDA      196         0
                text92                              AF2      AF2      48C         0
                text91                             5394     5394       48         0
                text90                             511C     511C       56         0
                text89                             477E     477E       92         0
                text88                             49B0     49B0       82         0
                text87                             5B24     5B24       1E         0
                text86                             4C1E     4C1E       72         0
                text85                             51C4     51C4       52         0
                text84                             4CFE     4CFE       6A         0
                text83                             4F00     4F00       5E         0
                text82                             4810     4810       90         0
                text81                             197A     197A      2E8         0
                text80                             5966     5966       26         0
                text79                             5868     5868       2C         0
                text78                              5A8      5A8      54A         0
                text77                             546A     546A       44         0
                text76                             4512     4512       A0         0
                text75                             4264     4264       B2         0
                text74                             30EC     30EC      166         0
                text73                             216A     216A      27A         0
                text72                             33B4     33B4      15A         0
                text71                             1EEA     1EEA      280         0
                text70                             1640     1640      33A         0
                text69                             4DD2     4DD2       66         0
                text68                               12       12      596         0
                text67                             55B6     55B6       40         0
                text66                             50C4     50C4       58         0
                text65                             12F2     12F2      34E         0
                text64                             5CAA     5CAA        A         0
                text63                             5532     5532       42         0
                text62                             58EA     58EA       2A         0
                text61                             534C     534C       48         0
                text60                             5304     5304       48         0
                text59                             577E     577E       30         0
                text58                             574E     574E       30         0
                text57                             56E2     56E2       36         0
                text56                             58C0     58C0       2A         0
                text55                             5424     5424       46         0
                text54                             3662     3662      14E         0
                text53                             5AE4     5AE4       20         0
                text52                             4198     4198       CC         0
                text51                             3C24     3C24      108         0
                text50                             59F8     59F8       22         0
                text49                             5B96     5B96       1A         0
                text48                             5172     5172       52         0
                text47                             54F0     54F0       42         0
                text46                             446E     446E       A4         0
                text45                             5670     5670       3A         0
                text44                             38D8     38D8      122         0
                text43                             59D6     59D6       22         0
                text42                             506C     506C       58         0
                text41                             5014     5014       58         0
                text40                             40C6     40C6       D2         0
                text39                             492C     492C       84         0
                text38                             4BA6     4BA6       78         0
                text37                             4AB4     4AB4       7A         0
                text36                             593E     593E       28         0
                text35                             5AC4     5AC4       20         0
                text34                             5CCC     5CCC        4         0
                text33                             4B2E     4B2E       78         0
                text32                             5CC6     5CC6        6         0
                text31                             4E38     4E38       64         0
                text30                             4F5E     4F5E       5C         0
                text29                             48A0     48A0       8C         0
                text28                             3F0C     3F0C       E8         0
                text27                             54AE     54AE       42         0
                text26                             55F6     55F6       3E         0
                text25                             583A     583A       2E         0
                text24                             5CA0     5CA0        A         0
                text23                             4316     4316       AE         0
                text22                             56AA     56AA       38         0
                text21                             3D2C     3D2C       F4         0
                text20                             3FF4     3FF4       D2         0
                text19                             5C96     5C96        A         0
                text18                             5C8C     5C8C        A         0
                text17                             5C82     5C82        A         0
                text16                             5C78     5C78        A         0
                text15                             580C     580C       2E         0
                text14                             2F70     2F70      17C         0
                text13                             2878     2878      216         0
                text12                             1C62     1C62      288         0
                text11                             43C4     43C4       AA         0
                text10                             5268     5268       50         0
                text9                              5C3C     5C3C        E         0
                text8                              5C6E     5C6E        A         0
                text7                              5B7C     5B7C       1A         0
                text6                              5BC6     5BC6       12         0
                text5                              5CBE     5CBE        8         0
                text4                              5B60     5B60       1C         0
                text3                              5BB0     5BB0       16         0
                text2                              45B2     45B2       9E         0
                text1                              46EA     46EA       94         0
                text0                              57DE     57DE       2E         0
                cinit                              4650     4650       9A         0
                idataBANK2                         4D68     4D68       69         0
                idataBANK1                         5C2C     5C2C        F         0

        CLASS   CONST          

        CLASS   SMALLCONST     

        CLASS   MEDIUMCONST    
                mediumconst                        6102     6102      17E         0

        CLASS   COMRAM         
                temp                                 56       56        1         1
                cstackCOMRAM                          1        1       4C         1
                bssCOMRAM                            4D       4D        9         1

        CLASS   ABS1           

        CLASS   BIGRAM         
                bssBIGRAM                           396      396      220         1

        CLASS   RAM            

        CLASS   BANK0          
                cstackBANK0                          60       60       87         1
                bssBANK0                             E7       E7       19         1

        CLASS   BANK1          
                dataBANK1                           1F0      1F0        F         1
                bssBANK1                            100      100       F0         1

        CLASS   BANK2          
                cstackBANK2                         2E7      2E7       13         1
                dataBANK2                           27E      27E       69         1
                bssBANK2                            200      200       7E         1

        CLASS   BANK3          
                bssBANK3                            300      300       96         1

        CLASS   BANK4          

        CLASS   BANK5          

        CLASS   BANK6          

        CLASS   BANK7          

        CLASS   SFR            

        CLASS   CONFIG         
                config                           300000   300000        E         4

        CLASS   IDLOC          
                idloc                            200000   200000        8         5

        CLASS   EEDATA         

        CLASS   FARRAM         



SEGMENTS        Name                           Load    Length   Top    Selector   Space  Class

                reset_vec                      000000  000004  000004         0       0  CODE    
                cstackCOMRAM                   000001  000056  000057         1       1  COMRAM  
                intcode                        000008  004DC9  004DD1         4       0  CODE    
                cstackBANK0                    000060  0000A0  000100        60       1  BANK0   
                bssBANK1                       000100  0000FF  0001FF       100       1  BANK1   
                bssBANK2                       000200  0000FA  0002FA       200       1  BANK2   
                bssBANK3                       000300  000096  000396       300       1  BANK3   
                bssBIGRAM                      000396  000220  0005B6       396       1  BIGRAM  
                text69                         004DD2  000E69  005C3B      26E9       0  CODE    
                text9                          005C3C  000094  005CD0      2E1E       0  CODE    
                mediumconst                    006102  00017E  006280      3081       0  MEDIUMCO


UNUSED ADDRESS RANGES

        Name                Unused          Largest block    Delta
        BANK1            0001FF-0001FF                1
        BANK2            0002FA-0002FF                6
        BANK5            0005B6-0005FF               4A
        BANK6            000600-0006FF              100
        BANK7            000700-0007FF              100
        BIGRAM           000057-00005F                9
                         0001FF-0001FF                1
                         0002FA-0002FF                6
                         0005B6-0007FF              24A
        CODE             000004-000007                4
                         004DD1-004DD1                1
                         005C3B-005C3B                1
                         005CD0-006101              432
        COMRAM           000057-00005F                9
        CONST            000004-000007                4
                         004DD1-004DD1                1
                         005C3B-005C3B                1
                         005CD0-006101              432
        EEDATA           F00000-F000FF              100
        MEDIUMCONST      004DD1-004DD1                1
                         005C3B-005C3B                1
                         005CD0-006101              432
        RAM              0001FF-0001FF                1
                         0002FA-0002FF                6
                         0005B6-0007FF              100
        SFR              000F60-000FFF               A0
        SMALLCONST       004DD1-004DD1                1
                         005C3B-005C3B                1
                         005CD0-006101              100
        STACK            0005B6-0007FF              24A

                                  Symbol Table

?_Speed                                          cstackCOMRAM 00000A
?___aldiv                                        cstackCOMRAM 00000A
?___awtoft                                       cstackCOMRAM 000018
?___ftmul                                        cstackCOMRAM 00001C
?___ftpack                                       cstackCOMRAM 00000A
?___fttol                                        cstackCOMRAM 00002B
?___lldiv                                        cstackCOMRAM 00000A
?___llmod                                        cstackCOMRAM 00000A
?___lmul                                         cstackCOMRAM 00000A
?___lwdiv                                        cstackCOMRAM 00000A
?___lwmod                                        cstackCOMRAM 00000A
?___wmul                                         cstackCOMRAM 00000A
?_atoi                                           cstackCOMRAM 000010
?_atol                                           cstackCOMRAM 000016
?_clust2sect                                     cstackCOMRAM 000016
?_convert_to_int                                 cstackCOMRAM 000024
?_convert_to_int_point_lat                       cstackCOMRAM 000024
?_convert_to_int_point_long                      cstackCOMRAM 000024
?_create_chain                                   cstackBANK0  000078
?_fix                                            cstackCOMRAM 00000A
?_fprintf                                        cstackBANK0  0000B1
?_fputc                                          cstackBANK0  0000A4
?_fputs                                          cstackBANK0  0000AB
?_get_cluster                                    cstackCOMRAM 00004A
?_get_fattime                                    cstackCOMRAM 00000E
?_gps_ano                                        cstackCOMRAM 00000A
?_gps_dia                                        cstackCOMRAM 00000A
?_gps_hora                                       cstackCOMRAM 00000A
?_gps_mes                                        cstackCOMRAM 00000A
?_gps_minutos                                    cstackCOMRAM 00000A
?_gps_segundos                                   cstackCOMRAM 00000A
?_latitude                                       cstackCOMRAM 00000A
?_longitude                                      cstackCOMRAM 00000A
?_memcmp                                         cstackCOMRAM 00000A
?_rawdata                                        cstackCOMRAM 00000A
?_rawhora                                        cstackCOMRAM 00000A
?_strlen                                         cstackCOMRAM 00000A
_ADCON1                                          (abs)        000FC1
_BRGH                                            (abs)        007D62
_CREN                                            (abs)        007D5C
_E_W                                             bssBANK1     000175
_FatFs                                           bssCOMRAM    00004D
_GPGGA_ok                                        bssBANK1     00016B
_GPRMC_ok                                        bssBANK1     00016D
_INT0IE                                          (abs)        007F94
_INT0IF                                          (abs)        007F91
_INTCON                                          (abs)        000FF2
_INTCON2                                         (abs)        000FF1
_INTCON3                                         (abs)        000FF0
_INTCONbits                                      (abs)        000FF2
_LATB                                            (abs)        000F8A
_LATBbits                                        (abs)        000F8A
_LATCbits                                        (abs)        000F8B
_OSCCONbits                                      (abs)        000FD3
_PCL                                             (abs)        000FF9
_PCLATH                                          (abs)        000FFA
_PIE1                                            (abs)        000F9D
_PIE1bits                                        (abs)        000F9D
_PIR1bits                                        (abs)        000F9E
_PORTBbits                                       (abs)        000F81
_PORTDbits                                       (abs)        000F83
_PORTEbits                                       (abs)        000F84
_PR2                                             (abs)        000FCB
_RCIF                                            (abs)        007CF5
_RCREG                                           (abs)        000FAE
_RCSTA                                           (abs)        000FAB
_RCSTAbits                                       (abs)        000FAB
_SPBRG                                           (abs)        000FAF
_SPEN                                            (abs)        007D5F
_SPPCFG                                          (abs)        000F63
_SPPCON                                          (abs)        000F65
_SSPBUF                                          (abs)        000FC9
_SSPCON1                                         (abs)        000FC6
_SSPCON1bits                                     (abs)        000FC6
_SSPSTAT                                         (abs)        000FC7
_SSPSTATbits                                     (abs)        000FC7
_SYNC                                            (abs)        007D64
_SentenceType                                    bssBANK1     000178
_Speed                                           text24       005CA0
_T0CON                                           (abs)        000FD5
_T0CONbits                                       (abs)        000FD5
_T0IF                                            (abs)        007F92
_T2CON                                           (abs)        000FCA
_TMR0                                            (abs)        000FD6
_TMR0IF                                          (abs)        007F92
_TMR2                                            (abs)        000FCC
_TRISA                                           (abs)        000F92
_TRISB                                           (abs)        000F93
_TRISBbits                                       (abs)        000F93
_TRISC                                           (abs)        000F94
_TRISCbits                                       (abs)        000F94
_TRISD                                           (abs)        000F95
_TRISDbits                                       (abs)        000F95
_TRISE                                           (abs)        000F96
_TXEN                                            (abs)        007D65
_TXSTA                                           (abs)        000FAC
_Term                                            bssBANK1     000177
__HRAM                                           (abs)        000000
__Habs1                                          abs1         000000
__Hbank0                                         bank0        000000
__Hbank1                                         bank1        000000
__Hbank2                                         bank2        000000
__Hbank3                                         bank3        000000
__Hbank4                                         bank4        000000
__Hbank5                                         bank5        000000
__Hbank6                                         bank6        000000
__Hbank7                                         bank7        000000
__Hbigbss                                        bigbss       000000
__Hbigdata                                       bigdata      000000
__Hbigram                                        bigram       000000
__Hbss                                           bss          000000
__HbssBANK0                                      bssBANK0     000000
__HbssBANK1                                      bssBANK1     000000
__HbssBANK2                                      bssBANK2     000000
__HbssBANK3                                      bssBANK3     000000
__HbssBIGRAM                                     bssBIGRAM    000000
__HbssCOMRAM                                     bssCOMRAM    000000
__Hcinit                                         cinit        000000
__Hclrtext                                       clrtext      000000
__Hcomram                                        comram       000000
__Hconfig                                        config       30000E
__Hconst                                         const        000000
__HcstackBANK0                                   cstackBANK0  000000
__HcstackBANK2                                   cstackBANK2  000000
__HcstackCOMRAM                                  cstackCOMRAM 000000
__Hdata                                          data         000000
__HdataBANK1                                     dataBANK1    000000
__HdataBANK2                                     dataBANK2    000000
__Heeprom_data                                   eeprom_data  000000
__Hfarbss                                        farbss       000000
__Hfardata                                       fardata      000000
__Hibigdata                                      ibigdata     000000
__Hidata                                         idata        000000
__HidataBANK1                                    idataBANK1   000000
__HidataBANK2                                    idataBANK2   000000
__Hidloc                                         idloc        200008
__Hifardata                                      ifardata     000000
__Hinit                                          init         000012
__Hintcode                                       intcode      00000E
__Hintcode_body                                  intcode_body 000000
__Hintcodelo                                     intcodelo    00000E
__Hintentry                                      intentry     000000
__Hintret                                        intret       000000
__Hintsave_regs                                  intsave_regs 000000
__Hirdata                                        irdata       000000
__Hmediumconst                                   mediumconst  006280
__HnvFARRAM                                      nvFARRAM     000000
__Hnvbit                                         nvbit        000000
__Hnvrram                                        nvrram       000000
__Hparam                                         rparam       000000
__Hpowerup                                       powerup      00000E
__Hram                                           ram          000000
__Hramtop                                        ramtop       000800
__Hrbit                                          rbit         000000
__Hrbss                                          rbss         000000
__Hrdata                                         rdata        000000
__Hreset_vec                                     reset_vec    000004
__Hrparam                                        rparam       000000
__Hsfr                                           sfr          000000
__Hsmallconst                                    smallconst   000000
__Hspace_0                                       (abs)        006280
__Hspace_1                                       (abs)        0005B6
__Hspace_2                                       (abs)        000000
__Hspace_4                                       (abs)        60000E
__Hstack                                         stack        000000
__Hstruct                                        struct       000000
__Htemp                                          temp         000057
__Htext                                          text         000000
__Htext0                                         text0        000000
__Htext1                                         text1        000000
__Htext10                                        text10       000000
__Htext100                                       text100      000000
__Htext101                                       text101      000000
__Htext102                                       text102      000000
__Htext103                                       text103      000000
__Htext104                                       text104      000000
__Htext105                                       text105      000000
__Htext106                                       text106      000000
__Htext107                                       text107      000000
__Htext108                                       text108      000000
__Htext109                                       text109      000000
__Htext11                                        text11       000000
__Htext110                                       text110      000000
__Htext111                                       text111      000000
__Htext112                                       text112      000000
__Htext113                                       text113      000000
__Htext114                                       text114      000000
__Htext115                                       text115      000000
__Htext116                                       text116      000000
__Htext117                                       text117      000000
__Htext118                                       text118      000000
__Htext119                                       text119      000000
__Htext12                                        text12       000000
__Htext120                                       text120      000000
__Htext121                                       text121      000000
__Htext122                                       text122      000000
__Htext123                                       text123      000000
__Htext124                                       text124      000000
__Htext125                                       text125      000000
__Htext126                                       text126      000000
__Htext127                                       text127      000000
__Htext128                                       text128      000000
__Htext129                                       text129      000000
__Htext13                                        text13       000000
__Htext130                                       text130      000000
__Htext131                                       text131      000000
__Htext133                                       text133      000000
__Htext134                                       text134      000000
__Htext135                                       text135      000000
__Htext136                                       text136      000000
__Htext14                                        text14       000000
__Htext15                                        text15       000000
__Htext16                                        text16       000000
__Htext17                                        text17       000000
__Htext18                                        text18       000000
__Htext19                                        text19       000000
__Htext2                                         text2        000000
__Htext20                                        text20       000000
__Htext21                                        text21       000000
__Htext22                                        text22       000000
__Htext23                                        text23       000000
__Htext24                                        text24       000000
__Htext25                                        text25       000000
__Htext26                                        text26       000000
__Htext27                                        text27       000000
__Htext28                                        text28       000000
__Htext29                                        text29       000000
__Htext3                                         text3        000000
__Htext30                                        text30       000000
__Htext31                                        text31       000000
__Htext32                                        text32       000000
__Htext33                                        text33       000000
__Htext34                                        text34       000000
__Htext35                                        text35       000000
__Htext36                                        text36       000000
__Htext37                                        text37       000000
__Htext38                                        text38       000000
__Htext39                                        text39       000000
__Htext4                                         text4        000000
__Htext40                                        text40       000000
__Htext41                                        text41       000000
__Htext42                                        text42       000000
__Htext43                                        text43       000000
__Htext44                                        text44       000000
__Htext45                                        text45       000000
__Htext46                                        text46       000000
__Htext47                                        text47       000000
__Htext48                                        text48       000000
__Htext49                                        text49       000000
__Htext5                                         text5        000000
__Htext50                                        text50       000000
__Htext51                                        text51       000000
__Htext52                                        text52       000000
__Htext53                                        text53       000000
__Htext54                                        text54       000000
__Htext55                                        text55       000000
__Htext56                                        text56       000000
__Htext57                                        text57       000000
__Htext58                                        text58       000000
__Htext59                                        text59       000000
__Htext6                                         text6        000000
__Htext60                                        text60       000000
__Htext61                                        text61       000000
__Htext62                                        text62       000000
__Htext63                                        text63       000000
__Htext64                                        text64       000000
__Htext65                                        text65       000000
__Htext66                                        text66       000000
__Htext67                                        text67       000000
__Htext68                                        text68       000000
__Htext69                                        text69       000000
__Htext7                                         text7        000000
__Htext70                                        text70       000000
__Htext71                                        text71       000000
__Htext72                                        text72       000000
__Htext73                                        text73       000000
__Htext74                                        text74       000000
__Htext75                                        text75       000000
__Htext76                                        text76       000000
__Htext77                                        text77       000000
__Htext78                                        text78       000000
__Htext79                                        text79       000000
__Htext8                                         text8        000000
__Htext80                                        text80       000000
__Htext81                                        text81       000000
__Htext82                                        text82       000000
__Htext83                                        text83       000000
__Htext84                                        text84       000000
__Htext85                                        text85       000000
__Htext86                                        text86       000000
__Htext87                                        text87       000000
__Htext88                                        text88       000000
__Htext89                                        text89       000000
__Htext9                                         text9        000000
__Htext90                                        text90       000000
__Htext91                                        text91       000000
__Htext92                                        text92       000000
__Htext93                                        text93       000000
__Htext94                                        text94       000000
__Htext95                                        text95       000000
__Htext96                                        text96       000000
__Htext97                                        text97       000000
__Htext98                                        text98       000000
__Htext99                                        text99       000000
__LRAM                                           (abs)        000001
__Labs1                                          abs1         000000
__Lbank0                                         bank0        000000
__Lbank1                                         bank1        000000
__Lbank2                                         bank2        000000
__Lbank3                                         bank3        000000
__Lbank4                                         bank4        000000
__Lbank5                                         bank5        000000
__Lbank6                                         bank6        000000
__Lbank7                                         bank7        000000
__Lbigbss                                        bigbss       000000
__Lbigdata                                       bigdata      000000
__Lbigram                                        bigram       000000
__Lbss                                           bss          000000
__LbssBANK0                                      bssBANK0     000000
__LbssBANK1                                      bssBANK1     000000
__LbssBANK2                                      bssBANK2     000000
__LbssBANK3                                      bssBANK3     000000
__LbssBIGRAM                                     bssBIGRAM    000000
__LbssCOMRAM                                     bssCOMRAM    000000
__Lcinit                                         cinit        000000
__Lclrtext                                       clrtext      000000
__Lcomram                                        comram       000000
__Lconfig                                        config       000000
__Lconst                                         const        000000
__LcstackBANK0                                   cstackBANK0  000000
__LcstackBANK2                                   cstackBANK2  000000
__LcstackCOMRAM                                  cstackCOMRAM 000000
__Ldata                                          data         000000
__LdataBANK1                                     dataBANK1    000000
__LdataBANK2                                     dataBANK2    000000
__Leeprom_data                                   eeprom_data  000000
__Lfarbss                                        farbss       000000
__Lfardata                                       fardata      000000
__Libigdata                                      ibigdata     000000
__Lidata                                         idata        000000
__LidataBANK1                                    idataBANK1   000000
__LidataBANK2                                    idataBANK2   000000
__Lidloc                                         idloc        000000
__Lifardata                                      ifardata     000000
__Linit                                          init         00000E
__Lintcode                                       intcode      000008
__Lintcode_body                                  intcode_body 000000
__Lintcodelo                                     intcodelo    00000E
__Lintentry                                      intentry     000000
__Lintret                                        intret       000000
__Lintsave_regs                                  intsave_regs 000000
__Lirdata                                        irdata       000000
__Lmediumconst                                   mediumconst  006102
__LnvFARRAM                                      nvFARRAM     000000
__Lnvbit                                         nvbit        000000
__Lnvrram                                        nvrram       000000
__Lparam                                         rparam       000000
__Lpowerup                                       powerup      00000E
__Lram                                           ram          000000
__Lramtop                                        ramtop       000800
__Lrbit                                          rbit         000000
__Lrbss                                          rbss         000000
__Lrdata                                         rdata        000000
__Lreset_vec                                     reset_vec    000000
__Lrparam                                        rparam       000000
__Lsfr                                           sfr          000000
__Lsmallconst                                    smallconst   000000
__Lspace_0                                       (abs)        000000
__Lspace_1                                       (abs)        000000
__Lspace_2                                       (abs)        000000
__Lspace_4                                       (abs)        000000
__Lstack                                         stack        000000
__Lstruct                                        struct       000000
__Ltemp                                          temp         000056
__Ltext                                          text         000000
__Ltext0                                         text0        000000
__Ltext1                                         text1        000000
__Ltext10                                        text10       000000
__Ltext100                                       text100      000000
__Ltext101                                       text101      000000
__Ltext102                                       text102      000000
__Ltext103                                       text103      000000
__Ltext104                                       text104      000000
__Ltext105                                       text105      000000
__Ltext106                                       text106      000000
__Ltext107                                       text107      000000
__Ltext108                                       text108      000000
__Ltext109                                       text109      000000
__Ltext11                                        text11       000000
__Ltext110                                       text110      000000
__Ltext111                                       text111      000000
__Ltext112                                       text112      000000
__Ltext113                                       text113      000000
__Ltext114                                       text114      000000
__Ltext115                                       text115      000000
__Ltext116                                       text116      000000
__Ltext117                                       text117      000000
__Ltext118                                       text118      000000
__Ltext119                                       text119      000000
__Ltext12                                        text12       000000
__Ltext120                                       text120      000000
__Ltext121                                       text121      000000
__Ltext122                                       text122      000000
__Ltext123                                       text123      000000
__Ltext124                                       text124      000000
__Ltext125                                       text125      000000
__Ltext126                                       text126      000000
__Ltext127                                       text127      000000
__Ltext128                                       text128      000000
__Ltext129                                       text129      000000
__Ltext13                                        text13       000000
__Ltext130                                       text130      000000
__Ltext131                                       text131      000000
__Ltext133                                       text133      000000
__Ltext134                                       text134      000000
__Ltext135                                       text135      000000
__Ltext136                                       text136      000000
__Ltext14                                        text14       000000
__Ltext15                                        text15       000000
__Ltext16                                        text16       000000
__Ltext17                                        text17       000000
__Ltext18                                        text18       000000
__Ltext19                                        text19       000000
__Ltext2                                         text2        000000
__Ltext20                                        text20       000000
__Ltext21                                        text21       000000
__Ltext22                                        text22       000000
__Ltext23                                        text23       000000
__Ltext24                                        text24       000000
__Ltext25                                        text25       000000
__Ltext26                                        text26       000000
__Ltext27                                        text27       000000
__Ltext28                                        text28       000000
__Ltext29                                        text29       000000
__Ltext3                                         text3        000000
__Ltext30                                        text30       000000
__Ltext31                                        text31       000000
__Ltext32                                        text32       000000
__Ltext33                                        text33       000000
__Ltext34                                        text34       000000
__Ltext35                                        text35       000000
__Ltext36                                        text36       000000
__Ltext37                                        text37       000000
__Ltext38                                        text38       000000
__Ltext39                                        text39       000000
__Ltext4                                         text4        000000
__Ltext40                                        text40       000000
__Ltext41                                        text41       000000
__Ltext42                                        text42       000000
__Ltext43                                        text43       000000
__Ltext44                                        text44       000000
__Ltext45                                        text45       000000
__Ltext46                                        text46       000000
__Ltext47                                        text47       000000
__Ltext48                                        text48       000000
__Ltext49                                        text49       000000
__Ltext5                                         text5        000000
__Ltext50                                        text50       000000
__Ltext51                                        text51       000000
__Ltext52                                        text52       000000
__Ltext53                                        text53       000000
__Ltext54                                        text54       000000
__Ltext55                                        text55       000000
__Ltext56                                        text56       000000
__Ltext57                                        text57       000000
__Ltext58                                        text58       000000
__Ltext59                                        text59       000000
__Ltext6                                         text6        000000
__Ltext60                                        text60       000000
__Ltext61                                        text61       000000
__Ltext62                                        text62       000000
__Ltext63                                        text63       000000
__Ltext64                                        text64       000000
__Ltext65                                        text65       000000
__Ltext66                                        text66       000000
__Ltext67                                        text67       000000
__Ltext68                                        text68       000000
__Ltext69                                        text69       000000
__Ltext7                                         text7        000000
__Ltext70                                        text70       000000
__Ltext71                                        text71       000000
__Ltext72                                        text72       000000
__Ltext73                                        text73       000000
__Ltext74                                        text74       000000
__Ltext75                                        text75       000000
__Ltext76                                        text76       000000
__Ltext77                                        text77       000000
__Ltext78                                        text78       000000
__Ltext79                                        text79       000000
__Ltext8                                         text8        000000
__Ltext80                                        text80       000000
__Ltext81                                        text81       000000
__Ltext82                                        text82       000000
__Ltext83                                        text83       000000
__Ltext84                                        text84       000000
__Ltext85                                        text85       000000
__Ltext86                                        text86       000000
__Ltext87                                        text87       000000
__Ltext88                                        text88       000000
__Ltext89                                        text89       000000
__Ltext9                                         text9        000000
__Ltext90                                        text90       000000
__Ltext91                                        text91       000000
__Ltext92                                        text92       000000
__Ltext93                                        text93       000000
__Ltext94                                        text94       000000
__Ltext95                                        text95       000000
__Ltext96                                        text96       000000
__Ltext97                                        text97       000000
__Ltext98                                        text98       000000
__Ltext99                                        text99       000000
__S0                                             (abs)        006280
__S1                                             (abs)        0005B6
__S2                                             (abs)        000000
__S4                                             (abs)        000000
__S5                                             (abs)        000000
___aldiv                                         text52       004198
___aldiv@counter                                 cstackCOMRAM 000012
___aldiv@dividend                                cstackCOMRAM 00000A
___aldiv@divisor                                 cstackCOMRAM 00000E
___aldiv@quotient                                cstackCOMRAM 000014
___aldiv@sign                                    cstackCOMRAM 000013
___awtoft                                        text22       0056AA
___awtoft@c                                      cstackCOMRAM 000018
___awtoft@sign                                   cstackCOMRAM 00001B
___ftmul                                         text21       003D2C
___ftmul@cntr                                    cstackCOMRAM 000029
___ftmul@exp                                     cstackCOMRAM 000025
___ftmul@f1                                      cstackCOMRAM 00001C
___ftmul@f2                                      cstackCOMRAM 00001F
___ftmul@f3_as_product                           cstackCOMRAM 000026
___ftmul@sign                                    cstackCOMRAM 00002A
___ftpack                                        text23       004316
___ftpack@arg                                    cstackCOMRAM 00000A
___ftpack@exp                                    cstackCOMRAM 00000D
___ftpack@sign                                   cstackCOMRAM 00000E
___fttol                                         text20       003FF4
___fttol@exp1                                    cstackCOMRAM 000039
___fttol@f1                                      cstackCOMRAM 00002B
___fttol@lval                                    cstackCOMRAM 000035
___fttol@sign1                                   cstackCOMRAM 000034
___inthi_sp                                      stack        000000
___intlo_sp                                      stack        000000
___lldiv                                         text96       004A32
___lldiv@counter                                 cstackCOMRAM 000016
___lldiv@dividend                                cstackCOMRAM 00000A
___lldiv@divisor                                 cstackCOMRAM 00000E
___lldiv@quotient                                cstackCOMRAM 000012
___llmod                                         text69       004DD2
___llmod@counter                                 cstackCOMRAM 000012
___llmod@dividend                                cstackCOMRAM 00000A
___llmod@divisor                                 cstackCOMRAM 00000E
___lmul                                          text90       00511C
___lmul@multiplicand                             cstackCOMRAM 00000E
___lmul@multiplier                               cstackCOMRAM 00000A
___lmul@product                                  cstackCOMRAM 000012
___lwdiv                                         text48       005172
___lwdiv@counter                                 cstackCOMRAM 00000E
___lwdiv@dividend                                cstackCOMRAM 00000A
___lwdiv@divisor                                 cstackCOMRAM 00000C
___lwdiv@quotient                                cstackCOMRAM 00000F
___lwmod                                         text47       0054F0
___lwmod@counter                                 cstackCOMRAM 00000E
___lwmod@dividend                                cstackCOMRAM 00000A
___lwmod@divisor                                 cstackCOMRAM 00000C
___param_bank                                    (abs)        000000
___rparam_used                                   (abs)        000001
___sp                                            stack        000000
___wmul                                          text131      00598C
___wmul@multiplicand                             cstackCOMRAM 00000C
___wmul@multiplier                               cstackCOMRAM 00000A
___wmul@product                                  cstackCOMRAM 00000E
__accesstop                                      (abs)        000060
__activetblptr                                   (abs)        000003
__end_of_Speed                                   text24       005CAA
__end_of___aldiv                                 text52       004264
__end_of___awtoft                                text22       0056E2
__end_of___ftmul                                 text21       003E20
__end_of___ftpack                                text23       0043C4
__end_of___fttol                                 text20       0040C6
__end_of___lldiv                                 text96       004AB4
__end_of___llmod                                 text69       004E38
__end_of___lmul                                  text90       005172
__end_of___lwdiv                                 text48       0051C4
__end_of___lwmod                                 text47       005532
__end_of___wmul                                  text131      0059B2
__end_of__initialization                         cinit        0046E0
__end_of_armazena_ltlo                           text39       0049B0
__end_of_atoi                                    text129      0033B4
__end_of_atol                                    text44       0039FA
__end_of_auto_mount                              text78       000AF2
__end_of_check_fs                                text88       004A32
__end_of_clust2sect                              text75       004316
__end_of_command                                 text110      005014
__end_of_config_timer_dois                       text9        005C4A
__end_of_config_timer_zero                       text7        005B96
__end_of_configura_baudrate_uart                 text51       003D2C
__end_of_convert_to_int                          text43       0059F8
__end_of_convert_to_int_point_lat                text42       0050C4
__end_of_convert_to_int_point_long               text41       00506C
__end_of_create_chain                            text93       002F70
__end_of_dados_gps_to_sd                         text126      004F00
__end_of_data_nome                               text123      00593E
__end_of_delay                                   text87       005B42
__end_of_desliga_SPI                             text125      005C2C
__end_of_desliga_uart                            text124      005BEA
__end_of_diferenca                               text40       004198
__end_of_disk_initialize                         text80       00598C
__end_of_disk_ioctl                              text115      005B24
__end_of_disk_read                               text106      004CFE
__end_of_disk_status                             text100      0057DE
__end_of_disk_write                              text104      005304
__end_of_disparo_gravacao                        text13       002A8E
__end_of_dummy_clocks                            text113      005670
__end_of_endereco_cursor_lcd                     text84       004D68
__end_of_escalonador                             text11       00446E
__end_of_escreve_SPI                             text112      005C1C
__end_of_escreve_caractere_lcd                   text86       004C90
__end_of_escreve_cmd_lcd                         text29       00492C
__end_of_escreve_frase_ram_lcd                   text85       005216
__end_of_escreve_inteiro_lcd                     text26       005634
__end_of_escrita_sdcard                          text54       0037B0
__end_of_f_close                                 text97       0058C0
__end_of_f_lseek                                 text92       000F7E
__end_of_f_mount                                 text91       0053DC
__end_of_f_open                                  text70       00197A
__end_of_f_sync                                  text98       0038D8
__end_of_f_write                                 text68       0005A8
__end_of_fence_diff_lat                          mediumconst  006179
__end_of_fence_diff_long                         mediumconst  006151
__end_of_fix                                     text64       005CB4
__end_of_fprintf                                 text65       001640
__end_of_fputc                                   text67       0055F6
__end_of_fputs                                   text66       00511C
__end_of_get_cluster                             text95       002878
__end_of_get_fattime                             text116      003662
__end_of_get_fix                                 text63       005574
__end_of_get_gpstime                             text62       005914
__end_of_get_latitude                            text61       005394
__end_of_get_longitude                           text60       00534C
__end_of_get_rawdate                             text59       0057AE
__end_of_get_rawspeed                            text58       00577E
__end_of_gps                                     text57       005718
__end_of_gps_ano                                 text122      005AC4
__end_of_gps_dia                                 text121      005AA2
__end_of_gps_hora                                text120      0059D6
__end_of_gps_mes                                 text119      005A80
__end_of_gps_minutos                             text118      005A5E
__end_of_gps_segundos                            text117      005A3C
__end_of_grava_sd                                text49       005BB0
__end_of_hora_nome                               text56       0058EA
__end_of_inicializa_SPI                          text53       005B04
__end_of_inicializa_tarefas                      text10       0052B8
__end_of_inicializa_uart                         text50       005A1A
__end_of_init_hardware                           text3        005BC6
__end_of_init_interrupt                          text6        005BD8
__end_of_init_lcd                                text2        004650
__end_of_init_oscilador                          text5        005CC6
__end_of_init_ports                              text4        005B7C
__end_of_isdigit                                 text130      005B60
__end_of_isr                                     intcode_body 003F0C
__end_of_itoa                                    text45       0056AA
__end_of_latitude                                text19       005CA0
__end_of_latitude_to_convert                     text38       004C1E
__end_of_leitura_SPI                             text114      005C6E
__end_of_longitude                               text18       005C96
__end_of_longitude_to_convert                    text37       004B2E
__end_of_ltoa                                    text27       0054F0
__end_of_main                                    text0        00580C
__end_of_make_dirfile                            text72       00350E
__end_of_memcmp                                  text89       004810
__end_of_memcpy                                  text77       0054AE
__end_of_memset                                  text79       005894
__end_of_mensagem_inicial                        text1        00477E
__end_of_monta_sd                                text127      0012F2
__end_of_mostra_dados_display                    text25       005868
__end_of_move_window                             text103      002C38
__end_of_next_dir_entry                          text74       003252
[...]
      Params:         2       0       0       0       0       0       0       0       0
      Locals:         2       0       0       0       0       0       0       0       0
      Temps:          0       0       0       0       0       0       0       0       0
      Totals:         4       0       0       0       0       0       0       0       0
Total ram usage:        4 bytes
 Hardware stack levels used:    1
 Hardware stack levels required when called:    2
 This function calls:
		Nothing
 This function is called by:
		_monta_sd
 This function uses a non-reentrant model


 *************** function _atoi *****************
 Defined at:
		line 5 in file "C:\Program Files\Microchip\xc8\v2.30\pic\sources\c90\common\atoi.c"
 Parameters:    Size  Location     Type
  s               3   15[COMRAM] PTR const unsigned char 
		 -> ROM(32767), NULL(0), rawSpeed(20), 
 Auto vars:     Size  Location     Type
  a               2   21[COMRAM] int 
  sign            1   20[COMRAM] unsigned char 
 Return value:  Size  Location     Type
                  2   15[COMRAM] int 
 Registers used:
		wreg, fsr1l, fsr1h, status,2, status,0, tblptrl, tblptrh, tblptru, prodl, prodh, cstack
 Tracked objects:
		On entry : 
		On exit  : 
		Unchanged: 
 Data sizes:     COMRAM   BANK0   BANK1   BANK2   BANK3   BANK4   BANK5   BANK6   BANK7
      Params:         3       0       0       0       0       0       0       0       0
      Locals:         3       0       0       0       0       0       0       0       0
      Temps:          2       0       0       0       0       0       0       0       0
      Totals:         8       0       0       0       0       0       0       0       0
Total ram usage:        8 bytes
 Hardware stack levels used:    1
 Hardware stack levels required when called:    3
 This function calls:
		___wmul
		_isdigit
 This function is called by:
		_verifica_dados_operacionais
		_disparo_gravacao
 This function uses a non-reentrant model


 *************** function _isdigit *****************
 Defined at:
		line 8 in file "C:\Program Files\Microchip\xc8\v2.30\pic\sources\c90\common\isdigit.c"
 Parameters:    Size  Location     Type
  c               1    wreg     unsigned char 
 Auto vars:     Size  Location     Type
  c               1   11[COMRAM] unsigned char 
 Return value:  Size  Location     Type
		None               void
 Registers used:
		wreg, status,2, status,0
 Tracked objects:
		On entry : 
		On exit  : 
		Unchanged: 
 Data sizes:     COMRAM   BANK0   BANK1   BANK2   BANK3   BANK4   BANK5   BANK6   BANK7
      Params:         0       0       0       0       0       0       0       0       0
      Locals:         2       0       0       0       0       0       0       0       0
      Temps:          1       0       0       0       0       0       0       0       0
      Totals:         3       0       0       0       0       0       0       0       0
Total ram usage:        3 bytes
 Hardware stack levels used:    1
 Hardware stack levels required when called:    2
 This function calls:
		Nothing
 This function is called by:
		_atoi
		_atol
 This function uses a non-reentrant model


 *************** function ___wmul *****************
 Defined at:
		line 15 in file "C:\Program Files\Microchip\xc8\v2.30\pic\sources\c90\common\Umul16.c"
 Parameters:    Size  Location     Type
  multiplier      2    9[COMRAM] unsigned int 
  multiplicand    2   11[COMRAM] unsigned int 
 Auto vars:     Size  Location     Type
  product         2   13[COMRAM] unsigned int 
 Return value:  Size  Location     Type
                  2    9[COMRAM] unsigned int 
 Registers used:
		wreg, status,2, status,0, prodl, prodh
 Tracked objects:
		On entry : 
		On exit  : 
		Unchanged: 
 Data sizes:     COMRAM   BANK0   BANK1   BANK2   BANK3   BANK4   BANK5   BANK6   BANK7
      Params:         4       0       0       0       0       0       0       0       0
      Locals:         2       0       0       0       0       0       0       0       0
      Temps:          0       0       0       0       0       0       0       0       0
      Totals:         6       0       0       0       0       0       0       0       0
Total ram usage:        6 bytes
 Hardware stack levels used:    1
 Hardware stack levels required when called:    2
 This function calls:
		Nothing
 This function is called by:
		_get_cluster
		_put_cluster
		_fprintf
		_atoi
		_disparo_gravacao
 This function uses a non-reentrant model


 *************** function _isr *****************
 Defined at:
		line 113 in file "main.c"
 Parameters:    Size  Location     Type
		None
 Auto vars:     Size  Location     Type
  cont            1    8[COMRAM] unsigned char 
 Return value:  Size  Location     Type
                  1    wreg      void 
 Registers used:
		wreg, fsr2l, fsr2h, status,2, status,0, prodl, prodh, cstack
 Tracked objects:
		On entry : 
		On exit  : 
		Unchanged: 
 Data sizes:     COMRAM   BANK0   BANK1   BANK2   BANK3   BANK4   BANK5   BANK6   BANK7
      Params:         0       0       0       0       0       0       0       0       0
      Locals:         1       0       0       0       0       0       0       0       0
      Temps:          6       0       0       0       0       0       0       0       0
      Totals:         7       0       0       0       0       0       0       0       0
Total ram usage:        7 bytes
 Hardware stack levels used:    1
 Hardware stack levels required when called:    1
 This function calls:
		_recebe_dado_uart
		_tratamento_uart
		i2_write_timer_zero
 This function is called by:
		Interrupt level 2
 This function uses a non-reentrant model


 *************** function i2_write_timer_zero *****************
 Defined at:
		line 134 in file "bibliotecas/hardware.c"
 Parameters:    Size  Location     Type
  timer0          2    0[COMRAM] unsigned int 
 Auto vars:     Size  Location     Type
		None
 Return value:  Size  Location     Type
                  1    wreg      void 
 Registers used:
		None
 Tracked objects:
		On entry : 
		On exit  : 
		Unchanged: 
 Data sizes:     COMRAM   BANK0   BANK1   BANK2   BANK3   BANK4   BANK5   BANK6   BANK7
      Params:         2       0       0       0       0       0       0       0       0
      Locals:         0       0       0       0       0       0       0       0       0
      Temps:          0       0       0       0       0       0       0       0       0
      Totals:         2       0       0       0       0       0       0       0       0
Total ram usage:        2 bytes
 Hardware stack levels used:    1
 This function calls:
		Nothing
 This function is called by:
		_isr
 This function uses a non-reentrant model


 *************** function _tratamento_uart *****************
 Defined at:
		line 347 in file "bibliotecas/GPS.c"
 Parameters:    Size  Location     Type
  received_cha    1    wreg     unsigned char 
 Auto vars:     Size  Location     Type
  received_cha    1    0[COMRAM] unsigned char 
 Return value:  Size  Location     Type
                  1    wreg      void 
 Registers used:
		wreg, fsr2l, fsr2h, status,2, status,0
 Tracked objects:
		On entry : 
		On exit  : 
		Unchanged: 
 Data sizes:     COMRAM   BANK0   BANK1   BANK2   BANK3   BANK4   BANK5   BANK6   BANK7
      Params:         0       0       0       0       0       0       0       0       0
      Locals:         1       0       0       0       0       0       0       0       0
      Temps:          0       0       0       0       0       0       0       0       0
      Totals:         1       0       0       0       0       0       0       0       0
Total ram usage:        1 bytes
 Hardware stack levels used:    1
 This function calls:
		Nothing
 This function is called by:
		_isr
 This function uses a non-reentrant model


 *************** function _recebe_dado_uart *****************
 Defined at:
		line 138 in file "bibliotecas/uart.c"
 Parameters:    Size  Location     Type
		None
 Auto vars:     Size  Location     Type
		None
 Return value:  Size  Location     Type
                  1    wreg      unsigned char 
 Registers used:
		wreg, status,2
 Tracked objects:
		On entry : 
		On exit  : 
		Unchanged: 
 Data sizes:     COMRAM   BANK0   BANK1   BANK2   BANK3   BANK4   BANK5   BANK6   BANK7
      Params:         0       0       0       0       0       0       0       0       0
      Locals:         0       0       0       0       0       0       0       0       0
      Temps:          0       0       0       0       0       0       0       0       0
      Totals:         0       0       0       0       0       0       0       0       0
Total ram usage:        0 bytes
 Hardware stack levels used:    1
 This function calls:
		Nothing
 This function is called by:
		_isr
 This function uses a non-reentrant model



MODULE INFORMATION

Module		Function		Class		Link	Load	Size
C:\Program Files\Microchip\xc8\v2.30\pic\sources\c90\common\lwmod.c
		___lwmod       		CODE           	54F0	0000	66

C:\Program Files\Microchip\xc8\v2.30\pic\sources\c90\common\lwmod.c estimated size: 66

bibliotecas/uart.c
		_configura_baudrate_uart		CODE           	3C24	0000	264
		_recebe_dado_uart		CODE           	5BEA	0000	18
		_desliga_uart  		CODE           	5BD8	0000	18
		_inicializa_uart		CODE           	59F8	0000	34

bibliotecas/uart.c estimated size: 334

bibliotecas/SPI.c
		_escreve_SPI   		CODE           	5C0C	0000	16
		_inicializa_SPI		CODE           	5AE4	0000	32
		_desliga_SPI   		CODE           	5C1C	0000	16
		_leitura_SPI   		CODE           	5C62	0000	12

bibliotecas/SPI.c estimated size: 76

C:\Program Files\Microchip\xc8\v2.30\pic\sources\c90\common\strlen.c
		_strlen        		CODE           	5574	0000	66

C:\Program Files\Microchip\xc8\v2.30\pic\sources\c90\common\strlen.c estimated size: 66

C:\Program Files\Microchip\xc8\v2.30\pic\sources\c90\common\__lldiv.c
		___lldiv       		CODE           	4A32	0000	130

C:\Program Files\Microchip\xc8\v2.30\pic\sources\c90\common\__lldiv.c estimated size: 130

bibliotecas/diskio.c
		_disk_initialize		CODE           	5966	0000	38
		_disk_write    		CODE           	52B8	0000	76
		_disk_status   		CODE           	57AE	0000	48
		_sdc_reset     		CODE           	4810	0000	144
		_disk_ioctl    		CODE           	5B04	0000	32
		_sdc_disk_read 		CODE           	39FA	0000	280
		_sdc_disk_initialize		CODE           	197A	0000	744
		_disk_read     		CODE           	4C90	0000	110
		_sdc_disk_write		CODE           	2C38	0000	418
		_sdc_disk_status		CODE           	5BFC	0000	16

bibliotecas/diskio.c estimated size: 1906

C:\Program Files\Microchip\xc8\v2.30\pic\sources\c90\common\awtoft.c
		___awtoft      		CODE           	56AA	0000	56

C:\Program Files\Microchip\xc8\v2.30\pic\sources\c90\common\awtoft.c estimated size: 56

C:\Program Files\Microchip\xc8\v2.30\pic\sources\c90\common\strcpy.c
		_strcpy        		CODE           	580C	0000	46

C:\Program Files\Microchip\xc8\v2.30\pic\sources\c90\common\strcpy.c estimated size: 46

C:\Program Files\Microchip\xc8\v2.30\pic\sources\c90\common\memset.c
		_memset        		CODE           	5868	0000	44

C:\Program Files\Microchip\xc8\v2.30\pic\sources\c90\common\memset.c estimated size: 44

C:\Program Files\Microchip\xc8\v2.30\pic\sources\c90\common\ftmul.c
		___ftmul       		CODE           	3D2C	0000	244

C:\Program Files\Microchip\xc8\v2.30\pic\sources\c90\common\ftmul.c estimated size: 244

C:\Program Files\Microchip\xc8\v2.30\pic\sources\c90\common\ltoa.c
		_ltoa          		CODE           	54AE	0000	66
		_ultoa         		CODE           	3F0C	0000	232

C:\Program Files\Microchip\xc8\v2.30\pic\sources\c90\common\ltoa.c estimated size: 298

C:\Program Files\Microchip\xc8\v2.30\pic\sources\c90\common\llmod.c
		___llmod       		CODE           	4DD2	0000	102

C:\Program Files\Microchip\xc8\v2.30\pic\sources\c90\common\llmod.c estimated size: 102

C:\Program Files\Microchip\xc8\v2.30\pic\sources\c90\common\atoi.c
		_atoi          		CODE           	3252	0000	354

C:\Program Files\Microchip\xc8\v2.30\pic\sources\c90\common\atoi.c estimated size: 354

C:\Program Files\Microchip\xc8\v2.30\pic\sources\c90\common\lwdiv.c
		___lwdiv       		CODE           	5172	0000	82

C:\Program Files\Microchip\xc8\v2.30\pic\sources\c90\common\lwdiv.c estimated size: 82

C:\Program Files\Microchip\xc8\v2.30\pic\sources\c90\common\itoa.c
		_itoa          		CODE           	5670	0000	58
		_utoa          		CODE           	446E	0000	164

C:\Program Files\Microchip\xc8\v2.30\pic\sources\c90\common\itoa.c estimated size: 222

C:\Program Files\Microchip\xc8\v2.30\pic\sources\c90\common\isdigit.c
		_isdigit       		CODE           	5B42	0000	30

C:\Program Files\Microchip\xc8\v2.30\pic\sources\c90\common\isdigit.c estimated size: 30

bibliotecas/SDCard.c
		_response      		CODE           	5C4A	0000	12
		_data_nome     		CODE           	5914	0000	42
		_hora_nome     		CODE           	58C0	0000	42
		_dummy_clocks  		CODE           	5634	0000	60
		_escrita_sdcard		CODE           	3662	0000	334
		_monta_sd      		CODE           	0F7E	0000	884
		_command       		CODE           	4FBA	0000	90
		_proceed       		CODE           	5C56	0000	12
		_wait_ready    		CODE           	5718	0000	54

bibliotecas/SDCard.c estimated size: 1530

C:\Program Files\Microchip\xc8\v2.30\pic\sources\c90\common\fttol.c
		___fttol       		CODE           	3FF4	0000	210

C:\Program Files\Microchip\xc8\v2.30\pic\sources\c90\common\fttol.c estimated size: 210

C:\Program Files\Microchip\xc8\v2.30\pic\sources\c90\common\memcmp.c
		_memcmp        		CODE           	477E	0000	146

C:\Program Files\Microchip\xc8\v2.30\pic\sources\c90\common\memcmp.c estimated size: 146

C:\Program Files\Microchip\xc8\v2.30\pic\sources\c90\common\memcpy.c
		_memcpy        		CODE           	546A	0000	68

C:\Program Files\Microchip\xc8\v2.30\pic\sources\c90\common\memcpy.c estimated size: 68

bibliotecas/hardware.c
		_init_hardware 		CODE           	5BB0	0000	22
		_config_timer_dois		CODE           	5C3C	0000	14
		_config_timer_zero		CODE           	5B7C	0000	26
		_init_ports    		CODE           	5B60	0000	28
		_write_timer_zero		CODE           	5C6E	0000	10
		_init_interrupt		CODE           	5BC6	0000	18
		_init_oscilador		CODE           	5CBE	0000	8

bibliotecas/hardware.c estimated size: 126

shared
		mensagem_inicial@F3689		MEDIUMCONST    	6103	0000	17
		__initialization		CODE           	4650	0000	144
		mensagem_inicial@F3687		MEDIUMCONST    	6114	0000	17
		_fence_diff_lat		MEDIUMCONST    	6151	0000	40
		i2_write_timer_zero		CODE           	5CB4	0000	10
		_fence_diff_long		MEDIUMCONST    	6125	0000	44

shared estimated size: 272

C:\Program Files\Microchip\xc8\v2.30\pic\sources\c90\common\Umul16.c
		___wmul        		CODE           	598C	0000	38

C:\Program Files\Microchip\xc8\v2.30\pic\sources\c90\common\Umul16.c estimated size: 38

C:\Program Files\Microchip\xc8\v2.30\pic\sources\c90\common\aldiv.c
		___aldiv       		CODE           	4198	0000	204

C:\Program Files\Microchip\xc8\v2.30\pic\sources\c90\common\aldiv.c estimated size: 204

C:\Program Files\Microchip\xc8\v2.30\pic\sources\c90\common\atol.c
		_atol          		CODE           	38D8	0000	290

C:\Program Files\Microchip\xc8\v2.30\pic\sources\c90\common\atol.c estimated size: 290

bibliotecas/display_lcd.c
		_delay         		CODE           	5B24	0000	30
		_init_lcd      		CODE           	45B2	0000	158
		_endereco_cursor_lcd		CODE           	4CFE	0000	106
		_escreve_cmd_lcd		CODE           	48A0	0000	140
		_posicao_cursor_lcd		CODE           	4F00	0000	94
		_escreve_caractere_lcd		CODE           	4C1E	0000	114
		_escreve_frase_ram_lcd		CODE           	51C4	0000	82
		_escreve_inteiro_lcd		CODE           	55F6	0000	62

bibliotecas/display_lcd.c estimated size: 786

main.c
		_main          		CODE           	57DE	0000	46
		_troca_de_tela 		CODE           	1C62	0000	648
		_disparo_gravacao		CODE           	2878	0000	534
		_grava_sd      		CODE           	5B96	0000	26
		_verifica_fence		CODE           	4F5E	0000	92
		_verifica_dados_operacionais		CODE           	2F70	0000	380
		_isr           		CODE           	0008	0000	242
		_escalonador   		CODE           	43C4	0000	170
		_mensagem_inicial		CODE           	46EA	0000	148
		_inicializa_tarefas		CODE           	5268	0000	80
		_recebe_dado_gps		CODE           	5AC4	0000	32

main.c estimated size: 2398

C:\Program Files\Microchip\xc8\v2.30\pic\sources\c90\common\float.c
		___ftpack      		CODE           	4316	0000	174

C:\Program Files\Microchip\xc8\v2.30\pic\sources\c90\common\float.c estimated size: 174

bibliotecas/fence.c
		_convert_to_int		CODE           	59D6	0000	34
		_armazena_ltlo 		CODE           	492C	0000	132
		_convert_to_int_point_lat		CODE           	506C	0000	88
		_verifica_plausibilidade_lat		CODE           	4B2E	0000	120
		_diferenca     		CODE           	40C6	0000	210
		_verifica_plausibilidade_long		CODE           	4E38	0000	100
		_convert_to_int_point_long		CODE           	5014	0000	88

bibliotecas/fence.c estimated size: 772

bibliotecas/GPS.c
		_latitude_to_convert		CODE           	4BA6	0000	120
		_get_longitude 		CODE           	5304	0000	72
		_longitude_to_convert		CODE           	4AB4	0000	122
		_mostra_dados_display		CODE           	583A	0000	46
		_gps_segundos  		CODE           	5A1A	0000	34
		_tratamento_uart		CODE           	3B12	0000	274
		_gps_hora      		CODE           	59B2	0000	36
		_gps_minutos   		CODE           	5A3C	0000	34
		_gps_mes       		CODE           	5A5E	0000	34
		_get_latitude  		CODE           	534C	0000	72
		_latitude      		CODE           	5C96	0000	10
		_get_rawdate   		CODE           	577E	0000	48
		_get_rawspeed  		CODE           	574E	0000	48
		_rawdata       		CODE           	5C82	0000	10
		_posicao_lat   		CODE           	5CCC	0000	4
		_posicao_long  		CODE           	5CC6	0000	6
		_rawhora       		CODE           	5C78	0000	10
		_gps           		CODE           	56E2	0000	54
		_fix           		CODE           	5CAA	0000	10
		_gps_ano       		CODE           	5AA2	0000	34
		_Speed         		CODE           	5CA0	0000	10
		_longitude     		CODE           	5C8C	0000	10
		_get_fix       		CODE           	5532	0000	66
		_gps_dia       		CODE           	5A80	0000	34
		_get_gpstime   		CODE           	58EA	0000	42
		_dados_gps_to_sd		CODE           	4E9C	0000	100
		_verifica_recep_gps		CODE           	593E	0000	40

bibliotecas/GPS.c estimated size: 1380

bibliotecas/tff.c
		_reserve_direntry		CODE           	216A	0000	634
		_sync          		CODE           	5216	0000	82
		_remove_chain  		CODE           	4512	0000	160
		_f_mount       		CODE           	5394	0000	72
		_get_cluster   		CODE           	2650	0000	552
		_get_fattime   		CODE           	350E	0000	340
		_fputs         		CODE           	50C4	0000	88
		_auto_mount    		CODE           	05A8	0000	1354
		_create_chain  		CODE           	2DDA	0000	406
		_f_lseek       		CODE           	0AF2	0000	1164
		_validate      		CODE           	53DC	0000	72
		_check_fs      		CODE           	49B0	0000	130
		_fprintf       		CODE           	12F2	0000	846
		_f_sync        		CODE           	37B0	0000	296
		_trace_path    		CODE           	1EEA	0000	640
		_f_write       		CODE           	0012	0000	1430
		_fputc         		CODE           	55B6	0000	64
		_put_cluster   		CODE           	23E4	0000	620
		_make_dirfile  		CODE           	33B4	0000	346
		_clust2sect    		CODE           	4264	0000	178
		_f_open        		CODE           	1640	0000	826
		_next_dir_entry		CODE           	30EC	0000	358
		_f_close       		CODE           	5894	0000	44
		_move_window   		CODE           	2A8E	0000	426

bibliotecas/tff.c estimated size: 11128

C:\Program Files\Microchip\xc8\v2.30\pic\sources\c90\common\Umul32.c
		___lmul        		CODE           	511C	0000	86

C:\Program Files\Microchip\xc8\v2.30\pic\sources\c90\common\Umul32.c estimated size: 86

C:\Program Files\Microchip\xc8\v2.30\pic\sources\c90\common\strcat.c
		_strcat        		CODE           	5424	0000	70

C:\Program Files\Microchip\xc8\v2.30\pic\sources\c90\common\strcat.c estimated size: 70

