Microchip MPLAB XC8 Compiler V2.30

Linker command line:

-W-3 --edf=C:\Program Files\Microchip\xc8\v2.30\pic\dat\en_msgs.txt -cn \
  -h+dist/default/production\TCC_telemetria.X.production.sym \
  --cmf=dist/default/production\TCC_telemetria.X.production.cmf -z \
  -Q18F4550 -oC:\Users\Felipe\AppData\Local\Temp\s2d4x2 \
  -Mdist/default/production/TCC_telemetria.X.production.map -E1 \
  -ver=XC8 Compiler -ASTACK=04E6h-07FFh -pstack=STACK -ACODE=00h-0627Fh \
  -ACONST=00h-0627Fh -ASMALLCONST=0800h-08FFhx90,06200h-0627Fh \
  -AMEDIUMCONST=0800h-0627Fh -ACOMRAM=01h-05Fh -AABS1=00h-07FFh \
  -ABIGRAM=01h-07FFh -ARAM=060h-0FFh,0100h-01FFhx7 -ABANK0=060h-0FFh \
  -ABANK1=0100h-01FFh -ABANK2=0200h-02FFh -ABANK3=0300h-03FFh \
  -ABANK4=0400h-04FFh -ABANK5=0500h-05FFh -ABANK6=0600h-06FFh \
  -ABANK7=0700h-07FFh -ASFR=0F60h-0FFFh -ACONFIG=0300000h-030000Dh \
  -AIDLOC=0200000h-0200007h -AEEDATA=0F00000h-0F000FFh -peeprom_data=EEDATA \
  -preset_vec=00h,intcode=08h,intcodelo,powerup,init -pramtop=0800h \
  -psmallconst=SMALLCONST -pmediumconst=MEDIUMCONST -pconst=CONST \
  -AFARRAM=00h-00h \
  -prdata=COMRAM,nvrram=COMRAM,nvbit=COMRAM,rbss=COMRAM,rbit=COMRAM \
  -pfarbss=FARRAM,fardata=FARRAM,nvFARRAM=FARRAM \
  -pintsave_regs=BIGRAM,bigbss=BIGRAM,bigdata=BIGRAM -pbss=RAM \
  -pidata=CODE,irdata=CODE,ibigdata=CODE,ifardata=CODE -prparam=COMRAM \
  C:\Users\Felipe\AppData\Local\Temp\s2d4x8.obj \
  dist/default/production\TCC_telemetria.X.production.obj 

Object code version is 3.11

Machine type is 18F4550



                Name                               Link     Load   Length Selector   Space Scale
C:\Users\Felipe\AppData\Local\Temp\s2d4x8.obj
                idloc                            200000   200000        8        0       5
                config                           300000   300000        E        0       4
                init                                  E        E        4        4       0
                reset_vec                             0        0        4        0       0
dist/default/production\TCC_telemetria.X.production.obj
                intcode                               8        8        6        4       0
                idloc                            200000   200000        8        0       5
                config                           300000   300000        E        0       4
                temp                                 47       47        1        1       1
                mediumconst                        6062     6062      21E     3031       0
                text111                            4ED6     4ED6       4A        4       0
                text110                            4FB0     4FB0       46        4       0
                text109                            1C3C     1C3C      2C2        4       0
                text108                            55EC     55EC       12        4       0
                text107                            567E     567E        A        4       0
                intcode_body                       39C4     39C4      128        4       0
                text105                            5148     5148       42        4       0
                text104                            286C     286C      206        4       0
                text103                            4D3C     4D3C       56        4       0
                text102                            565E     565E        C        4       0
                text101                            562C     562C        E        4       0
                text100                            54B4     54B4       22        4       0
                text99                             53A2     53A2       24        4       0
                text98                             5492     5492       22        4       0
                text97                             5470     5470       22        4       0
                text96                             544E     544E       22        4       0
                text95                             542C     542C       22        4       0
                text94                             3742     3742      156        4       0
                text93                             54F6     54F6       20        4       0
                text92                             5652     5652        C        4       0
                text91                             51CA     51CA       3C        4       0
                text90                             560E     560E       10        4       0
                text89                             523C     523C       36        4       0
                text88                             4C8C     4C8C       5A        4       0
                text87                             5646     5646        C        4       0
                text86                             563A     563A        C        4       0
                text85                             3C10     3C10      124        4       0
                text84                             4A86     4A86       70        4       0
                text83                             2DE4     2DE4      1B6        4       0
                text82                             4E88     4E88       4E        4       0
                text81                             314E     314E      1AA        4       0
                text80                             4E36     4E36       52        4       0
                text79                             55FE     55FE       10        4       0
                text78                             52A4     52A4       30        4       0
                text77                             4F68     4F68       48        4       0
                text76                             3AEC     3AEC      124        4       0
                text75                             532C     532C       2A        4       0
                text74                             48A8     48A8       82        4       0
                text73                             537C     537C       26        4       0
                text72                             264A     264A      222        4       0
                text71                             23E4     23E4      266        4       0
                text70                             32F8     32F8      18C        4       0
                text69                              AE4      AE4      48A        4       0
                text68                             4F20     4F20       48        4       0
                text67                             4CE6     4CE6       56        4       0
                text66                             45EE     45EE       92        4       0
                text65                             4826     4826       82        4       0
                text64                             5570     5570       1E        4       0
                text63                             4A14     4A14       72        4       0
                text62                             4DE4     4DE4       52        4       0
                text61                             4AF6     4AF6       6A        4       0
                text60                             4C2E     4C2E       5E        4       0
                text59                             4680     4680       90        4       0
                text58                             193C     193C      300        4       0
                text57                             5356     5356       26        4       0
                text56                             5300     5300       2C        4       0
                text55                              59C      59C      548        4       0
                text54                             50C2     50C2       44        4       0
                text53                             44BE     44BE       9C        4       0
                text52                             40C2     40C2       B2        4       0
                text51                             3484     3484      164        4       0
                text50                             2176     2176      26E        4       0
                text49                             35E8     35E8      15A        4       0
                text48                             1EFE     1EFE      278        4       0
                text47                             12EC     12EC      332        4       0
                text46                             4BC8     4BC8       66        4       0
                text45                               12       12      58A        4       0
                text44                             518A     518A       40        4       0
                text43                             479C     479C       8A        4       0
                text42                              F6E      F6E      37E        4       0
                text41                             54D6     54D6       20        4       0
                text40                             3FF6     3FF6       CC        4       0
                text39                             3D34     3D34      10C        4       0
                text38                             540A     540A       22        4       0
                text37                             507E     507E       44        4       0
                text36                             503A     503A       44        4       0
                text35                             3898     3898      12C        4       0
                text34                             5674     5674        A        4       0
                text33                             5552     5552       1E        4       0
                text32                             5534     5534       1E        4       0
                text31                             4710     4710       8C        4       0
                text30                             4D92     4D92       52        4       0
                text29                             5106     5106       42        4       0
                text28                             455A     455A       94        4       0
                text27                             5272     5272       32        4       0
                text26                             5206     5206       36        4       0
                text25                             53E8     53E8       22        4       0
                text24                             53C6     53C6       22        4       0
                text23                             5516     5516       1E        4       0
                text22                             3F28     3F28       CE        4       0
                text21                             2C2E     2C2E      1B6        4       0
                text20                             3E40     3E40       E8        4       0
                text19                             2F9A     2F9A      1B4        4       0
                text18                             2A72     2A72      1BC        4       0
                text17                             4224     4224       B0        4       0
                text16                             4174     4174       B0        4       0
                text15                             49A0     49A0       74        4       0
                text14                             569E     569E        2        4       0
                text13                             4FF6     4FF6       44        4       0
                text12                             161E     161E      31E        4       0
                text11                             437A     437A       A6        4       0
                text10                             4B60     4B60       68        4       0
                text9                              561E     561E        E        4       0
                text8                              566A     566A        A        4       0
                text7                              55AA     55AA       1A        4       0
                text6                              55DA     55DA       12        4       0
                text5                              5688     5688        8        4       0
                text4                              558E     558E       1C        4       0
                text3                              55C4     55C4       16        4       0
                text2                              4420     4420       9E        4       0
                text1                              492A     492A       76        4       0
                text0                              52D4     52D4       2C        4       0
                cstackCOMRAM                          1        1       32        1       1
                cstackBANK0                          60       60       98       60       1
                cstackBANK2                         29D      29D       22      200       1
                bssBIGRAM                           2C6      2C6      220      2C6       1
                dataBANK2                           2BF      2BF        7      200       1
                bssBANK2                            200      200       9D      200       1
                dataBANK1                           1F8      1F8        7      100       1
                bssBANK1                            100      100       F8      100       1
                bssBANK0                             F8       F8        6       60       1
                dataCOMRAM                           46       46        1        1       1
                bssCOMRAM                            33       33       13        1       1
                cinit                              42D4     42D4       A6        4       0
                idataBANK2                         5697     5697        7        4       0
                idataBANK1                         5690     5690        7        4       0
                idataCOMRAM                        56A0     56A0        1        4       0

TOTAL           Name                               Link     Load   Length     Space
        CLASS   STACK          

        CLASS   CODE           
                intcode                               8        8        6         0
                init                                  E        E        4         0
                reset_vec                             0        0        4         0
                text111                            4ED6     4ED6       4A         0
                text110                            4FB0     4FB0       46         0
                text109                            1C3C     1C3C      2C2         0
                text108                            55EC     55EC       12         0
                text107                            567E     567E        A         0
                intcode_body                       39C4     39C4      128         0
                text105                            5148     5148       42         0
                text104                            286C     286C      206         0
                text103                            4D3C     4D3C       56         0
                text102                            565E     565E        C         0
                text101                            562C     562C        E         0
                text100                            54B4     54B4       22         0
                text99                             53A2     53A2       24         0
                text98                             5492     5492       22         0
                text97                             5470     5470       22         0
                text96                             544E     544E       22         0
                text95                             542C     542C       22         0
                text94                             3742     3742      156         0
                text93                             54F6     54F6       20         0
                text92                             5652     5652        C         0
                text91                             51CA     51CA       3C         0
                text90                             560E     560E       10         0
                text89                             523C     523C       36         0
                text88                             4C8C     4C8C       5A         0
                text87                             5646     5646        C         0
                text86                             563A     563A        C         0
                text85                             3C10     3C10      124         0
                text84                             4A86     4A86       70         0
                text83                             2DE4     2DE4      1B6         0
                text82                             4E88     4E88       4E         0
                text81                             314E     314E      1AA         0
                text80                             4E36     4E36       52         0
                text79                             55FE     55FE       10         0
                text78                             52A4     52A4       30         0
                text77                             4F68     4F68       48         0
                text76                             3AEC     3AEC      124         0
                text75                             532C     532C       2A         0
                text74                             48A8     48A8       82         0
                text73                             537C     537C       26         0
                text72                             264A     264A      222         0
                text71                             23E4     23E4      266         0
                text70                             32F8     32F8      18C         0
                text69                              AE4      AE4      48A         0
                text68                             4F20     4F20       48         0
                text67                             4CE6     4CE6       56         0
                text66                             45EE     45EE       92         0
                text65                             4826     4826       82         0
                text64                             5570     5570       1E         0
                text63                             4A14     4A14       72         0
                text62                             4DE4     4DE4       52         0
                text61                             4AF6     4AF6       6A         0
                text60                             4C2E     4C2E       5E         0
                text59                             4680     4680       90         0
                text58                             193C     193C      300         0
                text57                             5356     5356       26         0
                text56                             5300     5300       2C         0
                text55                              59C      59C      548         0
                text54                             50C2     50C2       44         0
                text53                             44BE     44BE       9C         0
                text52                             40C2     40C2       B2         0
                text51                             3484     3484      164         0
                text50                             2176     2176      26E         0
                text49                             35E8     35E8      15A         0
                text48                             1EFE     1EFE      278         0
                text47                             12EC     12EC      332         0
                text46                             4BC8     4BC8       66         0
                text45                               12       12      58A         0
                text44                             518A     518A       40         0
                text43                             479C     479C       8A         0
                text42                              F6E      F6E      37E         0
                text41                             54D6     54D6       20         0
                text40                             3FF6     3FF6       CC         0
                text39                             3D34     3D34      10C         0
                text38                             540A     540A       22         0
                text37                             507E     507E       44         0
                text36                             503A     503A       44         0
                text35                             3898     3898      12C         0
                text34                             5674     5674        A         0
                text33                             5552     5552       1E         0
                text32                             5534     5534       1E         0
                text31                             4710     4710       8C         0
                text30                             4D92     4D92       52         0
                text29                             5106     5106       42         0
                text28                             455A     455A       94         0
                text27                             5272     5272       32         0
                text26                             5206     5206       36         0
                text25                             53E8     53E8       22         0
                text24                             53C6     53C6       22         0
                text23                             5516     5516       1E         0
                text22                             3F28     3F28       CE         0
                text21                             2C2E     2C2E      1B6         0
                text20                             3E40     3E40       E8         0
                text19                             2F9A     2F9A      1B4         0
                text18                             2A72     2A72      1BC         0
                text17                             4224     4224       B0         0
                text16                             4174     4174       B0         0
                text15                             49A0     49A0       74         0
                text14                             569E     569E        2         0
                text13                             4FF6     4FF6       44         0
                text12                             161E     161E      31E         0
                text11                             437A     437A       A6         0
                text10                             4B60     4B60       68         0
                text9                              561E     561E        E         0
                text8                              566A     566A        A         0
                text7                              55AA     55AA       1A         0
                text6                              55DA     55DA       12         0
                text5                              5688     5688        8         0
                text4                              558E     558E       1C         0
                text3                              55C4     55C4       16         0
                text2                              4420     4420       9E         0
                text1                              492A     492A       76         0
                text0                              52D4     52D4       2C         0
                cinit                              42D4     42D4       A6         0
                idataBANK2                         5697     5697        7         0
                idataBANK1                         5690     5690        7         0
                idataCOMRAM                        56A0     56A0        1         0

        CLASS   CONST          

        CLASS   SMALLCONST     

        CLASS   MEDIUMCONST    
                mediumconst                        6062     6062      21E         0

        CLASS   COMRAM         
                temp                                 47       47        1         1
                cstackCOMRAM                          1        1       32         1
                dataCOMRAM                           46       46        1         1
                bssCOMRAM                            33       33       13         1

        CLASS   ABS1           

        CLASS   BIGRAM         
                bssBIGRAM                           2C6      2C6      220         1

        CLASS   RAM            

        CLASS   BANK0          
                cstackBANK0                          60       60       98         1
                bssBANK0                             F8       F8        6         1

        CLASS   BANK1          
                dataBANK1                           1F8      1F8        7         1
                bssBANK1                            100      100       F8         1

        CLASS   BANK2          
                cstackBANK2                         29D      29D       22         1
                dataBANK2                           2BF      2BF        7         1
                bssBANK2                            200      200       9D         1

        CLASS   BANK3          

        CLASS   BANK4          

        CLASS   BANK5          

        CLASS   BANK6          

        CLASS   BANK7          

        CLASS   SFR            

        CLASS   CONFIG         
                config                           300000   300000        E         4

        CLASS   IDLOC          
                idloc                            200000   200000        8         5

        CLASS   EEDATA         

        CLASS   FARRAM         



SEGMENTS        Name                           Load    Length   Top    Selector   Space  Class

                reset_vec                      000000  000004  000004         0       0  CODE    
                cstackCOMRAM                   000001  000047  000048         1       1  COMRAM  
                intcode                        000008  005699  0056A1         4       0  CODE    
                cstackBANK0                    000060  00009E  0000FE        60       1  BANK0   
                bssBANK1                       000100  0000FF  0001FF       100       1  BANK1   
                bssBANK2                       000200  0000C6  0002C6       200       1  BANK2   
                bssBIGRAM                      0002C6  000220  0004E6       2C6       1  BIGRAM  
                mediumconst                    006062  00021E  006280      3031       0  MEDIUMCO


UNUSED ADDRESS RANGES

        Name                Unused          Largest block    Delta
        BANK0            0000FE-0000FF                2
        BANK1            0001FF-0001FF                1
        BANK4            0004E6-0004FF               1A
        BANK5            000500-0005FF              100
        BANK6            000600-0006FF              100
        BANK7            000700-0007FF              100
        BIGRAM           000048-00005F               18
                         0000FE-0000FF                2
                         0001FF-0001FF                1
                         0004E6-0007FF              31A
        CODE             000004-000007                4
                         0056A1-006061              9C1
        COMRAM           000048-00005F               18
        CONST            000004-000007                4
                         0056A1-006061              9C1
        EEDATA           F00000-F000FF              100
        MEDIUMCONST      0056A1-006061              9C1
        RAM              0000FE-0000FF                2
                         0001FF-0001FF                1
                         0004E6-0007FF              100
        SFR              000F60-000FFF               A0
        SMALLCONST       0056A1-006061              100
        STACK            0004E6-0007FF              31A

                                  Symbol Table

?_GPSDay                                    cstackCOMRAM 000019
?_GPSHour                                   cstackCOMRAM 000019
?_GPSMinute                                 cstackCOMRAM 000019
?_GPSMonth                                  cstackCOMRAM 000019
?_GPSSecond                                 cstackCOMRAM 000019
?_GPSyear                                   cstackCOMRAM 000019
?_Latitude                                  cstackCOMRAM 00001F
?_Longitude                                 cstackCOMRAM 00001F
?___aldiv                                   cstackCOMRAM 000019
?___lldiv                                   cstackCOMRAM 000019
?___llmod                                   cstackCOMRAM 000019
?___lmul                                    cstackCOMRAM 000019
?___lwdiv                                   cstackCOMRAM 000019
?___lwmod                                   cstackCOMRAM 000019
?___wmul                                    cstackCOMRAM 000019
?_atoi                                      cstackCOMRAM 00001F
?_clust2sect                                cstackCOMRAM 000025
?_create_chain                              cstackBANK0  0000A0
?_fix                                       cstackCOMRAM 000019
?_fprintf                                   cstackBANK0  0000DA
?_fputc                                     cstackBANK0  0000CC
?_fputs                                     cstackBANK0  0000D3
?_get_cluster                               cstackCOMRAM 000031
?_get_fattime                               cstackCOMRAM 00001D
?_memcmp                                    cstackCOMRAM 000019
?_strcmp                                    cstackCOMRAM 000001
?_strlen                                    cstackCOMRAM 000019
GPSRead@buff                                cstackCOMRAM 00000A
GPSRead@c                                   cstackCOMRAM 00000B
_ADCON1                                     (abs)        000FC1
_BRGH                                       (abs)        007D62
_CREN                                       (abs)        007D5C
_FatFs                                      bssCOMRAM    000038
_GPGGA_ok                                   bssBANK1     00011E
_GPRMC_ok                                   bssBANK1     000120
_GPSDay                                     text100      0054B4
_GPSHour                                    text99       0053A2
_GPSMinute                                  text98       005492
_GPSMonth                                   text97       005470
_GPSRead                                    text109      001C3C
_GPSSecond                                  text96       00544E
_GPSyear                                    text95       00542C
_INT0IE                                     (abs)        007F94
_INT0IF                                     (abs)        007F91
_INTCON                                     (abs)        000FF2
_INTCON2                                    (abs)        000FF1
_INTCON3                                    (abs)        000FF0
_INTCONbits                                 (abs)        000FF2
_LATB                                       (abs)        000F8A
_LATBbits                                   (abs)        000F8A
_LATCbits                                   (abs)        000F8B
_Latitude                                   text33       005552
_Longitude                                  text32       005534
_OSCCONbits                                 (abs)        000FD3
_PCL                                        (abs)        000FF9
_PCLATH                                     (abs)        000FFA
_PIE1                                       (abs)        000F9D
_PIE1bits                                   (abs)        000F9D
_PIR1bits                                   (abs)        000F9E
_PORTBbits                                  (abs)        000F81
_PORTDbits                                  (abs)        000F83
_PORTEbits                                  (abs)        000F84
_PR2                                        (abs)        000FCB
_RCIF                                       (abs)        007CF5
_RCREG                                      (abs)        000FAE
_RCSTA                                      (abs)        000FAB
_RCSTAbits                                  (abs)        000FAB
_SPBRG                                      (abs)        000FAF
_SPEN                                       (abs)        007D5F
_SPPCFG                                     (abs)        000F63
_SPPCON                                     (abs)        000F65
_SSPBUF                                     (abs)        000FC9
_SSPCON1                                    (abs)        000FC6
_SSPCON1bits                                (abs)        000FC6
_SSPSTAT                                    (abs)        000FC7
_SSPSTATbits                                (abs)        000FC7
_SYNC                                       (abs)        007D64
_SentenceType                               bssCOMRAM    000044
_T0CON                                      (abs)        000FD5
_T0CONbits                                  (abs)        000FD5
_T0IF                                       (abs)        007F92
_T2CON                                      (abs)        000FCA
_TMR0                                       (abs)        000FD6
_TMR0IF                                     (abs)        007F92
_TMR2                                       (abs)        000FCC
_TRISA                                      (abs)        000F92
_TRISB                                      (abs)        000F93
_TRISBbits                                  (abs)        000F93
_TRISC                                      (abs)        000F94
_TRISCbits                                  (abs)        000F94
_TRISD                                      (abs)        000F95
_TRISDbits                                  (abs)        000F95
_TRISE                                      (abs)        000F96
_TXEN                                       (abs)        007D65
_TXSTA                                      (abs)        000FAC
_Term                                       bssCOMRAM    000043
__HRAM                                      (abs)        000000
__Habs1                                     abs1         000000
__Hbank0                                    bank0        000000
__Hbank1                                    bank1        000000
__Hbank2                                    bank2        000000
__Hbank3                                    bank3        000000
__Hbank4                                    bank4        000000
__Hbank5                                    bank5        000000
__Hbank6                                    bank6        000000
__Hbank7                                    bank7        000000
__Hbigbss                                   bigbss       000000
__Hbigdata                                  bigdata      000000
__Hbigram                                   bigram       000000
__Hbss                                      bss          000000
__HbssBANK0                                 bssBANK0     000000
__HbssBANK1                                 bssBANK1     000000
__HbssBANK2                                 bssBANK2     000000
__HbssBIGRAM                                bssBIGRAM    000000
__HbssCOMRAM                                bssCOMRAM    000000
__Hcinit                                    cinit        000000
__Hclrtext                                  clrtext      000000
__Hcomram                                   comram       000000
__Hconfig                                   config       30000E
__Hconst                                    const        000000
__HcstackBANK0                              cstackBANK0  000000
__HcstackBANK2                              cstackBANK2  000000
__HcstackCOMRAM                             cstackCOMRAM 000000
__Hdata                                     data         000000
__HdataBANK1                                dataBANK1    000000
__HdataBANK2                                dataBANK2    000000
__HdataCOMRAM                               dataCOMRAM   000000
__Heeprom_data                              eeprom_data  000000
__Hfarbss                                   farbss       000000
__Hfardata                                  fardata      000000
__Hibigdata                                 ibigdata     000000
__Hidata                                    idata        000000
__HidataBANK1                               idataBANK1   000000
__HidataBANK2                               idataBANK2   000000
__HidataCOMRAM                              idataCOMRAM  000000
__Hidloc                                    idloc        200008
__Hifardata                                 ifardata     000000
__Hinit                                     init         000012
__Hintcode                                  intcode      00000E
__Hintcode_body                             intcode_body 000000
__Hintcodelo                                intcodelo    00000E
__Hintentry                                 intentry     000000
__Hintret                                   intret       000000
__Hintsave_regs                             intsave_regs 000000
__Hirdata                                   irdata       000000
__Hmediumconst                              mediumconst  006280
__HnvFARRAM                                 nvFARRAM     000000
__Hnvbit                                    nvbit        000000
__Hnvrram                                   nvrram       000000
__Hparam                                    rparam       000000
__Hpowerup                                  powerup      00000E
__Hram                                      ram          000000
__Hramtop                                   ramtop       000800
__Hrbit                                     rbit         000000
__Hrbss                                     rbss         000000
__Hrdata                                    rdata        000000
__Hreset_vec                                reset_vec    000004
__Hrparam                                   rparam       000000
__Hsfr                                      sfr          000000
__Hsmallconst                               smallconst   000000
__Hspace_0                                  (abs)        006280
__Hspace_1                                  (abs)        0004E6
__Hspace_2                                  (abs)        000000
__Hspace_4                                  (abs)        60000E
__Hstack                                    stack        000000
__Hstruct                                   struct       000000
__Htemp                                     temp         000048
__Htext                                     text         000000
__Htext0                                    text0        000000
__Htext1                                    text1        000000
__Htext10                                   text10       000000
__Htext100                                  text100      000000
__Htext101                                  text101      000000
__Htext102                                  text102      000000
__Htext103                                  text103      000000
__Htext104                                  text104      000000
__Htext105                                  text105      000000
__Htext107                                  text107      000000
__Htext108                                  text108      000000
__Htext109                                  text109      000000
__Htext11                                   text11       000000
__Htext110                                  text110      000000
__Htext111                                  text111      000000
__Htext112                                  text112      000000
__Htext12                                   text12       000000
__Htext13                                   text13       000000
__Htext14                                   text14       000000
__Htext15                                   text15       000000
__Htext16                                   text16       000000
__Htext17                                   text17       000000
__Htext18                                   text18       000000
__Htext19                                   text19       000000
__Htext2                                    text2        000000
__Htext20                                   text20       000000
__Htext21                                   text21       000000
__Htext22                                   text22       000000
__Htext23                                   text23       000000
__Htext24                                   text24       000000
__Htext25                                   text25       000000
__Htext26                                   text26       000000
__Htext27                                   text27       000000
__Htext28                                   text28       000000
__Htext29                                   text29       000000
__Htext3                                    text3        000000
__Htext30                                   text30       000000
__Htext31                                   text31       000000
__Htext32                                   text32       000000
__Htext33                                   text33       000000
__Htext34                                   text34       000000
__Htext35                                   text35       000000
__Htext36                                   text36       000000
__Htext37                                   text37       000000
__Htext38                                   text38       000000
__Htext39                                   text39       000000
__Htext4                                    text4        000000
__Htext40                                   text40       000000
__Htext41                                   text41       000000
__Htext42                                   text42       000000
__Htext43                                   text43       000000
__Htext44                                   text44       000000
__Htext45                                   text45       000000
__Htext46                                   text46       000000
__Htext47                                   text47       000000
__Htext48                                   text48       000000
__Htext49                                   text49       000000
__Htext5                                    text5        000000
__Htext50                                   text50       000000
__Htext51                                   text51       000000
__Htext52                                   text52       000000
__Htext53                                   text53       000000
__Htext54                                   text54       000000
__Htext55                                   text55       000000
__Htext56                                   text56       000000
__Htext57                                   text57       000000
__Htext58                                   text58       000000
__Htext59                                   text59       000000
__Htext6                                    text6        000000
__Htext60                                   text60       000000
__Htext61                                   text61       000000
__Htext62                                   text62       000000
__Htext63                                   text63       000000
__Htext64                                   text64       000000
__Htext65                                   text65       000000
__Htext66                                   text66       000000
__Htext67                                   text67       000000
__Htext68                                   text68       000000
__Htext69                                   text69       000000
__Htext7                                    text7        000000
__Htext70                                   text70       000000
__Htext71                                   text71       000000
__Htext72                                   text72       000000
__Htext73                                   text73       000000
__Htext74                                   text74       000000
__Htext75                                   text75       000000
__Htext76                                   text76       000000
__Htext77                                   text77       000000
__Htext78                                   text78       000000
__Htext79                                   text79       000000
__Htext8                                    text8        000000
__Htext80                                   text80       000000
__Htext81                                   text81       000000
__Htext82                                   text82       000000
__Htext83                                   text83       000000
__Htext84                                   text84       000000
__Htext85                                   text85       000000
__Htext86                                   text86       000000
__Htext87                                   text87       000000
__Htext88                                   text88       000000
__Htext89                                   text89       000000
__Htext9                                    text9        000000
__Htext90                                   text90       000000
__Htext91                                   text91       000000
__Htext92                                   text92       000000
__Htext93                                   text93       000000
__Htext94                                   text94       000000
__Htext95                                   text95       000000
__Htext96                                   text96       000000
__Htext97                                   text97       000000
__Htext98                                   text98       000000
__Htext99                                   text99       000000
__LRAM                                      (abs)        000001
__Labs1                                     abs1         000000
__Lbank0                                    bank0        000000
__Lbank1                                    bank1        000000
__Lbank2                                    bank2        000000
__Lbank3                                    bank3        000000
__Lbank4                                    bank4        000000
__Lbank5                                    bank5        000000
__Lbank6                                    bank6        000000
__Lbank7                                    bank7        000000
__Lbigbss                                   bigbss       000000
__Lbigdata                                  bigdata      000000
__Lbigram                                   bigram       000000
__Lbss                                      bss          000000
__LbssBANK0                                 bssBANK0     000000
__LbssBANK1                                 bssBANK1     000000
__LbssBANK2                                 bssBANK2     000000
__LbssBIGRAM                                bssBIGRAM    000000
__LbssCOMRAM                                bssCOMRAM    000000
__Lcinit                                    cinit        000000
__Lclrtext                                  clrtext      000000
__Lcomram                                   comram       000000
__Lconfig                                   config       000000
__Lconst                                    const        000000
__LcstackBANK0                              cstackBANK0  000000
__LcstackBANK2                              cstackBANK2  000000
__LcstackCOMRAM                             cstackCOMRAM 000000
__Ldata                                     data         000000
__LdataBANK1                                dataBANK1    000000
__LdataBANK2                                dataBANK2    000000
__LdataCOMRAM                               dataCOMRAM   000000
__Leeprom_data                              eeprom_data  000000
__Lfarbss                                   farbss       000000
__Lfardata                                  fardata      000000
__Libigdata                                 ibigdata     000000
__Lidata                                    idata        000000
__LidataBANK1                               idataBANK1   000000
__LidataBANK2                               idataBANK2   000000
__LidataCOMRAM                              idataCOMRAM  000000
__Lidloc                                    idloc        000000
__Lifardata                                 ifardata     000000
__Linit                                     init         00000E
__Lintcode                                  intcode      000008
__Lintcode_body                             intcode_body 000000
__Lintcodelo                                intcodelo    00000E
__Lintentry                                 intentry     000000
__Lintret                                   intret       000000
__Lintsave_regs                             intsave_regs 000000
__Lirdata                                   irdata       000000
__Lmediumconst                              mediumconst  006062
__LnvFARRAM                                 nvFARRAM     000000
__Lnvbit                                    nvbit        000000
__Lnvrram                                   nvrram       000000
__Lparam                                    rparam       000000
__Lpowerup                                  powerup      00000E
__Lram                                      ram          000000
__Lramtop                                   ramtop       000800
__Lrbit                                     rbit         000000
__Lrbss                                     rbss         000000
__Lrdata                                    rdata        000000
__Lreset_vec                                reset_vec    000000
__Lrparam                                   rparam       000000
__Lsfr                                      sfr          000000
__Lsmallconst                               smallconst   000000
__Lspace_0                                  (abs)        000000
__Lspace_1                                  (abs)        000000
__Lspace_2                                  (abs)        000000
__Lspace_4                                  (abs)        000000
__Lstack                                    stack        000000
__Lstruct                                   struct       000000
__Ltemp                                     temp         000047
__Ltext                                     text         000000
__Ltext0                                    text0        000000
__Ltext1                                    text1        000000
__Ltext10                                   text10       000000
__Ltext100                                  text100      000000
__Ltext101                                  text101      000000
__Ltext102                                  text102      000000
__Ltext103                                  text103      000000
__Ltext104                                  text104      000000
__Ltext105                                  text105      000000
__Ltext107                                  text107      000000
__Ltext108                                  text108      000000
__Ltext109                                  text109      000000
__Ltext11                                   text11       000000
__Ltext110                                  text110      000000
__Ltext111                                  text111      000000
__Ltext112                                  text112      000000
__Ltext12                                   text12       000000
__Ltext13                                   text13       000000
__Ltext14                                   text14       000000
__Ltext15                                   text15       000000
__Ltext16                                   text16       000000
__Ltext17                                   text17       000000
__Ltext18                                   text18       000000
__Ltext19                                   text19       000000
__Ltext2                                    text2        000000
__Ltext20                                   text20       000000
__Ltext21                                   text21       000000
__Ltext22                                   text22       000000
__Ltext23                                   text23       000000
__Ltext24                                   text24       000000
__Ltext25                                   text25       000000
__Ltext26                                   text26       000000
__Ltext27                                   text27       000000
__Ltext28                                   text28       000000
__Ltext29                                   text29       000000
__Ltext3                                    text3        000000
__Ltext30                                   text30       000000
__Ltext31                                   text31       000000
__Ltext32                                   text32       000000
__Ltext33                                   text33       000000
__Ltext34                                   text34       000000
__Ltext35                                   text35       000000
__Ltext36                                   text36       000000
__Ltext37                                   text37       000000
__Ltext38                                   text38       000000
__Ltext39                                   text39       000000
__Ltext4                                    text4        000000
__Ltext40                                   text40       000000
__Ltext41                                   text41       000000
__Ltext42                                   text42       000000
__Ltext43                                   text43       000000
__Ltext44                                   text44       000000
__Ltext45                                   text45       000000
__Ltext46                                   text46       000000
__Ltext47                                   text47       000000
__Ltext48                                   text48       000000
__Ltext49                                   text49       000000
__Ltext5                                    text5        000000
__Ltext50                                   text50       000000
__Ltext51                                   text51       000000
__Ltext52                                   text52       000000
__Ltext53                                   text53       000000
__Ltext54                                   text54       000000
__Ltext55                                   text55       000000
__Ltext56                                   text56       000000
__Ltext57                                   text57       000000
__Ltext58                                   text58       000000
__Ltext59                                   text59       000000
__Ltext6                                    text6        000000
__Ltext60                                   text60       000000
__Ltext61                                   text61       000000
__Ltext62                                   text62       000000
__Ltext63                                   text63       000000
__Ltext64                                   text64       000000
__Ltext65                                   text65       000000
__Ltext66                                   text66       000000
__Ltext67                                   text67       000000
__Ltext68                                   text68       000000
__Ltext69                                   text69       000000
__Ltext7                                    text7        000000
__Ltext70                                   text70       000000
__Ltext71                                   text71       000000
__Ltext72                                   text72       000000
__Ltext73                                   text73       000000
__Ltext74                                   text74       000000
__Ltext75                                   text75       000000
__Ltext76                                   text76       000000
__Ltext77                                   text77       000000
__Ltext78                                   text78       000000
__Ltext79                                   text79       000000
__Ltext8                                    text8        000000
__Ltext80                                   text80       000000
__Ltext81                                   text81       000000
__Ltext82                                   text82       000000
__Ltext83                                   text83       000000
__Ltext84                                   text84       000000
__Ltext85                                   text85       000000
__Ltext86                                   text86       000000
__Ltext87                                   text87       000000
__Ltext88                                   text88       000000
__Ltext89                                   text89       000000
__Ltext9                                    text9        000000
__Ltext90                                   text90       000000
__Ltext91                                   text91       000000
__Ltext92                                   text92       000000
__Ltext93                                   text93       000000
__Ltext94                                   text94       000000
__Ltext95                                   text95       000000
__Ltext96                                   text96       000000
__Ltext97                                   text97       000000
__Ltext98                                   text98       000000
__Ltext99                                   text99       000000
__S0                                        (abs)        006280
__S1                                        (abs)        0004E6
__S2                                        (abs)        000000
__S4                                        (abs)        000000
__S5                                        (abs)        000000
___aldiv                                    text40       003FF6
___aldiv@counter                            cstackCOMRAM 000021
___aldiv@dividend                           cstackCOMRAM 000019
___aldiv@divisor                            cstackCOMRAM 00001D
___aldiv@quotient                           cstackCOMRAM 000023
___aldiv@sign                               cstackCOMRAM 000022
___inthi_sp                                 stack        000000
___intlo_sp                                 stack        000000
___lldiv                                    text74       0048A8
___lldiv@counter                            cstackCOMRAM 000025
___lldiv@dividend                           cstackCOMRAM 000019
___lldiv@divisor                            cstackCOMRAM 00001D
___lldiv@quotient                           cstackCOMRAM 000021
___llmod                                    text46       004BC8
___llmod@counter                            cstackCOMRAM 000021
___llmod@dividend                           cstackCOMRAM 000019
___llmod@divisor                            cstackCOMRAM 00001D
___lmul                                     text67       004CE6
___lmul@multiplicand                        cstackCOMRAM 00001D
___lmul@multiplier                          cstackCOMRAM 000019
___lmul@product                             cstackCOMRAM 000021
___lwdiv                                    text30       004D92
___lwdiv@counter                            cstackCOMRAM 00001D
___lwdiv@dividend                           cstackCOMRAM 000019
___lwdiv@divisor                            cstackCOMRAM 00001B
___lwdiv@quotient                           cstackCOMRAM 00001E
___lwmod                                    text29       005106
___lwmod@counter                            cstackCOMRAM 00001D
___lwmod@dividend                           cstackCOMRAM 000019
___lwmod@divisor                            cstackCOMRAM 00001B
___param_bank                               (abs)        000000
___rparam_used                              (abs)        000001
___sp                                       stack        000000
___wmul                                     text73       00537C
___wmul@multiplicand                        cstackCOMRAM 00001B
___wmul@multiplier                          cstackCOMRAM 000019
___wmul@product                             cstackCOMRAM 00001D
__accesstop                                 (abs)        000060
__activetblptr                              (abs)        000002
__end_of_GPSDay                             text100      0054D6
__end_of_GPSHour                            text99       0053C6
__end_of_GPSMinute                          text98       0054B4
__end_of_GPSMonth                           text97       005492
__end_of_GPSRead                            text109      001EFE
__end_of_GPSSecond                          text96       005470
__end_of_GPSyear                            text95       00544E
__end_of_Latitude                           text33       005570
__end_of_Longitude                          text32       005552
__end_of___aldiv                            text40       0040C2
__end_of___lldiv                            text74       00492A
__end_of___llmod                            text46       004C2E
__end_of___lmul                             text67       004D3C
__end_of___lwdiv                            text30       004DE4
__end_of___lwmod                            text29       005148
__end_of___wmul                             text73       0053A2
__end_of__initialization                    cinit        00436C
__end_of_armazena_latitude                  text25       00540A
__end_of_armazena_longitude                 text24       0053E8
__end_of_atoi                               text22       003FF6
__end_of_auto_mount                         text55       000AE4
__end_of_calcula_diff_graus                 text21       002DE4
__end_of_calcula_diff_minutos               text20       003F28
__end_of_check_fs                           text65       0048A8
__end_of_clust2sect                         text52       004174
__end_of_command                            text88       004CE6
__end_of_config_timer_dois                  text9        00562C
__end_of_config_timer_zero                  text7        0055C4
__end_of_configura_baudrate_uart            text39       003E40
__end_of_create_chain                       text70       003484
__end_of_dados_gps_to_sd                    text103      004D92
__end_of_delay                              text64       00558E
__end_of_desliga_SPI                        text102      00566A
__end_of_desliga_uart                       text101      00563A
__end_of_disk_initialize                    text57       00537C
__end_of_disk_ioctl                         text93       005516
__end_of_disk_read                          text84       004AF6
__end_of_disk_status                        text78       0052D4
__end_of_disk_write                         text82       004ED6
__end_of_disparo_gravacao                   text13       00503A
__end_of_dummy_clocks                       text91       005206
__end_of_endereco_cursor_lcd                text61       004B60
__end_of_escalonador                        text11       004420
__end_of_escreve_SPI                        text90       00561E
__end_of_escreve_caractere_lcd              text63       004A86
__end_of_escreve_cmd_lcd                    text31       00479C
__end_of_escreve_frase_ram_lcd              text62       004E36
__end_of_escreve_inteiro_lcd                text26       00523C
__end_of_escrita_sdcard                     text35       0039C4
__end_of_f_close                            text75       005356
__end_of_f_lseek                            text69       000F6E
__end_of_f_mount                            text68       004F68
__end_of_f_open                             text47       00161E
__end_of_f_sync                             text76       003C10
__end_of_f_write                            text45       00059C
__end_of_fence_diff_lat                     mediumconst  0060BF
__end_of_fence_diff_long                    mediumconst  006093
__end_of_fix                                text34       00567E
__end_of_fprintf                            text42       0012EC
__end_of_fputc                              text44       0051CA
__end_of_fputs                              text43       004826
__end_of_get_cluster                        text72       00286C
__end_of_get_fattime                        text94       003898
__end_of_inicializa_SPI                     text41       0054F6
__end_of_inicializa_tarefas                 text10       004BC8
__end_of_inicializa_uart                    text38       00542C
__end_of_init_hardware                      text3        0055DA
__end_of_init_interrupt                     text6        0055EC
__end_of_init_lcd                           text2        0044BE
__end_of_init_oscilador                     text5        005690
__end_of_init_ports                         text4        0055AA
__end_of_isdigit                            text23       005534
__end_of_isr                                intcode_body 003AEC
__end_of_itoa                               text27       0052A4
__end_of_leitura_SPI                        text92       00565E
__end_of_main                               text0        005300
__end_of_make_dirfile                       text49       003742
__end_of_memcmp                             text66       004680
__end_of_memcpy                             text54       005106
__end_of_memset                             text56       00532C
__end_of_mensagem_inicial                   text1        0049A0
__end_of_monta_sd                           text104      002A72
__end_of_move_window                        text81       0032F8
__end_of_next_dir_entry                     text51       0035E8
__end_of_posicao_cursor_lcd                 text60       004C8C
__end_of_proceed                            text87       005652
__end_of_put_cluster                        text71       00264A
__end_of_recebe_dado_uart                   text108      0055FE
__end_of_remove_chain                       text53       00455A
__end_of_reserve_direntry                   text50       0023E4
__end_of_response                           text86       005646
__end_of_sdc_disk_initialize                text58       001C3C
__end_of_sdc_disk_read                      text85       003D34
__end_of_sdc_disk_status                    text79       00560E
__end_of_sdc_disk_write                     text83       002F9A
__end_of_sdc_reset                          text59       004710
__end_of_strcat                             text37       0050C2
__end_of_strcmp                             text111      004F20
__end_of_strcpy                             text36       00507E
__end_of_stringcpy                          text110      004FF6
__end_of_strlen                             text105      00518A
__end_of_sync                               text80       004E88
__end_of_trace_path                         text48       002176
__end_of_troca_de_tela                      text12       00193C
__end_of_utoa                               text28       0045EE
__end_of_validate                           text77       004FB0
__end_of_verifica_dados_operacionais        text14       0056A0
__end_of_verifica_diferenca_graus           text19       00314E
__end_of_verifica_diferenca_minutos         text18       002C2E
__end_of_verifica_fence_externo             text15       004A14
__end_of_verifica_plausibilidade_lat        text17       0042D4
__end_of_verifica_plausibilidade_long       text16       004224
__end_of_wait_ready                         text89       005272
__end_of_write_timer_zero                   text8        005674
__end_ofi2_write_timer_zero                 text107      005688
__end_ofmensagem_inicial@F3659              mediumconst  0060E1
__end_ofmensagem_inicial@F3661              mediumconst  0060D0
__initialization                            cinit        0042D4
__mediumconst                               mediumconst  006062
__pbssBANK0                                 bssBANK0     0000F8
__pbssBANK1                                 bssBANK1     000100
__pbssBANK2                                 bssBANK2     000200
__pbssBIGRAM                                bssBIGRAM    0002C6
__pbssCOMRAM                                bssCOMRAM    000033
__pcinit                                    cinit        0042D4
__pcstackBANK0                              cstackBANK0  000060
__pcstackBANK2                              cstackBANK2  00029D
__pcstackCOMRAM                             cstackCOMRAM 000001
__pdataBANK1                                dataBANK1    0001F8
__pdataBANK2                                dataBANK2    0002BF
__pdataCOMRAM                               dataCOMRAM   000046
__pidataBANK1                               idataBANK1   005690
__pidataBANK2                               idataBANK2   005697
__pidataCOMRAM                              idataCOMRAM  0056A0
__pintcode                                  intcode      000008
__pintcode_body                             intcode_body 0039C4
__pmediumconst                              mediumconst  006062
__ptext0                                    text0        0052D4
__ptext1                                    text1        00492A
__ptext10                                   text10       004B60
__ptext100                                  text100      0054B4
__ptext101                                  text101      00562C
__ptext102                                  text102      00565E
__ptext103                                  text103      004D3C
__ptext104                                  text104      00286C
__ptext105                                  text105      005148
__ptext107                                  text107      00567E
__ptext108                                  text108      0055EC
__ptext109                                  text109      001C3C
__ptext11                                   text11       00437A
__ptext110                                  text110      004FB0
__ptext111                                  text111      004ED6
__ptext112                                  text112      000000
__ptext12                                   text12       00161E
__ptext13                                   text13       004FF6
__ptext14                                   text14       00569E
__ptext15                                   text15       0049A0
__ptext16                                   text16       004174
__ptext17                                   text17       004224
__ptext18                                   text18       002A72
__ptext19                                   text19       002F9A
__ptext2                                    text2        004420
__ptext20                                   text20       003E40
__ptext21                                   text21       002C2E
__ptext22                                   text22       003F28
__ptext23                                   text23       005516
__ptext24                                   text24       0053C6
__ptext25                                   text25       0053E8
__ptext26                                   text26       005206
__ptext27                                   text27       005272
__ptext28                                   text28       00455A
__ptext29                                   text29       005106
__ptext3                                    text3        0055C4
__ptext30                                   text30       004D92
__ptext31                                   text31       004710
__ptext32                                   text32       005534
__ptext33                                   text33       005552
__ptext34                                   text34       005674
__ptext35                                   text35       003898
__ptext36                                   text36       00503A
__ptext37                                   text37       00507E
__ptext38                                   text38       00540A
__ptext39                                   text39       003D34
__ptext4                                    text4        00558E
__ptext40                                   text40       003FF6
__ptext41                                   text41       0054D6
__ptext42                                   text42       000F6E
__ptext43                                   text43       00479C
__ptext44                                   text44       00518A
__ptext45                                   text45       000012
__ptext46                                   text46       004BC8
__ptext47                                   text47       0012EC
__ptext48                                   text48       001EFE
__ptext49                                   text49       0035E8
__ptext5                                    text5        005688
__ptext50                                   text50       002176
__ptext51                                   text51       003484
__ptext52                                   text52       0040C2
__ptext53                                   text53       0044BE
__ptext54                                   text54       0050C2
__ptext55                                   text55       00059C
__ptext56                                   text56       005300
__ptext57                                   text57       005356
__ptext58                                   text58       00193C
__ptext59                                   text59       004680
__ptext6                                    text6        0055DA
__ptext60                                   text60       004C2E
__ptext61                                   text61       004AF6
__ptext62                                   text62       004DE4
__ptext63                                   text63       004A14
__ptext64                                   text64       005570
__ptext65                                   text65       004826
__ptext66                                   text66       0045EE
__ptext67                                   text67       004CE6
__ptext68                                   text68       004F20
__ptext69                                   text69       000AE4
__ptext7                                    text7        0055AA
__ptext70                                   text70       0032F8
__ptext71                                   text71       0023E4
__ptext72                                   text72       00264A
__ptext73                                   text73       00537C
__ptext74                                   text74       0048A8
__ptext75                                   text75       00532C
__ptext76                                   text76       003AEC
__ptext77                                   text77       004F68
__ptext78                                   text78       0052A4
__ptext79                                   text79       0055FE
__ptext8                                    text8        00566A
__ptext80                                   text80       004E36
__ptext81                                   text81       00314E
__ptext82                                   text82       004E88
__ptext83                                   text83       002DE4
__ptext84                                   text84       004A86
__ptext85                                   text85       003C10
__ptext86                                   text86       00563A
__ptext87                                   text87       005646
__ptext88                                   text88       004C8C
__ptext89                                   text89       00523C
__ptext9                                    text9        00561E
__ptext90                                   text90       00560E
__ptext91                                   text91       0051CA
__ptext92                                   text92       005652
__ptext93                                   text93       0054F6
__ptext94                                   text94       003742
__ptext95                                   text95       00542C
__ptext96                                   text96       00544E
__ptext97                                   text97       005470
__ptext98                                   text98       005492
__ptext99                                   text99       0053A2
__ramtop                                    ramtop       000800
__size_of_GPSDay                            (abs)        000000
__size_of_GPSHour                           (abs)        000000
__size_of_GPSMinute                         (abs)        000000
__size_of_GPSMonth                          (abs)        000000
__size_of_GPSRead                           (abs)        000000
__size_of_GPSSecond                         (abs)        000000
__size_of_GPSyear                           (abs)        000000
__size_of_Latitude                          (abs)        000000
__size_of_Longitude                         (abs)        000000
__size_of___aldiv                           (abs)        000000
__size_of___lldiv                           (abs)        000000
__size_of___llmod                           (abs)        000000
__size_of___lmul                            (abs)        000000
__size_of___lwdiv                           (abs)        000000
__size_of___lwmod                           (abs)        000000
__size_of___wmul                            (abs)        000000
__size_of_armazena_latitude                 (abs)        000000
__size_of_armazena_longitude                (abs)        000000
__size_of_atoi                              (abs)        000000
__size_of_auto_mount                        (abs)        000000
__size_of_calcula_diff_graus                (abs)        000000
__size_of_calcula_diff_minutos              (abs)        000000
__size_of_check_fs                          (abs)        000000
__size_of_clust2sect                        (abs)        000000
__size_of_command                           (abs)        000000
__size_of_config_timer_dois                 (abs)        000000
__size_of_config_timer_zero                 (abs)        000000
__size_of_configura_baudrate_uart           (abs)        000000
__size_of_create_chain                      (abs)        000000
__size_of_dados_gps_to_sd                   (abs)        000000
__size_of_delay                             (abs)        000000
__size_of_desliga_SPI                       (abs)        000000
__size_of_desliga_uart                      (abs)        000000
__size_of_disk_initialize                   (abs)        000000
__size_of_disk_ioctl                        (abs)        000000
__size_of_disk_read                         (abs)        000000
__size_of_disk_status                       (abs)        000000
__size_of_disk_write                        (abs)        000000
__size_of_disparo_gravacao                  (abs)        000000
__size_of_dummy_clocks                      (abs)        000000
__size_of_endereco_cursor_lcd               (abs)        000000
__size_of_escalonador                       (abs)        000000
__size_of_escreve_SPI                       (abs)        000000
__size_of_escreve_caractere_lcd             (abs)        000000
__size_of_escreve_cmd_lcd                   (abs)        000000
__size_of_escreve_frase_ram_lcd             (abs)        000000
__size_of_escreve_inteiro_lcd               (abs)        000000
[...]
      Params:         0       0       0       0       0       0       0       0       0
      Locals:         0       0       0       0       0       0       0       0       0
      Temps:          0       0       0       0       0       0       0       0       0
      Totals:         0       0       0       0       0       0       0       0       0
Total ram usage:        0 bytes
 Hardware stack levels used:    1
 Hardware stack levels required when called:    5
 This function calls:
		_monta_sd
 This function is called by:
		_main
 This function uses a non-reentrant model


 *************** function _monta_sd *****************
 Defined at:
		line 298 in file "bibliotecas/SDCard.c"
 Parameters:    Size  Location     Type
  index           1    wreg     unsigned char 
  dado            2   28[COMRAM] PTR unsigned char 
		 -> STR_26(7), STR_25(5), rawDate(7), rawLongitude(13), 
		 -> rawLatitude(13), rawTime(11), 
 Auto vars:     Size  Location     Type
  index           1   30[COMRAM] unsigned char 
  i               1   32[COMRAM] unsigned char 
  size            1   31[COMRAM] unsigned char 
 Return value:  Size  Location     Type
                  1    wreg      void 
 Registers used:
		wreg, fsr1l, fsr1h, fsr2l, fsr2h, status,2, status,0, tblptrl, tblptrh, tblptru, cstack
 Tracked objects:
		On entry : 
		On exit  : 
		Unchanged: 
 Data sizes:     COMRAM   BANK0   BANK1   BANK2   BANK3   BANK4   BANK5   BANK6   BANK7
      Params:         2       0       0       0       0       0       0       0       0
      Locals:         3       0       0       0       0       0       0       0       0
      Temps:          0       0       0       0       0       0       0       0       0
      Totals:         5       0       0       0       0       0       0       0       0
Total ram usage:        5 bytes
 Hardware stack levels used:    1
 Hardware stack levels required when called:    4
 This function calls:
		_strlen
 This function is called by:
		_dados_gps_to_sd
		_verifica_fence_externo
 This function uses a non-reentrant model


 *************** function _strlen *****************
 Defined at:
		line 4 in file "C:\Program Files\Microchip\xc8\v2.30\pic\sources\c90\common\strlen.c"
 Parameters:    Size  Location     Type
  s               2   24[COMRAM] PTR const unsigned char 
		 -> STR_26(7), STR_25(5), rawDate(7), rawLongitude(13), 
		 -> rawLatitude(13), rawTime(11), 
 Auto vars:     Size  Location     Type
  cp              2   26[COMRAM] PTR const unsigned char 
		 -> STR_26(7), STR_25(5), rawDate(7), rawLongitude(13), 
		 -> rawLatitude(13), rawTime(11), 
 Return value:  Size  Location     Type
                  2   24[COMRAM] unsigned int 
 Registers used:
		wreg, fsr1l, fsr1h, status,2, status,0, tblptrl, tblptrh, tblptru
 Tracked objects:
		On entry : 
		On exit  : 
		Unchanged: 
 Data sizes:     COMRAM   BANK0   BANK1   BANK2   BANK3   BANK4   BANK5   BANK6   BANK7
      Params:         2       0       0       0       0       0       0       0       0
      Locals:         2       0       0       0       0       0       0       0       0
      Temps:          0       0       0       0       0       0       0       0       0
      Totals:         4       0       0       0       0       0       0       0       0
Total ram usage:        4 bytes
 Hardware stack levels used:    1
 Hardware stack levels required when called:    3
 This function calls:
		Nothing
 This function is called by:
		_monta_sd
 This function uses a non-reentrant model


 *************** function _isr *****************
 Defined at:
		line 107 in file "main.c"
 Parameters:    Size  Location     Type
		None
 Auto vars:     Size  Location     Type
  cont            1   23[COMRAM] unsigned char 
 Return value:  Size  Location     Type
                  1    wreg      void 
 Registers used:
		wreg, fsr1l, fsr1h, fsr2l, fsr2h, status,2, status,0, tblptrl, tblptrh, tblptru, prodl, prodh, cstack
 Tracked objects:
		On entry : 
		On exit  : 
		Unchanged: 
 Data sizes:     COMRAM   BANK0   BANK1   BANK2   BANK3   BANK4   BANK5   BANK6   BANK7
      Params:         0       0       0       0       0       0       0       0       0
      Locals:         1       0       0       0       0       0       0       0       0
      Temps:         12       0       0       0       0       0       0       0       0
      Totals:        13       0       0       0       0       0       0       0       0
Total ram usage:       13 bytes
 Hardware stack levels used:    1
 Hardware stack levels required when called:    2
 This function calls:
		_GPSRead
		_recebe_dado_uart
		i2_write_timer_zero
 This function is called by:
		Interrupt level 2
 This function uses a non-reentrant model


 *************** function i2_write_timer_zero *****************
 Defined at:
		line 134 in file "bibliotecas/hardware.c"
 Parameters:    Size  Location     Type
  timer0          2    0[COMRAM] unsigned int 
 Auto vars:     Size  Location     Type
		None
 Return value:  Size  Location     Type
                  1    wreg      void 
 Registers used:
		None
 Tracked objects:
		On entry : 
		On exit  : 
		Unchanged: 
 Data sizes:     COMRAM   BANK0   BANK1   BANK2   BANK3   BANK4   BANK5   BANK6   BANK7
      Params:         2       0       0       0       0       0       0       0       0
      Locals:         0       0       0       0       0       0       0       0       0
      Temps:          0       0       0       0       0       0       0       0       0
      Totals:         2       0       0       0       0       0       0       0       0
Total ram usage:        2 bytes
 Hardware stack levels used:    1
 This function calls:
		Nothing
 This function is called by:
		_isr
 This function uses a non-reentrant model


 *************** function _recebe_dado_uart *****************
 Defined at:
		line 138 in file "bibliotecas/uart.c"
 Parameters:    Size  Location     Type
		None
 Auto vars:     Size  Location     Type
		None
 Return value:  Size  Location     Type
                  1    wreg      unsigned char 
 Registers used:
		wreg, status,2
 Tracked objects:
		On entry : 
		On exit  : 
		Unchanged: 
 Data sizes:     COMRAM   BANK0   BANK1   BANK2   BANK3   BANK4   BANK5   BANK6   BANK7
      Params:         0       0       0       0       0       0       0       0       0
      Locals:         0       0       0       0       0       0       0       0       0
      Temps:          0       0       0       0       0       0       0       0       0
      Totals:         0       0       0       0       0       0       0       0       0
Total ram usage:        0 bytes
 Hardware stack levels used:    1
 This function calls:
		Nothing
 This function is called by:
		_isr
 This function uses a non-reentrant model


 *************** function _GPSRead *****************
 Defined at:
		line 43 in file "bibliotecas/GPS.c"
 Parameters:    Size  Location     Type
  buff            1    wreg     unsigned char 
 Auto vars:     Size  Location     Type
  buff            1    9[COMRAM] unsigned char 
  c               1   10[COMRAM] unsigned char 
 Return value:  Size  Location     Type
                  2  348[None  ] int 
 Registers used:
		wreg, fsr1l, fsr1h, fsr2l, fsr2h, status,2, status,0, tblptrl, tblptrh, tblptru, cstack
 Tracked objects:
		On entry : 
		On exit  : 
		Unchanged: 
 Data sizes:     COMRAM   BANK0   BANK1   BANK2   BANK3   BANK4   BANK5   BANK6   BANK7
      Params:         0       0       0       0       0       0       0       0       0
      Locals:         2       0       0       0       0       0       0       0       0
      Temps:          0       0       0       0       0       0       0       0       0
      Totals:         2       0       0       0       0       0       0       0       0
Total ram usage:        2 bytes
 Hardware stack levels used:    1
 Hardware stack levels required when called:    1
 This function calls:
		_strcmp
		_stringcpy
 This function is called by:
		_isr
 This function uses a non-reentrant model


 *************** function _stringcpy *****************
 Defined at:
		line 34 in file "bibliotecas/GPS.c"
 Parameters:    Size  Location     Type
  str1            2    0[COMRAM] PTR unsigned char 
		 -> buffer(12), 
  str2            2    2[COMRAM] PTR unsigned char 
		 -> rawFix(2), rawAltitude(7), rawSatellites(3), rawDate(7), 
		 -> rawCourse(6), rawSpeed(6), rawLongitude(13), rawLatitude(13), 
		 -> rawTime(11), sentence(6), 
  dir             2    4[COMRAM] int 
 Auto vars:     Size  Location     Type
  chr             1    8[COMRAM] unsigned char 
 Return value:  Size  Location     Type
                  1    wreg      void 
 Registers used:
		wreg, fsr1l, fsr1h, fsr2l, fsr2h, status,2, status,0
 Tracked objects:
		On entry : 
		On exit  : 
		Unchanged: 
 Data sizes:     COMRAM   BANK0   BANK1   BANK2   BANK3   BANK4   BANK5   BANK6   BANK7
      Params:         6       0       0       0       0       0       0       0       0
      Locals:         1       0       0       0       0       0       0       0       0
      Temps:          2       0       0       0       0       0       0       0       0
      Totals:         9       0       0       0       0       0       0       0       0
Total ram usage:        9 bytes
 Hardware stack levels used:    1
 This function calls:
		Nothing
 This function is called by:
		_GPSRead
 This function uses a non-reentrant model


 *************** function _strcmp *****************
 Defined at:
		line 33 in file "C:\Program Files\Microchip\xc8\v2.30\pic\sources\c90\common\strcmp.c"
 Parameters:    Size  Location     Type
  s1              2    0[COMRAM] PTR const unsigned char 
		 -> sentence(6), 
  s2              2    2[COMRAM] PTR const unsigned char 
		 -> STR_6(6), STR_5(6), 
 Auto vars:     Size  Location     Type
  r               1    6[COMRAM] char 
 Return value:  Size  Location     Type
                  2    0[COMRAM] int 
 Registers used:
		wreg, fsr2l, fsr2h, status,2, status,0, tblptrl, tblptrh, tblptru
 Tracked objects:
		On entry : 
		On exit  : 
		Unchanged: 
 Data sizes:     COMRAM   BANK0   BANK1   BANK2   BANK3   BANK4   BANK5   BANK6   BANK7
      Params:         4       0       0       0       0       0       0       0       0
      Locals:         1       0       0       0       0       0       0       0       0
      Temps:          2       0       0       0       0       0       0       0       0
      Totals:         7       0       0       0       0       0       0       0       0
Total ram usage:        7 bytes
 Hardware stack levels used:    1
 This function calls:
		Nothing
 This function is called by:
		_GPSRead
 This function uses a non-reentrant model



MODULE INFORMATION

Module		Function		Class		Link	Load	Size
C:\Program Files\Microchip\xc8\v2.30\pic\sources\c90\common\lwmod.c
		___lwmod       		CODE           	5106	0000	66

C:\Program Files\Microchip\xc8\v2.30\pic\sources\c90\common\lwmod.c estimated size: 66

bibliotecas/uart.c
		_configura_baudrate_uart		CODE           	3D34	0000	268
		_recebe_dado_uart		CODE           	55EC	0000	18
		_desliga_uart  		CODE           	562C	0000	14
		_inicializa_uart		CODE           	540A	0000	34

bibliotecas/uart.c estimated size: 334

bibliotecas/SPI.c
		_escreve_SPI   		CODE           	560E	0000	16
		_inicializa_SPI		CODE           	54D6	0000	32
		_desliga_SPI   		CODE           	565E	0000	12
		_leitura_SPI   		CODE           	5652	0000	12

bibliotecas/SPI.c estimated size: 72

C:\Program Files\Microchip\xc8\v2.30\pic\sources\c90\common\strlen.c
		_strlen        		CODE           	5148	0000	66

C:\Program Files\Microchip\xc8\v2.30\pic\sources\c90\common\strlen.c estimated size: 66

C:\Program Files\Microchip\xc8\v2.30\pic\sources\c90\common\__lldiv.c
		___lldiv       		CODE           	48A8	0000	130

C:\Program Files\Microchip\xc8\v2.30\pic\sources\c90\common\__lldiv.c estimated size: 130

C:\Program Files\Microchip\xc8\v2.30\pic\sources\c90\common\strcmp.c
		_strcmp        		CODE           	4ED6	0000	74

C:\Program Files\Microchip\xc8\v2.30\pic\sources\c90\common\strcmp.c estimated size: 74

bibliotecas/diskio.c
		_disk_initialize		CODE           	5356	0000	38
		_disk_write    		CODE           	4E88	0000	78
		_disk_status   		CODE           	52A4	0000	48
		_sdc_reset     		CODE           	4680	0000	144
		_disk_ioctl    		CODE           	54F6	0000	32
		_sdc_disk_read 		CODE           	3C10	0000	292
		_sdc_disk_initialize		CODE           	193C	0000	768
		_disk_read     		CODE           	4A86	0000	112
		_sdc_disk_write		CODE           	2DE4	0000	438
		_sdc_disk_status		CODE           	55FE	0000	16

bibliotecas/diskio.c estimated size: 1966

C:\Program Files\Microchip\xc8\v2.30\pic\sources\c90\common\strcpy.c
		_strcpy        		CODE           	503A	0000	68

C:\Program Files\Microchip\xc8\v2.30\pic\sources\c90\common\strcpy.c estimated size: 68

C:\Program Files\Microchip\xc8\v2.30\pic\sources\c90\common\memset.c
		_memset        		CODE           	5300	0000	44

C:\Program Files\Microchip\xc8\v2.30\pic\sources\c90\common\memset.c estimated size: 44

C:\Program Files\Microchip\xc8\v2.30\pic\sources\c90\common\llmod.c
		___llmod       		CODE           	4BC8	0000	102

C:\Program Files\Microchip\xc8\v2.30\pic\sources\c90\common\llmod.c estimated size: 102

C:\Program Files\Microchip\xc8\v2.30\pic\sources\c90\common\atoi.c
		_atoi          		CODE           	3F28	0000	206

C:\Program Files\Microchip\xc8\v2.30\pic\sources\c90\common\atoi.c estimated size: 206

C:\Program Files\Microchip\xc8\v2.30\pic\sources\c90\common\lwdiv.c
		___lwdiv       		CODE           	4D92	0000	82

C:\Program Files\Microchip\xc8\v2.30\pic\sources\c90\common\lwdiv.c estimated size: 82

C:\Program Files\Microchip\xc8\v2.30\pic\sources\c90\common\itoa.c
		_itoa          		CODE           	5272	0000	50
		_utoa          		CODE           	455A	0000	148

C:\Program Files\Microchip\xc8\v2.30\pic\sources\c90\common\itoa.c estimated size: 198

C:\Program Files\Microchip\xc8\v2.30\pic\sources\c90\common\isdigit.c
		_isdigit       		CODE           	5516	0000	30

C:\Program Files\Microchip\xc8\v2.30\pic\sources\c90\common\isdigit.c estimated size: 30

bibliotecas/SDCard.c
		_response      		CODE           	563A	0000	12
		_dummy_clocks  		CODE           	51CA	0000	60
		_escrita_sdcard		CODE           	3898	0000	300
		_monta_sd      		CODE           	286C	0000	518
		_command       		CODE           	4C8C	0000	90
		_proceed       		CODE           	5646	0000	12
		_wait_ready    		CODE           	523C	0000	54

bibliotecas/SDCard.c estimated size: 1046

C:\Program Files\Microchip\xc8\v2.30\pic\sources\c90\common\memcmp.c
		_memcmp        		CODE           	45EE	0000	146

C:\Program Files\Microchip\xc8\v2.30\pic\sources\c90\common\memcmp.c estimated size: 146

C:\Program Files\Microchip\xc8\v2.30\pic\sources\c90\common\memcpy.c
		_memcpy        		CODE           	50C2	0000	68

C:\Program Files\Microchip\xc8\v2.30\pic\sources\c90\common\memcpy.c estimated size: 68

bibliotecas/hardware.c
		_init_hardware 		CODE           	55C4	0000	22
		_config_timer_dois		CODE           	561E	0000	14
		_config_timer_zero		CODE           	55AA	0000	26
		_init_ports    		CODE           	558E	0000	28
		_write_timer_zero		CODE           	566A	0000	10
		_init_interrupt		CODE           	55DA	0000	18
		_init_oscilador		CODE           	5688	0000	8

bibliotecas/hardware.c estimated size: 126

shared
		mensagem_inicial@F3661		MEDIUMCONST    	60BF	0000	17
		__initialization		CODE           	42D4	0000	152
		_fence_diff_lat		MEDIUMCONST    	6093	0000	44
		mensagem_inicial@F3659		MEDIUMCONST    	60D0	0000	17
		i2_write_timer_zero		CODE           	567E	0000	10
		_fence_diff_long		MEDIUMCONST    	6063	0000	48

shared estimated size: 288

C:\Program Files\Microchip\xc8\v2.30\pic\sources\c90\common\Umul16.c
		___wmul        		CODE           	537C	0000	38

C:\Program Files\Microchip\xc8\v2.30\pic\sources\c90\common\Umul16.c estimated size: 38

C:\Program Files\Microchip\xc8\v2.30\pic\sources\c90\common\aldiv.c
		___aldiv       		CODE           	3FF6	0000	204

C:\Program Files\Microchip\xc8\v2.30\pic\sources\c90\common\aldiv.c estimated size: 204

bibliotecas/display_lcd.c
		_delay         		CODE           	5570	0000	30
		_init_lcd      		CODE           	4420	0000	158
		_endereco_cursor_lcd		CODE           	4AF6	0000	106
		_escreve_cmd_lcd		CODE           	4710	0000	140
		_posicao_cursor_lcd		CODE           	4C2E	0000	94
		_escreve_caractere_lcd		CODE           	4A14	0000	114
		_escreve_frase_ram_lcd		CODE           	4DE4	0000	82
		_escreve_inteiro_lcd		CODE           	5206	0000	54

bibliotecas/display_lcd.c estimated size: 778

main.c
		_main          		CODE           	52D4	0000	44
		_verifica_fence_externo		CODE           	49A0	0000	116
		_troca_de_tela 		CODE           	161E	0000	798
		_disparo_gravacao		CODE           	4FF6	0000	68
		_verifica_dados_operacionais		CODE           	569E	0000	2
		_isr           		CODE           	0008	0000	302
		_escalonador   		CODE           	437A	0000	166
		_mensagem_inicial		CODE           	492A	0000	118
		_inicializa_tarefas		CODE           	4B60	0000	104

main.c estimated size: 1718

bibliotecas/fence.c
		_calcula_diff_graus		CODE           	2C2E	0000	438
		_armazena_latitude		CODE           	53E8	0000	34
		_verifica_diferenca_minutos		CODE           	2A72	0000	444
		_armazena_longitude		CODE           	53C6	0000	34
		_verifica_plausibilidade_lat		CODE           	4224	0000	176
		_verifica_plausibilidade_long		CODE           	4174	0000	176
		_verifica_diferenca_graus		CODE           	2F9A	0000	436
		_calcula_diff_minutos		CODE           	3E40	0000	232

bibliotecas/fence.c estimated size: 1970

bibliotecas/GPS.c
		_GPSSecond     		CODE           	544E	0000	34
		_GPSHour       		CODE           	53A2	0000	36
		_GPSMinute     		CODE           	5492	0000	34
		_stringcpy     		CODE           	4FB0	0000	70
		_GPSDay        		CODE           	54B4	0000	34
		_Longitude     		CODE           	5534	0000	30
		_GPSMonth      		CODE           	5470	0000	34
		_fix           		CODE           	5674	0000	10
		_GPSyear       		CODE           	542C	0000	34
		_GPSRead       		CODE           	1C3C	0000	706
		_dados_gps_to_sd		CODE           	4D3C	0000	86
		_Latitude      		CODE           	5552	0000	30

bibliotecas/GPS.c estimated size: 1138

bibliotecas/tff.c
		_reserve_direntry		CODE           	2176	0000	622
		_sync          		CODE           	4E36	0000	82
		_remove_chain  		CODE           	44BE	0000	156
		_f_mount       		CODE           	4F20	0000	72
		_get_cluster   		CODE           	264A	0000	546
		_get_fattime   		CODE           	3742	0000	342
		_fputs         		CODE           	479C	0000	138
		_auto_mount    		CODE           	059C	0000	1352
		_create_chain  		CODE           	32F8	0000	396
		_f_lseek       		CODE           	0AE4	0000	1162
		_validate      		CODE           	4F68	0000	72
		_check_fs      		CODE           	4826	0000	130
		_fprintf       		CODE           	0F6E	0000	894
		_f_sync        		CODE           	3AEC	0000	292
		_trace_path    		CODE           	1EFE	0000	632
		_f_write       		CODE           	0012	0000	1418
		_fputc         		CODE           	518A	0000	64
		_put_cluster   		CODE           	23E4	0000	614
		_make_dirfile  		CODE           	35E8	0000	346
		_clust2sect    		CODE           	40C2	0000	178
		_f_open        		CODE           	12EC	0000	818
		_next_dir_entry		CODE           	3484	0000	356
		_f_close       		CODE           	532C	0000	42
		_move_window   		CODE           	314E	0000	426

bibliotecas/tff.c estimated size: 11150

C:\Program Files\Microchip\xc8\v2.30\pic\sources\c90\common\Umul32.c
		___lmul        		CODE           	4CE6	0000	86

C:\Program Files\Microchip\xc8\v2.30\pic\sources\c90\common\Umul32.c estimated size: 86

C:\Program Files\Microchip\xc8\v2.30\pic\sources\c90\common\strcat.c
		_strcat        		CODE           	507E	0000	68

C:\Program Files\Microchip\xc8\v2.30\pic\sources\c90\common\strcat.c estimated size: 68

