Microchip MPLAB XC8 Compiler V2.30

Linker command line:

-W-3 --edf=C:\Program Files\Microchip\xc8\v2.30\pic\dat\en_msgs.txt -cn \
  -h+dist/default/production\TCC_telemetria.X.production.sym \
  --cmf=dist/default/production\TCC_telemetria.X.production.cmf -z \
  -Q18F4550 -oC:\Users\Felipe\AppData\Local\Temp\s68kx2 \
  -Mdist/default/production/TCC_telemetria.X.production.map -E1 \
  -ver=XC8 Compiler -ASTACK=04DBh-07FFh -pstack=STACK -ACODE=00h-0627Fh \
  -ACONST=00h-0627Fh -ASMALLCONST=0800h-08FFhx90,06200h-0627Fh \
  -AMEDIUMCONST=0800h-0627Fh -ACOMRAM=01h-05Fh -AABS1=00h-07FFh \
  -ABIGRAM=01h-07FFh -ARAM=060h-0FFh,0100h-01FFhx7 -ABANK0=060h-0FFh \
  -ABANK1=0100h-01FFh -ABANK2=0200h-02FFh -ABANK3=0300h-03FFh \
  -ABANK4=0400h-04FFh -ABANK5=0500h-05FFh -ABANK6=0600h-06FFh \
  -ABANK7=0700h-07FFh -ASFR=0F60h-0FFFh -ACONFIG=0300000h-030000Dh \
  -AIDLOC=0200000h-0200007h -AEEDATA=0F00000h-0F000FFh -peeprom_data=EEDATA \
  -preset_vec=00h,intcode=08h,intcodelo,powerup,init -pramtop=0800h \
  -psmallconst=SMALLCONST -pmediumconst=MEDIUMCONST -pconst=CONST \
  -AFARRAM=00h-00h \
  -prdata=COMRAM,nvrram=COMRAM,nvbit=COMRAM,rbss=COMRAM,rbit=COMRAM \
  -pfarbss=FARRAM,fardata=FARRAM,nvFARRAM=FARRAM \
  -pintsave_regs=BIGRAM,bigbss=BIGRAM,bigdata=BIGRAM -pbss=RAM \
  -pidata=CODE,irdata=CODE,ibigdata=CODE,ifardata=CODE -prparam=COMRAM \
  C:\Users\Felipe\AppData\Local\Temp\s68kx8.obj \
  dist/default/production\TCC_telemetria.X.production.obj 

Object code version is 3.11

Machine type is 18F4550



                Name                               Link     Load   Length Selector   Space Scale
C:\Users\Felipe\AppData\Local\Temp\s68kx8.obj
                idloc                            200000   200000        8        0       5
                config                           300000   300000        E        0       4
                init                                  E        E        4        4       0
                reset_vec                             0        0        4        0       0
dist/default/production\TCC_telemetria.X.production.obj
                intcode                               8        8        6        4       0
                idloc                            200000   200000        8        0       5
                config                           300000   300000        E        0       4
                temp                                 47       47        1        1       1
                mediumconst                        608A     608A      1F6     3045       0
                text111                            4D22     4D22       4A        4       0
                text110                            4DFC     4DFC       46        4       0
                text109                            1C4A     1C4A      2C2        4       0
                text108                            53F8     53F8       12        4       0
                text107                            54AC     54AC        A        4       0
                intcode_body                       368E     368E      128        4       0
                text105                            5184     5184       2A        4       0
                text104                            3C1A     3C1A      10C        4       0
                text103                            4FCC     4FCC       3A        4       0
                text102                            5478     5478        C        4       0
                text101                            5446     5446        E        4       0
                text100                            52C8     52C8       22        4       0
                text99                             51FA     51FA       24        4       0
                text98                             52A6     52A6       22        4       0
                text97                             5284     5284       22        4       0
                text96                             5262     5262       22        4       0
                text95                             5240     5240       22        4       0
                text94                             3404     3404      156        4       0
                text93                             530A     530A       20        4       0
                text92                             546C     546C        C        4       0
                text91                             4F90     4F90       3C        4       0
                text90                             541A     541A       10        4       0
                text89                             503C     503C       36        4       0
                text88                             4AD6     4AD6       5A        4       0
                text87                             5460     5460        C        4       0
                text86                             5454     5454        C        4       0
                text85                             38DA     38DA      124        4       0
                text84                             48D0     48D0       70        4       0
                text83                             2AAC     2AAC      1B6        4       0
                text82                             4CD4     4CD4       4E        4       0
                text81                             2E10     2E10      1AA        4       0
                text80                             4C82     4C82       52        4       0
                text79                             540A     540A       10        4       0
                text78                             50A4     50A4       30        4       0
                text77                             4DB4     4DB4       48        4       0
                text76                             37B6     37B6      124        4       0
                text75                             515A     515A       2A        4       0
                text74                             4766     4766       82        4       0
                text73                             51D4     51D4       26        4       0
                text72                             288A     288A      222        4       0
                text71                             23F2     23F2      266        4       0
                text70                             2FBA     2FBA      18C        4       0
                text69                              AE4      AE4      48A        4       0
                text68                             4D6C     4D6C       48        4       0
                text67                             4B88     4B88       56        4       0
                text66                             4428     4428       92        4       0
                text65                             46E4     46E4       82        4       0
                text64                             5348     5348       1E        4       0
                text63                             485E     485E       72        4       0
                text62                             4C30     4C30       52        4       0
                text61                             4940     4940       6A        4       0
                text60                             4A78     4A78       5E        4       0
                text59                             44BA     44BA       90        4       0
                text58                             194A     194A      300        4       0
                text57                             51AE     51AE       26        4       0
                text56                             512E     512E       2C        4       0
                text55                              59C      59C      548        4       0
                text54                             4ECA     4ECA       44        4       0
                text53                             42F8     42F8       9C        4       0
                text52                             3FA8     3FA8       B2        4       0
                text51                             3146     3146      164        4       0
                text50                             2184     2184      26E        4       0
                text49                             32AA     32AA      15A        4       0
                text48                             1F0C     1F0C      278        4       0
                text47                             12EC     12EC      332        4       0
                text46                             4A12     4A12       66        4       0
                text45                               12       12      58A        4       0
                text44                             4F50     4F50       40        4       0
                text43                             45D6     45D6       8A        4       0
                text42                              F6E      F6E      37E        4       0
                text41                             52EA     52EA       20        4       0
                text40                             3EDC     3EDC       CC        4       0
                text39                             3B0E     3B0E      10C        4       0
                text38                             521E     521E       22        4       0
                text37                             4E86     4E86       44        4       0
                text36                             50D4     50D4       2E        4       0
                text35                             39FE     39FE      110        4       0
                text34                             54A2     54A2        A        4       0
                text33                             5498     5498        A        4       0
                text32                             548E     548E        A        4       0
                text31                             454A     454A       8C        4       0
                text30                             4BDE     4BDE       52        4       0
                text29                             4F0E     4F0E       42        4       0
                text28                             4394     4394       94        4       0
                text27                             5072     5072       32        4       0
                text26                             5006     5006       36        4       0
                text25                             53B6     53B6       1A        4       0
                text24                             539C     539C       1A        4       0
                text23                             532A     532A       1E        4       0
                text22                             3E0E     3E0E       CE        4       0
                text21                             355A     355A      134        4       0
                text20                             3D26     3D26       E8        4       0
                text19                             2C62     2C62      1AE        4       0
                text18                             2658     2658      232        4       0
                text17                             410A     410A       AA        4       0
                text16                             405A     405A       B0        4       0
                text15                             4B30     4B30       58        4       0
                text14                             54BE     54BE        2        4       0
                text13                             4E42     4E42       44        4       0
                text12                             161E     161E      32C        4       0
                text11                             41B4     41B4       A6        4       0
                text10                             49AA     49AA       68        4       0
                text9                              5438     5438        E        4       0
                text8                              5484     5484        A        4       0
                text7                              5382     5382       1A        4       0
                text6                              53E6     53E6       12        4       0
                text5                              54B6     54B6        8        4       0
                text4                              5366     5366       1C        4       0
                text3                              53D0     53D0       16        4       0
                text2                              425A     425A       9E        4       0
                text1                              47E8     47E8       76        4       0
                text0                              5102     5102       2C        4       0
                cstackCOMRAM                          1        1       32        1       1
                cstackBANK0                          60       60       96       60       1
                cstackBANK2                         28B      28B       22      200       1
                bssBIGRAM                           2BB      2BB      220      2BB       1
                dataBANK2                           2AD      2AD        E      200       1
                bssBANK2                            200      200       8B      200       1
                bssBANK1                            100      100       FA      100       1
                bssBANK0                             F6       F6        8       60       1
                dataCOMRAM                           46       46        1        1       1
                bssCOMRAM                            33       33       13        1       1
                cinit                              4660     4660       84        4       0
                idataBANK2                         542A     542A        E        4       0
                idataCOMRAM                        54C0     54C0        1        4       0

TOTAL           Name                               Link     Load   Length     Space
        CLASS   STACK          

        CLASS   CODE           
                intcode                               8        8        6         0
                init                                  E        E        4         0
                reset_vec                             0        0        4         0
                text111                            4D22     4D22       4A         0
                text110                            4DFC     4DFC       46         0
                text109                            1C4A     1C4A      2C2         0
                text108                            53F8     53F8       12         0
                text107                            54AC     54AC        A         0
                intcode_body                       368E     368E      128         0
                text105                            5184     5184       2A         0
                text104                            3C1A     3C1A      10C         0
                text103                            4FCC     4FCC       3A         0
                text102                            5478     5478        C         0
                text101                            5446     5446        E         0
                text100                            52C8     52C8       22         0
                text99                             51FA     51FA       24         0
                text98                             52A6     52A6       22         0
                text97                             5284     5284       22         0
                text96                             5262     5262       22         0
                text95                             5240     5240       22         0
                text94                             3404     3404      156         0
                text93                             530A     530A       20         0
                text92                             546C     546C        C         0
                text91                             4F90     4F90       3C         0
                text90                             541A     541A       10         0
                text89                             503C     503C       36         0
                text88                             4AD6     4AD6       5A         0
                text87                             5460     5460        C         0
                text86                             5454     5454        C         0
                text85                             38DA     38DA      124         0
                text84                             48D0     48D0       70         0
                text83                             2AAC     2AAC      1B6         0
                text82                             4CD4     4CD4       4E         0
                text81                             2E10     2E10      1AA         0
                text80                             4C82     4C82       52         0
                text79                             540A     540A       10         0
                text78                             50A4     50A4       30         0
                text77                             4DB4     4DB4       48         0
                text76                             37B6     37B6      124         0
                text75                             515A     515A       2A         0
                text74                             4766     4766       82         0
                text73                             51D4     51D4       26         0
                text72                             288A     288A      222         0
                text71                             23F2     23F2      266         0
                text70                             2FBA     2FBA      18C         0
                text69                              AE4      AE4      48A         0
                text68                             4D6C     4D6C       48         0
                text67                             4B88     4B88       56         0
                text66                             4428     4428       92         0
                text65                             46E4     46E4       82         0
                text64                             5348     5348       1E         0
                text63                             485E     485E       72         0
                text62                             4C30     4C30       52         0
                text61                             4940     4940       6A         0
                text60                             4A78     4A78       5E         0
                text59                             44BA     44BA       90         0
                text58                             194A     194A      300         0
                text57                             51AE     51AE       26         0
                text56                             512E     512E       2C         0
                text55                              59C      59C      548         0
                text54                             4ECA     4ECA       44         0
                text53                             42F8     42F8       9C         0
                text52                             3FA8     3FA8       B2         0
                text51                             3146     3146      164         0
                text50                             2184     2184      26E         0
                text49                             32AA     32AA      15A         0
                text48                             1F0C     1F0C      278         0
                text47                             12EC     12EC      332         0
                text46                             4A12     4A12       66         0
                text45                               12       12      58A         0
                text44                             4F50     4F50       40         0
                text43                             45D6     45D6       8A         0
                text42                              F6E      F6E      37E         0
                text41                             52EA     52EA       20         0
                text40                             3EDC     3EDC       CC         0
                text39                             3B0E     3B0E      10C         0
                text38                             521E     521E       22         0
                text37                             4E86     4E86       44         0
                text36                             50D4     50D4       2E         0
                text35                             39FE     39FE      110         0
                text34                             54A2     54A2        A         0
                text33                             5498     5498        A         0
                text32                             548E     548E        A         0
                text31                             454A     454A       8C         0
                text30                             4BDE     4BDE       52         0
                text29                             4F0E     4F0E       42         0
                text28                             4394     4394       94         0
                text27                             5072     5072       32         0
                text26                             5006     5006       36         0
                text25                             53B6     53B6       1A         0
                text24                             539C     539C       1A         0
                text23                             532A     532A       1E         0
                text22                             3E0E     3E0E       CE         0
                text21                             355A     355A      134         0
                text20                             3D26     3D26       E8         0
                text19                             2C62     2C62      1AE         0
                text18                             2658     2658      232         0
                text17                             410A     410A       AA         0
                text16                             405A     405A       B0         0
                text15                             4B30     4B30       58         0
                text14                             54BE     54BE        2         0
                text13                             4E42     4E42       44         0
                text12                             161E     161E      32C         0
                text11                             41B4     41B4       A6         0
                text10                             49AA     49AA       68         0
                text9                              5438     5438        E         0
                text8                              5484     5484        A         0
                text7                              5382     5382       1A         0
                text6                              53E6     53E6       12         0
                text5                              54B6     54B6        8         0
                text4                              5366     5366       1C         0
                text3                              53D0     53D0       16         0
                text2                              425A     425A       9E         0
                text1                              47E8     47E8       76         0
                text0                              5102     5102       2C         0
                cinit                              4660     4660       84         0
                idataBANK2                         542A     542A        E         0
                idataCOMRAM                        54C0     54C0        1         0

        CLASS   CONST          

        CLASS   SMALLCONST     

        CLASS   MEDIUMCONST    
                mediumconst                        608A     608A      1F6         0

        CLASS   COMRAM         
                temp                                 47       47        1         1
                cstackCOMRAM                          1        1       32         1
                dataCOMRAM                           46       46        1         1
                bssCOMRAM                            33       33       13         1

        CLASS   ABS1           

        CLASS   BIGRAM         
                bssBIGRAM                           2BB      2BB      220         1

        CLASS   RAM            

        CLASS   BANK0          
                cstackBANK0                          60       60       96         1
                bssBANK0                             F6       F6        8         1

        CLASS   BANK1          
                bssBANK1                            100      100       FA         1

        CLASS   BANK2          
                cstackBANK2                         28B      28B       22         1
                dataBANK2                           2AD      2AD        E         1
                bssBANK2                            200      200       8B         1

        CLASS   BANK3          

        CLASS   BANK4          

        CLASS   BANK5          

        CLASS   BANK6          

        CLASS   BANK7          

        CLASS   SFR            

        CLASS   CONFIG         
                config                           300000   300000        E         4

        CLASS   IDLOC          
                idloc                            200000   200000        8         5

        CLASS   EEDATA         

        CLASS   FARRAM         



SEGMENTS        Name                           Load    Length   Top    Selector   Space  Class

                reset_vec                      000000  000004  000004         0       0  CODE    
                cstackCOMRAM                   000001  000047  000048         1       1  COMRAM  
                intcode                        000008  0054B9  0054C1         4       0  CODE    
                cstackBANK0                    000060  00009E  0000FE        60       1  BANK0   
                bssBANK1                       000100  0000FA  0001FA       100       1  BANK1   
                bssBANK2                       000200  0000BB  0002BB       200       1  BANK2   
                bssBIGRAM                      0002BB  000220  0004DB       2BB       1  BIGRAM  
                mediumconst                    00608A  0001F6  006280      3045       0  MEDIUMCO


UNUSED ADDRESS RANGES

        Name                Unused          Largest block    Delta
        BANK0            0000FE-0000FF                2
        BANK1            0001FA-0001FF                6
        BANK4            0004DB-0004FF               25
        BANK5            000500-0005FF              100
        BANK6            000600-0006FF              100
        BANK7            000700-0007FF              100
        BIGRAM           000048-00005F               18
                         0000FE-0000FF                2
                         0001FA-0001FF                6
                         0004DB-0007FF              325
        CODE             000004-000007                4
                         0054C1-006089              BC9
        COMRAM           000048-00005F               18
        CONST            000004-000007                4
                         0054C1-006089              BC9
        EEDATA           F00000-F000FF              100
        MEDIUMCONST      0054C1-006089              BC9
        RAM              0000FE-0000FF                2
                         0001FA-0001FF                6
                         0004DB-0007FF              100
        SFR              000F60-000FFF               A0
        SMALLCONST       0054C1-006089              100
        STACK            0004DB-0007FF              325

                                  Symbol Table

?_GPSDay                                    cstackCOMRAM 000019
?_GPSHour                                   cstackCOMRAM 000019
?_GPSMinute                                 cstackCOMRAM 000019
?_GPSMonth                                  cstackCOMRAM 000019
?_GPSSecond                                 cstackCOMRAM 000019
?_GPSyear                                   cstackCOMRAM 000019
?_Latitude                                  cstackCOMRAM 000019
?_Longitude                                 cstackCOMRAM 000019
?___aldiv                                   cstackCOMRAM 000019
?___lldiv                                   cstackCOMRAM 000019
?___llmod                                   cstackCOMRAM 000019
?___lmul                                    cstackCOMRAM 000019
?___lwdiv                                   cstackCOMRAM 000019
?___lwmod                                   cstackCOMRAM 000019
?___wmul                                    cstackCOMRAM 000019
?_atoi                                      cstackCOMRAM 00001F
?_clust2sect                                cstackCOMRAM 000025
?_create_chain                              cstackBANK0  0000A0
?_fix                                       cstackCOMRAM 000019
?_fprintf                                   cstackBANK0  0000DA
?_fputc                                     cstackBANK0  0000CC
?_fputs                                     cstackBANK0  0000D3
?_get_cluster                               cstackCOMRAM 000031
?_get_fattime                               cstackCOMRAM 00001D
?_memcmp                                    cstackCOMRAM 000019
?_strcmp                                    cstackCOMRAM 000001
?_strlen                                    cstackCOMRAM 000019
GPSRead@buff                                cstackCOMRAM 00000A
GPSRead@c                                   cstackCOMRAM 00000B
_ADCON1                                     (abs)        000FC1
_BRGH                                       (abs)        007D62
_CREN                                       (abs)        007D5C
_FatFs                                      bssCOMRAM    000038
_GPGGA_ok                                   bssBANK1     00011C
_GPRMC_ok                                   bssBANK1     00011E
_GPSDay                                     text100      0052C8
_GPSHour                                    text99       0051FA
_GPSMinute                                  text98       0052A6
_GPSMonth                                   text97       005284
_GPSRead                                    text109      001C4A
_GPSSecond                                  text96       005262
_GPSyear                                    text95       005240
_INT0IE                                     (abs)        007F94
_INT0IF                                     (abs)        007F91
_INTCON                                     (abs)        000FF2
_INTCON2                                    (abs)        000FF1
_INTCON3                                    (abs)        000FF0
_INTCONbits                                 (abs)        000FF2
_LATB                                       (abs)        000F8A
_LATBbits                                   (abs)        000F8A
_LATCbits                                   (abs)        000F8B
_Latitude                                   text33       005498
_Longitude                                  text32       00548E
_OSCCONbits                                 (abs)        000FD3
_PCL                                        (abs)        000FF9
_PCLATH                                     (abs)        000FFA
_PIE1                                       (abs)        000F9D
_PIE1bits                                   (abs)        000F9D
_PIR1bits                                   (abs)        000F9E
_PORTBbits                                  (abs)        000F81
_PORTDbits                                  (abs)        000F83
_PORTEbits                                  (abs)        000F84
_PR2                                        (abs)        000FCB
_RCIF                                       (abs)        007CF5
_RCREG                                      (abs)        000FAE
_RCSTA                                      (abs)        000FAB
_RCSTAbits                                  (abs)        000FAB
_SPBRG                                      (abs)        000FAF
_SPEN                                       (abs)        007D5F
_SPPCFG                                     (abs)        000F63
_SPPCON                                     (abs)        000F65
_SSPBUF                                     (abs)        000FC9
_SSPCON1                                    (abs)        000FC6
_SSPCON1bits                                (abs)        000FC6
_SSPSTAT                                    (abs)        000FC7
_SSPSTATbits                                (abs)        000FC7
_SYNC                                       (abs)        007D64
_SentenceType                               bssCOMRAM    000044
_T0CON                                      (abs)        000FD5
_T0CONbits                                  (abs)        000FD5
_T0IF                                       (abs)        007F92
_T2CON                                      (abs)        000FCA
_TMR0                                       (abs)        000FD6
_TMR0IF                                     (abs)        007F92
_TMR2                                       (abs)        000FCC
_TRISA                                      (abs)        000F92
_TRISB                                      (abs)        000F93
_TRISBbits                                  (abs)        000F93
_TRISC                                      (abs)        000F94
_TRISCbits                                  (abs)        000F94
_TRISD                                      (abs)        000F95
_TRISDbits                                  (abs)        000F95
_TRISE                                      (abs)        000F96
_TXEN                                       (abs)        007D65
_TXSTA                                      (abs)        000FAC
_Term                                       bssCOMRAM    000043
__HRAM                                      (abs)        000000
__Habs1                                     abs1         000000
__Hbank0                                    bank0        000000
__Hbank1                                    bank1        000000
__Hbank2                                    bank2        000000
__Hbank3                                    bank3        000000
__Hbank4                                    bank4        000000
__Hbank5                                    bank5        000000
__Hbank6                                    bank6        000000
__Hbank7                                    bank7        000000
__Hbigbss                                   bigbss       000000
__Hbigdata                                  bigdata      000000
__Hbigram                                   bigram       000000
__Hbss                                      bss          000000
__HbssBANK0                                 bssBANK0     000000
__HbssBANK1                                 bssBANK1     000000
__HbssBANK2                                 bssBANK2     000000
__HbssBIGRAM                                bssBIGRAM    000000
__HbssCOMRAM                                bssCOMRAM    000000
__Hcinit                                    cinit        000000
__Hclrtext                                  clrtext      000000
__Hcomram                                   comram       000000
__Hconfig                                   config       30000E
__Hconst                                    const        000000
__HcstackBANK0                              cstackBANK0  000000
__HcstackBANK2                              cstackBANK2  000000
__HcstackCOMRAM                             cstackCOMRAM 000000
__Hdata                                     data         000000
__HdataBANK2                                dataBANK2    000000
__HdataCOMRAM                               dataCOMRAM   000000
__Heeprom_data                              eeprom_data  000000
__Hfarbss                                   farbss       000000
__Hfardata                                  fardata      000000
__Hibigdata                                 ibigdata     000000
__Hidata                                    idata        000000
__HidataBANK2                               idataBANK2   000000
__HidataCOMRAM                              idataCOMRAM  000000
__Hidloc                                    idloc        200008
__Hifardata                                 ifardata     000000
__Hinit                                     init         000012
__Hintcode                                  intcode      00000E
__Hintcode_body                             intcode_body 000000
__Hintcodelo                                intcodelo    00000E
__Hintentry                                 intentry     000000
__Hintret                                   intret       000000
__Hintsave_regs                             intsave_regs 000000
__Hirdata                                   irdata       000000
__Hmediumconst                              mediumconst  006280
__HnvFARRAM                                 nvFARRAM     000000
__Hnvbit                                    nvbit        000000
__Hnvrram                                   nvrram       000000
__Hparam                                    rparam       000000
__Hpowerup                                  powerup      00000E
__Hram                                      ram          000000
__Hramtop                                   ramtop       000800
__Hrbit                                     rbit         000000
__Hrbss                                     rbss         000000
__Hrdata                                    rdata        000000
__Hreset_vec                                reset_vec    000004
__Hrparam                                   rparam       000000
__Hsfr                                      sfr          000000
__Hsmallconst                               smallconst   000000
__Hspace_0                                  (abs)        006280
__Hspace_1                                  (abs)        0004DB
__Hspace_2                                  (abs)        000000
__Hspace_4                                  (abs)        60000E
__Hstack                                    stack        000000
__Hstruct                                   struct       000000
__Htemp                                     temp         000048
__Htext                                     text         000000
__Htext0                                    text0        000000
__Htext1                                    text1        000000
__Htext10                                   text10       000000
__Htext100                                  text100      000000
__Htext101                                  text101      000000
__Htext102                                  text102      000000
__Htext103                                  text103      000000
__Htext104                                  text104      000000
__Htext105                                  text105      000000
__Htext107                                  text107      000000
__Htext108                                  text108      000000
__Htext109                                  text109      000000
__Htext11                                   text11       000000
__Htext110                                  text110      000000
__Htext111                                  text111      000000
__Htext112                                  text112      000000
__Htext12                                   text12       000000
__Htext13                                   text13       000000
__Htext14                                   text14       000000
__Htext15                                   text15       000000
__Htext16                                   text16       000000
__Htext17                                   text17       000000
__Htext18                                   text18       000000
__Htext19                                   text19       000000
__Htext2                                    text2        000000
__Htext20                                   text20       000000
__Htext21                                   text21       000000
__Htext22                                   text22       000000
__Htext23                                   text23       000000
__Htext24                                   text24       000000
__Htext25                                   text25       000000
__Htext26                                   text26       000000
__Htext27                                   text27       000000
__Htext28                                   text28       000000
__Htext29                                   text29       000000
__Htext3                                    text3        000000
__Htext30                                   text30       000000
__Htext31                                   text31       000000
__Htext32                                   text32       000000
__Htext33                                   text33       000000
__Htext34                                   text34       000000
__Htext35                                   text35       000000
__Htext36                                   text36       000000
__Htext37                                   text37       000000
__Htext38                                   text38       000000
__Htext39                                   text39       000000
__Htext4                                    text4        000000
__Htext40                                   text40       000000
__Htext41                                   text41       000000
__Htext42                                   text42       000000
__Htext43                                   text43       000000
__Htext44                                   text44       000000
__Htext45                                   text45       000000
__Htext46                                   text46       000000
__Htext47                                   text47       000000
__Htext48                                   text48       000000
__Htext49                                   text49       000000
__Htext5                                    text5        000000
__Htext50                                   text50       000000
__Htext51                                   text51       000000
__Htext52                                   text52       000000
__Htext53                                   text53       000000
__Htext54                                   text54       000000
__Htext55                                   text55       000000
__Htext56                                   text56       000000
__Htext57                                   text57       000000
__Htext58                                   text58       000000
__Htext59                                   text59       000000
__Htext6                                    text6        000000
__Htext60                                   text60       000000
__Htext61                                   text61       000000
__Htext62                                   text62       000000
__Htext63                                   text63       000000
__Htext64                                   text64       000000
__Htext65                                   text65       000000
__Htext66                                   text66       000000
__Htext67                                   text67       000000
__Htext68                                   text68       000000
__Htext69                                   text69       000000
__Htext7                                    text7        000000
__Htext70                                   text70       000000
__Htext71                                   text71       000000
__Htext72                                   text72       000000
__Htext73                                   text73       000000
__Htext74                                   text74       000000
__Htext75                                   text75       000000
__Htext76                                   text76       000000
__Htext77                                   text77       000000
__Htext78                                   text78       000000
__Htext79                                   text79       000000
__Htext8                                    text8        000000
__Htext80                                   text80       000000
__Htext81                                   text81       000000
__Htext82                                   text82       000000
__Htext83                                   text83       000000
__Htext84                                   text84       000000
__Htext85                                   text85       000000
__Htext86                                   text86       000000
__Htext87                                   text87       000000
__Htext88                                   text88       000000
__Htext89                                   text89       000000
__Htext9                                    text9        000000
__Htext90                                   text90       000000
__Htext91                                   text91       000000
__Htext92                                   text92       000000
__Htext93                                   text93       000000
__Htext94                                   text94       000000
__Htext95                                   text95       000000
__Htext96                                   text96       000000
__Htext97                                   text97       000000
__Htext98                                   text98       000000
__Htext99                                   text99       000000
__LRAM                                      (abs)        000001
__Labs1                                     abs1         000000
__Lbank0                                    bank0        000000
__Lbank1                                    bank1        000000
__Lbank2                                    bank2        000000
__Lbank3                                    bank3        000000
__Lbank4                                    bank4        000000
__Lbank5                                    bank5        000000
__Lbank6                                    bank6        000000
__Lbank7                                    bank7        000000
__Lbigbss                                   bigbss       000000
__Lbigdata                                  bigdata      000000
__Lbigram                                   bigram       000000
__Lbss                                      bss          000000
__LbssBANK0                                 bssBANK0     000000
__LbssBANK1                                 bssBANK1     000000
__LbssBANK2                                 bssBANK2     000000
__LbssBIGRAM                                bssBIGRAM    000000
__LbssCOMRAM                                bssCOMRAM    000000
__Lcinit                                    cinit        000000
__Lclrtext                                  clrtext      000000
__Lcomram                                   comram       000000
__Lconfig                                   config       000000
__Lconst                                    const        000000
__LcstackBANK0                              cstackBANK0  000000
__LcstackBANK2                              cstackBANK2  000000
__LcstackCOMRAM                             cstackCOMRAM 000000
__Ldata                                     data         000000
__LdataBANK2                                dataBANK2    000000
__LdataCOMRAM                               dataCOMRAM   000000
__Leeprom_data                              eeprom_data  000000
__Lfarbss                                   farbss       000000
__Lfardata                                  fardata      000000
__Libigdata                                 ibigdata     000000
__Lidata                                    idata        000000
__LidataBANK2                               idataBANK2   000000
__LidataCOMRAM                              idataCOMRAM  000000
__Lidloc                                    idloc        000000
__Lifardata                                 ifardata     000000
__Linit                                     init         00000E
__Lintcode                                  intcode      000008
__Lintcode_body                             intcode_body 000000
__Lintcodelo                                intcodelo    00000E
__Lintentry                                 intentry     000000
__Lintret                                   intret       000000
__Lintsave_regs                             intsave_regs 000000
__Lirdata                                   irdata       000000
__Lmediumconst                              mediumconst  00608A
__LnvFARRAM                                 nvFARRAM     000000
__Lnvbit                                    nvbit        000000
__Lnvrram                                   nvrram       000000
__Lparam                                    rparam       000000
__Lpowerup                                  powerup      00000E
__Lram                                      ram          000000
__Lramtop                                   ramtop       000800
__Lrbit                                     rbit         000000
__Lrbss                                     rbss         000000
__Lrdata                                    rdata        000000
__Lreset_vec                                reset_vec    000000
__Lrparam                                   rparam       000000
__Lsfr                                      sfr          000000
__Lsmallconst                               smallconst   000000
__Lspace_0                                  (abs)        000000
__Lspace_1                                  (abs)        000000
__Lspace_2                                  (abs)        000000
__Lspace_4                                  (abs)        000000
__Lstack                                    stack        000000
__Lstruct                                   struct       000000
__Ltemp                                     temp         000047
__Ltext                                     text         000000
__Ltext0                                    text0        000000
__Ltext1                                    text1        000000
__Ltext10                                   text10       000000
__Ltext100                                  text100      000000
__Ltext101                                  text101      000000
__Ltext102                                  text102      000000
__Ltext103                                  text103      000000
__Ltext104                                  text104      000000
__Ltext105                                  text105      000000
__Ltext107                                  text107      000000
__Ltext108                                  text108      000000
__Ltext109                                  text109      000000
__Ltext11                                   text11       000000
__Ltext110                                  text110      000000
__Ltext111                                  text111      000000
__Ltext112                                  text112      000000
__Ltext12                                   text12       000000
__Ltext13                                   text13       000000
__Ltext14                                   text14       000000
__Ltext15                                   text15       000000
__Ltext16                                   text16       000000
__Ltext17                                   text17       000000
__Ltext18                                   text18       000000
__Ltext19                                   text19       000000
__Ltext2                                    text2        000000
__Ltext20                                   text20       000000
__Ltext21                                   text21       000000
__Ltext22                                   text22       000000
__Ltext23                                   text23       000000
__Ltext24                                   text24       000000
__Ltext25                                   text25       000000
__Ltext26                                   text26       000000
__Ltext27                                   text27       000000
__Ltext28                                   text28       000000
__Ltext29                                   text29       000000
__Ltext3                                    text3        000000
__Ltext30                                   text30       000000
__Ltext31                                   text31       000000
__Ltext32                                   text32       000000
__Ltext33                                   text33       000000
__Ltext34                                   text34       000000
__Ltext35                                   text35       000000
__Ltext36                                   text36       000000
__Ltext37                                   text37       000000
__Ltext38                                   text38       000000
__Ltext39                                   text39       000000
__Ltext4                                    text4        000000
__Ltext40                                   text40       000000
__Ltext41                                   text41       000000
__Ltext42                                   text42       000000
__Ltext43                                   text43       000000
__Ltext44                                   text44       000000
__Ltext45                                   text45       000000
__Ltext46                                   text46       000000
__Ltext47                                   text47       000000
__Ltext48                                   text48       000000
__Ltext49                                   text49       000000
__Ltext5                                    text5        000000
__Ltext50                                   text50       000000
__Ltext51                                   text51       000000
__Ltext52                                   text52       000000
__Ltext53                                   text53       000000
__Ltext54                                   text54       000000
__Ltext55                                   text55       000000
__Ltext56                                   text56       000000
__Ltext57                                   text57       000000
__Ltext58                                   text58       000000
__Ltext59                                   text59       000000
__Ltext6                                    text6        000000
__Ltext60                                   text60       000000
__Ltext61                                   text61       000000
__Ltext62                                   text62       000000
__Ltext63                                   text63       000000
__Ltext64                                   text64       000000
__Ltext65                                   text65       000000
__Ltext66                                   text66       000000
__Ltext67                                   text67       000000
__Ltext68                                   text68       000000
__Ltext69                                   text69       000000
__Ltext7                                    text7        000000
__Ltext70                                   text70       000000
__Ltext71                                   text71       000000
__Ltext72                                   text72       000000
__Ltext73                                   text73       000000
__Ltext74                                   text74       000000
__Ltext75                                   text75       000000
__Ltext76                                   text76       000000
__Ltext77                                   text77       000000
__Ltext78                                   text78       000000
__Ltext79                                   text79       000000
__Ltext8                                    text8        000000
__Ltext80                                   text80       000000
__Ltext81                                   text81       000000
__Ltext82                                   text82       000000
__Ltext83                                   text83       000000
__Ltext84                                   text84       000000
__Ltext85                                   text85       000000
__Ltext86                                   text86       000000
__Ltext87                                   text87       000000
__Ltext88                                   text88       000000
__Ltext89                                   text89       000000
__Ltext9                                    text9        000000
__Ltext90                                   text90       000000
__Ltext91                                   text91       000000
__Ltext92                                   text92       000000
__Ltext93                                   text93       000000
__Ltext94                                   text94       000000
__Ltext95                                   text95       000000
__Ltext96                                   text96       000000
__Ltext97                                   text97       000000
__Ltext98                                   text98       000000
__Ltext99                                   text99       000000
__S0                                        (abs)        006280
__S1                                        (abs)        0004DB
__S2                                        (abs)        000000
__S4                                        (abs)        000000
__S5                                        (abs)        000000
___aldiv                                    text40       003EDC
___aldiv@counter                            cstackCOMRAM 000021
___aldiv@dividend                           cstackCOMRAM 000019
___aldiv@divisor                            cstackCOMRAM 00001D
___aldiv@quotient                           cstackCOMRAM 000023
___aldiv@sign                               cstackCOMRAM 000022
___inthi_sp                                 stack        000000
___intlo_sp                                 stack        000000
___lldiv                                    text74       004766
___lldiv@counter                            cstackCOMRAM 000025
___lldiv@dividend                           cstackCOMRAM 000019
___lldiv@divisor                            cstackCOMRAM 00001D
___lldiv@quotient                           cstackCOMRAM 000021
___llmod                                    text46       004A12
___llmod@counter                            cstackCOMRAM 000021
___llmod@dividend                           cstackCOMRAM 000019
___llmod@divisor                            cstackCOMRAM 00001D
___lmul                                     text67       004B88
___lmul@multiplicand                        cstackCOMRAM 00001D
___lmul@multiplier                          cstackCOMRAM 000019
___lmul@product                             cstackCOMRAM 000021
___lwdiv                                    text30       004BDE
___lwdiv@counter                            cstackCOMRAM 00001D
___lwdiv@dividend                           cstackCOMRAM 000019
___lwdiv@divisor                            cstackCOMRAM 00001B
___lwdiv@quotient                           cstackCOMRAM 00001E
___lwmod                                    text29       004F0E
___lwmod@counter                            cstackCOMRAM 00001D
___lwmod@dividend                           cstackCOMRAM 000019
___lwmod@divisor                            cstackCOMRAM 00001B
___param_bank                               (abs)        000000
___rparam_used                              (abs)        000001
___sp                                       stack        000000
___wmul                                     text73       0051D4
___wmul@multiplicand                        cstackCOMRAM 00001B
___wmul@multiplier                          cstackCOMRAM 000019
___wmul@product                             cstackCOMRAM 00001D
__accesstop                                 (abs)        000060
__activetblptr                              (abs)        000002
__end_of_GPSDay                             text100      0052EA
__end_of_GPSHour                            text99       00521E
__end_of_GPSMinute                          text98       0052C8
__end_of_GPSMonth                           text97       0052A6
__end_of_GPSRead                            text109      001F0C
__end_of_GPSSecond                          text96       005284
__end_of_GPSyear                            text95       005262
__end_of_Latitude                           text33       0054A2
__end_of_Longitude                          text32       005498
__end_of___aldiv                            text40       003FA8
__end_of___lldiv                            text74       0047E8
__end_of___llmod                            text46       004A78
__end_of___lmul                             text67       004BDE
__end_of___lwdiv                            text30       004C30
__end_of___lwmod                            text29       004F50
__end_of___wmul                             text73       0051FA
__end_of__initialization                    cinit        0046D6
__end_of_armazena_latitude                  text25       0053D0
__end_of_armazena_longitude                 text24       0053B6
__end_of_atoi                               text22       003EDC
__end_of_auto_mount                         text55       000AE4
__end_of_calcula_diff_graus                 text21       00368E
__end_of_calcula_diff_minutos               text20       003E0E
__end_of_check_fs                           text65       004766
__end_of_clust2sect                         text52       00405A
__end_of_command                            text88       004B30
__end_of_config_timer_dois                  text9        005446
__end_of_config_timer_zero                  text7        00539C
__end_of_configura_baudrate_uart            text39       003C1A
__end_of_create_chain                       text70       003146
__end_of_dados_gps_to_sd                    text103      005006
__end_of_delay                              text64       005366
__end_of_desliga_SPI                        text102      005484
__end_of_desliga_uart                       text101      005454
__end_of_disk_initialize                    text57       0051D4
__end_of_disk_ioctl                         text93       00532A
__end_of_disk_read                          text84       004940
__end_of_disk_status                        text78       0050D4
__end_of_disk_write                         text82       004D22
__end_of_disparo_gravacao                   text13       004E86
__end_of_dummy_clocks                       text91       004FCC
__end_of_endereco_cursor_lcd                text61       0049AA
__end_of_escalonador                        text11       00425A
__end_of_escreve_SPI                        text90       00542A
__end_of_escreve_caractere_lcd              text63       0048D0
__end_of_escreve_cmd_lcd                    text31       0045D6
__end_of_escreve_frase_ram_lcd              text62       004C82
__end_of_escreve_inteiro_lcd                text26       00503C
__end_of_escrita_sdcard                     text35       003B0E
__end_of_f_close                            text75       005184
__end_of_f_lseek                            text69       000F6E
__end_of_f_mount                            text68       004DB4
__end_of_f_open                             text47       00161E
__end_of_f_sync                             text76       0038DA
__end_of_f_write                            text45       00059C
__end_of_fence_diff_lat                     mediumconst  0060E7
__end_of_fence_diff_long                    mediumconst  0060BB
__end_of_fix                                text34       0054AC
__end_of_fprintf                            text42       0012EC
__end_of_fputc                              text44       004F90
__end_of_fputs                              text43       004660
__end_of_get_cluster                        text72       002AAC
__end_of_get_fattime                        text94       00355A
__end_of_inicializa_SPI                     text41       00530A
__end_of_inicializa_tarefas                 text10       004A12
__end_of_inicializa_uart                    text38       005240
__end_of_init_hardware                      text3        0053E6
__end_of_init_interrupt                     text6        0053F8
__end_of_init_lcd                           text2        0042F8
__end_of_init_oscilador                     text5        0054BE
__end_of_init_ports                         text4        005382
__end_of_isdigit                            text23       005348
__end_of_isr                                intcode_body 0037B6
__end_of_itoa                               text27       0050A4
__end_of_leitura_SPI                        text92       005478
__end_of_main                               text0        00512E
__end_of_make_dirfile                       text49       003404
__end_of_memcmp                             text66       0044BA
__end_of_memcpy                             text54       004F0E
__end_of_memset                             text56       00515A
__end_of_mensagem_inicial                   text1        00485E
__end_of_monta_sd                           text104      003D26
__end_of_move_window                        text81       002FBA
__end_of_next_dir_entry                     text51       0032AA
__end_of_posicao_cursor_lcd                 text60       004AD6
__end_of_proceed                            text87       00546C
__end_of_put_cluster                        text71       002658
__end_of_recebe_dado_uart                   text108      00540A
__end_of_remove_chain                       text53       004394
__end_of_reserve_direntry                   text50       0023F2
__end_of_response                           text86       005460
__end_of_sdc_disk_initialize                text58       001C4A
__end_of_sdc_disk_read                      text85       0039FE
__end_of_sdc_disk_status                    text79       00541A
__end_of_sdc_disk_write                     text83       002C62
__end_of_sdc_reset                          text59       00454A
__end_of_strcat                             text37       004ECA
__end_of_strcmp                             text111      004D6C
__end_of_strcpy                             text36       005102
__end_of_stringcpy                          text110      004E42
__end_of_strlen                             text105      0051AE
__end_of_sync                               text80       004CD4
__end_of_trace_path                         text48       002184
__end_of_troca_de_tela                      text12       00194A
__end_of_utoa                               text28       004428
__end_of_validate                           text77       004DFC
__end_of_verifica_dados_operacionais        text14       0054C0
__end_of_verifica_diferenca_graus           text19       002E10
__end_of_verifica_diferenca_minutos         text18       00288A
__end_of_verifica_fence_externo             text15       004B88
__end_of_verifica_plausibilidade_lat        text17       0041B4
__end_of_verifica_plausibilidade_long       text16       00410A
__end_of_wait_ready                         text89       005072
__end_of_write_timer_zero                   text8        00548E
__end_ofi2_write_timer_zero                 text107      0054B6
__end_ofmensagem_inicial@F3656              mediumconst  006109
__end_ofmensagem_inicial@F3658              mediumconst  0060F8
__initialization                            cinit        004660
__mediumconst                               mediumconst  00608A
__pbssBANK0                                 bssBANK0     0000F6
__pbssBANK1                                 bssBANK1     000100
__pbssBANK2                                 bssBANK2     000200
__pbssBIGRAM                                bssBIGRAM    0002BB
__pbssCOMRAM                                bssCOMRAM    000033
__pcinit                                    cinit        004660
__pcstackBANK0                              cstackBANK0  000060
__pcstackBANK2                              cstackBANK2  00028B
__pcstackCOMRAM                             cstackCOMRAM 000001
__pdataBANK2                                dataBANK2    0002AD
__pdataCOMRAM                               dataCOMRAM   000046
__pidataBANK2                               idataBANK2   00542A
__pidataCOMRAM                              idataCOMRAM  0054C0
__pintcode                                  intcode      000008
__pintcode_body                             intcode_body 00368E
__pmediumconst                              mediumconst  00608A
__ptext0                                    text0        005102
__ptext1                                    text1        0047E8
__ptext10                                   text10       0049AA
__ptext100                                  text100      0052C8
__ptext101                                  text101      005446
__ptext102                                  text102      005478
__ptext103                                  text103      004FCC
__ptext104                                  text104      003C1A
__ptext105                                  text105      005184
__ptext107                                  text107      0054AC
__ptext108                                  text108      0053F8
__ptext109                                  text109      001C4A
__ptext11                                   text11       0041B4
__ptext110                                  text110      004DFC
__ptext111                                  text111      004D22
__ptext112                                  text112      000000
__ptext12                                   text12       00161E
__ptext13                                   text13       004E42
__ptext14                                   text14       0054BE
__ptext15                                   text15       004B30
__ptext16                                   text16       00405A
__ptext17                                   text17       00410A
__ptext18                                   text18       002658
__ptext19                                   text19       002C62
__ptext2                                    text2        00425A
__ptext20                                   text20       003D26
__ptext21                                   text21       00355A
__ptext22                                   text22       003E0E
__ptext23                                   text23       00532A
__ptext24                                   text24       00539C
__ptext25                                   text25       0053B6
__ptext26                                   text26       005006
__ptext27                                   text27       005072
__ptext28                                   text28       004394
__ptext29                                   text29       004F0E
__ptext3                                    text3        0053D0
__ptext30                                   text30       004BDE
__ptext31                                   text31       00454A
__ptext32                                   text32       00548E
__ptext33                                   text33       005498
__ptext34                                   text34       0054A2
__ptext35                                   text35       0039FE
__ptext36                                   text36       0050D4
__ptext37                                   text37       004E86
__ptext38                                   text38       00521E
__ptext39                                   text39       003B0E
__ptext4                                    text4        005366
__ptext40                                   text40       003EDC
__ptext41                                   text41       0052EA
__ptext42                                   text42       000F6E
__ptext43                                   text43       0045D6
__ptext44                                   text44       004F50
__ptext45                                   text45       000012
__ptext46                                   text46       004A12
__ptext47                                   text47       0012EC
__ptext48                                   text48       001F0C
__ptext49                                   text49       0032AA
__ptext5                                    text5        0054B6
__ptext50                                   text50       002184
__ptext51                                   text51       003146
__ptext52                                   text52       003FA8
__ptext53                                   text53       0042F8
__ptext54                                   text54       004ECA
__ptext55                                   text55       00059C
__ptext56                                   text56       00512E
__ptext57                                   text57       0051AE
__ptext58                                   text58       00194A
__ptext59                                   text59       0044BA
__ptext6                                    text6        0053E6
__ptext60                                   text60       004A78
__ptext61                                   text61       004940
__ptext62                                   text62       004C30
__ptext63                                   text63       00485E
__ptext64                                   text64       005348
__ptext65                                   text65       0046E4
__ptext66                                   text66       004428
__ptext67                                   text67       004B88
__ptext68                                   text68       004D6C
__ptext69                                   text69       000AE4
__ptext7                                    text7        005382
__ptext70                                   text70       002FBA
__ptext71                                   text71       0023F2
__ptext72                                   text72       00288A
__ptext73                                   text73       0051D4
__ptext74                                   text74       004766
__ptext75                                   text75       00515A
__ptext76                                   text76       0037B6
__ptext77                                   text77       004DB4
__ptext78                                   text78       0050A4
__ptext79                                   text79       00540A
__ptext8                                    text8        005484
__ptext80                                   text80       004C82
__ptext81                                   text81       002E10
__ptext82                                   text82       004CD4
__ptext83                                   text83       002AAC
__ptext84                                   text84       0048D0
__ptext85                                   text85       0038DA
__ptext86                                   text86       005454
__ptext87                                   text87       005460
__ptext88                                   text88       004AD6
__ptext89                                   text89       00503C
__ptext9                                    text9        005438
__ptext90                                   text90       00541A
__ptext91                                   text91       004F90
__ptext92                                   text92       00546C
__ptext93                                   text93       00530A
__ptext94                                   text94       003404
__ptext95                                   text95       005240
__ptext96                                   text96       005262
__ptext97                                   text97       005284
__ptext98                                   text98       0052A6
__ptext99                                   text99       0051FA
__ramtop                                    ramtop       000800
__size_of_GPSDay                            (abs)        000000
__size_of_GPSHour                           (abs)        000000
__size_of_GPSMinute                         (abs)        000000
__size_of_GPSMonth                          (abs)        000000
__size_of_GPSRead                           (abs)        000000
__size_of_GPSSecond                         (abs)        000000
__size_of_GPSyear                           (abs)        000000
__size_of_Latitude                          (abs)        000000
__size_of_Longitude                         (abs)        000000
__size_of___aldiv                           (abs)        000000
__size_of___lldiv                           (abs)        000000
__size_of___llmod                           (abs)        000000
__size_of___lmul                            (abs)        000000
__size_of___lwdiv                           (abs)        000000
__size_of___lwmod                           (abs)        000000
__size_of___wmul                            (abs)        000000
__size_of_armazena_latitude                 (abs)        000000
__size_of_armazena_longitude                (abs)        000000
__size_of_atoi                              (abs)        000000
__size_of_auto_mount                        (abs)        000000
__size_of_calcula_diff_graus                (abs)        000000
__size_of_calcula_diff_minutos              (abs)        000000
__size_of_check_fs                          (abs)        000000
__size_of_clust2sect                        (abs)        000000
__size_of_command                           (abs)        000000
__size_of_config_timer_dois                 (abs)        000000
__size_of_config_timer_zero                 (abs)        000000
__size_of_configura_baudrate_uart           (abs)        000000
__size_of_create_chain                      (abs)        000000
__size_of_dados_gps_to_sd                   (abs)        000000
__size_of_delay                             (abs)        000000
__size_of_desliga_SPI                       (abs)        000000
__size_of_desliga_uart                      (abs)        000000
__size_of_disk_initialize                   (abs)        000000
__size_of_disk_ioctl                        (abs)        000000
__size_of_disk_read                         (abs)        000000
__size_of_disk_status                       (abs)        000000
__size_of_disk_write                        (abs)        000000
__size_of_disparo_gravacao                  (abs)        000000
__size_of_dummy_clocks                      (abs)        000000
__size_of_endereco_cursor_lcd               (abs)        000000
__size_of_escalonador                       (abs)        000000
__size_of_escreve_SPI                       (abs)        000000
__size_of_escreve_caractere_lcd             (abs)        000000
__size_of_escreve_cmd_lcd                   (abs)        000000
__size_of_escreve_frase_ram_lcd             (abs)        000000
__size_of_escreve_inteiro_lcd               (abs)        000000
__size_of_escrita_sdcard                    (abs)        000000
__size_of_f_close                           (abs)        000000
__size_of_f_lseek                           (abs)        000000
__size_of_f_mount                           (abs)        000000
__size_of_f_open                            (abs)        000000
__size_of_f_sync                            (abs)        000000
__size_of_f_write                           (abs)        000000
__size_of_fix                               (abs)        000000
__size_of_fprintf                           (abs)        000000
__size_of_fputc                             (abs)        000000
__size_of_fputs                             (abs)        000000
[...]
 Registers used:
		wreg, fsr1l, fsr1h, fsr2l, fsr2h, status,2, status,0, cstack
 Tracked objects:
		On entry : 
		On exit  : 
		Unchanged: 
 Data sizes:     COMRAM   BANK0   BANK1   BANK2   BANK3   BANK4   BANK5   BANK6   BANK7
      Params:         0       0       0       0       0       0       0       0       0
      Locals:         0       0       0       0       0       0       0       0       0
      Temps:          0       0       0       0       0       0       0       0       0
      Totals:         0       0       0       0       0       0       0       0       0
Total ram usage:        0 bytes
 Hardware stack levels used:    1
 Hardware stack levels required when called:    5
 This function calls:
		_monta_sd
 This function is called by:
		_main
 This function uses a non-reentrant model


 *************** function _monta_sd *****************
 Defined at:
		line 297 in file "bibliotecas/SDCard.c"
 Parameters:    Size  Location     Type
  index           1    wreg     unsigned char 
  dado            2   28[COMRAM] PTR unsigned char 
		 -> rawDate(7), rawLongitude(13), rawLatitude(13), rawTime(11), 
 Auto vars:     Size  Location     Type
  index           1   30[COMRAM] unsigned char 
  i               1   32[COMRAM] unsigned char 
  size            1   31[COMRAM] unsigned char 
 Return value:  Size  Location     Type
                  1    wreg      void 
 Registers used:
		wreg, fsr1l, fsr1h, fsr2l, fsr2h, status,2, status,0, cstack
 Tracked objects:
		On entry : 
		On exit  : 
		Unchanged: 
 Data sizes:     COMRAM   BANK0   BANK1   BANK2   BANK3   BANK4   BANK5   BANK6   BANK7
      Params:         2       0       0       0       0       0       0       0       0
      Locals:         3       0       0       0       0       0       0       0       0
      Temps:          0       0       0       0       0       0       0       0       0
      Totals:         5       0       0       0       0       0       0       0       0
Total ram usage:        5 bytes
 Hardware stack levels used:    1
 Hardware stack levels required when called:    4
 This function calls:
		_strlen
 This function is called by:
		_dados_gps_to_sd
 This function uses a non-reentrant model


 *************** function _strlen *****************
 Defined at:
		line 4 in file "C:\Program Files\Microchip\xc8\v2.30\pic\sources\c90\common\strlen.c"
 Parameters:    Size  Location     Type
  s               2   24[COMRAM] PTR const unsigned char 
		 -> rawDate(7), rawLongitude(13), rawLatitude(13), rawTime(11), 
 Auto vars:     Size  Location     Type
  cp              2   26[COMRAM] PTR const unsigned char 
		 -> rawDate(7), rawLongitude(13), rawLatitude(13), rawTime(11), 
 Return value:  Size  Location     Type
                  2   24[COMRAM] unsigned int 
 Registers used:
		wreg, fsr2l, fsr2h, status,2, status,0
 Tracked objects:
		On entry : 
		On exit  : 
		Unchanged: 
 Data sizes:     COMRAM   BANK0   BANK1   BANK2   BANK3   BANK4   BANK5   BANK6   BANK7
      Params:         2       0       0       0       0       0       0       0       0
      Locals:         2       0       0       0       0       0       0       0       0
      Temps:          0       0       0       0       0       0       0       0       0
      Totals:         4       0       0       0       0       0       0       0       0
Total ram usage:        4 bytes
 Hardware stack levels used:    1
 Hardware stack levels required when called:    3
 This function calls:
		Nothing
 This function is called by:
		_monta_sd
 This function uses a non-reentrant model


 *************** function _isr *****************
 Defined at:
		line 107 in file "main.c"
 Parameters:    Size  Location     Type
		None
 Auto vars:     Size  Location     Type
  cont            1   23[COMRAM] unsigned char 
 Return value:  Size  Location     Type
                  1    wreg      void 
 Registers used:
		wreg, fsr1l, fsr1h, fsr2l, fsr2h, status,2, status,0, tblptrl, tblptrh, tblptru, prodl, prodh, cstack
 Tracked objects:
		On entry : 
		On exit  : 
		Unchanged: 
 Data sizes:     COMRAM   BANK0   BANK1   BANK2   BANK3   BANK4   BANK5   BANK6   BANK7
      Params:         0       0       0       0       0       0       0       0       0
      Locals:         1       0       0       0       0       0       0       0       0
      Temps:         12       0       0       0       0       0       0       0       0
      Totals:        13       0       0       0       0       0       0       0       0
Total ram usage:       13 bytes
 Hardware stack levels used:    1
 Hardware stack levels required when called:    2
 This function calls:
		_GPSRead
		_recebe_dado_uart
		i2_write_timer_zero
 This function is called by:
		Interrupt level 2
 This function uses a non-reentrant model


 *************** function i2_write_timer_zero *****************
 Defined at:
		line 134 in file "bibliotecas/hardware.c"
 Parameters:    Size  Location     Type
  timer0          2    0[COMRAM] unsigned int 
 Auto vars:     Size  Location     Type
		None
 Return value:  Size  Location     Type
                  1    wreg      void 
 Registers used:
		None
 Tracked objects:
		On entry : 
		On exit  : 
		Unchanged: 
 Data sizes:     COMRAM   BANK0   BANK1   BANK2   BANK3   BANK4   BANK5   BANK6   BANK7
      Params:         2       0       0       0       0       0       0       0       0
      Locals:         0       0       0       0       0       0       0       0       0
      Temps:          0       0       0       0       0       0       0       0       0
      Totals:         2       0       0       0       0       0       0       0       0
Total ram usage:        2 bytes
 Hardware stack levels used:    1
 This function calls:
		Nothing
 This function is called by:
		_isr
 This function uses a non-reentrant model


 *************** function _recebe_dado_uart *****************
 Defined at:
		line 138 in file "bibliotecas/uart.c"
 Parameters:    Size  Location     Type
		None
 Auto vars:     Size  Location     Type
		None
 Return value:  Size  Location     Type
                  1    wreg      unsigned char 
 Registers used:
		wreg, status,2
 Tracked objects:
		On entry : 
		On exit  : 
		Unchanged: 
 Data sizes:     COMRAM   BANK0   BANK1   BANK2   BANK3   BANK4   BANK5   BANK6   BANK7
      Params:         0       0       0       0       0       0       0       0       0
      Locals:         0       0       0       0       0       0       0       0       0
      Temps:          0       0       0       0       0       0       0       0       0
      Totals:         0       0       0       0       0       0       0       0       0
Total ram usage:        0 bytes
 Hardware stack levels used:    1
 This function calls:
		Nothing
 This function is called by:
		_isr
 This function uses a non-reentrant model


 *************** function _GPSRead *****************
 Defined at:
		line 43 in file "bibliotecas/GPS.c"
 Parameters:    Size  Location     Type
  buff            1    wreg     unsigned char 
 Auto vars:     Size  Location     Type
  buff            1    9[COMRAM] unsigned char 
  c               1   10[COMRAM] unsigned char 
 Return value:  Size  Location     Type
                  2  346[None  ] int 
 Registers used:
		wreg, fsr1l, fsr1h, fsr2l, fsr2h, status,2, status,0, tblptrl, tblptrh, tblptru, cstack
 Tracked objects:
		On entry : 
		On exit  : 
		Unchanged: 
 Data sizes:     COMRAM   BANK0   BANK1   BANK2   BANK3   BANK4   BANK5   BANK6   BANK7
      Params:         0       0       0       0       0       0       0       0       0
      Locals:         2       0       0       0       0       0       0       0       0
      Temps:          0       0       0       0       0       0       0       0       0
      Totals:         2       0       0       0       0       0       0       0       0
Total ram usage:        2 bytes
 Hardware stack levels used:    1
 Hardware stack levels required when called:    1
 This function calls:
		_strcmp
		_stringcpy
 This function is called by:
		_isr
 This function uses a non-reentrant model


 *************** function _stringcpy *****************
 Defined at:
		line 34 in file "bibliotecas/GPS.c"
 Parameters:    Size  Location     Type
  str1            2    0[COMRAM] PTR unsigned char 
		 -> buffer(12), 
  str2            2    2[COMRAM] PTR unsigned char 
		 -> rawFix(2), rawAltitude(7), rawSatellites(3), rawDate(7), 
		 -> rawCourse(6), rawSpeed(6), rawLongitude(13), rawLatitude(13), 
		 -> rawTime(11), sentence(6), 
  dir             2    4[COMRAM] int 
 Auto vars:     Size  Location     Type
  chr             1    8[COMRAM] unsigned char 
 Return value:  Size  Location     Type
                  1    wreg      void 
 Registers used:
		wreg, fsr1l, fsr1h, fsr2l, fsr2h, status,2, status,0
 Tracked objects:
		On entry : 
		On exit  : 
		Unchanged: 
 Data sizes:     COMRAM   BANK0   BANK1   BANK2   BANK3   BANK4   BANK5   BANK6   BANK7
      Params:         6       0       0       0       0       0       0       0       0
      Locals:         1       0       0       0       0       0       0       0       0
      Temps:          2       0       0       0       0       0       0       0       0
      Totals:         9       0       0       0       0       0       0       0       0
Total ram usage:        9 bytes
 Hardware stack levels used:    1
 This function calls:
		Nothing
 This function is called by:
		_GPSRead
 This function uses a non-reentrant model


 *************** function _strcmp *****************
 Defined at:
		line 33 in file "C:\Program Files\Microchip\xc8\v2.30\pic\sources\c90\common\strcmp.c"
 Parameters:    Size  Location     Type
  s1              2    0[COMRAM] PTR const unsigned char 
		 -> sentence(6), 
  s2              2    2[COMRAM] PTR const unsigned char 
		 -> STR_6(6), STR_5(6), 
 Auto vars:     Size  Location     Type
  r               1    6[COMRAM] char 
 Return value:  Size  Location     Type
                  2    0[COMRAM] int 
 Registers used:
		wreg, fsr2l, fsr2h, status,2, status,0, tblptrl, tblptrh, tblptru
 Tracked objects:
		On entry : 
		On exit  : 
		Unchanged: 
 Data sizes:     COMRAM   BANK0   BANK1   BANK2   BANK3   BANK4   BANK5   BANK6   BANK7
      Params:         4       0       0       0       0       0       0       0       0
      Locals:         1       0       0       0       0       0       0       0       0
      Temps:          2       0       0       0       0       0       0       0       0
      Totals:         7       0       0       0       0       0       0       0       0
Total ram usage:        7 bytes
 Hardware stack levels used:    1
 This function calls:
		Nothing
 This function is called by:
		_GPSRead
 This function uses a non-reentrant model



MODULE INFORMATION

Module		Function		Class		Link	Load	Size
C:\Program Files\Microchip\xc8\v2.30\pic\sources\c90\common\lwmod.c
		___lwmod       		CODE           	4F0E	0000	66

C:\Program Files\Microchip\xc8\v2.30\pic\sources\c90\common\lwmod.c estimated size: 66

bibliotecas/uart.c
		_configura_baudrate_uart		CODE           	3B0E	0000	268
		_recebe_dado_uart		CODE           	53F8	0000	18
		_desliga_uart  		CODE           	5446	0000	14
		_inicializa_uart		CODE           	521E	0000	34

bibliotecas/uart.c estimated size: 334

bibliotecas/SPI.c
		_escreve_SPI   		CODE           	541A	0000	16
		_inicializa_SPI		CODE           	52EA	0000	32
		_desliga_SPI   		CODE           	5478	0000	12
		_leitura_SPI   		CODE           	546C	0000	12

bibliotecas/SPI.c estimated size: 72

C:\Program Files\Microchip\xc8\v2.30\pic\sources\c90\common\strlen.c
		_strlen        		CODE           	5184	0000	42

C:\Program Files\Microchip\xc8\v2.30\pic\sources\c90\common\strlen.c estimated size: 42

C:\Program Files\Microchip\xc8\v2.30\pic\sources\c90\common\__lldiv.c
		___lldiv       		CODE           	4766	0000	130

C:\Program Files\Microchip\xc8\v2.30\pic\sources\c90\common\__lldiv.c estimated size: 130

C:\Program Files\Microchip\xc8\v2.30\pic\sources\c90\common\strcmp.c
		_strcmp        		CODE           	4D22	0000	74

C:\Program Files\Microchip\xc8\v2.30\pic\sources\c90\common\strcmp.c estimated size: 74

bibliotecas/diskio.c
		_disk_initialize		CODE           	51AE	0000	38
		_disk_write    		CODE           	4CD4	0000	78
		_disk_status   		CODE           	50A4	0000	48
		_sdc_reset     		CODE           	44BA	0000	144
		_disk_ioctl    		CODE           	530A	0000	32
		_sdc_disk_read 		CODE           	38DA	0000	292
		_sdc_disk_initialize		CODE           	194A	0000	768
		_disk_read     		CODE           	48D0	0000	112
		_sdc_disk_write		CODE           	2AAC	0000	438
		_sdc_disk_status		CODE           	540A	0000	16

bibliotecas/diskio.c estimated size: 1966

C:\Program Files\Microchip\xc8\v2.30\pic\sources\c90\common\strcpy.c
		_strcpy        		CODE           	50D4	0000	46

C:\Program Files\Microchip\xc8\v2.30\pic\sources\c90\common\strcpy.c estimated size: 46

C:\Program Files\Microchip\xc8\v2.30\pic\sources\c90\common\memset.c
		_memset        		CODE           	512E	0000	44

C:\Program Files\Microchip\xc8\v2.30\pic\sources\c90\common\memset.c estimated size: 44

C:\Program Files\Microchip\xc8\v2.30\pic\sources\c90\common\llmod.c
		___llmod       		CODE           	4A12	0000	102

C:\Program Files\Microchip\xc8\v2.30\pic\sources\c90\common\llmod.c estimated size: 102

C:\Program Files\Microchip\xc8\v2.30\pic\sources\c90\common\atoi.c
		_atoi          		CODE           	3E0E	0000	206

C:\Program Files\Microchip\xc8\v2.30\pic\sources\c90\common\atoi.c estimated size: 206

C:\Program Files\Microchip\xc8\v2.30\pic\sources\c90\common\lwdiv.c
		___lwdiv       		CODE           	4BDE	0000	82

C:\Program Files\Microchip\xc8\v2.30\pic\sources\c90\common\lwdiv.c estimated size: 82

C:\Program Files\Microchip\xc8\v2.30\pic\sources\c90\common\itoa.c
		_itoa          		CODE           	5072	0000	50
		_utoa          		CODE           	4394	0000	148

C:\Program Files\Microchip\xc8\v2.30\pic\sources\c90\common\itoa.c estimated size: 198

C:\Program Files\Microchip\xc8\v2.30\pic\sources\c90\common\isdigit.c
		_isdigit       		CODE           	532A	0000	30

C:\Program Files\Microchip\xc8\v2.30\pic\sources\c90\common\isdigit.c estimated size: 30

bibliotecas/SDCard.c
		_response      		CODE           	5454	0000	12
		_dummy_clocks  		CODE           	4F90	0000	60
		_escrita_sdcard		CODE           	39FE	0000	272
		_monta_sd      		CODE           	3C1A	0000	268
		_command       		CODE           	4AD6	0000	90
		_proceed       		CODE           	5460	0000	12
		_wait_ready    		CODE           	503C	0000	54

bibliotecas/SDCard.c estimated size: 768

C:\Program Files\Microchip\xc8\v2.30\pic\sources\c90\common\memcmp.c
		_memcmp        		CODE           	4428	0000	146

C:\Program Files\Microchip\xc8\v2.30\pic\sources\c90\common\memcmp.c estimated size: 146

C:\Program Files\Microchip\xc8\v2.30\pic\sources\c90\common\memcpy.c
		_memcpy        		CODE           	4ECA	0000	68

C:\Program Files\Microchip\xc8\v2.30\pic\sources\c90\common\memcpy.c estimated size: 68

bibliotecas/hardware.c
		_init_hardware 		CODE           	53D0	0000	22
		_config_timer_dois		CODE           	5438	0000	14
		_config_timer_zero		CODE           	5382	0000	26
		_init_ports    		CODE           	5366	0000	28
		_write_timer_zero		CODE           	5484	0000	10
		_init_interrupt		CODE           	53E6	0000	18
		_init_oscilador		CODE           	54B6	0000	8

bibliotecas/hardware.c estimated size: 126

shared
		mensagem_inicial@F3656		MEDIUMCONST    	60F8	0000	17
		__initialization		CODE           	4660	0000	118
		mensagem_inicial@F3658		MEDIUMCONST    	60E7	0000	17
		_fence_diff_lat		MEDIUMCONST    	60BB	0000	44
		i2_write_timer_zero		CODE           	54AC	0000	10
		_fence_diff_long		MEDIUMCONST    	608B	0000	48

shared estimated size: 254

C:\Program Files\Microchip\xc8\v2.30\pic\sources\c90\common\Umul16.c
		___wmul        		CODE           	51D4	0000	38

C:\Program Files\Microchip\xc8\v2.30\pic\sources\c90\common\Umul16.c estimated size: 38

C:\Program Files\Microchip\xc8\v2.30\pic\sources\c90\common\aldiv.c
		___aldiv       		CODE           	3EDC	0000	204

C:\Program Files\Microchip\xc8\v2.30\pic\sources\c90\common\aldiv.c estimated size: 204

bibliotecas/display_lcd.c
		_delay         		CODE           	5348	0000	30
		_init_lcd      		CODE           	425A	0000	158
		_endereco_cursor_lcd		CODE           	4940	0000	106
		_escreve_cmd_lcd		CODE           	454A	0000	140
		_posicao_cursor_lcd		CODE           	4A78	0000	94
		_escreve_caractere_lcd		CODE           	485E	0000	114
		_escreve_frase_ram_lcd		CODE           	4C30	0000	82
		_escreve_inteiro_lcd		CODE           	5006	0000	54

bibliotecas/display_lcd.c estimated size: 778

main.c
		_main          		CODE           	5102	0000	44
		_verifica_fence_externo		CODE           	4B30	0000	88
		_troca_de_tela 		CODE           	161E	0000	812
		_disparo_gravacao		CODE           	4E42	0000	68
		_verifica_dados_operacionais		CODE           	54BE	0000	2
		_isr           		CODE           	0008	0000	302
		_escalonador   		CODE           	41B4	0000	166
		_mensagem_inicial		CODE           	47E8	0000	118
		_inicializa_tarefas		CODE           	49AA	0000	104

main.c estimated size: 1704

bibliotecas/fence.c
		_calcula_diff_graus		CODE           	355A	0000	308
		_armazena_latitude		CODE           	53B6	0000	26
		_verifica_diferenca_minutos		CODE           	2658	0000	562
		_armazena_longitude		CODE           	539C	0000	26
		_verifica_plausibilidade_lat		CODE           	410A	0000	170
		_verifica_plausibilidade_long		CODE           	405A	0000	176
		_verifica_diferenca_graus		CODE           	2C62	0000	430
		_calcula_diff_minutos		CODE           	3D26	0000	232

bibliotecas/fence.c estimated size: 1930

bibliotecas/GPS.c
		_GPSSecond     		CODE           	5262	0000	34
		_GPSHour       		CODE           	51FA	0000	36
		_GPSMinute     		CODE           	52A6	0000	34
		_stringcpy     		CODE           	4DFC	0000	70
		_GPSDay        		CODE           	52C8	0000	34
		_Longitude     		CODE           	548E	0000	10
		_GPSMonth      		CODE           	5284	0000	34
		_fix           		CODE           	54A2	0000	10
		_GPSyear       		CODE           	5240	0000	34
		_GPSRead       		CODE           	1C4A	0000	706
		_dados_gps_to_sd		CODE           	4FCC	0000	58
		_Latitude      		CODE           	5498	0000	10

bibliotecas/GPS.c estimated size: 1070

bibliotecas/tff.c
		_reserve_direntry		CODE           	2184	0000	622
		_sync          		CODE           	4C82	0000	82
		_remove_chain  		CODE           	42F8	0000	156
		_f_mount       		CODE           	4D6C	0000	72
		_get_cluster   		CODE           	288A	0000	546
		_get_fattime   		CODE           	3404	0000	342
		_fputs         		CODE           	45D6	0000	138
		_auto_mount    		CODE           	059C	0000	1352
		_create_chain  		CODE           	2FBA	0000	396
		_f_lseek       		CODE           	0AE4	0000	1162
		_validate      		CODE           	4DB4	0000	72
		_check_fs      		CODE           	46E4	0000	130
		_fprintf       		CODE           	0F6E	0000	894
		_f_sync        		CODE           	37B6	0000	292
		_trace_path    		CODE           	1F0C	0000	632
		_f_write       		CODE           	0012	0000	1418
		_fputc         		CODE           	4F50	0000	64
		_put_cluster   		CODE           	23F2	0000	614
		_make_dirfile  		CODE           	32AA	0000	346
		_clust2sect    		CODE           	3FA8	0000	178
		_f_open        		CODE           	12EC	0000	818
		_next_dir_entry		CODE           	3146	0000	356
		_f_close       		CODE           	515A	0000	42
		_move_window   		CODE           	2E10	0000	426

bibliotecas/tff.c estimated size: 11150

C:\Program Files\Microchip\xc8\v2.30\pic\sources\c90\common\Umul32.c
		___lmul        		CODE           	4B88	0000	86

C:\Program Files\Microchip\xc8\v2.30\pic\sources\c90\common\Umul32.c estimated size: 86

C:\Program Files\Microchip\xc8\v2.30\pic\sources\c90\common\strcat.c
		_strcat        		CODE           	4E86	0000	68

C:\Program Files\Microchip\xc8\v2.30\pic\sources\c90\common\strcat.c estimated size: 68

