Microchip MPLAB XC8 Compiler V2.30

Linker command line:

-W-3 --edf=C:\Program Files\Microchip\xc8\v2.30\pic\dat\en_msgs.txt -cn \
  -h+dist/default/production\TCC_telemetria.X.production.sym \
  --cmf=dist/default/production\TCC_telemetria.X.production.cmf -z \
  -Q18F4550 -oC:\Users\Felipe\AppData\Local\Temp\s65kx3 \
  -Mdist/default/production/TCC_telemetria.X.production.map -E1 \
  -ver=XC8 Compiler -ASTACK=0480h-07FFh -pstack=STACK -ACODE=00h-0627Fh \
  -ACONST=00h-0627Fh -ASMALLCONST=0800h-08FFhx90,06200h-0627Fh \
  -AMEDIUMCONST=0800h-0627Fh -ACOMRAM=01h-05Fh -AABS1=00h-07FFh \
  -ABIGRAM=01h-07FFh -ARAM=060h-0FFh,0100h-01FFhx7 -ABANK0=060h-0FFh \
  -ABANK1=0100h-01FFh -ABANK2=0200h-02FFh -ABANK3=0300h-03FFh \
  -ABANK4=0400h-04FFh -ABANK5=0500h-05FFh -ABANK6=0600h-06FFh \
  -ABANK7=0700h-07FFh -ASFR=0F60h-0FFFh -ACONFIG=0300000h-030000Dh \
  -AIDLOC=0200000h-0200007h -AEEDATA=0F00000h-0F000FFh -peeprom_data=EEDATA \
  -preset_vec=00h,intcode=08h,intcodelo,powerup,init -pramtop=0800h \
  -psmallconst=SMALLCONST -pmediumconst=MEDIUMCONST -pconst=CONST \
  -AFARRAM=00h-00h \
  -prdata=COMRAM,nvrram=COMRAM,nvbit=COMRAM,rbss=COMRAM,rbit=COMRAM \
  -pfarbss=FARRAM,fardata=FARRAM,nvFARRAM=FARRAM \
  -pintsave_regs=BIGRAM,bigbss=BIGRAM,bigdata=BIGRAM -pbss=RAM \
  -pidata=CODE,irdata=CODE,ibigdata=CODE,ifardata=CODE -prparam=COMRAM \
  C:\Users\Felipe\AppData\Local\Temp\s65kx9.obj \
  dist/default/production\TCC_telemetria.X.production.obj 

Object code version is 3.11

Machine type is 18F4550



                Name                               Link     Load   Length Selector   Space Scale
C:\Users\Felipe\AppData\Local\Temp\s65kx9.obj
                idloc                            200000   200000        8        0       5
                config                           300000   300000        E        0       4
                init                                  E        E        4        4       0
                reset_vec                             0        0        4        0       0
dist/default/production\TCC_telemetria.X.production.obj
                intcode                               8        8        6        4       0
                idloc                            200000   200000        8        0       5
                config                           300000   300000        E        0       4
                temp                                 46       46        1        1       1
                mediumconst                        6100     6100      180     3080       0
                text118                            4E48     4E48       4A        4       0
                text117                            4DFA     4DFA       4E        4       0
                text116                            1E12     1E12      270        4       0
                text115                            5534     5534       12     2997       0
                text114                            55C6     55C6        A     2997       0
                intcode_body                       35F4     35F4      118        4       0
                text112                            55BC     55BC        A     2997       0
                text111                            55A6     55A6        C     2997       0
                text110                            5574     5574        E     2997       0
                text109                            4FEC     4FEC       42        4       0
                text108                            22E8     22E8      24C        4       0
                text107                            4C12     4C12       56        4       0
                text106                            5242     5242       2A        4       0
                text105                            541E     541E       22     2997       0
                text104                            532E     532E       24     2997       0
                text103                            53FC     53FC       22     2997       0
                text102                            53DA     53DA       22     2997       0
                text101                            53B8     53B8       22     2997       0
                text100                            5396     5396       22     2997       0
                text99                             312A     312A      156        4       0
                text98                             5460     5460       20     2997       0
                text97                             559A     559A        C     2997       0
                text96                             50AE     50AE       3C        4       0
                text95                             5556     5556       10     2997       0
                text94                             515C     515C       36        4       0
                text93                             4B62     4B62       5A        4       0
                text92                             558E     558E        C     2997       0
                text91                             5582     5582        C     2997       0
                text90                             33AA     33AA      126        4       0
                text89                             47E4     47E4       70        4       0
                text88                             297A     297A      1BA        4       0
                text87                             4DAC     4DAC       4E        4       0
                text86                             2B34     2B34      1AA        4       0
                text85                             4CBA     4CBA       52        4       0
                text84                             5546     5546       10     2997       0
                text83                             5192     5192       30        4       0
                text82                             4EDA     4EDA       48        4       0
                text81                             34D0     34D0      124        4       0
                text80                             5218     5218       2A        4       0
                text79                             457C     457C       82        4       0
                text78                             52E2     52E2       26        4       0
                text77                             2758     2758      222        4       0
                text76                             2082     2082      266        4       0
                text75                             2CDE     2CDE      18C        4       0
                text74                              AEA      AEA      48A        4       0
                text73                             4E92     4E92       48        4       0
                text72                             4BBC     4BBC       56        4       0
                text71                             41B8     41B8       92        4       0
                text70                             44FA     44FA       82        4       0
                text69                             549E     549E       1E     2997       0
                text68                             4772     4772       72        4       0
                text67                             4C68     4C68       52        4       0
                text66                             48C2     48C2       6A        4       0
                text65                             49F6     49F6       5E        4       0
                text64                             424A     424A       90        4       0
                text63                             1626     1626      300        4       0
                text62                             52BC     52BC       26        4       0
                text61                             51C2     51C2       2C        4       0
                text60                              5A0      5A0      54A        4       0
                text59                             4F66     4F66       44        4       0
                text58                             411C     411C       9C        4       0
                text57                             3E78     3E78       B2        4       0
                text56                             2E6A     2E6A      166        4       0
                text55                             1BA0     1BA0      272        4       0
                text54                             2FD0     2FD0      15A        4       0
                text53                             1926     1926      27A        4       0
                text52                             12F4     12F4      332        4       0
                text51                             492C     492C       66        4       0
                text50                               12       12      58E        4       0
                text49                             506E     506E       40        4       0
                text48                             4B08     4B08       5A        4       0
                text47                              F74      F74      380        4       0
                text46                             51EE     51EE       2A        4       0
                text45                             4F22     4F22       44        4       0
                text44                             391E     391E      108        4       0
                text43                             5440     5440       20     2997       0
                text42                             3DAC     3DAC       CC        4       0
                text41                             370C     370C      10A        4       0
                text40                             5374     5374       22     2997       0
                text39                             54F2     54F2       1A     2997       0
                text38                             5480     5480       1E     2997       0
                text37                             3280     3280      12A        4       0
                text36                             5352     5352       22     2997       0
                text35                             4AAE     4AAE       5A        4       0
                text34                             4A54     4A54       5A        4       0
                text33                             3B1C     3B1C       EE        4       0
                text32                             4FAA     4FAA       42        4       0
                text31                             502E     502E       40        4       0
                text30                             3816     3816      108        4       0
                text29                             4476     4476       84        4       0
                text28                             467C     467C       7E        4       0
                text27                             45FE     45FE       7E        4       0
                text26                             55DE     55DE        4     2997       0
                text25                             46FA     46FA       78        4       0
                text24                             55D8     55D8        6     2997       0
                text23                             4992     4992       64        4       0
                text22                             5294     5294       28        4       0
                text21                             4854     4854       6E        4       0
                text20                             4366     4366       8C        4       0
                text19                             3F2A     3F2A       AE        4       0
                text18                             5124     5124       38        4       0
                text17                             3A26     3A26       F6        4       0
                text16                             3C0A     3C0A       D6        4       0
                text15                             3CE0     3CE0       CC        4       0
                text14                             4D5C     4D5C       50        4       0
                text13                             50EA     50EA       3A        4       0
                text12                             2534     2534      224        4       0
                text11                             3FD8     3FD8       A6        4       0
                text10                             4D0C     4D0C       50        4       0
                text9                              5566     5566        E     2997       0
                text8                              55B2     55B2        A     2997       0
                text7                              54D8     54D8       1A     2997       0
                text6                              5522     5522       12     2997       0
                text5                              55D0     55D0        8     2997       0
                text4                              54BC     54BC       1C     2997       0
                text3                              550C     550C       16     2997       0
                text2                              407E     407E       9E        4       0
                text1                              42DA     42DA       8C        4       0
                text0                              526C     526C       28        4       0
                cstackCOMRAM                          1        1       2F        1       1
                cstackBANK0                          60       60       90       60       1
                cstackBANK1                         1E2      1E2        7      100       1
                cstackBANK2                         23E      23E       22      200       1
                bssBIGRAM                           260      260      220      260       1
                bssBANK2                            200      200       3E      200       1
                dataBANK1                           1BD      1BD       25      100       1
                bssBANK1                            100      100       BD      100       1
                bssBANK0                             F0       F0       10       60       1
                dataCOMRAM                           45       45        1        1       1
                bssCOMRAM                            30       30       15        1       1
                cinit                              43F2     43F2       84        4       0
                idataBANK1                         5308     5308       25        4       0
                idataCOMRAM                        55E2     55E2        1     2997       0

TOTAL           Name                               Link     Load   Length     Space
        CLASS   STACK          

        CLASS   CODE           
                intcode                               8        8        6         0
                init                                  E        E        4         0
                reset_vec                             0        0        4         0
                text118                            4E48     4E48       4A         0
                text117                            4DFA     4DFA       4E         0
                text116                            1E12     1E12      270         0
                text115                            5534     5534       12         0
                text114                            55C6     55C6        A         0
                intcode_body                       35F4     35F4      118         0
                text112                            55BC     55BC        A         0
                text111                            55A6     55A6        C         0
                text110                            5574     5574        E         0
                text109                            4FEC     4FEC       42         0
                text108                            22E8     22E8      24C         0
                text107                            4C12     4C12       56         0
                text106                            5242     5242       2A         0
                text105                            541E     541E       22         0
                text104                            532E     532E       24         0
                text103                            53FC     53FC       22         0
                text102                            53DA     53DA       22         0
                text101                            53B8     53B8       22         0
                text100                            5396     5396       22         0
                text99                             312A     312A      156         0
                text98                             5460     5460       20         0
                text97                             559A     559A        C         0
                text96                             50AE     50AE       3C         0
                text95                             5556     5556       10         0
                text94                             515C     515C       36         0
                text93                             4B62     4B62       5A         0
                text92                             558E     558E        C         0
                text91                             5582     5582        C         0
                text90                             33AA     33AA      126         0
                text89                             47E4     47E4       70         0
                text88                             297A     297A      1BA         0
                text87                             4DAC     4DAC       4E         0
                text86                             2B34     2B34      1AA         0
                text85                             4CBA     4CBA       52         0
                text84                             5546     5546       10         0
                text83                             5192     5192       30         0
                text82                             4EDA     4EDA       48         0
                text81                             34D0     34D0      124         0
                text80                             5218     5218       2A         0
                text79                             457C     457C       82         0
                text78                             52E2     52E2       26         0
                text77                             2758     2758      222         0
                text76                             2082     2082      266         0
                text75                             2CDE     2CDE      18C         0
                text74                              AEA      AEA      48A         0
                text73                             4E92     4E92       48         0
                text72                             4BBC     4BBC       56         0
                text71                             41B8     41B8       92         0
                text70                             44FA     44FA       82         0
                text69                             549E     549E       1E         0
                text68                             4772     4772       72         0
                text67                             4C68     4C68       52         0
                text66                             48C2     48C2       6A         0
                text65                             49F6     49F6       5E         0
                text64                             424A     424A       90         0
                text63                             1626     1626      300         0
                text62                             52BC     52BC       26         0
                text61                             51C2     51C2       2C         0
                text60                              5A0      5A0      54A         0
                text59                             4F66     4F66       44         0
                text58                             411C     411C       9C         0
                text57                             3E78     3E78       B2         0
                text56                             2E6A     2E6A      166         0
                text55                             1BA0     1BA0      272         0
                text54                             2FD0     2FD0      15A         0
                text53                             1926     1926      27A         0
                text52                             12F4     12F4      332         0
                text51                             492C     492C       66         0
                text50                               12       12      58E         0
                text49                             506E     506E       40         0
                text48                             4B08     4B08       5A         0
                text47                              F74      F74      380         0
                text46                             51EE     51EE       2A         0
                text45                             4F22     4F22       44         0
                text44                             391E     391E      108         0
                text43                             5440     5440       20         0
                text42                             3DAC     3DAC       CC         0
                text41                             370C     370C      10A         0
                text40                             5374     5374       22         0
                text39                             54F2     54F2       1A         0
                text38                             5480     5480       1E         0
                text37                             3280     3280      12A         0
                text36                             5352     5352       22         0
                text35                             4AAE     4AAE       5A         0
                text34                             4A54     4A54       5A         0
                text33                             3B1C     3B1C       EE         0
                text32                             4FAA     4FAA       42         0
                text31                             502E     502E       40         0
                text30                             3816     3816      108         0
                text29                             4476     4476       84         0
                text28                             467C     467C       7E         0
                text27                             45FE     45FE       7E         0
                text26                             55DE     55DE        4         0
                text25                             46FA     46FA       78         0
                text24                             55D8     55D8        6         0
                text23                             4992     4992       64         0
                text22                             5294     5294       28         0
                text21                             4854     4854       6E         0
                text20                             4366     4366       8C         0
                text19                             3F2A     3F2A       AE         0
                text18                             5124     5124       38         0
                text17                             3A26     3A26       F6         0
                text16                             3C0A     3C0A       D6         0
                text15                             3CE0     3CE0       CC         0
                text14                             4D5C     4D5C       50         0
                text13                             50EA     50EA       3A         0
                text12                             2534     2534      224         0
                text11                             3FD8     3FD8       A6         0
                text10                             4D0C     4D0C       50         0
                text9                              5566     5566        E         0
                text8                              55B2     55B2        A         0
                text7                              54D8     54D8       1A         0
                text6                              5522     5522       12         0
                text5                              55D0     55D0        8         0
                text4                              54BC     54BC       1C         0
                text3                              550C     550C       16         0
                text2                              407E     407E       9E         0
                text1                              42DA     42DA       8C         0
                text0                              526C     526C       28         0
                cinit                              43F2     43F2       84         0
                idataBANK1                         5308     5308       25         0
                idataCOMRAM                        55E2     55E2        1         0

        CLASS   CONST          

        CLASS   SMALLCONST     

        CLASS   MEDIUMCONST    
                mediumconst                        6100     6100      180         0

        CLASS   COMRAM         
                temp                                 46       46        1         1
                cstackCOMRAM                          1        1       2F         1
                dataCOMRAM                           45       45        1         1
                bssCOMRAM                            30       30       15         1

        CLASS   ABS1           

        CLASS   BIGRAM         
                bssBIGRAM                           260      260      220         1

        CLASS   RAM            

        CLASS   BANK0          
                cstackBANK0                          60       60       90         1
                bssBANK0                             F0       F0       10         1

        CLASS   BANK1          
                cstackBANK1                         1E2      1E2        7         1
                dataBANK1                           1BD      1BD       25         1
                bssBANK1                            100      100       BD         1

        CLASS   BANK2          
                cstackBANK2                         23E      23E       22         1
                bssBANK2                            200      200       3E         1

        CLASS   BANK3          

        CLASS   BANK4          

        CLASS   BANK5          

        CLASS   BANK6          

        CLASS   BANK7          

        CLASS   SFR            

        CLASS   CONFIG         
                config                           300000   300000        E         4

        CLASS   IDLOC          
                idloc                            200000   200000        8         5

        CLASS   EEDATA         

        CLASS   FARRAM         



SEGMENTS        Name                           Load    Length   Top    Selector   Space  Class

                reset_vec                      000000  000004  000004         0       0  CODE    
                cstackCOMRAM                   000001  000046  000047         1       1  COMRAM  
                intcode                        000008  005325  00532D         4       0  CODE    
                cstackBANK0                    000060  0000A0  000100        60       1  BANK0   
                bssBANK1                       000100  0000E9  0001E9       100       1  BANK1   
                bssBANK2                       000200  000060  000260       200       1  BANK2   
                bssBIGRAM                      000260  000220  000480       260       1  BIGRAM  
                text104                        00532E  0002B5  0055E3      2997       0  CODE    
                mediumconst                    006100  000180  006280      3080       0  MEDIUMCO


UNUSED ADDRESS RANGES

        Name                Unused          Largest block    Delta
        BANK1            0001E9-0001FF               17
        BANK4            000480-0004FF               80
        BANK5            000500-0005FF              100
        BANK6            000600-0006FF              100
        BANK7            000700-0007FF              100
        BIGRAM           000047-00005F               19
                         0001E9-0001FF               17
                         000480-0007FF              380
        CODE             000004-000007                4
                         00532D-00532D                1
                         0055E3-0060FF              B1D
        COMRAM           000047-00005F               19
        CONST            000004-000007                4
                         00532D-00532D                1
                         0055E3-0060FF              B1D
        EEDATA           F00000-F000FF              100
        MEDIUMCONST      00532D-00532D                1
                         0055E3-0060FF              B1D
        RAM              0001E9-0001FF               17
                         000480-0007FF              100
        SFR              000F60-000FFF               A0
        SMALLCONST       00532D-00532D                1
                         0055E3-0060FF              100
        STACK            000480-0007FF              380

                                  Symbol Table

?_GPSDay                                   cstackCOMRAM 00001A
?_GPSHour                                  cstackCOMRAM 00001A
?_GPSMinute                                cstackCOMRAM 00001A
?_GPSMonth                                 cstackCOMRAM 00001A
?_GPSSecond                                cstackCOMRAM 00001A
?_GPSyear                                  cstackCOMRAM 00001A
?___aldiv                                  cstackCOMRAM 00001A
?___awtoft                                 cstackCOMRAM 000027
?___ftmul                                  cstackBANK0  000060
?___ftpack                                 cstackCOMRAM 00001A
?___fttol                                  cstackBANK0  00006C
?___lldiv                                  cstackCOMRAM 00001A
?___llmod                                  cstackCOMRAM 00001A
?___lmul                                   cstackCOMRAM 00001A
?___wmul                                   cstackCOMRAM 00001A
?_atoi                                     cstackCOMRAM 000020
?_atol                                     cstackCOMRAM 000026
?_clust2sect                               cstackCOMRAM 000026
?_convert_to_int                           cstackBANK0  000066
?_convert_to_int_point_lat                 cstackBANK0  000066
?_convert_to_int_point_long                cstackBANK0  000066
?_create_chain                             cstackBANK0  0000A4
?_fix                                      cstackCOMRAM 00001A
?_fprintf                                  cstackBANK0  0000DE
?_fputc                                    cstackBANK0  0000D0
?_fputs                                    cstackBANK0  0000D7
?_get_cluster                              cstackCOMRAM 00002E
?_get_fattime                              cstackCOMRAM 00001E
?_memcmp                                   cstackCOMRAM 00001A
?_strcmp                                   cstackCOMRAM 000001
?_strlen                                   cstackCOMRAM 00001A
GPSRead@buff                               cstackCOMRAM 00000B
GPSRead@c                                  cstackCOMRAM 00000C
_ADCON1                                    (abs)        000FC1
_BRGH                                      (abs)        007D62
_CREN                                      (abs)        007D5C
_FatFs                                     bssCOMRAM    000034
_GPGGA_ok                                  bssBANK1     000147
_GPRMC_ok                                  bssBANK1     000149
_GPSDay                                    text105      00541E
_GPSHour                                   text104      00532E
_GPSMinute                                 text103      0053FC
_GPSMonth                                  text102      0053DA
_GPSRead                                   text116      001E12
_GPSSecond                                 text101      0053B8
_GPSyear                                   text100      005396
_INT0IE                                    (abs)        007F94
_INT0IF                                    (abs)        007F91
_INTCON                                    (abs)        000FF2
_INTCON2                                   (abs)        000FF1
_INTCON3                                   (abs)        000FF0
_INTCONbits                                (abs)        000FF2
_LATB                                      (abs)        000F8A
_LATBbits                                  (abs)        000F8A
_LATCbits                                  (abs)        000F8B
_OSCCONbits                                (abs)        000FD3
_PCL                                       (abs)        000FF9
_PCLATH                                    (abs)        000FFA
_PIE1                                      (abs)        000F9D
_PIE1bits                                  (abs)        000F9D
_PIR1bits                                  (abs)        000F9E
_PORTBbits                                 (abs)        000F81
_PORTDbits                                 (abs)        000F83
_PORTEbits                                 (abs)        000F84
_PR2                                       (abs)        000FCB
_RCIF                                      (abs)        007CF5
_RCREG                                     (abs)        000FAE
_RCSTA                                     (abs)        000FAB
_RCSTAbits                                 (abs)        000FAB
_SPBRG                                     (abs)        000FAF
_SPEN                                      (abs)        007D5F
_SPPCFG                                    (abs)        000F63
_SPPCON                                    (abs)        000F65
_SSPBUF                                    (abs)        000FC9
_SSPCON1                                   (abs)        000FC6
_SSPCON1bits                               (abs)        000FC6
_SSPSTAT                                   (abs)        000FC7
_SSPSTATbits                               (abs)        000FC7
_SYNC                                      (abs)        007D64
_SentenceType                              bssCOMRAM    000043
_Speed                                     (abs)        000000
_T0CON                                     (abs)        000FD5
_T0CONbits                                 (abs)        000FD5
_T0IF                                      (abs)        007F92
_T2CON                                     (abs)        000FCA
_TMR0                                      (abs)        000FD6
_TMR0IF                                    (abs)        007F92
_TMR2                                      (abs)        000FCC
_TRISA                                     (abs)        000F92
_TRISB                                     (abs)        000F93
_TRISBbits                                 (abs)        000F93
_TRISC                                     (abs)        000F94
_TRISCbits                                 (abs)        000F94
_TRISD                                     (abs)        000F95
_TRISDbits                                 (abs)        000F95
_TRISE                                     (abs)        000F96
_TXEN                                      (abs)        007D65
_TXSTA                                     (abs)        000FAC
_Term                                      bssCOMRAM    000042
__HRAM                                     (abs)        000000
__Habs1                                    abs1         000000
__Hbank0                                   bank0        000000
__Hbank1                                   bank1        000000
__Hbank2                                   bank2        000000
__Hbank3                                   bank3        000000
__Hbank4                                   bank4        000000
__Hbank5                                   bank5        000000
__Hbank6                                   bank6        000000
__Hbank7                                   bank7        000000
__Hbigbss                                  bigbss       000000
__Hbigdata                                 bigdata      000000
__Hbigram                                  bigram       000000
__Hbss                                     bss          000000
__HbssBANK0                                bssBANK0     000000
__HbssBANK1                                bssBANK1     000000
__HbssBANK2                                bssBANK2     000000
__HbssBIGRAM                               bssBIGRAM    000000
__HbssCOMRAM                               bssCOMRAM    000000
__Hcinit                                   cinit        000000
__Hclrtext                                 clrtext      000000
__Hcomram                                  comram       000000
__Hconfig                                  config       30000E
__Hconst                                   const        000000
__HcstackBANK0                             cstackBANK0  000000
__HcstackBANK1                             cstackBANK1  000000
__HcstackBANK2                             cstackBANK2  000000
__HcstackCOMRAM                            cstackCOMRAM 000000
__Hdata                                    data         000000
__HdataBANK1                               dataBANK1    000000
__HdataCOMRAM                              dataCOMRAM   000000
__Heeprom_data                             eeprom_data  000000
__Hfarbss                                  farbss       000000
__Hfardata                                 fardata      000000
__Hibigdata                                ibigdata     000000
__Hidata                                   idata        000000
__HidataBANK1                              idataBANK1   000000
__HidataCOMRAM                             idataCOMRAM  000000
__Hidloc                                   idloc        200008
__Hifardata                                ifardata     000000
__Hinit                                    init         000012
__Hintcode                                 intcode      00000E
__Hintcode_body                            intcode_body 000000
__Hintcodelo                               intcodelo    00000E
__Hintentry                                intentry     000000
__Hintret                                  intret       000000
__Hintsave_regs                            intsave_regs 000000
__Hirdata                                  irdata       000000
__Hmediumconst                             mediumconst  006280
__HnvFARRAM                                nvFARRAM     000000
__Hnvbit                                   nvbit        000000
__Hnvrram                                  nvrram       000000
__Hparam                                   rparam       000000
__Hpowerup                                 powerup      00000E
__Hram                                     ram          000000
__Hramtop                                  ramtop       000800
__Hrbit                                    rbit         000000
__Hrbss                                    rbss         000000
__Hrdata                                   rdata        000000
__Hreset_vec                               reset_vec    000004
__Hrparam                                  rparam       000000
__Hsfr                                     sfr          000000
__Hsmallconst                              smallconst   000000
__Hspace_0                                 (abs)        006280
__Hspace_1                                 (abs)        000480
__Hspace_2                                 (abs)        000000
__Hspace_4                                 (abs)        60000E
__Hstack                                   stack        000000
__Hstruct                                  struct       000000
__Htemp                                    temp         000047
__Htext                                    text         000000
__Htext0                                   text0        000000
__Htext1                                   text1        000000
__Htext10                                  text10       000000
__Htext100                                 text100      000000
__Htext101                                 text101      000000
__Htext102                                 text102      000000
__Htext103                                 text103      000000
__Htext104                                 text104      000000
__Htext105                                 text105      000000
__Htext106                                 text106      000000
__Htext107                                 text107      000000
__Htext108                                 text108      000000
__Htext109                                 text109      000000
__Htext11                                  text11       000000
__Htext110                                 text110      000000
__Htext111                                 text111      000000
__Htext112                                 text112      000000
__Htext114                                 text114      000000
__Htext115                                 text115      000000
__Htext116                                 text116      000000
__Htext117                                 text117      000000
__Htext118                                 text118      000000
__Htext119                                 text119      000000
__Htext12                                  text12       000000
__Htext13                                  text13       000000
__Htext14                                  text14       000000
__Htext15                                  text15       000000
__Htext16                                  text16       000000
__Htext17                                  text17       000000
__Htext18                                  text18       000000
__Htext19                                  text19       000000
__Htext2                                   text2        000000
__Htext20                                  text20       000000
__Htext21                                  text21       000000
__Htext22                                  text22       000000
__Htext23                                  text23       000000
__Htext24                                  text24       000000
__Htext25                                  text25       000000
__Htext26                                  text26       000000
__Htext27                                  text27       000000
__Htext28                                  text28       000000
__Htext29                                  text29       000000
__Htext3                                   text3        000000
__Htext30                                  text30       000000
__Htext31                                  text31       000000
__Htext32                                  text32       000000
__Htext33                                  text33       000000
__Htext34                                  text34       000000
__Htext35                                  text35       000000
__Htext36                                  text36       000000
__Htext37                                  text37       000000
__Htext38                                  text38       000000
__Htext39                                  text39       000000
__Htext4                                   text4        000000
__Htext40                                  text40       000000
__Htext41                                  text41       000000
__Htext42                                  text42       000000
__Htext43                                  text43       000000
__Htext44                                  text44       000000
__Htext45                                  text45       000000
__Htext46                                  text46       000000
__Htext47                                  text47       000000
__Htext48                                  text48       000000
__Htext49                                  text49       000000
__Htext5                                   text5        000000
__Htext50                                  text50       000000
__Htext51                                  text51       000000
__Htext52                                  text52       000000
__Htext53                                  text53       000000
__Htext54                                  text54       000000
__Htext55                                  text55       000000
__Htext56                                  text56       000000
__Htext57                                  text57       000000
__Htext58                                  text58       000000
__Htext59                                  text59       000000
__Htext6                                   text6        000000
__Htext60                                  text60       000000
__Htext61                                  text61       000000
__Htext62                                  text62       000000
__Htext63                                  text63       000000
__Htext64                                  text64       000000
__Htext65                                  text65       000000
__Htext66                                  text66       000000
__Htext67                                  text67       000000
__Htext68                                  text68       000000
__Htext69                                  text69       000000
__Htext7                                   text7        000000
__Htext70                                  text70       000000
__Htext71                                  text71       000000
__Htext72                                  text72       000000
__Htext73                                  text73       000000
__Htext74                                  text74       000000
__Htext75                                  text75       000000
__Htext76                                  text76       000000
__Htext77                                  text77       000000
__Htext78                                  text78       000000
__Htext79                                  text79       000000
__Htext8                                   text8        000000
__Htext80                                  text80       000000
__Htext81                                  text81       000000
__Htext82                                  text82       000000
__Htext83                                  text83       000000
__Htext84                                  text84       000000
__Htext85                                  text85       000000
__Htext86                                  text86       000000
__Htext87                                  text87       000000
__Htext88                                  text88       000000
__Htext89                                  text89       000000
__Htext9                                   text9        000000
__Htext90                                  text90       000000
__Htext91                                  text91       000000
__Htext92                                  text92       000000
__Htext93                                  text93       000000
__Htext94                                  text94       000000
__Htext95                                  text95       000000
__Htext96                                  text96       000000
__Htext97                                  text97       000000
__Htext98                                  text98       000000
__Htext99                                  text99       000000
__LRAM                                     (abs)        000001
__Labs1                                    abs1         000000
__Lbank0                                   bank0        000000
__Lbank1                                   bank1        000000
__Lbank2                                   bank2        000000
__Lbank3                                   bank3        000000
__Lbank4                                   bank4        000000
__Lbank5                                   bank5        000000
__Lbank6                                   bank6        000000
__Lbank7                                   bank7        000000
__Lbigbss                                  bigbss       000000
__Lbigdata                                 bigdata      000000
__Lbigram                                  bigram       000000
__Lbss                                     bss          000000
__LbssBANK0                                bssBANK0     000000
__LbssBANK1                                bssBANK1     000000
__LbssBANK2                                bssBANK2     000000
__LbssBIGRAM                               bssBIGRAM    000000
__LbssCOMRAM                               bssCOMRAM    000000
__Lcinit                                   cinit        000000
__Lclrtext                                 clrtext      000000
__Lcomram                                  comram       000000
__Lconfig                                  config       000000
__Lconst                                   const        000000
__LcstackBANK0                             cstackBANK0  000000
__LcstackBANK1                             cstackBANK1  000000
__LcstackBANK2                             cstackBANK2  000000
__LcstackCOMRAM                            cstackCOMRAM 000000
__Ldata                                    data         000000
__LdataBANK1                               dataBANK1    000000
__LdataCOMRAM                              dataCOMRAM   000000
__Leeprom_data                             eeprom_data  000000
__Lfarbss                                  farbss       000000
__Lfardata                                 fardata      000000
__Libigdata                                ibigdata     000000
__Lidata                                   idata        000000
__LidataBANK1                              idataBANK1   000000
__LidataCOMRAM                             idataCOMRAM  000000
__Lidloc                                   idloc        000000
__Lifardata                                ifardata     000000
__Linit                                    init         00000E
__Lintcode                                 intcode      000008
__Lintcode_body                            intcode_body 000000
__Lintcodelo                               intcodelo    00000E
__Lintentry                                intentry     000000
__Lintret                                  intret       000000
__Lintsave_regs                            intsave_regs 000000
__Lirdata                                  irdata       000000
__Lmediumconst                             mediumconst  006100
__LnvFARRAM                                nvFARRAM     000000
__Lnvbit                                   nvbit        000000
__Lnvrram                                  nvrram       000000
__Lparam                                   rparam       000000
__Lpowerup                                 powerup      00000E
__Lram                                     ram          000000
__Lramtop                                  ramtop       000800
__Lrbit                                    rbit         000000
__Lrbss                                    rbss         000000
__Lrdata                                   rdata        000000
__Lreset_vec                               reset_vec    000000
__Lrparam                                  rparam       000000
__Lsfr                                     sfr          000000
__Lsmallconst                              smallconst   000000
__Lspace_0                                 (abs)        000000
__Lspace_1                                 (abs)        000000
__Lspace_2                                 (abs)        000000
__Lspace_4                                 (abs)        000000
__Lstack                                   stack        000000
__Lstruct                                  struct       000000
__Ltemp                                    temp         000046
__Ltext                                    text         000000
__Ltext0                                   text0        000000
__Ltext1                                   text1        000000
__Ltext10                                  text10       000000
__Ltext100                                 text100      000000
__Ltext101                                 text101      000000
__Ltext102                                 text102      000000
__Ltext103                                 text103      000000
__Ltext104                                 text104      000000
__Ltext105                                 text105      000000
__Ltext106                                 text106      000000
__Ltext107                                 text107      000000
__Ltext108                                 text108      000000
__Ltext109                                 text109      000000
__Ltext11                                  text11       000000
__Ltext110                                 text110      000000
__Ltext111                                 text111      000000
__Ltext112                                 text112      000000
__Ltext114                                 text114      000000
__Ltext115                                 text115      000000
__Ltext116                                 text116      000000
__Ltext117                                 text117      000000
__Ltext118                                 text118      000000
__Ltext119                                 text119      000000
__Ltext12                                  text12       000000
__Ltext13                                  text13       000000
__Ltext14                                  text14       000000
__Ltext15                                  text15       000000
__Ltext16                                  text16       000000
__Ltext17                                  text17       000000
__Ltext18                                  text18       000000
__Ltext19                                  text19       000000
__Ltext2                                   text2        000000
__Ltext20                                  text20       000000
__Ltext21                                  text21       000000
__Ltext22                                  text22       000000
__Ltext23                                  text23       000000
__Ltext24                                  text24       000000
__Ltext25                                  text25       000000
__Ltext26                                  text26       000000
__Ltext27                                  text27       000000
__Ltext28                                  text28       000000
__Ltext29                                  text29       000000
__Ltext3                                   text3        000000
__Ltext30                                  text30       000000
__Ltext31                                  text31       000000
__Ltext32                                  text32       000000
__Ltext33                                  text33       000000
__Ltext34                                  text34       000000
__Ltext35                                  text35       000000
__Ltext36                                  text36       000000
__Ltext37                                  text37       000000
__Ltext38                                  text38       000000
__Ltext39                                  text39       000000
__Ltext4                                   text4        000000
__Ltext40                                  text40       000000
__Ltext41                                  text41       000000
__Ltext42                                  text42       000000
__Ltext43                                  text43       000000
__Ltext44                                  text44       000000
__Ltext45                                  text45       000000
__Ltext46                                  text46       000000
__Ltext47                                  text47       000000
__Ltext48                                  text48       000000
__Ltext49                                  text49       000000
__Ltext5                                   text5        000000
__Ltext50                                  text50       000000
__Ltext51                                  text51       000000
__Ltext52                                  text52       000000
__Ltext53                                  text53       000000
__Ltext54                                  text54       000000
__Ltext55                                  text55       000000
__Ltext56                                  text56       000000
__Ltext57                                  text57       000000
__Ltext58                                  text58       000000
__Ltext59                                  text59       000000
__Ltext6                                   text6        000000
__Ltext60                                  text60       000000
__Ltext61                                  text61       000000
__Ltext62                                  text62       000000
__Ltext63                                  text63       000000
__Ltext64                                  text64       000000
__Ltext65                                  text65       000000
__Ltext66                                  text66       000000
__Ltext67                                  text67       000000
__Ltext68                                  text68       000000
__Ltext69                                  text69       000000
__Ltext7                                   text7        000000
__Ltext70                                  text70       000000
__Ltext71                                  text71       000000
__Ltext72                                  text72       000000
__Ltext73                                  text73       000000
__Ltext74                                  text74       000000
__Ltext75                                  text75       000000
__Ltext76                                  text76       000000
__Ltext77                                  text77       000000
__Ltext78                                  text78       000000
__Ltext79                                  text79       000000
__Ltext8                                   text8        000000
__Ltext80                                  text80       000000
__Ltext81                                  text81       000000
__Ltext82                                  text82       000000
__Ltext83                                  text83       000000
__Ltext84                                  text84       000000
__Ltext85                                  text85       000000
__Ltext86                                  text86       000000
__Ltext87                                  text87       000000
__Ltext88                                  text88       000000
__Ltext89                                  text89       000000
__Ltext9                                   text9        000000
__Ltext90                                  text90       000000
__Ltext91                                  text91       000000
__Ltext92                                  text92       000000
__Ltext93                                  text93       000000
__Ltext94                                  text94       000000
__Ltext95                                  text95       000000
__Ltext96                                  text96       000000
__Ltext97                                  text97       000000
__Ltext98                                  text98       000000
__Ltext99                                  text99       000000
__S0                                       (abs)        006280
__S1                                       (abs)        000480
__S2                                       (abs)        000000
__S4                                       (abs)        000000
__S5                                       (abs)        000000
___aldiv                                   text42       003DAC
___aldiv@counter                           cstackCOMRAM 000022
___aldiv@dividend                          cstackCOMRAM 00001A
___aldiv@divisor                           cstackCOMRAM 00001E
___aldiv@quotient                          cstackCOMRAM 000024
___aldiv@sign                              cstackCOMRAM 000023
___awtoft                                  text18       005124
___awtoft@c                                cstackCOMRAM 000027
___awtoft@sign                             cstackCOMRAM 00002A
___ftmul                                   text17       003A26
___ftmul@cntr                              cstackBANK0  00006A
___ftmul@exp                               cstackBANK0  000066
___ftmul@f1                                cstackBANK0  000060
___ftmul@f2                                cstackBANK0  000063
___ftmul@f3_as_product                     cstackBANK0  000067
___ftmul@sign                              cstackBANK0  00006B
___ftpack                                  text19       003F2A
___ftpack@arg                              cstackCOMRAM 00001A
___ftpack@exp                              cstackCOMRAM 00001D
___ftpack@sign                             cstackCOMRAM 00001E
___fttol                                   text16       003C0A
___fttol@exp1                              cstackBANK0  00007A
___fttol@f1                                cstackBANK0  00006C
___fttol@lval                              cstackBANK0  000076
___fttol@sign1                             cstackBANK0  000075
___inthi_sp                                stack        000000
___intlo_sp                                stack        000000
___lldiv                                   text79       00457C
___lldiv@counter                           cstackCOMRAM 000026
___lldiv@dividend                          cstackCOMRAM 00001A
___lldiv@divisor                           cstackCOMRAM 00001E
___lldiv@quotient                          cstackCOMRAM 000022
___llmod                                   text51       00492C
___llmod@counter                           cstackCOMRAM 000022
___llmod@dividend                          cstackCOMRAM 00001A
___llmod@divisor                           cstackCOMRAM 00001E
___lmul                                    text72       004BBC
___lmul@multiplicand                       cstackCOMRAM 00001E
___lmul@multiplier                         cstackCOMRAM 00001A
___lmul@product                            cstackCOMRAM 000022
___param_bank                              (abs)        000000
___rparam_used                             (abs)        000001
___sp                                      stack        000000
___wmul                                    text78       0052E2
___wmul@multiplicand                       cstackCOMRAM 00001C
___wmul@multiplier                         cstackCOMRAM 00001A
___wmul@product                            cstackCOMRAM 00001E
__accesstop                                (abs)        000060
__activetblptr                             (abs)        000002
__end_of_GPSDay                            text105      005440
__end_of_GPSHour                           text104      005352
__end_of_GPSMinute                         text103      00541E
__end_of_GPSMonth                          text102      0053FC
__end_of_GPSRead                           text116      002082
__end_of_GPSSecond                         text101      0053DA
__end_of_GPSyear                           text100      0053B8
__end_of___aldiv                           text42       003E78
__end_of___awtoft                          text18       00515C
__end_of___ftmul                           text17       003B1C
__end_of___ftpack                          text19       003FD8
__end_of___fttol                           text16       003CE0
__end_of___lldiv                           text79       0045FE
__end_of___llmod                           text51       004992
__end_of___lmul                            text72       004C12
__end_of___wmul                            text78       005308
__end_of__initialization                   cinit        004468
__end_of_armazena_ltlo                     text29       0044FA
__end_of_atoi                              text15       003DAC
__end_of_atol                              text37       0033AA
__end_of_auto_mount                        text60       000AEA
__end_of_check_fs                          text70       00457C
__end_of_clust2sect                        text57       003F2A
__end_of_command                           text93       004BBC
__end_of_config_timer_dois                 text9        005574
__end_of_config_timer_zero                 text7        0054F2
__end_of_configura_baudrate_uart           text41       003816
__end_of_convert_to_int                    text36       005374
__end_of_convert_to_int_point_lat          text35       004B08
__end_of_convert_to_int_point_long         text34       004AAE
__end_of_create_chain                      text75       002E6A
__end_of_dados_gps_to_sd                   text107      004C68
__end_of_data_nome                         text106      00526C
__end_of_delay                             text69       0054BC
__end_of_desliga_SPI                       text111      0055B2
__end_of_desliga_uart                      text110      005582
__end_of_diferenca                         text30       00391E
__end_of_disk_initialize                   text62       0052E2
__end_of_disk_ioctl                        text98       005480
__end_of_disk_read                         text89       004854
__end_of_disk_status                       text83       0051C2
__end_of_disk_write                        text87       004DFA
__end_of_disparo_gravacao                  text13       005124
__end_of_dummy_clocks                      text96       0050EA
__end_of_endereco_cursor_lcd               text66       00492C
__end_of_escalonador                       text11       00407E
__end_of_escreve_SPI                       text95       005566
__end_of_escreve_caractere_lcd             text68       0047E4
__end_of_escreve_cmd_lcd                   text20       0043F2
__end_of_escreve_frase_ram_lcd             text67       004CBA
__end_of_escreve_inteiro_lcd               text31       00506E
__end_of_escrita_sdcard                    text44       003A26
__end_of_f_close                           text80       005242
__end_of_f_lseek                           text74       000F74
__end_of_f_mount                           text73       004EDA
__end_of_f_open                            text52       001626
__end_of_f_sync                            text81       0035F4
__end_of_f_write                           text50       0005A0
__end_of_fence_diff_lat                    mediumconst  006177
__end_of_fence_diff_long                   mediumconst  00614F
__end_of_fix                               text112      0055C6
__end_of_fprintf                           text47       0012F4
__end_of_fputc                             text49       0050AE
__end_of_fputs                             text48       004B62
__end_of_get_cluster                       text77       00297A
__end_of_get_fattime                       text99       003280
__end_of_grava_sd                          text39       00550C
__end_of_hora_nome                         text46       005218
__end_of_inicializa_SPI                    text43       005460
__end_of_inicializa_tarefas                text10       004D5C
__end_of_inicializa_uart                   text40       005396
__end_of_init_hardware                     text3        005522
__end_of_init_interrupt                    text6        005534
__end_of_init_lcd                          text2        00411C
__end_of_init_oscilador                    text5        0055D8
__end_of_init_ports                        text4        0054D8
__end_of_isdigit                           text38       00549E
__end_of_isr                               intcode_body 00370C
__end_of_latitude_to_convert               text28       0046FA
__end_of_leitura_SPI                       text97       0055A6
__end_of_longitude_to_convert              text27       00467C
__end_of_ltoa                              text32       004FEC
__end_of_main                              text0        005294
__end_of_make_dirfile                      text54       00312A
__end_of_memcmp                            text71       00424A
__end_of_memcpy                            text59       004FAA
__end_of_memset                            text61       0051EE
__end_of_mensagem_inicial                  text1        004366
__end_of_monta_sd                          text108      002534
__end_of_move_window                       text86       002CDE
__end_of_next_dir_entry                    text56       002FD0
__end_of_posicao_cursor_lcd                text65       004A54
__end_of_posicao_lat                       text26       0055E2
__end_of_posicao_long                      text24       0055DE
__end_of_proceed                           text92       00559A
__end_of_put_cluster                       text76       0022E8
__end_of_recebe_dado_uart                  text115      005546
__end_of_remove_chain                      text58       0041B8
__end_of_reserve_direntry                  text55       001E12
__end_of_response                          text91       00558E
__end_of_sdc_disk_initialize               text63       001926
__end_of_sdc_disk_read                     text90       0034D0
__end_of_sdc_disk_status                   text84       005556
__end_of_sdc_disk_write                    text88       002B34
__end_of_sdc_reset                         text64       0042DA
__end_of_strcat                            text45       004F66
__end_of_strcmp                            text118      004E92
__end_of_stringcpy                         text117      004E48
__end_of_strlen                            text109      00502E
__end_of_sync                              text85       004D0C
__end_of_trace_path                        text53       001BA0
__end_of_troca_de_tela                     text12       002758
__end_of_ultoa                             text33       003C0A
__end_of_validate                          text82       004F22
__end_of_verifica_dados_operacionais       text14       004DAC
__end_of_verifica_fence_externo            text21       0048C2
__end_of_verifica_plausibilidade_lat       text25       004772
__end_of_verifica_plausibilidade_long      text23       0049F6
__end_of_verifica_recep_gps                text22       0052BC
__end_of_wait_ready                        text94       005192
__end_of_write_timer_zero                  text8        0055BC
__end_ofi2_write_timer_zero                text114      0055D0
__end_ofmensagem_inicial@F3658             mediumconst  006123
__end_ofmensagem_inicial@F3660             mediumconst  006112
__initialization                           cinit        0043F2
__mediumconst                              mediumconst  006100
__pbssBANK0                                bssBANK0     0000F0
__pbssBANK1                                bssBANK1     000100
__pbssBANK2                                bssBANK2     000200
__pbssBIGRAM                               bssBIGRAM    000260
__pbssCOMRAM                               bssCOMRAM    000030
__pcinit                                   cinit        0043F2
__pcstackBANK0                             cstackBANK0  000060
__pcstackBANK1                             cstackBANK1  0001E2
__pcstackBANK2                             cstackBANK2  00023E
__pcstackCOMRAM                            cstackCOMRAM 000001
__pdataBANK1                               dataBANK1    0001BD
__pdataCOMRAM                              dataCOMRAM   000045
__pidataBANK1                              idataBANK1   005308
__pidataCOMRAM                             idataCOMRAM  0055E2
__pintcode                                 intcode      000008
__pintcode_body                            intcode_body 0035F4
__pmediumconst                             mediumconst  006100
__ptext0                                   text0        00526C
__ptext1                                   text1        0042DA
__ptext10                                  text10       004D0C
__ptext100                                 text100      005396
__ptext101                                 text101      0053B8
__ptext102                                 text102      0053DA
__ptext103                                 text103      0053FC
__ptext104                                 text104      00532E
__ptext105                                 text105      00541E
__ptext106                                 text106      005242
__ptext107                                 text107      004C12
__ptext108                                 text108      0022E8
__ptext109                                 text109      004FEC
__ptext11                                  text11       003FD8
__ptext110                                 text110      005574
__ptext111                                 text111      0055A6
__ptext112                                 text112      0055BC
__ptext114                                 text114      0055C6
__ptext115                                 text115      005534
__ptext116                                 text116      001E12
__ptext117                                 text117      004DFA
__ptext118                                 text118      004E48
__ptext119                                 text119      000000
__ptext12                                  text12       002534
__ptext13                                  text13       0050EA
__ptext14                                  text14       004D5C
__ptext15                                  text15       003CE0
__ptext16                                  text16       003C0A
__ptext17                                  text17       003A26
__ptext18                                  text18       005124
__ptext19                                  text19       003F2A
__ptext2                                   text2        00407E
__ptext20                                  text20       004366
__ptext21                                  text21       004854
__ptext22                                  text22       005294
__ptext23                                  text23       004992
__ptext24                                  text24       0055D8
__ptext25                                  text25       0046FA
__ptext26                                  text26       0055DE
__ptext27                                  text27       0045FE
__ptext28                                  text28       00467C
__ptext29                                  text29       004476
__ptext3                                   text3        00550C
__ptext30                                  text30       003816
__ptext31                                  text31       00502E
__ptext32                                  text32       004FAA
__ptext33                                  text33       003B1C
__ptext34                                  text34       004A54
__ptext35                                  text35       004AAE
__ptext36                                  text36       005352
__ptext37                                  text37       003280
__ptext38                                  text38       005480
__ptext39                                  text39       0054F2
__ptext4                                   text4        0054BC
__ptext40                                  text40       005374
__ptext41                                  text41       00370C
__ptext42                                  text42       003DAC
__ptext43                                  text43       005440
__ptext44                                  text44       00391E
__ptext45                                  text45       004F22
__ptext46                                  text46       0051EE
__ptext47                                  text47       000F74
__ptext48                                  text48       004B08
__ptext49                                  text49       00506E
__ptext5                                   text5        0055D0
__ptext50                                  text50       000012
__ptext51                                  text51       00492C
__ptext52                                  text52       0012F4
__ptext53                                  text53       001926
__ptext54                                  text54       002FD0
__ptext55                                  text55       001BA0
__ptext56                                  text56       002E6A
__ptext57                                  text57       003E78
__ptext58                                  text58       00411C
__ptext59                                  text59       004F66
__ptext6                                   text6        005522
__ptext60                                  text60       0005A0
__ptext61                                  text61       0051C2
__ptext62                                  text62       0052BC
__ptext63                                  text63       001626
__ptext64                                  text64       00424A
__ptext65                                  text65       0049F6
__ptext66                                  text66       0048C2
__ptext67                                  text67       004C68
__ptext68                                  text68       004772
__ptext69                                  text69       00549E
__ptext7                                   text7        0054D8
__ptext70                                  text70       0044FA
__ptext71                                  text71       0041B8
__ptext72                                  text72       004BBC
__ptext73                                  text73       004E92
__ptext74                                  text74       000AEA
__ptext75                                  text75       002CDE
__ptext76                                  text76       002082
__ptext77                                  text77       002758
__ptext78                                  text78       0052E2
__ptext79                                  text79       00457C
__ptext8                                   text8        0055B2
__ptext80                                  text80       005218
__ptext81                                  text81       0034D0
__ptext82                                  text82       004EDA
__ptext83                                  text83       005192
__ptext84                                  text84       005546
__ptext85                                  text85       004CBA
__ptext86                                  text86       002B34
__ptext87                                  text87       004DAC
__ptext88                                  text88       00297A
__ptext89                                  text89       0047E4
__ptext9                                   text9        005566
__ptext90                                  text90       0033AA
__ptext91                                  text91       005582
__ptext92                                  text92       00558E
__ptext93                                  text93       004B62
__ptext94                                  text94       00515C
__ptext95                                  text95       005556
__ptext96                                  text96       0050AE
__ptext97                                  text97       00559A
__ptext98                                  text98       005460
__ptext99                                  text99       00312A
__ramtop                                   ramtop       000800
__size_of_GPSDay                           (abs)        000000
__size_of_GPSHour                          (abs)        000000
[...]
 Registers used:
		wreg, status,2
 Tracked objects:
		On entry : 
		On exit  : 
		Unchanged: 
 Data sizes:     COMRAM   BANK0   BANK1   BANK2   BANK3   BANK4   BANK5   BANK6   BANK7
      Params:         0       0       0       0       0       0       0       0       0
      Locals:         0       0       0       0       0       0       0       0       0
      Temps:          0       0       0       0       0       0       0       0       0
      Totals:         0       0       0       0       0       0       0       0       0
Total ram usage:        0 bytes
 Hardware stack levels used:    1
 Hardware stack levels required when called:    3
 This function calls:
		Nothing
 This function is called by:
		_grava_sd
 This function uses a non-reentrant model


 *************** function _desliga_SPI *****************
 Defined at:
		line 68 in file "bibliotecas/SPI.c"
 Parameters:    Size  Location     Type
		None
 Auto vars:     Size  Location     Type
		None
 Return value:  Size  Location     Type
                  1    wreg      void 
 Registers used:
		wreg, status,2
 Tracked objects:
		On entry : 
		On exit  : 
		Unchanged: 
 Data sizes:     COMRAM   BANK0   BANK1   BANK2   BANK3   BANK4   BANK5   BANK6   BANK7
      Params:         0       0       0       0       0       0       0       0       0
      Locals:         0       0       0       0       0       0       0       0       0
      Temps:          0       0       0       0       0       0       0       0       0
      Totals:         0       0       0       0       0       0       0       0       0
Total ram usage:        0 bytes
 Hardware stack levels used:    1
 Hardware stack levels required when called:    3
 This function calls:
		Nothing
 This function is called by:
		_grava_sd
 This function uses a non-reentrant model


 *************** function _fix *****************
 Defined at:
		line 268 in file "bibliotecas/GPS.c"
 Parameters:    Size  Location     Type
		None
 Auto vars:     Size  Location     Type
		None
 Return value:  Size  Location     Type
                  2   25[COMRAM] PTR unsigned char 
 Registers used:
		wreg, status,2, status,0
 Tracked objects:
		On entry : 
		On exit  : 
		Unchanged: 
 Data sizes:     COMRAM   BANK0   BANK1   BANK2   BANK3   BANK4   BANK5   BANK6   BANK7
      Params:         2       0       0       0       0       0       0       0       0
      Locals:         0       0       0       0       0       0       0       0       0
      Temps:          0       0       0       0       0       0       0       0       0
      Totals:         2       0       0       0       0       0       0       0       0
Total ram usage:        2 bytes
 Hardware stack levels used:    1
 Hardware stack levels required when called:    3
 This function calls:
		Nothing
 This function is called by:
		_disparo_gravacao
		_troca_de_tela
 This function uses a non-reentrant model


 *************** function _isr *****************
 Defined at:
		line 110 in file "main.c"
 Parameters:    Size  Location     Type
		None
 Auto vars:     Size  Location     Type
  cont            1   24[COMRAM] unsigned char 
 Return value:  Size  Location     Type
                  1    wreg      void 
 Registers used:
		wreg, fsr1l, fsr1h, fsr2l, fsr2h, status,2, status,0, tblptrl, tblptrh, tblptru, prodl, prodh, cstack
 Tracked objects:
		On entry : 
		On exit  : 
		Unchanged: 
 Data sizes:     COMRAM   BANK0   BANK1   BANK2   BANK3   BANK4   BANK5   BANK6   BANK7
      Params:         0       0       0       0       0       0       0       0       0
      Locals:         1       0       0       0       0       0       0       0       0
      Temps:         12       0       0       0       0       0       0       0       0
      Totals:        13       0       0       0       0       0       0       0       0
Total ram usage:       13 bytes
 Hardware stack levels used:    1
 Hardware stack levels required when called:    2
 This function calls:
		_GPSRead
		_recebe_dado_uart
		i2_write_timer_zero
 This function is called by:
		Interrupt level 2
 This function uses a non-reentrant model


 *************** function i2_write_timer_zero *****************
 Defined at:
		line 134 in file "bibliotecas/hardware.c"
 Parameters:    Size  Location     Type
  timer0          2    0[COMRAM] unsigned int 
 Auto vars:     Size  Location     Type
		None
 Return value:  Size  Location     Type
                  1    wreg      void 
 Registers used:
		None
 Tracked objects:
		On entry : 
		On exit  : 
		Unchanged: 
 Data sizes:     COMRAM   BANK0   BANK1   BANK2   BANK3   BANK4   BANK5   BANK6   BANK7
      Params:         2       0       0       0       0       0       0       0       0
      Locals:         0       0       0       0       0       0       0       0       0
      Temps:          0       0       0       0       0       0       0       0       0
      Totals:         2       0       0       0       0       0       0       0       0
Total ram usage:        2 bytes
 Hardware stack levels used:    1
 This function calls:
		Nothing
 This function is called by:
		_isr
 This function uses a non-reentrant model


 *************** function _recebe_dado_uart *****************
 Defined at:
		line 138 in file "bibliotecas/uart.c"
 Parameters:    Size  Location     Type
		None
 Auto vars:     Size  Location     Type
		None
 Return value:  Size  Location     Type
                  1    wreg      unsigned char 
 Registers used:
		wreg, status,2
 Tracked objects:
		On entry : 
		On exit  : 
		Unchanged: 
 Data sizes:     COMRAM   BANK0   BANK1   BANK2   BANK3   BANK4   BANK5   BANK6   BANK7
      Params:         0       0       0       0       0       0       0       0       0
      Locals:         0       0       0       0       0       0       0       0       0
      Temps:          0       0       0       0       0       0       0       0       0
      Totals:         0       0       0       0       0       0       0       0       0
Total ram usage:        0 bytes
 Hardware stack levels used:    1
 This function calls:
		Nothing
 This function is called by:
		_isr
 This function uses a non-reentrant model


 *************** function _GPSRead *****************
 Defined at:
		line 61 in file "bibliotecas/GPS.c"
 Parameters:    Size  Location     Type
  buff            1    wreg     unsigned char 
 Auto vars:     Size  Location     Type
  buff            1   10[COMRAM] unsigned char 
  c               1   11[COMRAM] unsigned char 
 Return value:  Size  Location     Type
                  2  352[None  ] int 
 Registers used:
		wreg, fsr1l, fsr1h, fsr2l, fsr2h, status,2, status,0, tblptrl, tblptrh, tblptru, cstack
 Tracked objects:
		On entry : 
		On exit  : 
		Unchanged: 
 Data sizes:     COMRAM   BANK0   BANK1   BANK2   BANK3   BANK4   BANK5   BANK6   BANK7
      Params:         0       0       0       0       0       0       0       0       0
      Locals:         2       0       0       0       0       0       0       0       0
      Temps:          0       0       0       0       0       0       0       0       0
      Totals:         2       0       0       0       0       0       0       0       0
Total ram usage:        2 bytes
 Hardware stack levels used:    1
 Hardware stack levels required when called:    1
 This function calls:
		_strcmp
		_stringcpy
 This function is called by:
		_isr
 This function uses a non-reentrant model


 *************** function _stringcpy *****************
 Defined at:
		line 52 in file "bibliotecas/GPS.c"
 Parameters:    Size  Location     Type
  str1            2    0[COMRAM] PTR unsigned char 
		 -> buffer(12), 
  str2            2    2[COMRAM] PTR unsigned char 
		 -> rawFix(2), rawDate(7), rawSpeed(6), rawLongitude(12), 
		 -> rawLatitude(11), rawTime(11), sentence(6), 
  dir             2    4[COMRAM] int 
  size            1    6[COMRAM] unsigned char 
 Auto vars:     Size  Location     Type
  chr             1    9[COMRAM] unsigned char 
 Return value:  Size  Location     Type
                  1    wreg      void 
 Registers used:
		wreg, fsr1l, fsr1h, fsr2l, fsr2h, status,2, status,0
 Tracked objects:
		On entry : 
		On exit  : 
		Unchanged: 
 Data sizes:     COMRAM   BANK0   BANK1   BANK2   BANK3   BANK4   BANK5   BANK6   BANK7
      Params:         7       0       0       0       0       0       0       0       0
      Locals:         1       0       0       0       0       0       0       0       0
      Temps:          2       0       0       0       0       0       0       0       0
      Totals:        10       0       0       0       0       0       0       0       0
Total ram usage:       10 bytes
 Hardware stack levels used:    1
 This function calls:
		Nothing
 This function is called by:
		_GPSRead
 This function uses a non-reentrant model


 *************** function _strcmp *****************
 Defined at:
		line 33 in file "C:\Program Files\Microchip\xc8\v2.30\pic\sources\c90\common\strcmp.c"
 Parameters:    Size  Location     Type
  s1              2    0[COMRAM] PTR const unsigned char 
		 -> sentence(6), 
  s2              2    2[COMRAM] PTR const unsigned char 
		 -> STR_6(6), STR_5(6), 
 Auto vars:     Size  Location     Type
  r               1    6[COMRAM] char 
 Return value:  Size  Location     Type
                  2    0[COMRAM] int 
 Registers used:
		wreg, fsr2l, fsr2h, status,2, status,0, tblptrl, tblptrh, tblptru
 Tracked objects:
		On entry : 
		On exit  : 
		Unchanged: 
 Data sizes:     COMRAM   BANK0   BANK1   BANK2   BANK3   BANK4   BANK5   BANK6   BANK7
      Params:         4       0       0       0       0       0       0       0       0
      Locals:         1       0       0       0       0       0       0       0       0
      Temps:          2       0       0       0       0       0       0       0       0
      Totals:         7       0       0       0       0       0       0       0       0
Total ram usage:        7 bytes
 Hardware stack levels used:    1
 This function calls:
		Nothing
 This function is called by:
		_GPSRead
 This function uses a non-reentrant model



MODULE INFORMATION

Module		Function		Class		Link	Load	Size
bibliotecas/uart.c
		_configura_baudrate_uart		CODE           	370C	0000	266
		_recebe_dado_uart		CODE           	5534	0000	18
		_desliga_uart  		CODE           	5574	0000	14
		_inicializa_uart		CODE           	5374	0000	34

bibliotecas/uart.c estimated size: 332

bibliotecas/SPI.c
		_escreve_SPI   		CODE           	5556	0000	16
		_inicializa_SPI		CODE           	5440	0000	32
		_desliga_SPI   		CODE           	55A6	0000	12
		_leitura_SPI   		CODE           	559A	0000	12

bibliotecas/SPI.c estimated size: 72

C:\Program Files\Microchip\xc8\v2.30\pic\sources\c90\common\strlen.c
		_strlen        		CODE           	4FEC	0000	66

C:\Program Files\Microchip\xc8\v2.30\pic\sources\c90\common\strlen.c estimated size: 66

C:\Program Files\Microchip\xc8\v2.30\pic\sources\c90\common\__lldiv.c
		___lldiv       		CODE           	457C	0000	130

C:\Program Files\Microchip\xc8\v2.30\pic\sources\c90\common\__lldiv.c estimated size: 130

C:\Program Files\Microchip\xc8\v2.30\pic\sources\c90\common\strcmp.c
		_strcmp        		CODE           	4E48	0000	74

C:\Program Files\Microchip\xc8\v2.30\pic\sources\c90\common\strcmp.c estimated size: 74

bibliotecas/diskio.c
		_disk_initialize		CODE           	52BC	0000	38
		_disk_write    		CODE           	4DAC	0000	78
		_disk_status   		CODE           	5192	0000	48
		_sdc_reset     		CODE           	424A	0000	144
		_disk_ioctl    		CODE           	5460	0000	32
		_sdc_disk_read 		CODE           	33AA	0000	294
		_sdc_disk_initialize		CODE           	1626	0000	768
		_disk_read     		CODE           	47E4	0000	112
		_sdc_disk_write		CODE           	297A	0000	442
		_sdc_disk_status		CODE           	5546	0000	16

bibliotecas/diskio.c estimated size: 1972

C:\Program Files\Microchip\xc8\v2.30\pic\sources\c90\common\awtoft.c
		___awtoft      		CODE           	5124	0000	56

C:\Program Files\Microchip\xc8\v2.30\pic\sources\c90\common\awtoft.c estimated size: 56

C:\Program Files\Microchip\xc8\v2.30\pic\sources\c90\common\memset.c
		_memset        		CODE           	51C2	0000	44

C:\Program Files\Microchip\xc8\v2.30\pic\sources\c90\common\memset.c estimated size: 44

C:\Program Files\Microchip\xc8\v2.30\pic\sources\c90\common\ftmul.c
		___ftmul       		CODE           	3A26	0000	246

C:\Program Files\Microchip\xc8\v2.30\pic\sources\c90\common\ftmul.c estimated size: 246

C:\Program Files\Microchip\xc8\v2.30\pic\sources\c90\common\ltoa.c
		_ltoa          		CODE           	4FAA	0000	66
		_ultoa         		CODE           	3B1C	0000	238

C:\Program Files\Microchip\xc8\v2.30\pic\sources\c90\common\ltoa.c estimated size: 304

C:\Program Files\Microchip\xc8\v2.30\pic\sources\c90\common\llmod.c
		___llmod       		CODE           	492C	0000	102

C:\Program Files\Microchip\xc8\v2.30\pic\sources\c90\common\llmod.c estimated size: 102

C:\Program Files\Microchip\xc8\v2.30\pic\sources\c90\common\atoi.c
		_atoi          		CODE           	3CE0	0000	204

C:\Program Files\Microchip\xc8\v2.30\pic\sources\c90\common\atoi.c estimated size: 204

C:\Program Files\Microchip\xc8\v2.30\pic\sources\c90\common\isdigit.c
		_isdigit       		CODE           	5480	0000	30

C:\Program Files\Microchip\xc8\v2.30\pic\sources\c90\common\isdigit.c estimated size: 30

bibliotecas/SDCard.c
		_response      		CODE           	5582	0000	12
		_data_nome     		CODE           	5242	0000	42
		_hora_nome     		CODE           	51EE	0000	42
		_dummy_clocks  		CODE           	50AE	0000	60
		_escrita_sdcard		CODE           	391E	0000	264
		_monta_sd      		CODE           	22E8	0000	588
		_command       		CODE           	4B62	0000	90
		_proceed       		CODE           	558E	0000	12
		_wait_ready    		CODE           	515C	0000	54

bibliotecas/SDCard.c estimated size: 1164

C:\Program Files\Microchip\xc8\v2.30\pic\sources\c90\common\fttol.c
		___fttol       		CODE           	3C0A	0000	214

C:\Program Files\Microchip\xc8\v2.30\pic\sources\c90\common\fttol.c estimated size: 214

C:\Program Files\Microchip\xc8\v2.30\pic\sources\c90\common\memcmp.c
		_memcmp        		CODE           	41B8	0000	146

C:\Program Files\Microchip\xc8\v2.30\pic\sources\c90\common\memcmp.c estimated size: 146

C:\Program Files\Microchip\xc8\v2.30\pic\sources\c90\common\memcpy.c
		_memcpy        		CODE           	4F66	0000	68

C:\Program Files\Microchip\xc8\v2.30\pic\sources\c90\common\memcpy.c estimated size: 68

bibliotecas/hardware.c
		_init_hardware 		CODE           	550C	0000	22
		_config_timer_dois		CODE           	5566	0000	14
		_config_timer_zero		CODE           	54D8	0000	26
		_init_ports    		CODE           	54BC	0000	28
		_write_timer_zero		CODE           	55B2	0000	10
		_init_interrupt		CODE           	5522	0000	18
		_init_oscilador		CODE           	55D0	0000	8

bibliotecas/hardware.c estimated size: 126

shared
		mensagem_inicial@F3660		MEDIUMCONST    	6101	0000	17
		__initialization		CODE           	43F2	0000	118
		mensagem_inicial@F3658		MEDIUMCONST    	6112	0000	17
		_fence_diff_lat		MEDIUMCONST    	614F	0000	40
		i2_write_timer_zero		CODE           	55C6	0000	10
		_fence_diff_long		MEDIUMCONST    	6123	0000	44

shared estimated size: 246

C:\Program Files\Microchip\xc8\v2.30\pic\sources\c90\common\Umul16.c
		___wmul        		CODE           	52E2	0000	38

C:\Program Files\Microchip\xc8\v2.30\pic\sources\c90\common\Umul16.c estimated size: 38

C:\Program Files\Microchip\xc8\v2.30\pic\sources\c90\common\aldiv.c
		___aldiv       		CODE           	3DAC	0000	204

C:\Program Files\Microchip\xc8\v2.30\pic\sources\c90\common\aldiv.c estimated size: 204

C:\Program Files\Microchip\xc8\v2.30\pic\sources\c90\common\atol.c
		_atol          		CODE           	3280	0000	298

C:\Program Files\Microchip\xc8\v2.30\pic\sources\c90\common\atol.c estimated size: 298

bibliotecas/display_lcd.c
		_delay         		CODE           	549E	0000	30
		_init_lcd      		CODE           	407E	0000	158
		_endereco_cursor_lcd		CODE           	48C2	0000	106
		_escreve_cmd_lcd		CODE           	4366	0000	140
		_posicao_cursor_lcd		CODE           	49F6	0000	94
		_escreve_caractere_lcd		CODE           	4772	0000	114
		_escreve_frase_ram_lcd		CODE           	4C68	0000	82
		_escreve_inteiro_lcd		CODE           	502E	0000	64

bibliotecas/display_lcd.c estimated size: 788

main.c
		_main          		CODE           	526C	0000	40
		_verifica_fence_externo		CODE           	4854	0000	110
		_troca_de_tela 		CODE           	2534	0000	548
		_disparo_gravacao		CODE           	50EA	0000	58
		_grava_sd      		CODE           	54F2	0000	26
		_verifica_dados_operacionais		CODE           	4D5C	0000	80
		_isr           		CODE           	0008	0000	286
		_escalonador   		CODE           	3FD8	0000	166
		_mensagem_inicial		CODE           	42DA	0000	140
		_inicializa_tarefas		CODE           	4D0C	0000	80

main.c estimated size: 1534

C:\Program Files\Microchip\xc8\v2.30\pic\sources\c90\common\float.c
		___ftpack      		CODE           	3F2A	0000	174

C:\Program Files\Microchip\xc8\v2.30\pic\sources\c90\common\float.c estimated size: 174

bibliotecas/fence.c
		_convert_to_int		CODE           	5352	0000	34
		_armazena_ltlo 		CODE           	4476	0000	132
		_convert_to_int_point_lat		CODE           	4AAE	0000	90
		_verifica_plausibilidade_lat		CODE           	46FA	0000	120
		_diferenca     		CODE           	3816	0000	264
		_verifica_plausibilidade_long		CODE           	4992	0000	100
		_convert_to_int_point_long		CODE           	4A54	0000	90

bibliotecas/fence.c estimated size: 830

bibliotecas/GPS.c
		_GPSSecond     		CODE           	53B8	0000	34
		_latitude_to_convert		CODE           	467C	0000	126
		_GPSHour       		CODE           	532E	0000	36
		_longitude_to_convert		CODE           	45FE	0000	126
		_GPSMinute     		CODE           	53FC	0000	34
		_stringcpy     		CODE           	4DFA	0000	78
		_GPSDay        		CODE           	541E	0000	34
		_posicao_lat   		CODE           	55DE	0000	4
		_posicao_long  		CODE           	55D8	0000	6
		_GPSMonth      		CODE           	53DA	0000	34
		_fix           		CODE           	55BC	0000	10
		_GPSyear       		CODE           	5396	0000	34
		_GPSRead       		CODE           	1E12	0000	624
		_dados_gps_to_sd		CODE           	4C12	0000	86
		_verifica_recep_gps		CODE           	5294	0000	40

bibliotecas/GPS.c estimated size: 1306

bibliotecas/tff.c
		_reserve_direntry		CODE           	1BA0	0000	626
		_sync          		CODE           	4CBA	0000	82
		_remove_chain  		CODE           	411C	0000	156
		_f_mount       		CODE           	4E92	0000	72
		_get_cluster   		CODE           	2758	0000	546
		_get_fattime   		CODE           	312A	0000	342
		_fputs         		CODE           	4B08	0000	90
		_auto_mount    		CODE           	05A0	0000	1354
		_create_chain  		CODE           	2CDE	0000	396
		_f_lseek       		CODE           	0AEA	0000	1162
		_validate      		CODE           	4EDA	0000	72
		_check_fs      		CODE           	44FA	0000	130
		_fprintf       		CODE           	0F74	0000	896
		_f_sync        		CODE           	34D0	0000	292
		_trace_path    		CODE           	1926	0000	634
		_f_write       		CODE           	0012	0000	1422
		_fputc         		CODE           	506E	0000	64
		_put_cluster   		CODE           	2082	0000	614
		_make_dirfile  		CODE           	2FD0	0000	346
		_clust2sect    		CODE           	3E78	0000	178
		_f_open        		CODE           	12F4	0000	818
		_next_dir_entry		CODE           	2E6A	0000	358
		_f_close       		CODE           	5218	0000	42
		_move_window   		CODE           	2B34	0000	426

bibliotecas/tff.c estimated size: 11118

C:\Program Files\Microchip\xc8\v2.30\pic\sources\c90\common\Umul32.c
		___lmul        		CODE           	4BBC	0000	86

C:\Program Files\Microchip\xc8\v2.30\pic\sources\c90\common\Umul32.c estimated size: 86

C:\Program Files\Microchip\xc8\v2.30\pic\sources\c90\common\strcat.c
		_strcat        		CODE           	4F22	0000	68

C:\Program Files\Microchip\xc8\v2.30\pic\sources\c90\common\strcat.c estimated size: 68

