Microchip MPLAB XC8 Compiler V2.30

Linker command line:

-W-3 --edf=C:\Program Files\Microchip\xc8\v2.30\pic\dat\en_msgs.txt -cn \
  -h+dist/default/production\TCC_telemetria.X.production.sym \
  --cmf=dist/default/production\TCC_telemetria.X.production.cmf -z \
  -Q18F4550 -oC:\Users\Felipe\AppData\Local\Temp\st4x2 \
  -Mdist/default/production/TCC_telemetria.X.production.map -E1 \
  -ver=XC8 Compiler -ASTACK=0542h-07FFh -pstack=STACK -ACODE=00h-0627Fh \
  -ACONST=00h-0627Fh -ASMALLCONST=0800h-08FFhx90,06200h-0627Fh \
  -AMEDIUMCONST=0800h-0627Fh -ACOMRAM=01h-05Fh -AABS1=00h-07FFh \
  -ABIGRAM=01h-07FFh -ARAM=060h-0FFh,0100h-01FFhx7 -ABANK0=060h-0FFh \
  -ABANK1=0100h-01FFh -ABANK2=0200h-02FFh -ABANK3=0300h-03FFh \
  -ABANK4=0400h-04FFh -ABANK5=0500h-05FFh -ABANK6=0600h-06FFh \
  -ABANK7=0700h-07FFh -ASFR=0F60h-0FFFh -ACONFIG=0300000h-030000Dh \
  -AIDLOC=0200000h-0200007h -AEEDATA=0F00000h-0F000FFh -peeprom_data=EEDATA \
  -preset_vec=00h,intcode=08h,intcodelo,powerup,init -pramtop=0800h \
  -psmallconst=SMALLCONST -pmediumconst=MEDIUMCONST -pconst=CONST \
  -AFARRAM=00h-00h \
  -prdata=COMRAM,nvrram=COMRAM,nvbit=COMRAM,rbss=COMRAM,rbit=COMRAM \
  -pfarbss=FARRAM,fardata=FARRAM,nvFARRAM=FARRAM \
  -pintsave_regs=BIGRAM,bigbss=BIGRAM,bigdata=BIGRAM -pbss=RAM \
  -pidata=CODE,irdata=CODE,ibigdata=CODE,ifardata=CODE -prparam=COMRAM \
  C:\Users\Felipe\AppData\Local\Temp\st4x8.obj \
  dist/default/production\TCC_telemetria.X.production.obj 

Object code version is 3.11

Machine type is 18F4550



                Name                               Link     Load   Length Selector   Space Scale
C:\Users\Felipe\AppData\Local\Temp\st4x8.obj
                idloc                            200000   200000        8        0       5
                config                           300000   300000        E        0       4
                init                                  E        E        4        4       0
                reset_vec                             0        0        4        0       0
dist/default/production\TCC_telemetria.X.production.obj
                intcode                               8        8        6        4       0
                idloc                            200000   200000        8        0       5
                config                           300000   300000        E        0       4
                temp                                 47       47        1        1       1
                mediumconst                        60E6     60E6      19A     3073       0
                text103                            4D18     4D18       4A        4       0
                text102                            4DF2     4DF2       46        4       0
                text101                            2346     2346      2C4        4       0
                text100                            538C     538C       12        4       0
                text99                             5432     5432        A        4       0
                intcode_body                       3BEC     3BEC      118        4       0
                text97                             5136     5136       2A        4       0
                text96                             3E10     3E10      10C        4       0
                text95                             4F7E     4F7E       3A        4       0
                text94                             53FE     53FE        C        4       0
                text93                             53CC     53CC        E        4       0
                text92                             527A     527A       22        4       0
                text91                             51AC     51AC       24        4       0
                text90                             5258     5258       22        4       0
                text89                             5236     5236       22        4       0
                text88                             5214     5214       22        4       0
                text87                             51F2     51F2       22        4       0
                text86                             3722     3722      156        4       0
                text85                             52BC     52BC       20        4       0
                text84                             53F2     53F2        C        4       0
                text83                             4F42     4F42       3C        4       0
                text82                             53AE     53AE       10        4       0
                text81                             4FEE     4FEE       36        4       0
                text80                             4B24     4B24       5A        4       0
                text79                             53E6     53E6        C        4       0
                text78                             53DA     53DA        C        4       0
                text77                             3AC8     3AC8      124        4       0
                text76                             491E     491E       70        4       0
                text75                             2F78     2F78      1B6        4       0
                text74                             4CCA     4CCA       4E        4       0
                text73                             312E     312E      1AA        4       0
                text72                             4C78     4C78       52        4       0
                text71                             539E     539E       10        4       0
                text70                             5056     5056       30        4       0
                text69                             4DAA     4DAA       48        4       0
                text68                             39A4     39A4      124        4       0
                text67                             510C     510C       2A        4       0
                text66                             473A     473A       82        4       0
                text65                             5186     5186       26        4       0
                text64                             2D56     2D56      222        4       0
                text63                             2AF0     2AF0      266        4       0
                text62                             32D8     32D8      18C        4       0
                text61                             11D0     11D0      48A        4       0
                text60                             4D62     4D62       48        4       0
                text59                             4B7E     4B7E       56        4       0
                text58                             4480     4480       92        4       0
                text57                             46B8     46B8       82        4       0
                text56                             52FA     52FA       1E        4       0
                text55                             48AC     48AC       72        4       0
                text54                             4C26     4C26       52        4       0
                text53                             498E     498E       6A        4       0
                text52                             4AC6     4AC6       5E        4       0
                text51                             4512     4512       90        4       0
                text50                             2046     2046      300        4       0
                text49                             5160     5160       26        4       0
                text48                             50E0     50E0       2C        4       0
                text47                              C88      C88      548        4       0
                text46                             4E7C     4E7C       44        4       0
                text45                             4350     4350       9C        4       0
                text44                             40B6     40B6       B2        4       0
                text43                             3464     3464      164        4       0
                text42                             2882     2882      26E        4       0
                text41                             35C8     35C8      15A        4       0
                text40                             260A     260A      278        4       0
                text39                             1D14     1D14      332        4       0
                text38                             5428     5428        A        4       0
                text37                             4A60     4A60       66        4       0
                text36                              6FE      6FE      58A        4       0
                text35                             4F02     4F02       40        4       0
                text34                             462E     462E       8A        4       0
                text33                             165A     165A      37E        4       0
                text32                             529C     529C       20        4       0
                text31                             3FEA     3FEA       CC        4       0
                text30                             3D04     3D04      10C        4       0
                text29                             51D0     51D0       22        4       0
                text28                             4E38     4E38       44        4       0
                text27                             5086     5086       2E        4       0
                text26                             3878     3878      12C        4       0
                text25                             541E     541E        A        4       0
                text24                             5414     5414        A        4       0
                text23                             45A2     45A2       8C        4       0
                text22                             4BD4     4BD4       52        4       0
                text21                             4EC0     4EC0       42        4       0
                text20                             43EC     43EC       94        4       0
                text19                             5024     5024       32        4       0
                text18                             4FB8     4FB8       36        4       0
                text17                             52DC     52DC       1E        4       0
                text16                             3F1C     3F1C       CE        4       0
                text15                               12       12      6EC        4       0
                text14                             544C     544C        2     2A26       0
                text13                             5364     5364       16        4       0
                text12                             19D8     19D8      33C        4       0
                text11                             4168     4168       A6        4       0
                text10                             49F8     49F8       68        4       0
                text9                              53BE     53BE        E        4       0
                text8                              540A     540A        A        4       0
                text7                              5334     5334       1A        4       0
                text6                              537A     537A       12        4       0
                text5                              543C     543C        8        4       0
                text4                              5318     5318       1C        4       0
                text3                              534E     534E       16        4       0
                text2                              42B2     42B2       9E        4       0
                text1                              4836     4836       76        4       0
                text0                              50B4     50B4       2C        4       0
                cstackCOMRAM                          1        1       32        1       1
                cstackBANK0                          60       60       96       60       1
                cstackBANK3                         300      300       22      300       1
                bssBIGRAM                           322      322      220      322       1
                dataBANK2                           200      200       7A      200       1
                bssBANK2                            27A      27A       78      200       1
                dataBANK1                           1F4      1F4        7      100       1
                bssBANK1                            100      100       F4      100       1
                bssBANK0                             F6       F6        8       60       1
                dataCOMRAM                           46       46        1        1       1
                bssCOMRAM                            33       33       13        1       1
                cinit                              420E     420E       A4        4       0
                idataBANK2                         47BC     47BC       7A        4       0
                idataBANK1                         5444     5444        7        4       0
                idataCOMRAM                        544E     544E        1     2A26       0

TOTAL           Name                               Link     Load   Length     Space
        CLASS   STACK          

        CLASS   CODE           
                intcode                               8        8        6         0
                init                                  E        E        4         0
                reset_vec                             0        0        4         0
                text103                            4D18     4D18       4A         0
                text102                            4DF2     4DF2       46         0
                text101                            2346     2346      2C4         0
                text100                            538C     538C       12         0
                text99                             5432     5432        A         0
                intcode_body                       3BEC     3BEC      118         0
                text97                             5136     5136       2A         0
                text96                             3E10     3E10      10C         0
                text95                             4F7E     4F7E       3A         0
                text94                             53FE     53FE        C         0
                text93                             53CC     53CC        E         0
                text92                             527A     527A       22         0
                text91                             51AC     51AC       24         0
                text90                             5258     5258       22         0
                text89                             5236     5236       22         0
                text88                             5214     5214       22         0
                text87                             51F2     51F2       22         0
                text86                             3722     3722      156         0
                text85                             52BC     52BC       20         0
                text84                             53F2     53F2        C         0
                text83                             4F42     4F42       3C         0
                text82                             53AE     53AE       10         0
                text81                             4FEE     4FEE       36         0
                text80                             4B24     4B24       5A         0
                text79                             53E6     53E6        C         0
                text78                             53DA     53DA        C         0
                text77                             3AC8     3AC8      124         0
                text76                             491E     491E       70         0
                text75                             2F78     2F78      1B6         0
                text74                             4CCA     4CCA       4E         0
                text73                             312E     312E      1AA         0
                text72                             4C78     4C78       52         0
                text71                             539E     539E       10         0
                text70                             5056     5056       30         0
                text69                             4DAA     4DAA       48         0
                text68                             39A4     39A4      124         0
                text67                             510C     510C       2A         0
                text66                             473A     473A       82         0
                text65                             5186     5186       26         0
                text64                             2D56     2D56      222         0
                text63                             2AF0     2AF0      266         0
                text62                             32D8     32D8      18C         0
                text61                             11D0     11D0      48A         0
                text60                             4D62     4D62       48         0
                text59                             4B7E     4B7E       56         0
                text58                             4480     4480       92         0
                text57                             46B8     46B8       82         0
                text56                             52FA     52FA       1E         0
                text55                             48AC     48AC       72         0
                text54                             4C26     4C26       52         0
                text53                             498E     498E       6A         0
                text52                             4AC6     4AC6       5E         0
                text51                             4512     4512       90         0
                text50                             2046     2046      300         0
                text49                             5160     5160       26         0
                text48                             50E0     50E0       2C         0
                text47                              C88      C88      548         0
                text46                             4E7C     4E7C       44         0
                text45                             4350     4350       9C         0
                text44                             40B6     40B6       B2         0
                text43                             3464     3464      164         0
                text42                             2882     2882      26E         0
                text41                             35C8     35C8      15A         0
                text40                             260A     260A      278         0
                text39                             1D14     1D14      332         0
                text38                             5428     5428        A         0
                text37                             4A60     4A60       66         0
                text36                              6FE      6FE      58A         0
                text35                             4F02     4F02       40         0
                text34                             462E     462E       8A         0
                text33                             165A     165A      37E         0
                text32                             529C     529C       20         0
                text31                             3FEA     3FEA       CC         0
                text30                             3D04     3D04      10C         0
                text29                             51D0     51D0       22         0
                text28                             4E38     4E38       44         0
                text27                             5086     5086       2E         0
                text26                             3878     3878      12C         0
                text25                             541E     541E        A         0
                text24                             5414     5414        A         0
                text23                             45A2     45A2       8C         0
                text22                             4BD4     4BD4       52         0
                text21                             4EC0     4EC0       42         0
                text20                             43EC     43EC       94         0
                text19                             5024     5024       32         0
                text18                             4FB8     4FB8       36         0
                text17                             52DC     52DC       1E         0
                text16                             3F1C     3F1C       CE         0
                text15                               12       12      6EC         0
                text14                             544C     544C        2         0
                text13                             5364     5364       16         0
                text12                             19D8     19D8      33C         0
                text11                             4168     4168       A6         0
                text10                             49F8     49F8       68         0
                text9                              53BE     53BE        E         0
                text8                              540A     540A        A         0
                text7                              5334     5334       1A         0
                text6                              537A     537A       12         0
                text5                              543C     543C        8         0
                text4                              5318     5318       1C         0
                text3                              534E     534E       16         0
                text2                              42B2     42B2       9E         0
                text1                              4836     4836       76         0
                text0                              50B4     50B4       2C         0
                cinit                              420E     420E       A4         0
                idataBANK2                         47BC     47BC       7A         0
                idataBANK1                         5444     5444        7         0
                idataCOMRAM                        544E     544E        1         0

        CLASS   CONST          

        CLASS   SMALLCONST     

        CLASS   MEDIUMCONST    
                mediumconst                        60E6     60E6      19A         0

        CLASS   COMRAM         
                temp                                 47       47        1         1
                cstackCOMRAM                          1        1       32         1
                dataCOMRAM                           46       46        1         1
                bssCOMRAM                            33       33       13         1

        CLASS   ABS1           

        CLASS   BIGRAM         
                bssBIGRAM                           322      322      220         1

        CLASS   RAM            

        CLASS   BANK0          
                cstackBANK0                          60       60       96         1
                bssBANK0                             F6       F6        8         1

        CLASS   BANK1          
                dataBANK1                           1F4      1F4        7         1
                bssBANK1                            100      100       F4         1

        CLASS   BANK2          
                dataBANK2                           200      200       7A         1
                bssBANK2                            27A      27A       78         1

        CLASS   BANK3          
                cstackBANK3                         300      300       22         1

        CLASS   BANK4          

        CLASS   BANK5          

        CLASS   BANK6          

        CLASS   BANK7          

        CLASS   SFR            

        CLASS   CONFIG         
                config                           300000   300000        E         4

        CLASS   IDLOC          
                idloc                            200000   200000        8         5

        CLASS   EEDATA         

        CLASS   FARRAM         



SEGMENTS        Name                           Load    Length   Top    Selector   Space  Class

                reset_vec                      000000  000004  000004         0       0  CODE    
                cstackCOMRAM                   000001  000047  000048         1       1  COMRAM  
                intcode                        000008  005443  00544B         4       0  CODE    
                cstackBANK0                    000060  00009E  0000FE        60       1  BANK0   
                bssBANK1                       000100  0000FB  0001FB       100       1  BANK1   
                dataBANK2                      000200  0000F2  0002F2       200       1  BANK2   
                cstackBANK3                    000300  000022  000322       300       1  BANK3   
                bssBIGRAM                      000322  000220  000542       322       1  BIGRAM  
                text14                         00544C  000003  00544F      2A26       0  CODE    
                mediumconst                    0060E6  00019A  006280      3073       0  MEDIUMCO


UNUSED ADDRESS RANGES

        Name                Unused          Largest block    Delta
        BANK0            0000FE-0000FF                2
        BANK1            0001FB-0001FF                5
        BANK2            0002F2-0002FF                E
        BANK5            000542-0005FF               BE
        BANK6            000600-0006FF              100
        BANK7            000700-0007FF              100
        BIGRAM           000048-00005F               18
                         0000FE-0000FF                2
                         0001FB-0001FF                5
                         0002F2-0002FF                E
                         000542-0007FF              2BE
        CODE             000004-000007                4
                         00544B-00544B                1
                         00544F-0060E5              C97
        COMRAM           000048-00005F               18
        CONST            000004-000007                4
                         00544B-00544B                1
                         00544F-0060E5              C97
        EEDATA           F00000-F000FF              100
        MEDIUMCONST      00544B-00544B                1
                         00544F-0060E5              C97
        RAM              0000FE-0000FF                2
                         0001FB-0001FF                5
                         0002F2-0002FF                E
                         000542-0007FF              100
        SFR              000F60-000FFF               A0
        SMALLCONST       00544B-00544B                1
                         00544F-0060E5              100
        STACK            000542-0007FF              2BE

                                  Symbol Table

?_GPSDay                                cstackCOMRAM 000019
?_GPSHour                               cstackCOMRAM 000019
?_GPSMinute                             cstackCOMRAM 000019
?_GPSMonth                              cstackCOMRAM 000019
?_GPSSecond                             cstackCOMRAM 000019
?_GPSyear                               cstackCOMRAM 000019
?_Latitude                              cstackCOMRAM 000019
?_Longitude                             cstackCOMRAM 000019
?___aldiv                               cstackCOMRAM 000019
?___lldiv                               cstackCOMRAM 000019
?___llmod                               cstackCOMRAM 000019
?___lmul                                cstackCOMRAM 000019
?___lwdiv                               cstackCOMRAM 000019
?___lwmod                               cstackCOMRAM 000019
?___wmul                                cstackCOMRAM 000019
?_atoi                                  cstackCOMRAM 00001F
?_clust2sect                            cstackCOMRAM 000025
?_create_chain                          cstackBANK0  0000A0
?_fix                                   cstackCOMRAM 000019
?_fprintf                               cstackBANK0  0000DA
?_fputc                                 cstackBANK0  0000CC
?_fputs                                 cstackBANK0  0000D3
?_get_cluster                           cstackCOMRAM 000031
?_get_fattime                           cstackCOMRAM 00001D
?_memcmp                                cstackCOMRAM 000019
?_strcmp                                cstackCOMRAM 000001
?_strlen                                cstackCOMRAM 000019
GPSRead@buff                            cstackCOMRAM 00000A
GPSRead@c                               cstackCOMRAM 00000B
_ADCON1                                 (abs)        000FC1
_BRGH                                   (abs)        007D62
_CREN                                   (abs)        007D5C
_FatFs                                  bssCOMRAM    000039
_GPGGA_ok                               bssBANK1     00011C
_GPRMC_ok                               bssBANK0     0000FB
_GPSDay                                 text92       00527A
_GPSHour                                text91       0051AC
_GPSMinute                              text90       005258
_GPSMonth                               text89       005236
_GPSRead                                text101      002346
_GPSSecond                              text88       005214
_GPSyear                                text87       0051F2
_INT0IE                                 (abs)        007F94
_INT0IF                                 (abs)        007F91
_INTCON                                 (abs)        000FF2
_INTCON2                                (abs)        000FF1
_INTCON3                                (abs)        000FF0
_INTCONbits                             (abs)        000FF2
_LATB                                   (abs)        000F8A
_LATBbits                               (abs)        000F8A
_LATCbits                               (abs)        000F8B
_Latitude                               text25       00541E
_Longitude                              text24       005414
_OSCCONbits                             (abs)        000FD3
_PCL                                    (abs)        000FF9
_PCLATH                                 (abs)        000FFA
_PIE1                                   (abs)        000F9D
_PIE1bits                               (abs)        000F9D
_PIR1bits                               (abs)        000F9E
_PORTBbits                              (abs)        000F81
_PORTDbits                              (abs)        000F83
_PORTEbits                              (abs)        000F84
_PR2                                    (abs)        000FCB
_RCIF                                   (abs)        007CF5
_RCREG                                  (abs)        000FAE
_RCSTA                                  (abs)        000FAB
_RCSTAbits                              (abs)        000FAB
_SPBRG                                  (abs)        000FAF
_SPEN                                   (abs)        007D5F
_SPPCFG                                 (abs)        000F63
_SPPCON                                 (abs)        000F65
_SSPBUF                                 (abs)        000FC9
_SSPCON1                                (abs)        000FC6
_SSPCON1bits                            (abs)        000FC6
_SSPSTAT                                (abs)        000FC7
_SSPSTATbits                            (abs)        000FC7
_SYNC                                   (abs)        007D64
_SentenceType                           bssCOMRAM    000044
_T0CON                                  (abs)        000FD5
_T0CONbits                              (abs)        000FD5
_T0IF                                   (abs)        007F92
_T2CON                                  (abs)        000FCA
_TMR0                                   (abs)        000FD6
_TMR0IF                                 (abs)        007F92
_TMR2                                   (abs)        000FCC
_TRISA                                  (abs)        000F92
_TRISB                                  (abs)        000F93
_TRISBbits                              (abs)        000F93
_TRISC                                  (abs)        000F94
_TRISCbits                              (abs)        000F94
_TRISD                                  (abs)        000F95
_TRISDbits                              (abs)        000F95
_TRISE                                  (abs)        000F96
_TXEN                                   (abs)        007D65
_TXSTA                                  (abs)        000FAC
_Term                                   bssCOMRAM    000043
__HRAM                                  (abs)        000000
__Habs1                                 abs1         000000
__Hbank0                                bank0        000000
__Hbank1                                bank1        000000
__Hbank2                                bank2        000000
__Hbank3                                bank3        000000
__Hbank4                                bank4        000000
__Hbank5                                bank5        000000
__Hbank6                                bank6        000000
__Hbank7                                bank7        000000
__Hbigbss                               bigbss       000000
__Hbigdata                              bigdata      000000
__Hbigram                               bigram       000000
__Hbss                                  bss          000000
__HbssBANK0                             bssBANK0     000000
__HbssBANK1                             bssBANK1     000000
__HbssBANK2                             bssBANK2     000000
__HbssBIGRAM                            bssBIGRAM    000000
__HbssCOMRAM                            bssCOMRAM    000000
__Hcinit                                cinit        000000
__Hclrtext                              clrtext      000000
__Hcomram                               comram       000000
__Hconfig                               config       30000E
__Hconst                                const        000000
__HcstackBANK0                          cstackBANK0  000000
__HcstackBANK3                          cstackBANK3  000000
__HcstackCOMRAM                         cstackCOMRAM 000000
__Hdata                                 data         000000
__HdataBANK1                            dataBANK1    000000
__HdataBANK2                            dataBANK2    000000
__HdataCOMRAM                           dataCOMRAM   000000
__Heeprom_data                          eeprom_data  000000
__Hfarbss                               farbss       000000
__Hfardata                              fardata      000000
__Hibigdata                             ibigdata     000000
__Hidata                                idata        000000
__HidataBANK1                           idataBANK1   000000
__HidataBANK2                           idataBANK2   000000
__HidataCOMRAM                          idataCOMRAM  000000
__Hidloc                                idloc        200008
__Hifardata                             ifardata     000000
__Hinit                                 init         000012
__Hintcode                              intcode      00000E
__Hintcode_body                         intcode_body 000000
__Hintcodelo                            intcodelo    00000E
__Hintentry                             intentry     000000
__Hintret                               intret       000000
__Hintsave_regs                         intsave_regs 000000
__Hirdata                               irdata       000000
__Hmediumconst                          mediumconst  006280
__HnvFARRAM                             nvFARRAM     000000
__Hnvbit                                nvbit        000000
__Hnvrram                               nvrram       000000
__Hparam                                rparam       000000
__Hpowerup                              powerup      00000E
__Hram                                  ram          000000
__Hramtop                               ramtop       000800
__Hrbit                                 rbit         000000
__Hrbss                                 rbss         000000
__Hrdata                                rdata        000000
__Hreset_vec                            reset_vec    000004
__Hrparam                               rparam       000000
__Hsfr                                  sfr          000000
__Hsmallconst                           smallconst   000000
__Hspace_0                              (abs)        006280
__Hspace_1                              (abs)        000542
__Hspace_2                              (abs)        000000
__Hspace_4                              (abs)        60000E
__Hstack                                stack        000000
__Hstruct                               struct       000000
__Htemp                                 temp         000048
__Htext                                 text         000000
__Htext0                                text0        000000
__Htext1                                text1        000000
__Htext10                               text10       000000
__Htext100                              text100      000000
__Htext101                              text101      000000
__Htext102                              text102      000000
__Htext103                              text103      000000
__Htext104                              text104      000000
__Htext11                               text11       000000
__Htext12                               text12       000000
__Htext13                               text13       000000
__Htext14                               text14       000000
__Htext15                               text15       000000
__Htext16                               text16       000000
__Htext17                               text17       000000
__Htext18                               text18       000000
__Htext19                               text19       000000
__Htext2                                text2        000000
__Htext20                               text20       000000
__Htext21                               text21       000000
__Htext22                               text22       000000
__Htext23                               text23       000000
__Htext24                               text24       000000
__Htext25                               text25       000000
__Htext26                               text26       000000
__Htext27                               text27       000000
__Htext28                               text28       000000
__Htext29                               text29       000000
__Htext3                                text3        000000
__Htext30                               text30       000000
__Htext31                               text31       000000
__Htext32                               text32       000000
__Htext33                               text33       000000
__Htext34                               text34       000000
__Htext35                               text35       000000
__Htext36                               text36       000000
__Htext37                               text37       000000
__Htext38                               text38       000000
__Htext39                               text39       000000
__Htext4                                text4        000000
__Htext40                               text40       000000
__Htext41                               text41       000000
__Htext42                               text42       000000
__Htext43                               text43       000000
__Htext44                               text44       000000
__Htext45                               text45       000000
__Htext46                               text46       000000
__Htext47                               text47       000000
__Htext48                               text48       000000
__Htext49                               text49       000000
__Htext5                                text5        000000
__Htext50                               text50       000000
__Htext51                               text51       000000
__Htext52                               text52       000000
__Htext53                               text53       000000
__Htext54                               text54       000000
__Htext55                               text55       000000
__Htext56                               text56       000000
__Htext57                               text57       000000
__Htext58                               text58       000000
__Htext59                               text59       000000
__Htext6                                text6        000000
__Htext60                               text60       000000
__Htext61                               text61       000000
__Htext62                               text62       000000
__Htext63                               text63       000000
__Htext64                               text64       000000
__Htext65                               text65       000000
__Htext66                               text66       000000
__Htext67                               text67       000000
__Htext68                               text68       000000
__Htext69                               text69       000000
__Htext7                                text7        000000
__Htext70                               text70       000000
__Htext71                               text71       000000
__Htext72                               text72       000000
__Htext73                               text73       000000
__Htext74                               text74       000000
__Htext75                               text75       000000
__Htext76                               text76       000000
__Htext77                               text77       000000
__Htext78                               text78       000000
__Htext79                               text79       000000
__Htext8                                text8        000000
__Htext80                               text80       000000
__Htext81                               text81       000000
__Htext82                               text82       000000
__Htext83                               text83       000000
__Htext84                               text84       000000
__Htext85                               text85       000000
__Htext86                               text86       000000
__Htext87                               text87       000000
__Htext88                               text88       000000
__Htext89                               text89       000000
__Htext9                                text9        000000
__Htext90                               text90       000000
__Htext91                               text91       000000
__Htext92                               text92       000000
__Htext93                               text93       000000
__Htext94                               text94       000000
__Htext95                               text95       000000
__Htext96                               text96       000000
__Htext97                               text97       000000
__Htext99                               text99       000000
__LRAM                                  (abs)        000001
__Labs1                                 abs1         000000
__Lbank0                                bank0        000000
__Lbank1                                bank1        000000
__Lbank2                                bank2        000000
__Lbank3                                bank3        000000
__Lbank4                                bank4        000000
__Lbank5                                bank5        000000
__Lbank6                                bank6        000000
__Lbank7                                bank7        000000
__Lbigbss                               bigbss       000000
__Lbigdata                              bigdata      000000
__Lbigram                               bigram       000000
__Lbss                                  bss          000000
__LbssBANK0                             bssBANK0     000000
__LbssBANK1                             bssBANK1     000000
__LbssBANK2                             bssBANK2     000000
__LbssBIGRAM                            bssBIGRAM    000000
__LbssCOMRAM                            bssCOMRAM    000000
__Lcinit                                cinit        000000
__Lclrtext                              clrtext      000000
__Lcomram                               comram       000000
__Lconfig                               config       000000
__Lconst                                const        000000
__LcstackBANK0                          cstackBANK0  000000
__LcstackBANK3                          cstackBANK3  000000
__LcstackCOMRAM                         cstackCOMRAM 000000
__Ldata                                 data         000000
__LdataBANK1                            dataBANK1    000000
__LdataBANK2                            dataBANK2    000000
__LdataCOMRAM                           dataCOMRAM   000000
__Leeprom_data                          eeprom_data  000000
__Lfarbss                               farbss       000000
__Lfardata                              fardata      000000
__Libigdata                             ibigdata     000000
__Lidata                                idata        000000
__LidataBANK1                           idataBANK1   000000
__LidataBANK2                           idataBANK2   000000
__LidataCOMRAM                          idataCOMRAM  000000
__Lidloc                                idloc        000000
__Lifardata                             ifardata     000000
__Linit                                 init         00000E
__Lintcode                              intcode      000008
__Lintcode_body                         intcode_body 000000
__Lintcodelo                            intcodelo    00000E
__Lintentry                             intentry     000000
__Lintret                               intret       000000
__Lintsave_regs                         intsave_regs 000000
__Lirdata                               irdata       000000
__Lmediumconst                          mediumconst  0060E6
__LnvFARRAM                             nvFARRAM     000000
__Lnvbit                                nvbit        000000
__Lnvrram                               nvrram       000000
__Lparam                                rparam       000000
__Lpowerup                              powerup      00000E
__Lram                                  ram          000000
__Lramtop                               ramtop       000800
__Lrbit                                 rbit         000000
__Lrbss                                 rbss         000000
__Lrdata                                rdata        000000
__Lreset_vec                            reset_vec    000000
__Lrparam                               rparam       000000
__Lsfr                                  sfr          000000
__Lsmallconst                           smallconst   000000
__Lspace_0                              (abs)        000000
__Lspace_1                              (abs)        000000
__Lspace_2                              (abs)        000000
__Lspace_4                              (abs)        000000
__Lstack                                stack        000000
__Lstruct                               struct       000000
__Ltemp                                 temp         000047
__Ltext                                 text         000000
__Ltext0                                text0        000000
__Ltext1                                text1        000000
__Ltext10                               text10       000000
__Ltext100                              text100      000000
__Ltext101                              text101      000000
__Ltext102                              text102      000000
__Ltext103                              text103      000000
__Ltext104                              text104      000000
__Ltext11                               text11       000000
__Ltext12                               text12       000000
__Ltext13                               text13       000000
__Ltext14                               text14       000000
__Ltext15                               text15       000000
__Ltext16                               text16       000000
__Ltext17                               text17       000000
__Ltext18                               text18       000000
__Ltext19                               text19       000000
__Ltext2                                text2        000000
__Ltext20                               text20       000000
__Ltext21                               text21       000000
__Ltext22                               text22       000000
__Ltext23                               text23       000000
__Ltext24                               text24       000000
__Ltext25                               text25       000000
__Ltext26                               text26       000000
__Ltext27                               text27       000000
__Ltext28                               text28       000000
__Ltext29                               text29       000000
__Ltext3                                text3        000000
__Ltext30                               text30       000000
__Ltext31                               text31       000000
__Ltext32                               text32       000000
__Ltext33                               text33       000000
__Ltext34                               text34       000000
__Ltext35                               text35       000000
__Ltext36                               text36       000000
__Ltext37                               text37       000000
__Ltext38                               text38       000000
__Ltext39                               text39       000000
__Ltext4                                text4        000000
__Ltext40                               text40       000000
__Ltext41                               text41       000000
__Ltext42                               text42       000000
__Ltext43                               text43       000000
__Ltext44                               text44       000000
__Ltext45                               text45       000000
__Ltext46                               text46       000000
__Ltext47                               text47       000000
__Ltext48                               text48       000000
__Ltext49                               text49       000000
__Ltext5                                text5        000000
__Ltext50                               text50       000000
__Ltext51                               text51       000000
__Ltext52                               text52       000000
__Ltext53                               text53       000000
__Ltext54                               text54       000000
__Ltext55                               text55       000000
__Ltext56                               text56       000000
__Ltext57                               text57       000000
__Ltext58                               text58       000000
__Ltext59                               text59       000000
__Ltext6                                text6        000000
__Ltext60                               text60       000000
__Ltext61                               text61       000000
__Ltext62                               text62       000000
__Ltext63                               text63       000000
__Ltext64                               text64       000000
__Ltext65                               text65       000000
__Ltext66                               text66       000000
__Ltext67                               text67       000000
__Ltext68                               text68       000000
__Ltext69                               text69       000000
__Ltext7                                text7        000000
__Ltext70                               text70       000000
__Ltext71                               text71       000000
__Ltext72                               text72       000000
__Ltext73                               text73       000000
__Ltext74                               text74       000000
__Ltext75                               text75       000000
__Ltext76                               text76       000000
__Ltext77                               text77       000000
__Ltext78                               text78       000000
__Ltext79                               text79       000000
__Ltext8                                text8        000000
__Ltext80                               text80       000000
__Ltext81                               text81       000000
__Ltext82                               text82       000000
__Ltext83                               text83       000000
__Ltext84                               text84       000000
__Ltext85                               text85       000000
__Ltext86                               text86       000000
__Ltext87                               text87       000000
__Ltext88                               text88       000000
__Ltext89                               text89       000000
__Ltext9                                text9        000000
__Ltext90                               text90       000000
__Ltext91                               text91       000000
__Ltext92                               text92       000000
__Ltext93                               text93       000000
__Ltext94                               text94       000000
__Ltext95                               text95       000000
__Ltext96                               text96       000000
__Ltext97                               text97       000000
__Ltext99                               text99       000000
__S0                                    (abs)        006280
__S1                                    (abs)        000542
__S2                                    (abs)        000000
__S4                                    (abs)        000000
__S5                                    (abs)        000000
___aldiv                                text31       003FEA
___aldiv@counter                        cstackCOMRAM 000021
___aldiv@dividend                       cstackCOMRAM 000019
___aldiv@divisor                        cstackCOMRAM 00001D
___aldiv@quotient                       cstackCOMRAM 000023
___aldiv@sign                           cstackCOMRAM 000022
___inthi_sp                             stack        000000
___intlo_sp                             stack        000000
___lldiv                                text66       00473A
___lldiv@counter                        cstackCOMRAM 000025
___lldiv@dividend                       cstackCOMRAM 000019
___lldiv@divisor                        cstackCOMRAM 00001D
___lldiv@quotient                       cstackCOMRAM 000021
___llmod                                text37       004A60
___llmod@counter                        cstackCOMRAM 000021
___llmod@dividend                       cstackCOMRAM 000019
___llmod@divisor                        cstackCOMRAM 00001D
___lmul                                 text59       004B7E
___lmul@multiplicand                    cstackCOMRAM 00001D
___lmul@multiplier                      cstackCOMRAM 000019
___lmul@product                         cstackCOMRAM 000021
___lwdiv                                text22       004BD4
___lwdiv@counter                        cstackCOMRAM 00001D
___lwdiv@dividend                       cstackCOMRAM 000019
___lwdiv@divisor                        cstackCOMRAM 00001B
___lwdiv@quotient                       cstackCOMRAM 00001E
___lwmod                                text21       004EC0
___lwmod@counter                        cstackCOMRAM 00001D
___lwmod@dividend                       cstackCOMRAM 000019
___lwmod@divisor                        cstackCOMRAM 00001B
___param_bank                           (abs)        000000
___rparam_used                          (abs)        000001
___sp                                   stack        000000
___wmul                                 text65       005186
___wmul@multiplicand                    cstackCOMRAM 00001B
___wmul@multiplier                      cstackCOMRAM 000019
___wmul@product                         cstackCOMRAM 00001D
__accesstop                             (abs)        000060
__activetblptr                          (abs)        000002
__end_of_GPSDay                         text92       00529C
__end_of_GPSHour                        text91       0051D0
__end_of_GPSMinute                      text90       00527A
__end_of_GPSMonth                       text89       005258
__end_of_GPSRead                        text101      00260A
__end_of_GPSSecond                      text88       005236
__end_of_GPSyear                        text87       005214
__end_of_Latitude                       text25       005428
__end_of_Longitude                      text24       00541E
__end_of___aldiv                        text31       0040B6
__end_of___lldiv                        text66       0047BC
__end_of___llmod                        text37       004AC6
__end_of___lmul                         text59       004BD4
__end_of___lwdiv                        text22       004C26
__end_of___lwmod                        text21       004F02
__end_of___wmul                         text65       0051AC
__end_of__initialization                cinit        0042A4
__end_of_atoi                           text16       003FEA
__end_of_auto_mount                     text47       0011D0
__end_of_check_fs                       text57       00473A
__end_of_clust2sect                     text44       004168
__end_of_command                        text80       004B7E
__end_of_config_timer_dois              text9        0053CC
__end_of_config_timer_zero              text7        00534E
__end_of_configura_baudrate_uart        text30       003E10
__end_of_create_chain                   text62       003464
__end_of_dados_gps_to_sd                text95       004FB8
__end_of_delay                          text56       005318
__end_of_desliga_SPI                    text94       00540A
__end_of_desliga_uart                   text93       0053DA
__end_of_disk_initialize                text49       005186
__end_of_disk_ioctl                     text85       0052DC
__end_of_disk_read                      text76       00498E
__end_of_disk_status                    text70       005086
__end_of_disk_write                     text74       004D18
__end_of_disparo_gravacao               text13       00537A
__end_of_dummy_clocks                   text83       004F7E
__end_of_endereco_cursor_lcd            text53       0049F8
__end_of_escalonador                    text11       00420E
__end_of_escreve_SPI                    text82       0053BE
__end_of_escreve_caractere_lcd          text55       00491E
__end_of_escreve_cmd_lcd                text23       00462E
__end_of_escreve_frase_ram_lcd          text54       004C78
__end_of_escreve_inteiro_lcd            text18       004FEE
__end_of_escrita_sdcard                 text26       0039A4
__end_of_f_close                        text67       005136
__end_of_f_lseek                        text61       00165A
__end_of_f_mount                        text60       004DAA
__end_of_f_open                         text39       002046
__end_of_f_sync                         text68       003AC8
__end_of_f_write                        text36       000C88
__end_of_fix                            text38       005432
__end_of_fprintf                        text33       0019D8
__end_of_fputc                          text35       004F42
__end_of_fputs                          text34       0046B8
__end_of_get_cluster                    text64       002F78
__end_of_get_fattime                    text86       003878
__end_of_inicializa_SPI                 text32       0052BC
__end_of_inicializa_tarefas             text10       004A60
__end_of_inicializa_uart                text29       0051F2
__end_of_init_hardware                  text3        005364
__end_of_init_interrupt                 text6        00538C
__end_of_init_lcd                       text2        004350
__end_of_init_oscilador                 text5        005444
__end_of_init_ports                     text4        005334
__end_of_isdigit                        text17       0052FA
__end_of_isr                            intcode_body 003D04
__end_of_itoa                           text19       005056
__end_of_leitura_SPI                    text84       0053FE
__end_of_main                           text0        0050E0
__end_of_make_dirfile                   text41       003722
__end_of_memcmp                         text58       004512
__end_of_memcpy                         text46       004EC0
__end_of_memset                         text48       00510C
__end_of_mensagem_inicial               text1        0048AC
__end_of_monta_sd                       text96       003F1C
__end_of_move_window                    text73       0032D8
__end_of_next_dir_entry                 text43       0035C8
__end_of_posicao_cursor_lcd             text52       004B24
__end_of_proceed                        text79       0053F2
__end_of_put_cluster                    text63       002D56
__end_of_recebe_dado_uart               text100      00539E
__end_of_remove_chain                   text45       0043EC
__end_of_reserve_direntry               text42       002AF0
__end_of_response                       text78       0053E6
__end_of_sdc_disk_initialize            text50       002346
__end_of_sdc_disk_read                  text77       003BEC
__end_of_sdc_disk_status                text71       0053AE
__end_of_sdc_disk_write                 text75       00312E
__end_of_sdc_reset                      text51       0045A2
__end_of_strcat                         text28       004E7C
__end_of_strcmp                         text103      004D62
__end_of_strcpy                         text27       0050B4
__end_of_stringcpy                      text102      004E38
__end_of_strlen                         text97       005160
__end_of_sync                           text72       004CCA
__end_of_trace_path                     text40       002882
__end_of_troca_de_tela                  text12       001D14
__end_of_utoa                           text20       004480
__end_of_validate                       text69       004DF2
__end_of_verifica_dados_operacionais    text14       00544E
__end_of_verifica_fence_externo         text15       0006FE
__end_of_wait_ready                     text81       005024
__end_of_write_timer_zero               text8        005414
__end_ofi2_write_timer_zero             text99       00543C
__end_ofmensagem_inicial@F3638          mediumconst  006109
__end_ofmensagem_inicial@F3640          mediumconst  0060F8
__initialization                        cinit        00420E
__mediumconst                           mediumconst  0060E6
__pbssBANK0                             bssBANK0     0000F6
__pbssBANK1                             bssBANK1     000100
__pbssBANK2                             bssBANK2     00027A
__pbssBIGRAM                            bssBIGRAM    000322
__pbssCOMRAM                            bssCOMRAM    000033
__pcinit                                cinit        00420E
__pcstackBANK0                          cstackBANK0  000060
__pcstackBANK3                          cstackBANK3  000300
__pcstackCOMRAM                         cstackCOMRAM 000001
__pdataBANK1                            dataBANK1    0001F4
__pdataBANK2                            dataBANK2    000200
__pdataCOMRAM                           dataCOMRAM   000046
__pidataBANK1                           idataBANK1   005444
__pidataBANK2                           idataBANK2   0047BC
__pidataCOMRAM                          idataCOMRAM  00544E
__pintcode                              intcode      000008
__pintcode_body                         intcode_body 003BEC
__pmediumconst                          mediumconst  0060E6
__ptext0                                text0        0050B4
__ptext1                                text1        004836
__ptext10                               text10       0049F8
__ptext100                              text100      00538C
__ptext101                              text101      002346
__ptext102                              text102      004DF2
__ptext103                              text103      004D18
__ptext104                              text104      000000
__ptext11                               text11       004168
__ptext12                               text12       0019D8
__ptext13                               text13       005364
__ptext14                               text14       00544C
__ptext15                               text15       000012
__ptext16                               text16       003F1C
__ptext17                               text17       0052DC
__ptext18                               text18       004FB8
__ptext19                               text19       005024
__ptext2                                text2        0042B2
__ptext20                               text20       0043EC
__ptext21                               text21       004EC0
__ptext22                               text22       004BD4
__ptext23                               text23       0045A2
__ptext24                               text24       005414
__ptext25                               text25       00541E
__ptext26                               text26       003878
__ptext27                               text27       005086
__ptext28                               text28       004E38
__ptext29                               text29       0051D0
__ptext3                                text3        00534E
__ptext30                               text30       003D04
__ptext31                               text31       003FEA
__ptext32                               text32       00529C
__ptext33                               text33       00165A
__ptext34                               text34       00462E
__ptext35                               text35       004F02
__ptext36                               text36       0006FE
__ptext37                               text37       004A60
__ptext38                               text38       005428
__ptext39                               text39       001D14
__ptext4                                text4        005318
__ptext40                               text40       00260A
__ptext41                               text41       0035C8
__ptext42                               text42       002882
__ptext43                               text43       003464
__ptext44                               text44       0040B6
__ptext45                               text45       004350
__ptext46                               text46       004E7C
__ptext47                               text47       000C88
__ptext48                               text48       0050E0
__ptext49                               text49       005160
__ptext5                                text5        00543C
__ptext50                               text50       002046
__ptext51                               text51       004512
__ptext52                               text52       004AC6
__ptext53                               text53       00498E
__ptext54                               text54       004C26
__ptext55                               text55       0048AC
__ptext56                               text56       0052FA
__ptext57                               text57       0046B8
__ptext58                               text58       004480
__ptext59                               text59       004B7E
__ptext6                                text6        00537A
__ptext60                               text60       004D62
__ptext61                               text61       0011D0
__ptext62                               text62       0032D8
__ptext63                               text63       002AF0
__ptext64                               text64       002D56
__ptext65                               text65       005186
__ptext66                               text66       00473A
__ptext67                               text67       00510C
__ptext68                               text68       0039A4
__ptext69                               text69       004DAA
__ptext7                                text7        005334
__ptext70                               text70       005056
__ptext71                               text71       00539E
__ptext72                               text72       004C78
__ptext73                               text73       00312E
__ptext74                               text74       004CCA
__ptext75                               text75       002F78
__ptext76                               text76       00491E
__ptext77                               text77       003AC8
__ptext78                               text78       0053DA
__ptext79                               text79       0053E6
__ptext8                                text8        00540A
__ptext80                               text80       004B24
__ptext81                               text81       004FEE
__ptext82                               text82       0053AE
__ptext83                               text83       004F42
__ptext84                               text84       0053F2
__ptext85                               text85       0052BC
__ptext86                               text86       003722
__ptext87                               text87       0051F2
__ptext88                               text88       005214
__ptext89                               text89       005236
__ptext9                                text9        0053BE
__ptext90                               text90       005258
__ptext91                               text91       0051AC
__ptext92                               text92       00527A
__ptext93                               text93       0053CC
__ptext94                               text94       0053FE
__ptext95                               text95       004F7E
__ptext96                               text96       003E10
__ptext97                               text97       005136
__ptext99                               text99       005432
__ramtop                                ramtop       000800
__size_of_GPSDay                        (abs)        000000
__size_of_GPSHour                       (abs)        000000
__size_of_GPSMinute                     (abs)        000000
__size_of_GPSMonth                      (abs)        000000
__size_of_GPSRead                       (abs)        000000
__size_of_GPSSecond                     (abs)        000000
__size_of_GPSyear                       (abs)        000000
__size_of_Latitude                      (abs)        000000
__size_of_Longitude                     (abs)        000000
__size_of___aldiv                       (abs)        000000
__size_of___lldiv                       (abs)        000000
__size_of___llmod                       (abs)        000000
__size_of___lmul                        (abs)        000000
__size_of___lwdiv                       (abs)        000000
__size_of___lwmod                       (abs)        000000
__size_of___wmul                        (abs)        000000
__size_of_atoi                          (abs)        000000
__size_of_auto_mount                    (abs)        000000
__size_of_check_fs                      (abs)        000000
__size_of_clust2sect                    (abs)        000000
__size_of_command                       (abs)        000000
__size_of_config_timer_dois             (abs)        000000
__size_of_config_timer_zero             (abs)        000000
__size_of_configura_baudrate_uart       (abs)        000000
__size_of_create_chain                  (abs)        000000
__size_of_dados_gps_to_sd               (abs)        000000
__size_of_delay                         (abs)        000000
__size_of_desliga_SPI                   (abs)        000000
__size_of_desliga_uart                  (abs)        000000
__size_of_disk_initialize               (abs)        000000
__size_of_disk_ioctl                    (abs)        000000
__size_of_disk_read                     (abs)        000000
__size_of_disk_status                   (abs)        000000
__size_of_disk_write                    (abs)        000000
__size_of_disparo_gravacao              (abs)        000000
__size_of_dummy_clocks                  (abs)        000000
__size_of_endereco_cursor_lcd           (abs)        000000
__size_of_escalonador                   (abs)        000000
__size_of_escreve_SPI                   (abs)        000000
__size_of_escreve_caractere_lcd         (abs)        000000
__size_of_escreve_cmd_lcd               (abs)        000000
__size_of_escreve_frase_ram_lcd         (abs)        000000
__size_of_escreve_inteiro_lcd           (abs)        000000
__size_of_escrita_sdcard                (abs)        000000
__size_of_f_close                       (abs)        000000
__size_of_f_lseek                       (abs)        000000
__size_of_f_mount                       (abs)        000000
__size_of_f_open                        (abs)        000000
__size_of_f_sync                        (abs)        000000
__size_of_f_write                       (abs)        000000
__size_of_fix                           (abs)        000000
__size_of_fprintf                       (abs)        000000
__size_of_fputc                         (abs)        000000
__size_of_fputs                         (abs)        000000
__size_of_get_cluster                   (abs)        000000
__size_of_get_fattime                   (abs)        000000
__size_of_inicializa_SPI                (abs)        000000
__size_of_inicializa_tarefas            (abs)        000000
__size_of_inicializa_uart               (abs)        000000
__size_of_init_hardware                 (abs)        000000
__size_of_init_interrupt                (abs)        000000
__size_of_init_lcd                      (abs)        000000
__size_of_init_oscilador                (abs)        000000
__size_of_init_ports                    (abs)        000000
__size_of_isdigit                       (abs)        000000
__size_of_isr                           (abs)        000000
__size_of_itoa                          (abs)        000000
__size_of_leitura_SPI                   (abs)        000000
__size_of_main                          (abs)        000000
__size_of_make_dirfile                  (abs)        000000
__size_of_memcmp                        (abs)        000000
__size_of_memcpy                        (abs)        000000
__size_of_memset                        (abs)        000000
__size_of_mensagem_inicial              (abs)        000000
__size_of_monta_sd                      (abs)        000000
__size_of_move_window                   (abs)        000000
__size_of_next_dir_entry                (abs)        000000
__size_of_posicao_cursor_lcd            (abs)        000000
__size_of_proceed                       (abs)        000000
__size_of_put_cluster                   (abs)        000000
__size_of_recebe_dado_uart              (abs)        000000
__size_of_remove_chain                  (abs)        000000
__size_of_reserve_direntry              (abs)        000000
__size_of_response                      (abs)        000000
__size_of_sdc_disk_initialize           (abs)        000000
__size_of_sdc_disk_read                 (abs)        000000
__size_of_sdc_disk_status               (abs)        000000
__size_of_sdc_disk_write                (abs)        000000
__size_of_sdc_reset                     (abs)        000000
__size_of_strcat                        (abs)        000000
__size_of_strcmp                        (abs)        000000
__size_of_strcpy                        (abs)        000000
__size_of_stringcpy                     (abs)        000000
__size_of_strlen                        (abs)        000000
__size_of_sync                          (abs)        000000
__size_of_trace_path                    (abs)        000000
__size_of_troca_de_tela                 (abs)        000000
__size_of_utoa                          (abs)        000000
__size_of_validate                      (abs)        000000
__size_of_verifica_dados_operacionais   (abs)        000000
__size_of_verifica_fence_externo        (abs)        000000
__size_of_wait_ready                    (abs)        000000
__size_of_write_timer_zero              (abs)        000000
__size_ofi2_write_timer_zero            (abs)        000000
__smallconst                            smallconst   000000
_atoi                                   text16       003F1C
_auto_mount                             text47       000C88
_buffer                                 bssBANK1     0001B8
_char_number                            bssCOMRAM    000045
_check_fs                               text57       0046B8
_clust2sect                             text44       0040B6
_command                                text80       004B24
_config_timer_dois                      text9        0053BE
_config_timer_zero                      text7        005334
_configura_baudrate_uart                text30       003D04
_create_chain                           text62       0032D8
_dado_arquivo                           bssBANK2     0002B5
_dados_gps_to_sd                        text95       004F7E
_data_buff                              bssBANK1     00011E
_data_hoje                              bssCOMRAM    000041
_data_uart_recebe                       bssCOMRAM    00003F
_delay                                  text56       0052FA
_desliga_SPI                            text94       0053FE
_desliga_uart                           text93       0053CC
_disk_initialize                        text49       005160
_disk_ioctl                             text85       0052BC
_disk_read                              text76       00491E
_disk_status                            text70       005056
_disk_write                             text74       004CCA
_disparo_gravacao                       text13       005364
_dummy_clocks                           text83       004F42
_endereco_cursor_lcd                    text53       00498E
_escalonador                            text11       004168
_escreve_SPI                            text82       0053AE
_escreve_caractere_lcd                  text55       0048AC
_escreve_cmd_lcd                        text23       0045A2
_escreve_frase_ram_lcd                  text54       004C26
_escreve_inteiro_lcd                    text18       004FB8
_escrita_sdcard                         text26       003878
_estado                                 bssCOMRAM    000040
_f_close                                text67       00510C
_f_lseek                                text61       0011D0
_f_mount                                text60       004D62
_f_open                                 text39       001D14
_f_sync                                 text68       0039A4
_f_write                                text36       0006FE
_fil                                    bssBANK1     00019C
_filename                               bssBANK2     0002C9
_fix                                    text38       005428
[...]
      Totals:         0       0       0       0       0       0       0       0       0
Total ram usage:        0 bytes
 Hardware stack levels used:    1
 Hardware stack levels required when called:    3
 This function calls:
		Nothing
 This function is called by:
		_escrita_sdcard
 This function uses a non-reentrant model


 *************** function _dados_gps_to_sd *****************
 Defined at:
		line 210 in file "bibliotecas/GPS.c"
 Parameters:    Size  Location     Type
		None
 Auto vars:     Size  Location     Type
		None
 Return value:  Size  Location     Type
                  1    wreg      void 
 Registers used:
		wreg, fsr1l, fsr1h, fsr2l, fsr2h, status,2, status,0, cstack
 Tracked objects:
		On entry : 
		On exit  : 
		Unchanged: 
 Data sizes:     COMRAM   BANK0   BANK1   BANK2   BANK3   BANK4   BANK5   BANK6   BANK7
      Params:         0       0       0       0       0       0       0       0       0
      Locals:         0       0       0       0       0       0       0       0       0
      Temps:          0       0       0       0       0       0       0       0       0
      Totals:         0       0       0       0       0       0       0       0       0
Total ram usage:        0 bytes
 Hardware stack levels used:    1
 Hardware stack levels required when called:    5
 This function calls:
		_monta_sd
 This function is called by:
		_main
 This function uses a non-reentrant model


 *************** function _monta_sd *****************
 Defined at:
		line 301 in file "bibliotecas/SDCard.c"
 Parameters:    Size  Location     Type
  index           1    wreg     unsigned char 
  dado            2   28[COMRAM] PTR unsigned char 
		 -> rawDate(7), rawLongitude(13), rawLatitude(13), rawTime(11), 
 Auto vars:     Size  Location     Type
  index           1   30[COMRAM] unsigned char 
  i               1   32[COMRAM] unsigned char 
  size            1   31[COMRAM] unsigned char 
 Return value:  Size  Location     Type
                  1    wreg      void 
 Registers used:
		wreg, fsr1l, fsr1h, fsr2l, fsr2h, status,2, status,0, cstack
 Tracked objects:
		On entry : 
		On exit  : 
		Unchanged: 
 Data sizes:     COMRAM   BANK0   BANK1   BANK2   BANK3   BANK4   BANK5   BANK6   BANK7
      Params:         2       0       0       0       0       0       0       0       0
      Locals:         3       0       0       0       0       0       0       0       0
      Temps:          0       0       0       0       0       0       0       0       0
      Totals:         5       0       0       0       0       0       0       0       0
Total ram usage:        5 bytes
 Hardware stack levels used:    1
 Hardware stack levels required when called:    4
 This function calls:
		_strlen
 This function is called by:
		_dados_gps_to_sd
 This function uses a non-reentrant model


 *************** function _strlen *****************
 Defined at:
		line 4 in file "C:\Program Files\Microchip\xc8\v2.30\pic\sources\c90\common\strlen.c"
 Parameters:    Size  Location     Type
  s               2   24[COMRAM] PTR const unsigned char 
		 -> rawDate(7), rawLongitude(13), rawLatitude(13), rawTime(11), 
 Auto vars:     Size  Location     Type
  cp              2   26[COMRAM] PTR const unsigned char 
		 -> rawDate(7), rawLongitude(13), rawLatitude(13), rawTime(11), 
 Return value:  Size  Location     Type
                  2   24[COMRAM] unsigned int 
 Registers used:
		wreg, fsr2l, fsr2h, status,2, status,0
 Tracked objects:
		On entry : 
		On exit  : 
		Unchanged: 
 Data sizes:     COMRAM   BANK0   BANK1   BANK2   BANK3   BANK4   BANK5   BANK6   BANK7
      Params:         2       0       0       0       0       0       0       0       0
      Locals:         2       0       0       0       0       0       0       0       0
      Temps:          0       0       0       0       0       0       0       0       0
      Totals:         4       0       0       0       0       0       0       0       0
Total ram usage:        4 bytes
 Hardware stack levels used:    1
 Hardware stack levels required when called:    3
 This function calls:
		Nothing
 This function is called by:
		_monta_sd
 This function uses a non-reentrant model


 *************** function _isr *****************
 Defined at:
		line 105 in file "main.c"
 Parameters:    Size  Location     Type
		None
 Auto vars:     Size  Location     Type
  cont            1   23[COMRAM] unsigned char 
 Return value:  Size  Location     Type
                  1    wreg      void 
 Registers used:
		wreg, fsr1l, fsr1h, fsr2l, fsr2h, status,2, status,0, tblptrl, tblptrh, tblptru, prodl, prodh, cstack
 Tracked objects:
		On entry : 
		On exit  : 
		Unchanged: 
 Data sizes:     COMRAM   BANK0   BANK1   BANK2   BANK3   BANK4   BANK5   BANK6   BANK7
      Params:         0       0       0       0       0       0       0       0       0
      Locals:         1       0       0       0       0       0       0       0       0
      Temps:         12       0       0       0       0       0       0       0       0
      Totals:        13       0       0       0       0       0       0       0       0
Total ram usage:       13 bytes
 Hardware stack levels used:    1
 Hardware stack levels required when called:    2
 This function calls:
		_GPSRead
		_recebe_dado_uart
		i2_write_timer_zero
 This function is called by:
		Interrupt level 2
 This function uses a non-reentrant model


 *************** function i2_write_timer_zero *****************
 Defined at:
		line 134 in file "bibliotecas/hardware.c"
 Parameters:    Size  Location     Type
  timer0          2    0[COMRAM] unsigned int 
 Auto vars:     Size  Location     Type
		None
 Return value:  Size  Location     Type
                  1    wreg      void 
 Registers used:
		None
 Tracked objects:
		On entry : 
		On exit  : 
		Unchanged: 
 Data sizes:     COMRAM   BANK0   BANK1   BANK2   BANK3   BANK4   BANK5   BANK6   BANK7
      Params:         2       0       0       0       0       0       0       0       0
      Locals:         0       0       0       0       0       0       0       0       0
      Temps:          0       0       0       0       0       0       0       0       0
      Totals:         2       0       0       0       0       0       0       0       0
Total ram usage:        2 bytes
 Hardware stack levels used:    1
 This function calls:
		Nothing
 This function is called by:
		_isr
 This function uses a non-reentrant model


 *************** function _recebe_dado_uart *****************
 Defined at:
		line 138 in file "bibliotecas/uart.c"
 Parameters:    Size  Location     Type
		None
 Auto vars:     Size  Location     Type
		None
 Return value:  Size  Location     Type
                  1    wreg      unsigned char 
 Registers used:
		wreg, status,2
 Tracked objects:
		On entry : 
		On exit  : 
		Unchanged: 
 Data sizes:     COMRAM   BANK0   BANK1   BANK2   BANK3   BANK4   BANK5   BANK6   BANK7
      Params:         0       0       0       0       0       0       0       0       0
      Locals:         0       0       0       0       0       0       0       0       0
      Temps:          0       0       0       0       0       0       0       0       0
      Totals:         0       0       0       0       0       0       0       0       0
Total ram usage:        0 bytes
 Hardware stack levels used:    1
 This function calls:
		Nothing
 This function is called by:
		_isr
 This function uses a non-reentrant model


 *************** function _GPSRead *****************
 Defined at:
		line 43 in file "bibliotecas/GPS.c"
 Parameters:    Size  Location     Type
  buff            1    wreg     unsigned char 
 Auto vars:     Size  Location     Type
  buff            1    9[COMRAM] unsigned char 
  c               1   10[COMRAM] unsigned char 
 Return value:  Size  Location     Type
                  2  346[None  ] int 
 Registers used:
		wreg, fsr1l, fsr1h, fsr2l, fsr2h, status,2, status,0, tblptrl, tblptrh, tblptru, cstack
 Tracked objects:
		On entry : 
		On exit  : 
		Unchanged: 
 Data sizes:     COMRAM   BANK0   BANK1   BANK2   BANK3   BANK4   BANK5   BANK6   BANK7
      Params:         0       0       0       0       0       0       0       0       0
      Locals:         2       0       0       0       0       0       0       0       0
      Temps:          0       0       0       0       0       0       0       0       0
      Totals:         2       0       0       0       0       0       0       0       0
Total ram usage:        2 bytes
 Hardware stack levels used:    1
 Hardware stack levels required when called:    1
 This function calls:
		_strcmp
		_stringcpy
 This function is called by:
		_isr
 This function uses a non-reentrant model


 *************** function _stringcpy *****************
 Defined at:
		line 34 in file "bibliotecas/GPS.c"
 Parameters:    Size  Location     Type
  str1            2    0[COMRAM] PTR unsigned char 
		 -> buffer(12), 
  str2            2    2[COMRAM] PTR unsigned char 
		 -> rawFix(2), rawAltitude(7), rawSatellites(3), rawDate(7), 
		 -> rawCourse(6), rawSpeed(6), rawLongitude(13), rawLatitude(13), 
		 -> rawTime(11), sentence(6), 
  dir             2    4[COMRAM] int 
 Auto vars:     Size  Location     Type
  chr             1    8[COMRAM] unsigned char 
 Return value:  Size  Location     Type
                  1    wreg      void 
 Registers used:
		wreg, fsr1l, fsr1h, fsr2l, fsr2h, status,2, status,0
 Tracked objects:
		On entry : 
		On exit  : 
		Unchanged: 
 Data sizes:     COMRAM   BANK0   BANK1   BANK2   BANK3   BANK4   BANK5   BANK6   BANK7
      Params:         6       0       0       0       0       0       0       0       0
      Locals:         1       0       0       0       0       0       0       0       0
      Temps:          2       0       0       0       0       0       0       0       0
      Totals:         9       0       0       0       0       0       0       0       0
Total ram usage:        9 bytes
 Hardware stack levels used:    1
 This function calls:
		Nothing
 This function is called by:
		_GPSRead
 This function uses a non-reentrant model


 *************** function _strcmp *****************
 Defined at:
		line 33 in file "C:\Program Files\Microchip\xc8\v2.30\pic\sources\c90\common\strcmp.c"
 Parameters:    Size  Location     Type
  s1              2    0[COMRAM] PTR const unsigned char 
		 -> sentence(6), 
  s2              2    2[COMRAM] PTR const unsigned char 
		 -> STR_6(6), STR_5(6), 
 Auto vars:     Size  Location     Type
  r               1    6[COMRAM] char 
 Return value:  Size  Location     Type
                  2    0[COMRAM] int 
 Registers used:
		wreg, fsr2l, fsr2h, status,2, status,0, tblptrl, tblptrh, tblptru
 Tracked objects:
		On entry : 
		On exit  : 
		Unchanged: 
 Data sizes:     COMRAM   BANK0   BANK1   BANK2   BANK3   BANK4   BANK5   BANK6   BANK7
      Params:         4       0       0       0       0       0       0       0       0
      Locals:         1       0       0       0       0       0       0       0       0
      Temps:          2       0       0       0       0       0       0       0       0
      Totals:         7       0       0       0       0       0       0       0       0
Total ram usage:        7 bytes
 Hardware stack levels used:    1
 This function calls:
		Nothing
 This function is called by:
		_GPSRead
 This function uses a non-reentrant model



MODULE INFORMATION

Module		Function		Class		Link	Load	Size
C:\Program Files\Microchip\xc8\v2.30\pic\sources\c90\common\lwmod.c
		___lwmod       		CODE           	4EC0	0000	66

C:\Program Files\Microchip\xc8\v2.30\pic\sources\c90\common\lwmod.c estimated size: 66

bibliotecas/uart.c
		_configura_baudrate_uart		CODE           	3D04	0000	268
		_recebe_dado_uart		CODE           	538C	0000	18
		_desliga_uart  		CODE           	53CC	0000	14
		_inicializa_uart		CODE           	51D0	0000	34

bibliotecas/uart.c estimated size: 334

bibliotecas/SPI.c
		_escreve_SPI   		CODE           	53AE	0000	16
		_inicializa_SPI		CODE           	529C	0000	32
		_desliga_SPI   		CODE           	53FE	0000	12
		_leitura_SPI   		CODE           	53F2	0000	12

bibliotecas/SPI.c estimated size: 72

C:\Program Files\Microchip\xc8\v2.30\pic\sources\c90\common\strlen.c
		_strlen        		CODE           	5136	0000	42

C:\Program Files\Microchip\xc8\v2.30\pic\sources\c90\common\strlen.c estimated size: 42

C:\Program Files\Microchip\xc8\v2.30\pic\sources\c90\common\__lldiv.c
		___lldiv       		CODE           	473A	0000	130

C:\Program Files\Microchip\xc8\v2.30\pic\sources\c90\common\__lldiv.c estimated size: 130

C:\Program Files\Microchip\xc8\v2.30\pic\sources\c90\common\strcmp.c
		_strcmp        		CODE           	4D18	0000	74

C:\Program Files\Microchip\xc8\v2.30\pic\sources\c90\common\strcmp.c estimated size: 74

bibliotecas/diskio.c
		_disk_initialize		CODE           	5160	0000	38
		_disk_write    		CODE           	4CCA	0000	78
		_disk_status   		CODE           	5056	0000	48
		_sdc_reset     		CODE           	4512	0000	144
		_disk_ioctl    		CODE           	52BC	0000	32
		_sdc_disk_read 		CODE           	3AC8	0000	292
		_sdc_disk_initialize		CODE           	2046	0000	768
		_disk_read     		CODE           	491E	0000	112
		_sdc_disk_write		CODE           	2F78	0000	438
		_sdc_disk_status		CODE           	539E	0000	16

bibliotecas/diskio.c estimated size: 1966

C:\Program Files\Microchip\xc8\v2.30\pic\sources\c90\common\strcpy.c
		_strcpy        		CODE           	5086	0000	46

C:\Program Files\Microchip\xc8\v2.30\pic\sources\c90\common\strcpy.c estimated size: 46

C:\Program Files\Microchip\xc8\v2.30\pic\sources\c90\common\memset.c
		_memset        		CODE           	50E0	0000	44

C:\Program Files\Microchip\xc8\v2.30\pic\sources\c90\common\memset.c estimated size: 44

C:\Program Files\Microchip\xc8\v2.30\pic\sources\c90\common\llmod.c
		___llmod       		CODE           	4A60	0000	102

C:\Program Files\Microchip\xc8\v2.30\pic\sources\c90\common\llmod.c estimated size: 102

C:\Program Files\Microchip\xc8\v2.30\pic\sources\c90\common\atoi.c
		_atoi          		CODE           	3F1C	0000	206

C:\Program Files\Microchip\xc8\v2.30\pic\sources\c90\common\atoi.c estimated size: 206

C:\Program Files\Microchip\xc8\v2.30\pic\sources\c90\common\lwdiv.c
		___lwdiv       		CODE           	4BD4	0000	82

C:\Program Files\Microchip\xc8\v2.30\pic\sources\c90\common\lwdiv.c estimated size: 82

C:\Program Files\Microchip\xc8\v2.30\pic\sources\c90\common\itoa.c
		_itoa          		CODE           	5024	0000	50
		_utoa          		CODE           	43EC	0000	148

C:\Program Files\Microchip\xc8\v2.30\pic\sources\c90\common\itoa.c estimated size: 198

C:\Program Files\Microchip\xc8\v2.30\pic\sources\c90\common\isdigit.c
		_isdigit       		CODE           	52DC	0000	30

C:\Program Files\Microchip\xc8\v2.30\pic\sources\c90\common\isdigit.c estimated size: 30

bibliotecas/SDCard.c
		_response      		CODE           	53DA	0000	12
		_dummy_clocks  		CODE           	4F42	0000	60
		_escrita_sdcard		CODE           	3878	0000	300
		_monta_sd      		CODE           	3E10	0000	268
		_command       		CODE           	4B24	0000	90
		_proceed       		CODE           	53E6	0000	12
		_wait_ready    		CODE           	4FEE	0000	54

bibliotecas/SDCard.c estimated size: 796

C:\Program Files\Microchip\xc8\v2.30\pic\sources\c90\common\memcmp.c
		_memcmp        		CODE           	4480	0000	146

C:\Program Files\Microchip\xc8\v2.30\pic\sources\c90\common\memcmp.c estimated size: 146

C:\Program Files\Microchip\xc8\v2.30\pic\sources\c90\common\memcpy.c
		_memcpy        		CODE           	4E7C	0000	68

C:\Program Files\Microchip\xc8\v2.30\pic\sources\c90\common\memcpy.c estimated size: 68

bibliotecas/hardware.c
		_init_hardware 		CODE           	534E	0000	22
		_config_timer_dois		CODE           	53BE	0000	14
		_config_timer_zero		CODE           	5334	0000	26
		_init_ports    		CODE           	5318	0000	28
		_write_timer_zero		CODE           	540A	0000	10
		_init_interrupt		CODE           	537A	0000	18
		_init_oscilador		CODE           	543C	0000	8

bibliotecas/hardware.c estimated size: 126

shared
		mensagem_inicial@F3640		MEDIUMCONST    	60E7	0000	17
		mensagem_inicial@F3638		MEDIUMCONST    	60F8	0000	17
		__initialization		CODE           	420E	0000	150
		i2_write_timer_zero		CODE           	5432	0000	10

shared estimated size: 194

C:\Program Files\Microchip\xc8\v2.30\pic\sources\c90\common\Umul16.c
		___wmul        		CODE           	5186	0000	38

C:\Program Files\Microchip\xc8\v2.30\pic\sources\c90\common\Umul16.c estimated size: 38

C:\Program Files\Microchip\xc8\v2.30\pic\sources\c90\common\aldiv.c
		___aldiv       		CODE           	3FEA	0000	204

C:\Program Files\Microchip\xc8\v2.30\pic\sources\c90\common\aldiv.c estimated size: 204

bibliotecas/display_lcd.c
		_delay         		CODE           	52FA	0000	30
		_init_lcd      		CODE           	42B2	0000	158
		_endereco_cursor_lcd		CODE           	498E	0000	106
		_escreve_cmd_lcd		CODE           	45A2	0000	140
		_posicao_cursor_lcd		CODE           	4AC6	0000	94
		_escreve_caractere_lcd		CODE           	48AC	0000	114
		_escreve_frase_ram_lcd		CODE           	4C26	0000	82
		_escreve_inteiro_lcd		CODE           	4FB8	0000	54

bibliotecas/display_lcd.c estimated size: 778

main.c
		_main          		CODE           	50B4	0000	44
		_verifica_fence_externo		CODE           	0012	0000	1772
		_troca_de_tela 		CODE           	19D8	0000	828
		_disparo_gravacao		CODE           	5364	0000	22
		_verifica_dados_operacionais		CODE           	544C	0000	2
		_isr           		CODE           	0008	0000	286
		_escalonador   		CODE           	4168	0000	166
		_mensagem_inicial		CODE           	4836	0000	118
		_inicializa_tarefas		CODE           	49F8	0000	104

main.c estimated size: 3342

bibliotecas/GPS.c
		_GPSSecond     		CODE           	5214	0000	34
		_GPSHour       		CODE           	51AC	0000	36
		_GPSMinute     		CODE           	5258	0000	34
		_stringcpy     		CODE           	4DF2	0000	70
		_GPSDay        		CODE           	527A	0000	34
		_Longitude     		CODE           	5414	0000	10
		_GPSMonth      		CODE           	5236	0000	34
		_fix           		CODE           	5428	0000	10
		_GPSyear       		CODE           	51F2	0000	34
		_GPSRead       		CODE           	2346	0000	708
		_dados_gps_to_sd		CODE           	4F7E	0000	58
		_Latitude      		CODE           	541E	0000	10

bibliotecas/GPS.c estimated size: 1072

bibliotecas/tff.c
		_reserve_direntry		CODE           	2882	0000	622
		_sync          		CODE           	4C78	0000	82
		_remove_chain  		CODE           	4350	0000	156
		_f_mount       		CODE           	4D62	0000	72
		_get_cluster   		CODE           	2D56	0000	546
		_get_fattime   		CODE           	3722	0000	342
		_fputs         		CODE           	462E	0000	138
		_auto_mount    		CODE           	0C88	0000	1352
		_create_chain  		CODE           	32D8	0000	396
		_f_lseek       		CODE           	11D0	0000	1162
		_validate      		CODE           	4DAA	0000	72
		_check_fs      		CODE           	46B8	0000	130
		_fprintf       		CODE           	165A	0000	894
		_f_sync        		CODE           	39A4	0000	292
		_trace_path    		CODE           	260A	0000	632
		_f_write       		CODE           	06FE	0000	1418
		_fputc         		CODE           	4F02	0000	64
		_put_cluster   		CODE           	2AF0	0000	614
		_make_dirfile  		CODE           	35C8	0000	346
		_clust2sect    		CODE           	40B6	0000	178
		_f_open        		CODE           	1D14	0000	818
		_next_dir_entry		CODE           	3464	0000	356
		_f_close       		CODE           	510C	0000	42
		_move_window   		CODE           	312E	0000	426

bibliotecas/tff.c estimated size: 11150

C:\Program Files\Microchip\xc8\v2.30\pic\sources\c90\common\Umul32.c
		___lmul        		CODE           	4B7E	0000	86

C:\Program Files\Microchip\xc8\v2.30\pic\sources\c90\common\Umul32.c estimated size: 86

C:\Program Files\Microchip\xc8\v2.30\pic\sources\c90\common\strcat.c
		_strcat        		CODE           	4E38	0000	68

C:\Program Files\Microchip\xc8\v2.30\pic\sources\c90\common\strcat.c estimated size: 68

