Microchip MPLAB XC8 Compiler V2.30

Linker command line:

-W-3 --edf=C:\Program Files\Microchip\xc8\v2.30\pic\dat\en_msgs.txt -cn \
  -h+dist/default/production\TCC_telemetria.X.production.sym \
  --cmf=dist/default/production\TCC_telemetria.X.production.cmf -z \
  -Q18F4550 -oC:\Users\Felipe\AppData\Local\Temp\s7egx2 \
  -Mdist/default/production/TCC_telemetria.X.production.map -E1 \
  -ver=XC8 Compiler -ASTACK=04FBh-07FFh -pstack=STACK -ACODE=00h-0627Fh \
  -ACONST=00h-0627Fh -ASMALLCONST=0800h-08FFhx90,06200h-0627Fh \
  -AMEDIUMCONST=0800h-0627Fh -ACOMRAM=01h-05Fh -AABS1=00h-07FFh \
  -ABIGRAM=01h-07FFh -ARAM=060h-0FFh,0100h-01FFhx7 -ABANK0=060h-0FFh \
  -ABANK1=0100h-01FFh -ABANK2=0200h-02FFh -ABANK3=0300h-03FFh \
  -ABANK4=0400h-04FFh -ABANK5=0500h-05FFh -ABANK6=0600h-06FFh \
  -ABANK7=0700h-07FFh -ASFR=0F60h-0FFFh -ACONFIG=0300000h-030000Dh \
  -AIDLOC=0200000h-0200007h -AEEDATA=0F00000h-0F000FFh -peeprom_data=EEDATA \
  -preset_vec=00h,intcode=08h,intcodelo,powerup,init -pramtop=0800h \
  -psmallconst=SMALLCONST -pmediumconst=MEDIUMCONST -pconst=CONST \
  -AFARRAM=00h-00h \
  -prdata=COMRAM,nvrram=COMRAM,nvbit=COMRAM,rbss=COMRAM,rbit=COMRAM \
  -pfarbss=FARRAM,fardata=FARRAM,nvFARRAM=FARRAM \
  -pintsave_regs=BIGRAM,bigbss=BIGRAM,bigdata=BIGRAM -pbss=RAM \
  -pidata=CODE,irdata=CODE,ibigdata=CODE,ifardata=CODE -prparam=COMRAM \
  C:\Users\Felipe\AppData\Local\Temp\s7egx8.obj \
  dist/default/production\TCC_telemetria.X.production.obj 

Object code version is 3.11

Machine type is 18F4550



                Name                               Link     Load   Length Selector   Space Scale
C:\Users\Felipe\AppData\Local\Temp\s7egx8.obj
                idloc                            200000   200000        8        0       5
                config                           300000   300000        E        0       4
                init                                  E        E        4        4       0
                reset_vec                             0        0        4        0       0
dist/default/production\TCC_telemetria.X.production.obj
                intcode                               8        8        6        4       0
                idloc                            200000   200000        8        0       5
                config                           300000   300000        E        0       4
                temp                                 46       46        1        1       1
                mediumconst                        6100     6100      180     3080       0
                text124                            524E     524E       4A     2561       0
                text123                            5328     5328       46     2561       0
                text122                            1CD6     1CD6      284        4       0
                text121                            59AA     59AA       12     2561       0
                text120                            5A72     5A72        A     2561       0
                intcode_body                       3B62     3B62      118        4       0
                text118                            5902     5902       1E     2561       0
                text117                            4C2C     4C2C       72     2561       0
                text116                            515E     515E       52     2561       0
                text115                            4D0E     4D0E       6A     2561       0
                text114                            4E42     4E42       5E     2561       0
                text113                            547C     547C       42     2561       0
                text112                             F74      F74      3B0        4       0
                text111                            50B6     50B6       56     2561       0
                text110                            5A68     5A68        A     2561       0
                text109                            59DC     59DC       10     2561       0
                text108                            5998     5998       12     2561       0
                text107                            5862     5862       22     2561       0
                text106                            5840     5840       22     2561       0
                text105                            5772     5772       24     2561       0
                text104                            581E     581E       22     2561       0
                text103                            57FC     57FC       22     2561       0
                text102                            57DA     57DA       22     2561       0
                text101                            369A     369A      156        4       0
                text100                            58C4     58C4       20     2561       0
                text99                             5A20     5A20        C     2561       0
                text98                             5578     5578       3C     2561       0
                text97                             59CC     59CC       10     2561       0
                text96                             55EC     55EC       36     2561       0
                text95                             4FAE     4FAE       5A     2561       0
                text94                             5A14     5A14        C     2561       0
                text93                             5A08     5A08        C     2561       0
                text92                             3A3E     3A3E      124        4       0
                text91                             4C9E     4C9E       70     2561       0
                text90                             2D8A     2D8A      1B6        4       0
                text89                             5200     5200       4E     2561       0
                text88                             2F40     2F40      1AA        4       0
                text87                             510C     510C       52     2561       0
                text86                             59BC     59BC       10     2561       0
                text85                             5622     5622       30     2561       0
                text84                             52E0     52E0       48     2561       0
                text83                             391A     391A      124        4       0
                text82                             56AC     56AC       2A     2561       0
                text81                             49C4     49C4       82        4       0
                text80                             574C     574C       26     2561       0
                text79                             2B68     2B68      222        4       0
                text78                             26B0     26B0      266        4       0
                text77                             30EA     30EA      18C        4       0
                text76                              AEA      AEA      48A        4       0
                text75                             5298     5298       48     2561       0
                text74                             5060     5060       56     2561       0
                text73                             4684     4684       92        4       0
                text72                             4942     4942       82        4       0
                text71                             4716     4716       90        4       0
                text70                             19D6     19D6      300        4       0
                text69                             5726     5726       26     2561       0
                text68                             5680     5680       2C     2561       0
                text67                              5A0      5A0      54A        4       0
                text66                             53F6     53F6       44     2561       0
                text65                             45E8     45E8       9C        4       0
                text64                             42A4     42A4       B2        4       0
                text63                             3276     3276      166        4       0
                text62                             21D4     21D4      272        4       0
                text61                             3540     3540      15A        4       0
                text60                             1F5A     1F5A      27A        4       0
                text59                             16A4     16A4      332        4       0
                text58                             4D78     4D78       66     2561       0
                text57                               12       12      58E        4       0
                text56                             54BE     54BE       40     2561       0
                text55                             4F54     4F54       5A     2561       0
                text54                             1324     1324      380        4       0
                text53                             53B2     53B2       44     2561       0
                text52                             536E     536E       44     2561       0
                text51                             33DC     33DC      164        4       0
                text50                             58A4     58A4       20     2561       0
                text49                             41D8     41D8       CC        4       0
                text48                             3C7A     3C7A      10A        4       0
                text47                             57B8     57B8       22     2561       0
                text46                             5956     5956       1A     2561       0
                text45                             56FE     56FE       28     2561       0
                text44                             5884     5884       20     2561       0
                text43                             4832     4832       8C        4       0
                text42                             3E7A     3E7A       EE        4       0
                text41                             543A     543A       42     2561       0
                text40                             54FE     54FE       3E     2561       0
                text39                             5652     5652       2E     2561       0
                text38                             5A5E     5A5E        A     2561       0
                text37                             4356     4356       AE        4       0
                text36                             55B4     55B4       38     2561       0
                text35                             3D84     3D84       F6        4       0
                text34                             3F68     3F68       D6        4       0
                text33                             58E4     58E4       1E     2561       0
                text32                             403E     403E       CE        4       0
                text31                             5A54     5A54        A     2561       0
                text30                             5A4A     5A4A        A     2561       0
                text29                             5A40     5A40        A     2561       0
                text28                             5A36     5A36        A     2561       0
                text27                             37F0     37F0      12A        4       0
                text26                             5796     5796       22     2561       0
                text25                             4EFA     4EFA       5A     2561       0
                text24                             4EA0     4EA0       5A     2561       0
                text23                             410C     410C       CC        4       0
                text22                             48BE     48BE       84        4       0
                text21                             4BB4     4BB4       78     2561       0
                text20                             4AC2     4AC2       7A     2561       0
                text19                             5A8A     5A8A        6     2561       0
                text18                             4B3C     4B3C       78     2561       0
                text17                             5A84     5A84        6     2561       0
                text16                             4DDE     4DDE       64     2561       0
                text15                             5008     5008       58     2561       0
                text14                             2916     2916      252        4       0
                text13                             553C     553C       3C     2561       0
                text12                             2446     2446      26A        4       0
                text11                             44A8     44A8       A2        4       0
                text10                             51B0     51B0       50     2561       0
                text9                              59FA     59FA        E     2561       0
                text8                              5A2C     5A2C        A     2561       0
                text7                              593C     593C       1A     2561       0
                text6                              5986     5986       12     2561       0
                text5                              5A7C     5A7C        8     2561       0
                text4                              5920     5920       1C     2561       0
                text3                              5970     5970       16     2561       0
                text2                              454A     454A       9E        4       0
                text1                              47A6     47A6       8C        4       0
                text0                              56D6     56D6       28     2561       0
                cstackCOMRAM                          1        1       30        1       1
                cstackBANK0                          60       60       8D       60       1
                cstackBANK1                         1F3      1F3        6      100       1
                cstackBANK2                         2B9      2B9       22      200       1
                bssBIGRAM                           2DB      2DB      220      2DB       1
                dataBANK2                           200      200       7B      200       1
                bssBANK2                            27B      27B       3E      200       1
                dataBANK1                           1E5      1E5        E      100       1
                bssBANK1                            100      100       E5      100       1
                bssBANK0                             ED       ED       13       60       1
                dataCOMRAM                           45       45        1        1       1
                bssCOMRAM                            31       31       14        1       1
                cinit                              4404     4404       A4        4       0
                idataBANK2                         4A46     4A46       7B        4       0
                idataBANK1                         59EC     59EC        E     2561       0
                idataCOMRAM                        5A90     5A90        1     2561       0

TOTAL           Name                               Link     Load   Length     Space
        CLASS   STACK          

        CLASS   CODE           
                intcode                               8        8        6         0
                init                                  E        E        4         0
                reset_vec                             0        0        4         0
                text124                            524E     524E       4A         0
                text123                            5328     5328       46         0
                text122                            1CD6     1CD6      284         0
                text121                            59AA     59AA       12         0
                text120                            5A72     5A72        A         0
                intcode_body                       3B62     3B62      118         0
                text118                            5902     5902       1E         0
                text117                            4C2C     4C2C       72         0
                text116                            515E     515E       52         0
                text115                            4D0E     4D0E       6A         0
                text114                            4E42     4E42       5E         0
                text113                            547C     547C       42         0
                text112                             F74      F74      3B0         0
                text111                            50B6     50B6       56         0
                text110                            5A68     5A68        A         0
                text109                            59DC     59DC       10         0
                text108                            5998     5998       12         0
                text107                            5862     5862       22         0
                text106                            5840     5840       22         0
                text105                            5772     5772       24         0
                text104                            581E     581E       22         0
                text103                            57FC     57FC       22         0
                text102                            57DA     57DA       22         0
                text101                            369A     369A      156         0
                text100                            58C4     58C4       20         0
                text99                             5A20     5A20        C         0
                text98                             5578     5578       3C         0
                text97                             59CC     59CC       10         0
                text96                             55EC     55EC       36         0
                text95                             4FAE     4FAE       5A         0
                text94                             5A14     5A14        C         0
                text93                             5A08     5A08        C         0
                text92                             3A3E     3A3E      124         0
                text91                             4C9E     4C9E       70         0
                text90                             2D8A     2D8A      1B6         0
                text89                             5200     5200       4E         0
                text88                             2F40     2F40      1AA         0
                text87                             510C     510C       52         0
                text86                             59BC     59BC       10         0
                text85                             5622     5622       30         0
                text84                             52E0     52E0       48         0
                text83                             391A     391A      124         0
                text82                             56AC     56AC       2A         0
                text81                             49C4     49C4       82         0
                text80                             574C     574C       26         0
                text79                             2B68     2B68      222         0
                text78                             26B0     26B0      266         0
                text77                             30EA     30EA      18C         0
                text76                              AEA      AEA      48A         0
                text75                             5298     5298       48         0
                text74                             5060     5060       56         0
                text73                             4684     4684       92         0
                text72                             4942     4942       82         0
                text71                             4716     4716       90         0
                text70                             19D6     19D6      300         0
                text69                             5726     5726       26         0
                text68                             5680     5680       2C         0
                text67                              5A0      5A0      54A         0
                text66                             53F6     53F6       44         0
                text65                             45E8     45E8       9C         0
                text64                             42A4     42A4       B2         0
                text63                             3276     3276      166         0
                text62                             21D4     21D4      272         0
                text61                             3540     3540      15A         0
                text60                             1F5A     1F5A      27A         0
                text59                             16A4     16A4      332         0
                text58                             4D78     4D78       66         0
                text57                               12       12      58E         0
                text56                             54BE     54BE       40         0
                text55                             4F54     4F54       5A         0
                text54                             1324     1324      380         0
                text53                             53B2     53B2       44         0
                text52                             536E     536E       44         0
                text51                             33DC     33DC      164         0
                text50                             58A4     58A4       20         0
                text49                             41D8     41D8       CC         0
                text48                             3C7A     3C7A      10A         0
                text47                             57B8     57B8       22         0
                text46                             5956     5956       1A         0
                text45                             56FE     56FE       28         0
                text44                             5884     5884       20         0
                text43                             4832     4832       8C         0
                text42                             3E7A     3E7A       EE         0
                text41                             543A     543A       42         0
                text40                             54FE     54FE       3E         0
                text39                             5652     5652       2E         0
                text38                             5A5E     5A5E        A         0
                text37                             4356     4356       AE         0
                text36                             55B4     55B4       38         0
                text35                             3D84     3D84       F6         0
                text34                             3F68     3F68       D6         0
                text33                             58E4     58E4       1E         0
                text32                             403E     403E       CE         0
                text31                             5A54     5A54        A         0
                text30                             5A4A     5A4A        A         0
                text29                             5A40     5A40        A         0
                text28                             5A36     5A36        A         0
                text27                             37F0     37F0      12A         0
                text26                             5796     5796       22         0
                text25                             4EFA     4EFA       5A         0
                text24                             4EA0     4EA0       5A         0
                text23                             410C     410C       CC         0
                text22                             48BE     48BE       84         0
                text21                             4BB4     4BB4       78         0
                text20                             4AC2     4AC2       7A         0
                text19                             5A8A     5A8A        6         0
                text18                             4B3C     4B3C       78         0
                text17                             5A84     5A84        6         0
                text16                             4DDE     4DDE       64         0
                text15                             5008     5008       58         0
                text14                             2916     2916      252         0
                text13                             553C     553C       3C         0
                text12                             2446     2446      26A         0
                text11                             44A8     44A8       A2         0
                text10                             51B0     51B0       50         0
                text9                              59FA     59FA        E         0
                text8                              5A2C     5A2C        A         0
                text7                              593C     593C       1A         0
                text6                              5986     5986       12         0
                text5                              5A7C     5A7C        8         0
                text4                              5920     5920       1C         0
                text3                              5970     5970       16         0
                text2                              454A     454A       9E         0
                text1                              47A6     47A6       8C         0
                text0                              56D6     56D6       28         0
                cinit                              4404     4404       A4         0
                idataBANK2                         4A46     4A46       7B         0
                idataBANK1                         59EC     59EC        E         0
                idataCOMRAM                        5A90     5A90        1         0

        CLASS   CONST          

        CLASS   SMALLCONST     

        CLASS   MEDIUMCONST    
                mediumconst                        6100     6100      180         0

        CLASS   COMRAM         
                temp                                 46       46        1         1
                cstackCOMRAM                          1        1       30         1
                dataCOMRAM                           45       45        1         1
                bssCOMRAM                            31       31       14         1

        CLASS   ABS1           

        CLASS   BIGRAM         
                bssBIGRAM                           2DB      2DB      220         1

        CLASS   RAM            

        CLASS   BANK0          
                cstackBANK0                          60       60       8D         1
                bssBANK0                             ED       ED       13         1

        CLASS   BANK1          
                cstackBANK1                         1F3      1F3        6         1
                dataBANK1                           1E5      1E5        E         1
                bssBANK1                            100      100       E5         1

        CLASS   BANK2          
                cstackBANK2                         2B9      2B9       22         1
                dataBANK2                           200      200       7B         1
                bssBANK2                            27B      27B       3E         1

        CLASS   BANK3          

        CLASS   BANK4          

        CLASS   BANK5          

        CLASS   BANK6          

        CLASS   BANK7          

        CLASS   SFR            

        CLASS   CONFIG         
                config                           300000   300000        E         4

        CLASS   IDLOC          
                idloc                            200000   200000        8         5

        CLASS   EEDATA         

        CLASS   FARRAM         



SEGMENTS        Name                           Load    Length   Top    Selector   Space  Class

                reset_vec                      000000  000004  000004         0       0  CODE    
                cstackCOMRAM                   000001  000046  000047         1       1  COMRAM  
                intcode                        000008  004AB9  004AC1         4       0  CODE    
                cstackBANK0                    000060  0000A0  000100        60       1  BANK0   
                bssBANK1                       000100  0000F9  0001F9       100       1  BANK1   
                dataBANK2                      000200  0000DB  0002DB       200       1  BANK2   
                bssBIGRAM                      0002DB  000220  0004FB       2DB       1  BIGRAM  
                text20                         004AC2  000FCF  005A91      2561       0  CODE    
                mediumconst                    006100  000180  006280      3080       0  MEDIUMCO


UNUSED ADDRESS RANGES

        Name                Unused          Largest block    Delta
        BANK1            0001F9-0001FF                7
        BANK4            0004FB-0004FF                5
        BANK5            000500-0005FF              100
        BANK6            000600-0006FF              100
        BANK7            000700-0007FF              100
        BIGRAM           000047-00005F               19
                         0001F9-0001FF                7
                         0004FB-0007FF              305
        CODE             000004-000007                4
                         004AC1-004AC1                1
                         005A91-0060FF              66F
        COMRAM           000047-00005F               19
        CONST            000004-000007                4
                         004AC1-004AC1                1
                         005A91-0060FF              66F
        EEDATA           F00000-F000FF              100
        MEDIUMCONST      004AC1-004AC1                1
                         005A91-0060FF              66F
        RAM              0001F9-0001FF                7
                         0004FB-0007FF              100
        SFR              000F60-000FFF               A0
        SMALLCONST       004AC1-004AC1                1
                         005A91-0060FF              100
        STACK            0004FB-0007FF              305

                                  Symbol Table

?_Speed                                          cstackCOMRAM 00001A
?___aldiv                                        cstackCOMRAM 00001A
?___awtoft                                       cstackCOMRAM 000027
?___ftmul                                        cstackCOMRAM 00002B
?___ftpack                                       cstackCOMRAM 00001A
?___fttol                                        cstackBANK0  000069
?___lldiv                                        cstackCOMRAM 00001A
?___llmod                                        cstackCOMRAM 00001A
?___lmul                                         cstackCOMRAM 00001A
?___wmul                                         cstackCOMRAM 00001A
?_atoi                                           cstackCOMRAM 000020
?_atol                                           cstackCOMRAM 000026
?_clust2sect                                     cstackCOMRAM 000026
?_convert_to_int                                 cstackBANK0  000066
?_convert_to_int_point_lat                       cstackBANK0  000066
?_convert_to_int_point_long                      cstackBANK0  000066
?_create_chain                                   cstackBANK0  0000A1
?_fix                                            cstackCOMRAM 00001A
?_fprintf                                        cstackBANK0  0000DB
?_fputc                                          cstackBANK0  0000CD
?_fputs                                          cstackBANK0  0000D4
?_get_cluster                                    cstackBANK0  000089
?_get_fattime                                    cstackCOMRAM 00001E
?_gps_ano                                        cstackCOMRAM 00001A
?_gps_dia                                        cstackCOMRAM 00001A
?_gps_hora                                       cstackCOMRAM 00001A
?_gps_mes                                        cstackCOMRAM 00001A
?_gps_minutos                                    cstackCOMRAM 00001A
?_gps_segundos                                   cstackCOMRAM 00001A
?_latitude                                       cstackCOMRAM 00001A
?_longitude                                      cstackCOMRAM 00001A
?_memcmp                                         cstackCOMRAM 00001A
?_rawdata                                        cstackCOMRAM 00001A
?_rawhora                                        cstackCOMRAM 00001A
?_strcmp                                         cstackCOMRAM 000001
?_strlen                                         cstackCOMRAM 00001A
GPSRead@buff                                     cstackCOMRAM 00000B
GPSRead@c                                        cstackCOMRAM 00000C
_ADCON1                                          (abs)        000FC1
_BRGH                                            (abs)        007D62
_CREN                                            (abs)        007D5C
_FatFs                                           bssCOMRAM    000036
_GPGGA_ok                                        bssBANK1     000152
_GPRMC_ok                                        bssBANK1     000154
_GPSRead                                         text122      001CD6
_INT0IE                                          (abs)        007F94
_INT0IF                                          (abs)        007F91
_INTCON                                          (abs)        000FF2
_INTCON2                                         (abs)        000FF1
_INTCON3                                         (abs)        000FF0
_INTCONbits                                      (abs)        000FF2
_LATB                                            (abs)        000F8A
_LATBbits                                        (abs)        000F8A
_LATCbits                                        (abs)        000F8B
_OSCCONbits                                      (abs)        000FD3
_PCL                                             (abs)        000FF9
_PCLATH                                          (abs)        000FFA
_PIE1                                            (abs)        000F9D
_PIE1bits                                        (abs)        000F9D
_PIR1bits                                        (abs)        000F9E
_PORTBbits                                       (abs)        000F81
_PORTDbits                                       (abs)        000F83
_PORTEbits                                       (abs)        000F84
_PR2                                             (abs)        000FCB
_RCIF                                            (abs)        007CF5
_RCREG                                           (abs)        000FAE
_RCSTA                                           (abs)        000FAB
_RCSTAbits                                       (abs)        000FAB
_SPBRG                                           (abs)        000FAF
_SPEN                                            (abs)        007D5F
_SPPCFG                                          (abs)        000F63
_SPPCON                                          (abs)        000F65
_SSPBUF                                          (abs)        000FC9
_SSPCON1                                         (abs)        000FC6
_SSPCON1bits                                     (abs)        000FC6
_SSPSTAT                                         (abs)        000FC7
_SSPSTATbits                                     (abs)        000FC7
_SYNC                                            (abs)        007D64
_SentenceType                                    bssCOMRAM    000043
_Speed                                           text38       005A5E
_T0CON                                           (abs)        000FD5
_T0CONbits                                       (abs)        000FD5
_T0IF                                            (abs)        007F92
_T2CON                                           (abs)        000FCA
_TMR0                                            (abs)        000FD6
_TMR0IF                                          (abs)        007F92
_TMR2                                            (abs)        000FCC
_TRISA                                           (abs)        000F92
_TRISB                                           (abs)        000F93
_TRISBbits                                       (abs)        000F93
_TRISC                                           (abs)        000F94
_TRISCbits                                       (abs)        000F94
_TRISD                                           (abs)        000F95
_TRISDbits                                       (abs)        000F95
_TRISE                                           (abs)        000F96
_TXEN                                            (abs)        007D65
_TXSTA                                           (abs)        000FAC
_Term                                            bssCOMRAM    000042
__HRAM                                           (abs)        000000
__Habs1                                          abs1         000000
__Hbank0                                         bank0        000000
__Hbank1                                         bank1        000000
__Hbank2                                         bank2        000000
__Hbank3                                         bank3        000000
__Hbank4                                         bank4        000000
__Hbank5                                         bank5        000000
__Hbank6                                         bank6        000000
__Hbank7                                         bank7        000000
__Hbigbss                                        bigbss       000000
__Hbigdata                                       bigdata      000000
__Hbigram                                        bigram       000000
__Hbss                                           bss          000000
__HbssBANK0                                      bssBANK0     000000
__HbssBANK1                                      bssBANK1     000000
__HbssBANK2                                      bssBANK2     000000
__HbssBIGRAM                                     bssBIGRAM    000000
__HbssCOMRAM                                     bssCOMRAM    000000
__Hcinit                                         cinit        000000
__Hclrtext                                       clrtext      000000
__Hcomram                                        comram       000000
__Hconfig                                        config       30000E
__Hconst                                         const        000000
__HcstackBANK0                                   cstackBANK0  000000
__HcstackBANK1                                   cstackBANK1  000000
__HcstackBANK2                                   cstackBANK2  000000
__HcstackCOMRAM                                  cstackCOMRAM 000000
__Hdata                                          data         000000
__HdataBANK1                                     dataBANK1    000000
__HdataBANK2                                     dataBANK2    000000
__HdataCOMRAM                                    dataCOMRAM   000000
__Heeprom_data                                   eeprom_data  000000
__Hfarbss                                        farbss       000000
__Hfardata                                       fardata      000000
__Hibigdata                                      ibigdata     000000
__Hidata                                         idata        000000
__HidataBANK1                                    idataBANK1   000000
__HidataBANK2                                    idataBANK2   000000
__HidataCOMRAM                                   idataCOMRAM  000000
__Hidloc                                         idloc        200008
__Hifardata                                      ifardata     000000
__Hinit                                          init         000012
__Hintcode                                       intcode      00000E
__Hintcode_body                                  intcode_body 000000
__Hintcodelo                                     intcodelo    00000E
__Hintentry                                      intentry     000000
__Hintret                                        intret       000000
__Hintsave_regs                                  intsave_regs 000000
__Hirdata                                        irdata       000000
__Hmediumconst                                   mediumconst  006280
__HnvFARRAM                                      nvFARRAM     000000
__Hnvbit                                         nvbit        000000
__Hnvrram                                        nvrram       000000
__Hparam                                         rparam       000000
__Hpowerup                                       powerup      00000E
__Hram                                           ram          000000
__Hramtop                                        ramtop       000800
__Hrbit                                          rbit         000000
__Hrbss                                          rbss         000000
__Hrdata                                         rdata        000000
__Hreset_vec                                     reset_vec    000004
__Hrparam                                        rparam       000000
__Hsfr                                           sfr          000000
__Hsmallconst                                    smallconst   000000
__Hspace_0                                       (abs)        006280
__Hspace_1                                       (abs)        0004FB
__Hspace_2                                       (abs)        000000
__Hspace_4                                       (abs)        60000E
__Hstack                                         stack        000000
__Hstruct                                        struct       000000
__Htemp                                          temp         000047
__Htext                                          text         000000
__Htext0                                         text0        000000
__Htext1                                         text1        000000
__Htext10                                        text10       000000
__Htext100                                       text100      000000
__Htext101                                       text101      000000
__Htext102                                       text102      000000
__Htext103                                       text103      000000
__Htext104                                       text104      000000
__Htext105                                       text105      000000
__Htext106                                       text106      000000
__Htext107                                       text107      000000
__Htext108                                       text108      000000
__Htext109                                       text109      000000
__Htext11                                        text11       000000
__Htext110                                       text110      000000
__Htext111                                       text111      000000
__Htext112                                       text112      000000
__Htext113                                       text113      000000
__Htext114                                       text114      000000
__Htext115                                       text115      000000
__Htext116                                       text116      000000
__Htext117                                       text117      000000
__Htext118                                       text118      000000
__Htext12                                        text12       000000
__Htext120                                       text120      000000
__Htext121                                       text121      000000
__Htext122                                       text122      000000
__Htext123                                       text123      000000
__Htext124                                       text124      000000
__Htext125                                       text125      000000
__Htext13                                        text13       000000
__Htext14                                        text14       000000
__Htext15                                        text15       000000
__Htext16                                        text16       000000
__Htext17                                        text17       000000
__Htext18                                        text18       000000
__Htext19                                        text19       000000
__Htext2                                         text2        000000
__Htext20                                        text20       000000
__Htext21                                        text21       000000
__Htext22                                        text22       000000
__Htext23                                        text23       000000
__Htext24                                        text24       000000
__Htext25                                        text25       000000
__Htext26                                        text26       000000
__Htext27                                        text27       000000
__Htext28                                        text28       000000
__Htext29                                        text29       000000
__Htext3                                         text3        000000
__Htext30                                        text30       000000
__Htext31                                        text31       000000
__Htext32                                        text32       000000
__Htext33                                        text33       000000
__Htext34                                        text34       000000
__Htext35                                        text35       000000
__Htext36                                        text36       000000
__Htext37                                        text37       000000
__Htext38                                        text38       000000
__Htext39                                        text39       000000
__Htext4                                         text4        000000
__Htext40                                        text40       000000
__Htext41                                        text41       000000
__Htext42                                        text42       000000
__Htext43                                        text43       000000
__Htext44                                        text44       000000
__Htext45                                        text45       000000
__Htext46                                        text46       000000
__Htext47                                        text47       000000
__Htext48                                        text48       000000
__Htext49                                        text49       000000
__Htext5                                         text5        000000
__Htext50                                        text50       000000
__Htext51                                        text51       000000
__Htext52                                        text52       000000
__Htext53                                        text53       000000
__Htext54                                        text54       000000
__Htext55                                        text55       000000
__Htext56                                        text56       000000
__Htext57                                        text57       000000
__Htext58                                        text58       000000
__Htext59                                        text59       000000
__Htext6                                         text6        000000
__Htext60                                        text60       000000
__Htext61                                        text61       000000
__Htext62                                        text62       000000
__Htext63                                        text63       000000
__Htext64                                        text64       000000
__Htext65                                        text65       000000
__Htext66                                        text66       000000
__Htext67                                        text67       000000
__Htext68                                        text68       000000
__Htext69                                        text69       000000
__Htext7                                         text7        000000
__Htext70                                        text70       000000
__Htext71                                        text71       000000
__Htext72                                        text72       000000
__Htext73                                        text73       000000
__Htext74                                        text74       000000
__Htext75                                        text75       000000
__Htext76                                        text76       000000
__Htext77                                        text77       000000
__Htext78                                        text78       000000
__Htext79                                        text79       000000
__Htext8                                         text8        000000
__Htext80                                        text80       000000
__Htext81                                        text81       000000
__Htext82                                        text82       000000
__Htext83                                        text83       000000
__Htext84                                        text84       000000
__Htext85                                        text85       000000
__Htext86                                        text86       000000
__Htext87                                        text87       000000
__Htext88                                        text88       000000
__Htext89                                        text89       000000
__Htext9                                         text9        000000
__Htext90                                        text90       000000
__Htext91                                        text91       000000
__Htext92                                        text92       000000
__Htext93                                        text93       000000
__Htext94                                        text94       000000
__Htext95                                        text95       000000
__Htext96                                        text96       000000
__Htext97                                        text97       000000
__Htext98                                        text98       000000
__Htext99                                        text99       000000
__LRAM                                           (abs)        000001
__Labs1                                          abs1         000000
__Lbank0                                         bank0        000000
__Lbank1                                         bank1        000000
__Lbank2                                         bank2        000000
__Lbank3                                         bank3        000000
__Lbank4                                         bank4        000000
__Lbank5                                         bank5        000000
__Lbank6                                         bank6        000000
__Lbank7                                         bank7        000000
__Lbigbss                                        bigbss       000000
__Lbigdata                                       bigdata      000000
__Lbigram                                        bigram       000000
__Lbss                                           bss          000000
__LbssBANK0                                      bssBANK0     000000
__LbssBANK1                                      bssBANK1     000000
__LbssBANK2                                      bssBANK2     000000
__LbssBIGRAM                                     bssBIGRAM    000000
__LbssCOMRAM                                     bssCOMRAM    000000
__Lcinit                                         cinit        000000
__Lclrtext                                       clrtext      000000
__Lcomram                                        comram       000000
__Lconfig                                        config       000000
__Lconst                                         const        000000
__LcstackBANK0                                   cstackBANK0  000000
__LcstackBANK1                                   cstackBANK1  000000
__LcstackBANK2                                   cstackBANK2  000000
__LcstackCOMRAM                                  cstackCOMRAM 000000
__Ldata                                          data         000000
__LdataBANK1                                     dataBANK1    000000
__LdataBANK2                                     dataBANK2    000000
__LdataCOMRAM                                    dataCOMRAM   000000
__Leeprom_data                                   eeprom_data  000000
__Lfarbss                                        farbss       000000
__Lfardata                                       fardata      000000
__Libigdata                                      ibigdata     000000
__Lidata                                         idata        000000
__LidataBANK1                                    idataBANK1   000000
__LidataBANK2                                    idataBANK2   000000
__LidataCOMRAM                                   idataCOMRAM  000000
__Lidloc                                         idloc        000000
__Lifardata                                      ifardata     000000
__Linit                                          init         00000E
__Lintcode                                       intcode      000008
__Lintcode_body                                  intcode_body 000000
__Lintcodelo                                     intcodelo    00000E
__Lintentry                                      intentry     000000
__Lintret                                        intret       000000
__Lintsave_regs                                  intsave_regs 000000
__Lirdata                                        irdata       000000
__Lmediumconst                                   mediumconst  006100
__LnvFARRAM                                      nvFARRAM     000000
__Lnvbit                                         nvbit        000000
__Lnvrram                                        nvrram       000000
__Lparam                                         rparam       000000
__Lpowerup                                       powerup      00000E
__Lram                                           ram          000000
__Lramtop                                        ramtop       000800
__Lrbit                                          rbit         000000
__Lrbss                                          rbss         000000
__Lrdata                                         rdata        000000
__Lreset_vec                                     reset_vec    000000
__Lrparam                                        rparam       000000
__Lsfr                                           sfr          000000
__Lsmallconst                                    smallconst   000000
__Lspace_0                                       (abs)        000000
__Lspace_1                                       (abs)        000000
__Lspace_2                                       (abs)        000000
__Lspace_4                                       (abs)        000000
__Lstack                                         stack        000000
__Lstruct                                        struct       000000
__Ltemp                                          temp         000046
__Ltext                                          text         000000
__Ltext0                                         text0        000000
__Ltext1                                         text1        000000
__Ltext10                                        text10       000000
__Ltext100                                       text100      000000
__Ltext101                                       text101      000000
__Ltext102                                       text102      000000
__Ltext103                                       text103      000000
__Ltext104                                       text104      000000
__Ltext105                                       text105      000000
__Ltext106                                       text106      000000
__Ltext107                                       text107      000000
__Ltext108                                       text108      000000
__Ltext109                                       text109      000000
__Ltext11                                        text11       000000
__Ltext110                                       text110      000000
__Ltext111                                       text111      000000
__Ltext112                                       text112      000000
__Ltext113                                       text113      000000
__Ltext114                                       text114      000000
__Ltext115                                       text115      000000
__Ltext116                                       text116      000000
__Ltext117                                       text117      000000
__Ltext118                                       text118      000000
__Ltext12                                        text12       000000
__Ltext120                                       text120      000000
__Ltext121                                       text121      000000
__Ltext122                                       text122      000000
__Ltext123                                       text123      000000
__Ltext124                                       text124      000000
__Ltext125                                       text125      000000
__Ltext13                                        text13       000000
__Ltext14                                        text14       000000
__Ltext15                                        text15       000000
__Ltext16                                        text16       000000
__Ltext17                                        text17       000000
__Ltext18                                        text18       000000
__Ltext19                                        text19       000000
__Ltext2                                         text2        000000
__Ltext20                                        text20       000000
__Ltext21                                        text21       000000
__Ltext22                                        text22       000000
__Ltext23                                        text23       000000
__Ltext24                                        text24       000000
__Ltext25                                        text25       000000
__Ltext26                                        text26       000000
__Ltext27                                        text27       000000
__Ltext28                                        text28       000000
__Ltext29                                        text29       000000
__Ltext3                                         text3        000000
__Ltext30                                        text30       000000
__Ltext31                                        text31       000000
__Ltext32                                        text32       000000
__Ltext33                                        text33       000000
__Ltext34                                        text34       000000
__Ltext35                                        text35       000000
__Ltext36                                        text36       000000
__Ltext37                                        text37       000000
__Ltext38                                        text38       000000
__Ltext39                                        text39       000000
__Ltext4                                         text4        000000
__Ltext40                                        text40       000000
__Ltext41                                        text41       000000
__Ltext42                                        text42       000000
__Ltext43                                        text43       000000
__Ltext44                                        text44       000000
__Ltext45                                        text45       000000
__Ltext46                                        text46       000000
__Ltext47                                        text47       000000
__Ltext48                                        text48       000000
__Ltext49                                        text49       000000
__Ltext5                                         text5        000000
__Ltext50                                        text50       000000
__Ltext51                                        text51       000000
__Ltext52                                        text52       000000
__Ltext53                                        text53       000000
__Ltext54                                        text54       000000
__Ltext55                                        text55       000000
__Ltext56                                        text56       000000
__Ltext57                                        text57       000000
__Ltext58                                        text58       000000
__Ltext59                                        text59       000000
__Ltext6                                         text6        000000
__Ltext60                                        text60       000000
__Ltext61                                        text61       000000
__Ltext62                                        text62       000000
__Ltext63                                        text63       000000
__Ltext64                                        text64       000000
__Ltext65                                        text65       000000
__Ltext66                                        text66       000000
__Ltext67                                        text67       000000
__Ltext68                                        text68       000000
__Ltext69                                        text69       000000
__Ltext7                                         text7        000000
__Ltext70                                        text70       000000
__Ltext71                                        text71       000000
__Ltext72                                        text72       000000
__Ltext73                                        text73       000000
__Ltext74                                        text74       000000
__Ltext75                                        text75       000000
__Ltext76                                        text76       000000
__Ltext77                                        text77       000000
__Ltext78                                        text78       000000
__Ltext79                                        text79       000000
__Ltext8                                         text8        000000
__Ltext80                                        text80       000000
__Ltext81                                        text81       000000
__Ltext82                                        text82       000000
__Ltext83                                        text83       000000
__Ltext84                                        text84       000000
__Ltext85                                        text85       000000
__Ltext86                                        text86       000000
__Ltext87                                        text87       000000
__Ltext88                                        text88       000000
__Ltext89                                        text89       000000
__Ltext9                                         text9        000000
__Ltext90                                        text90       000000
__Ltext91                                        text91       000000
__Ltext92                                        text92       000000
__Ltext93                                        text93       000000
__Ltext94                                        text94       000000
__Ltext95                                        text95       000000
__Ltext96                                        text96       000000
__Ltext97                                        text97       000000
__Ltext98                                        text98       000000
__Ltext99                                        text99       000000
__S0                                             (abs)        006280
__S1                                             (abs)        0004FB
__S2                                             (abs)        000000
__S4                                             (abs)        000000
__S5                                             (abs)        000000
___aldiv                                         text49       0041D8
___aldiv@counter                                 cstackCOMRAM 000022
___aldiv@dividend                                cstackCOMRAM 00001A
___aldiv@divisor                                 cstackCOMRAM 00001E
___aldiv@quotient                                cstackCOMRAM 000024
___aldiv@sign                                    cstackCOMRAM 000023
___awtoft                                        text36       0055B4
___awtoft@c                                      cstackCOMRAM 000027
___awtoft@sign                                   cstackCOMRAM 00002A
___ftmul                                         text35       003D84
___ftmul@cntr                                    cstackBANK0  000067
___ftmul@exp                                     cstackBANK0  000063
___ftmul@f1                                      cstackCOMRAM 00002B
___ftmul@f2                                      cstackCOMRAM 00002E
___ftmul@f3_as_product                           cstackBANK0  000064
___ftmul@sign                                    cstackBANK0  000068
___ftpack                                        text37       004356
___ftpack@arg                                    cstackCOMRAM 00001A
___ftpack@exp                                    cstackCOMRAM 00001D
___ftpack@sign                                   cstackCOMRAM 00001E
___fttol                                         text34       003F68
___fttol@exp1                                    cstackBANK0  000077
___fttol@f1                                      cstackBANK0  000069
___fttol@lval                                    cstackBANK0  000073
___fttol@sign1                                   cstackBANK0  000072
___inthi_sp                                      stack        000000
___intlo_sp                                      stack        000000
___lldiv                                         text81       0049C4
___lldiv@counter                                 cstackCOMRAM 000026
___lldiv@dividend                                cstackCOMRAM 00001A
___lldiv@divisor                                 cstackCOMRAM 00001E
___lldiv@quotient                                cstackCOMRAM 000022
___llmod                                         text58       004D78
___llmod@counter                                 cstackCOMRAM 000022
___llmod@dividend                                cstackCOMRAM 00001A
___llmod@divisor                                 cstackCOMRAM 00001E
___lmul                                          text74       005060
___lmul@multiplicand                             cstackCOMRAM 00001E
___lmul@multiplier                               cstackCOMRAM 00001A
___lmul@product                                  cstackCOMRAM 000022
___param_bank                                    (abs)        000000
___rparam_used                                   (abs)        000001
___sp                                            stack        000000
___wmul                                          text80       00574C
___wmul@multiplicand                             cstackCOMRAM 00001C
___wmul@multiplier                               cstackCOMRAM 00001A
___wmul@product                                  cstackCOMRAM 00001E
__accesstop                                      (abs)        000060
__activetblptr                                   (abs)        000002
__end_of_GPSRead                                 text122      001F5A
__end_of_Speed                                   text38       005A68
__end_of___aldiv                                 text49       0042A4
__end_of___awtoft                                text36       0055EC
__end_of___ftmul                                 text35       003E7A
__end_of___ftpack                                text37       004404
__end_of___fttol                                 text34       00403E
__end_of___lldiv                                 text81       004A46
__end_of___llmod                                 text58       004DDE
__end_of___lmul                                  text74       0050B6
__end_of___wmul                                  text80       005772
__end_of__initialization                         cinit        00449A
__end_of_armazena_ltlo                           text22       004942
__end_of_atoi                                    text32       00410C
__end_of_atol                                    text27       00391A
__end_of_auto_mount                              text67       000AEA
__end_of_check_fs                                text72       0049C4
__end_of_clust2sect                              text64       004356
__end_of_command                                 text95       005008
__end_of_config_timer_dois                       text9        005A08
__end_of_config_timer_zero                       text7        005956
__end_of_configura_baudrate_uart                 text48       003D84
__end_of_convert_to_int                          text26       0057B8
__end_of_convert_to_int_point_lat                text25       004F54
__end_of_convert_to_int_point_long               text24       004EFA
__end_of_create_chain                            text77       003276
__end_of_dados_gps_to_sd                         text111      00510C
__end_of_delay                                   text118      005920
__end_of_desliga_SPI                             text109      0059EC
__end_of_desliga_uart                            text108      0059AA
__end_of_diferenca                               text23       0041D8
__end_of_disk_initialize                         text69       00574C
__end_of_disk_ioctl                              text100      0058E4
__end_of_disk_read                               text91       004D0E
__end_of_disk_status                             text85       005652
__end_of_disk_write                              text89       00524E
__end_of_disparo_gravacao                        text13       005578
__end_of_dummy_clocks                            text98       0055B4
__end_of_endereco_cursor_lcd                     text115      004D78
__end_of_escalonador                             text11       00454A
__end_of_escreve_SPI                             text97       0059DC
__end_of_escreve_caractere_lcd                   text117      004C9E
__end_of_escreve_cmd_lcd                         text43       0048BE
__end_of_escreve_frase_ram_lcd                   text116      0051B0
__end_of_escreve_inteiro_lcd                     text40       00553C
__end_of_escrita_sdcard                          text51       003540
__end_of_f_close                                 text82       0056D6
__end_of_f_lseek                                 text76       000F74
__end_of_f_mount                                 text75       0052E0
__end_of_f_open                                  text59       0019D6
__end_of_f_sync                                  text83       003A3E
__end_of_f_write                                 text57       0005A0
__end_of_fence_diff_lat                          mediumconst  006177
__end_of_fence_diff_long                         mediumconst  00614F
__end_of_fix                                     text110      005A72
__end_of_fprintf                                 text54       0016A4
__end_of_fputc                                   text56       0054FE
__end_of_fputs                                   text55       004FAE
__end_of_get_cluster                             text79       002D8A
__end_of_get_fattime                             text101      0037F0
__end_of_gps_ano                                 text107      005884
__end_of_gps_dia                                 text106      005862
__end_of_gps_hora                                text105      005796
__end_of_gps_mes                                 text104      005840
__end_of_gps_minutos                             text103      00581E
__end_of_gps_segundos                            text102      0057FC
__end_of_grava_sd                                text46       005970
__end_of_inicializa_SPI                          text50       0058C4
__end_of_inicializa_tarefas                      text10       005200
__end_of_inicializa_uart                         text47       0057DA
__end_of_init_hardware                           text3        005986
__end_of_init_interrupt                          text6        005998
__end_of_init_lcd                                text2        0045E8
__end_of_init_oscilador                          text5        005A84
__end_of_init_ports                              text4        00593C
__end_of_isdigit                                 text33       005902
__end_of_isr                                     intcode_body 003C7A
__end_of_latitude                                text31       005A5E
__end_of_latitude_to_convert                     text21       004C2C
__end_of_leitura_SPI                             text99       005A2C
__end_of_longitude                               text30       005A54
__end_of_longitude_to_convert                    text20       004B3C
__end_of_ltoa                                    text41       00547C
__end_of_main                                    text0        0056FE
__end_of_make_dirfile                            text61       00369A
__end_of_memcmp                                  text73       004716
__end_of_memcpy                                  text66       00543A
__end_of_memset                                  text68       0056AC
__end_of_mensagem_inicial                        text1        004832
__end_of_monta_sd                                text112      001324
__end_of_mostra_dados_display                    text39       005680
__end_of_move_window                             text88       0030EA
__end_of_next_dir_entry                          text63       0033DC
__end_of_posicao_cursor_lcd                      text114      004EA0
__end_of_posicao_lat                             text19       005A90
__end_of_posicao_long                            text17       005A8A
__end_of_proceed                                 text94       005A20
__end_of_put_cluster                             text78       002916
__end_of_rawdata                                 text29       005A4A
__end_of_rawhora                                 text28       005A40
__end_of_recebe_dado_gps                         text44       0058A4
__end_of_recebe_dado_uart                        text121      0059BC
__end_of_remove_chain                            text65       004684
__end_of_reserve_direntry                        text62       002446
__end_of_response                                text93       005A14
__end_of_sdc_disk_initialize                     text70       001CD6
__end_of_sdc_disk_read                           text92       003B62
__end_of_sdc_disk_status                         text86       0059CC
__end_of_sdc_disk_write                          text90       002F40
__end_of_sdc_reset                               text71       0047A6
__end_of_strcat                                  text53       0053F6
__end_of_strcmp                                  text124      005298
__end_of_strcpy                                  text52       0053B2
__end_of_stringcpy                               text123      00536E
__end_of_strlen                                  text113      0054BE
__end_of_sync                                    text87       00515E
__end_of_trace_path                              text60       0021D4
__end_of_troca_de_tela                           text12       0026B0
__end_of_ultoa                                   text42       003F68
__end_of_validate                                text84       005328
__end_of_verifica_dados_operacionais             text14       002B68
__end_of_verifica_fence                          text15       005060
__end_of_verifica_plausibilidade_lat             text18       004BB4
__end_of_verifica_plausibilidade_long            text16       004E42
__end_of_verifica_recep_gps                      text45       005726
__end_of_wait_ready                              text96       005622
__end_of_write_timer_zero                        text8        005A36
__end_ofi2_write_timer_zero                      text120      005A7C
__end_ofmensagem_inicial@F3664                   mediumconst  006123
__end_ofmensagem_inicial@F3666                   mediumconst  006112
__initialization                                 cinit        004404
__mediumconst                                    mediumconst  006100
__pbssBANK0                                      bssBANK0     0000ED
__pbssBANK1                                      bssBANK1     000100
__pbssBANK2                                      bssBANK2     00027B
__pbssBIGRAM                                     bssBIGRAM    0002DB
__pbssCOMRAM                                     bssCOMRAM    000031
__pcinit                                         cinit        004404
__pcstackBANK0                                   cstackBANK0  000060
__pcstackBANK1                                   cstackBANK1  0001F3
__pcstackBANK2                                   cstackBANK2  0002B9
__pcstackCOMRAM                                  cstackCOMRAM 000001
__pdataBANK1                                     dataBANK1    0001E5
__pdataBANK2                                     dataBANK2    000200
__pdataCOMRAM                                    dataCOMRAM   000045
__pidataBANK1                                    idataBANK1   0059EC
__pidataBANK2                                    idataBANK2   004A46
__pidataCOMRAM                                   idataCOMRAM  005A90
__pintcode                                       intcode      000008
__pintcode_body                                  intcode_body 003B62
__pmediumconst                                   mediumconst  006100
__ptext0                                         text0        0056D6
__ptext1                                         text1        0047A6
__ptext10                                        text10       0051B0
__ptext100                                       text100      0058C4
__ptext101                                       text101      00369A
__ptext102                                       text102      0057DA
__ptext103                                       text103      0057FC
__ptext104                                       text104      00581E
__ptext105                                       text105      005772
[...]
		_mensagem_inicial
		_troca_de_tela
 This function uses a non-reentrant model


 *************** function _escreve_caractere_lcd *****************
 Defined at:
		line 323 in file "bibliotecas/display_lcd.c"
 Parameters:    Size  Location     Type
  data            1    wreg     unsigned char 
 Auto vars:     Size  Location     Type
  data            1   27[COMRAM] unsigned char 
 Return value:  Size  Location     Type
                  1    wreg      void 
 Registers used:
		wreg, status,2, status,0, cstack
 Tracked objects:
		On entry : 
		On exit  : 
		Unchanged: 
 Data sizes:     COMRAM   BANK0   BANK1   BANK2   BANK3   BANK4   BANK5   BANK6   BANK7
      Params:         0       0       0       0       0       0       0       0       0
      Locals:         1       0       0       0       0       0       0       0       0
      Temps:          0       0       0       0       0       0       0       0       0
      Totals:         1       0       0       0       0       0       0       0       0
Total ram usage:        1 bytes
 Hardware stack levels used:    1
 Hardware stack levels required when called:    4
 This function calls:
		_delay
 This function is called by:
		_escreve_frase_ram_lcd
 This function uses a non-reentrant model


 *************** function _delay *****************
 Defined at:
		line 45 in file "bibliotecas/display_lcd.c"
 Parameters:    Size  Location     Type
		None
 Auto vars:     Size  Location     Type
  contador_int    1   26[COMRAM] unsigned char 
  contador_ext    1   25[COMRAM] unsigned char 
 Return value:  Size  Location     Type
                  1    wreg      void 
 Registers used:
		wreg, status,2, status,0
 Tracked objects:
		On entry : 
		On exit  : 
		Unchanged: 
 Data sizes:     COMRAM   BANK0   BANK1   BANK2   BANK3   BANK4   BANK5   BANK6   BANK7
      Params:         0       0       0       0       0       0       0       0       0
      Locals:         2       0       0       0       0       0       0       0       0
      Temps:          0       0       0       0       0       0       0       0       0
      Totals:         2       0       0       0       0       0       0       0       0
Total ram usage:        2 bytes
 Hardware stack levels used:    1
 Hardware stack levels required when called:    3
 This function calls:
		Nothing
 This function is called by:
		_init_lcd
		_escreve_cmd_lcd
		_endereco_cursor_lcd
		_escreve_caractere_lcd
 This function uses a non-reentrant model


 *************** function _isr *****************
 Defined at:
		line 108 in file "main.c"
 Parameters:    Size  Location     Type
		None
 Auto vars:     Size  Location     Type
  cont            1   24[COMRAM] unsigned char 
 Return value:  Size  Location     Type
                  1    wreg      void 
 Registers used:
		wreg, fsr1l, fsr1h, fsr2l, fsr2h, status,2, status,0, tblptrl, tblptrh, tblptru, prodl, prodh, cstack
 Tracked objects:
		On entry : 
		On exit  : 
		Unchanged: 
 Data sizes:     COMRAM   BANK0   BANK1   BANK2   BANK3   BANK4   BANK5   BANK6   BANK7
      Params:         0       0       0       0       0       0       0       0       0
      Locals:         1       0       0       0       0       0       0       0       0
      Temps:         12       0       0       0       0       0       0       0       0
      Totals:        13       0       0       0       0       0       0       0       0
Total ram usage:       13 bytes
 Hardware stack levels used:    1
 Hardware stack levels required when called:    2
 This function calls:
		_GPSRead
		_recebe_dado_uart
		i2_write_timer_zero
 This function is called by:
		Interrupt level 2
 This function uses a non-reentrant model


 *************** function i2_write_timer_zero *****************
 Defined at:
		line 134 in file "bibliotecas/hardware.c"
 Parameters:    Size  Location     Type
  timer0          2    0[COMRAM] unsigned int 
 Auto vars:     Size  Location     Type
		None
 Return value:  Size  Location     Type
                  1    wreg      void 
 Registers used:
		None
 Tracked objects:
		On entry : 
		On exit  : 
		Unchanged: 
 Data sizes:     COMRAM   BANK0   BANK1   BANK2   BANK3   BANK4   BANK5   BANK6   BANK7
      Params:         2       0       0       0       0       0       0       0       0
      Locals:         0       0       0       0       0       0       0       0       0
      Temps:          0       0       0       0       0       0       0       0       0
      Totals:         2       0       0       0       0       0       0       0       0
Total ram usage:        2 bytes
 Hardware stack levels used:    1
 This function calls:
		Nothing
 This function is called by:
		_isr
 This function uses a non-reentrant model


 *************** function _recebe_dado_uart *****************
 Defined at:
		line 138 in file "bibliotecas/uart.c"
 Parameters:    Size  Location     Type
		None
 Auto vars:     Size  Location     Type
		None
 Return value:  Size  Location     Type
                  1    wreg      unsigned char 
 Registers used:
		wreg, status,2
 Tracked objects:
		On entry : 
		On exit  : 
		Unchanged: 
 Data sizes:     COMRAM   BANK0   BANK1   BANK2   BANK3   BANK4   BANK5   BANK6   BANK7
      Params:         0       0       0       0       0       0       0       0       0
      Locals:         0       0       0       0       0       0       0       0       0
      Temps:          0       0       0       0       0       0       0       0       0
      Totals:         0       0       0       0       0       0       0       0       0
Total ram usage:        0 bytes
 Hardware stack levels used:    1
 This function calls:
		Nothing
 This function is called by:
		_isr
 This function uses a non-reentrant model


 *************** function _GPSRead *****************
 Defined at:
		line 61 in file "bibliotecas/GPS.c"
 Parameters:    Size  Location     Type
  buff            1    wreg     unsigned char 
 Auto vars:     Size  Location     Type
  buff            1   10[COMRAM] unsigned char 
  c               1   11[COMRAM] unsigned char 
 Return value:  Size  Location     Type
                  2  354[None  ] int 
 Registers used:
		wreg, fsr1l, fsr1h, fsr2l, fsr2h, status,2, status,0, tblptrl, tblptrh, tblptru, cstack
 Tracked objects:
		On entry : 
		On exit  : 
		Unchanged: 
 Data sizes:     COMRAM   BANK0   BANK1   BANK2   BANK3   BANK4   BANK5   BANK6   BANK7
      Params:         0       0       0       0       0       0       0       0       0
      Locals:         2       0       0       0       0       0       0       0       0
      Temps:          0       0       0       0       0       0       0       0       0
      Totals:         2       0       0       0       0       0       0       0       0
Total ram usage:        2 bytes
 Hardware stack levels used:    1
 Hardware stack levels required when called:    1
 This function calls:
		_strcmp
		_stringcpy
 This function is called by:
		_isr
 This function uses a non-reentrant model


 *************** function _stringcpy *****************
 Defined at:
		line 52 in file "bibliotecas/GPS.c"
 Parameters:    Size  Location     Type
  str1            2    0[COMRAM] PTR unsigned char 
		 -> buffer(12), 
  str2            2    2[COMRAM] PTR unsigned char 
		 -> rawDate(7), rawSpeed(6), rawLongitude(13), rawLatitude(12), 
		 -> rawFix(2), rawTime(11), sentence(6), 
  dir             2    4[COMRAM] int 
  size            1    6[COMRAM] unsigned char 
 Auto vars:     Size  Location     Type
  chr             1    9[COMRAM] unsigned char 
 Return value:  Size  Location     Type
                  1    wreg      void 
 Registers used:
		wreg, fsr1l, fsr1h, fsr2l, fsr2h, status,2, status,0
 Tracked objects:
		On entry : 
		On exit  : 
		Unchanged: 
 Data sizes:     COMRAM   BANK0   BANK1   BANK2   BANK3   BANK4   BANK5   BANK6   BANK7
      Params:         7       0       0       0       0       0       0       0       0
      Locals:         1       0       0       0       0       0       0       0       0
      Temps:          2       0       0       0       0       0       0       0       0
      Totals:        10       0       0       0       0       0       0       0       0
Total ram usage:       10 bytes
 Hardware stack levels used:    1
 This function calls:
		Nothing
 This function is called by:
		_GPSRead
 This function uses a non-reentrant model


 *************** function _strcmp *****************
 Defined at:
		line 33 in file "C:\Program Files\Microchip\xc8\v2.30\pic\sources\c90\common\strcmp.c"
 Parameters:    Size  Location     Type
  s1              2    0[COMRAM] PTR const unsigned char 
		 -> sentence(6), 
  s2              2    2[COMRAM] PTR const unsigned char 
		 -> STR_6(6), STR_5(6), 
 Auto vars:     Size  Location     Type
  r               1    6[COMRAM] char 
 Return value:  Size  Location     Type
                  2    0[COMRAM] int 
 Registers used:
		wreg, fsr2l, fsr2h, status,2, status,0, tblptrl, tblptrh, tblptru
 Tracked objects:
		On entry : 
		On exit  : 
		Unchanged: 
 Data sizes:     COMRAM   BANK0   BANK1   BANK2   BANK3   BANK4   BANK5   BANK6   BANK7
      Params:         4       0       0       0       0       0       0       0       0
      Locals:         1       0       0       0       0       0       0       0       0
      Temps:          2       0       0       0       0       0       0       0       0
      Totals:         7       0       0       0       0       0       0       0       0
Total ram usage:        7 bytes
 Hardware stack levels used:    1
 This function calls:
		Nothing
 This function is called by:
		_GPSRead
 This function uses a non-reentrant model



MODULE INFORMATION

Module		Function		Class		Link	Load	Size
bibliotecas/uart.c
		_configura_baudrate_uart		CODE           	3C7A	0000	266
		_recebe_dado_uart		CODE           	59AA	0000	18
		_desliga_uart  		CODE           	5998	0000	18
		_inicializa_uart		CODE           	57B8	0000	34

bibliotecas/uart.c estimated size: 336

bibliotecas/SPI.c
		_escreve_SPI   		CODE           	59CC	0000	16
		_inicializa_SPI		CODE           	58A4	0000	32
		_desliga_SPI   		CODE           	59DC	0000	16
		_leitura_SPI   		CODE           	5A20	0000	12

bibliotecas/SPI.c estimated size: 76

C:\Program Files\Microchip\xc8\v2.30\pic\sources\c90\common\strlen.c
		_strlen        		CODE           	547C	0000	66

C:\Program Files\Microchip\xc8\v2.30\pic\sources\c90\common\strlen.c estimated size: 66

C:\Program Files\Microchip\xc8\v2.30\pic\sources\c90\common\__lldiv.c
		___lldiv       		CODE           	49C4	0000	130

C:\Program Files\Microchip\xc8\v2.30\pic\sources\c90\common\__lldiv.c estimated size: 130

C:\Program Files\Microchip\xc8\v2.30\pic\sources\c90\common\strcmp.c
		_strcmp        		CODE           	524E	0000	74

C:\Program Files\Microchip\xc8\v2.30\pic\sources\c90\common\strcmp.c estimated size: 74

bibliotecas/diskio.c
		_disk_initialize		CODE           	5726	0000	38
		_disk_write    		CODE           	5200	0000	78
		_disk_status   		CODE           	5622	0000	48
		_sdc_reset     		CODE           	4716	0000	144
		_disk_ioctl    		CODE           	58C4	0000	32
		_sdc_disk_read 		CODE           	3A3E	0000	292
		_sdc_disk_initialize		CODE           	19D6	0000	768
		_disk_read     		CODE           	4C9E	0000	112
		_sdc_disk_write		CODE           	2D8A	0000	438
		_sdc_disk_status		CODE           	59BC	0000	16

bibliotecas/diskio.c estimated size: 1966

C:\Program Files\Microchip\xc8\v2.30\pic\sources\c90\common\awtoft.c
		___awtoft      		CODE           	55B4	0000	56

C:\Program Files\Microchip\xc8\v2.30\pic\sources\c90\common\awtoft.c estimated size: 56

C:\Program Files\Microchip\xc8\v2.30\pic\sources\c90\common\strcpy.c
		_strcpy        		CODE           	536E	0000	68

C:\Program Files\Microchip\xc8\v2.30\pic\sources\c90\common\strcpy.c estimated size: 68

C:\Program Files\Microchip\xc8\v2.30\pic\sources\c90\common\memset.c
		_memset        		CODE           	5680	0000	44

C:\Program Files\Microchip\xc8\v2.30\pic\sources\c90\common\memset.c estimated size: 44

C:\Program Files\Microchip\xc8\v2.30\pic\sources\c90\common\ftmul.c
		___ftmul       		CODE           	3D84	0000	246

C:\Program Files\Microchip\xc8\v2.30\pic\sources\c90\common\ftmul.c estimated size: 246

C:\Program Files\Microchip\xc8\v2.30\pic\sources\c90\common\ltoa.c
		_ltoa          		CODE           	543A	0000	66
		_ultoa         		CODE           	3E7A	0000	238

C:\Program Files\Microchip\xc8\v2.30\pic\sources\c90\common\ltoa.c estimated size: 304

C:\Program Files\Microchip\xc8\v2.30\pic\sources\c90\common\llmod.c
		___llmod       		CODE           	4D78	0000	102

C:\Program Files\Microchip\xc8\v2.30\pic\sources\c90\common\llmod.c estimated size: 102

C:\Program Files\Microchip\xc8\v2.30\pic\sources\c90\common\atoi.c
		_atoi          		CODE           	403E	0000	206

C:\Program Files\Microchip\xc8\v2.30\pic\sources\c90\common\atoi.c estimated size: 206

C:\Program Files\Microchip\xc8\v2.30\pic\sources\c90\common\isdigit.c
		_isdigit       		CODE           	58E4	0000	30

C:\Program Files\Microchip\xc8\v2.30\pic\sources\c90\common\isdigit.c estimated size: 30

bibliotecas/SDCard.c
		_response      		CODE           	5A08	0000	12
		_dummy_clocks  		CODE           	5578	0000	60
		_escrita_sdcard		CODE           	33DC	0000	356
		_monta_sd      		CODE           	0F74	0000	944
		_command       		CODE           	4FAE	0000	90
		_proceed       		CODE           	5A14	0000	12
		_wait_ready    		CODE           	55EC	0000	54

bibliotecas/SDCard.c estimated size: 1528

C:\Program Files\Microchip\xc8\v2.30\pic\sources\c90\common\fttol.c
		___fttol       		CODE           	3F68	0000	214

C:\Program Files\Microchip\xc8\v2.30\pic\sources\c90\common\fttol.c estimated size: 214

C:\Program Files\Microchip\xc8\v2.30\pic\sources\c90\common\memcmp.c
		_memcmp        		CODE           	4684	0000	146

C:\Program Files\Microchip\xc8\v2.30\pic\sources\c90\common\memcmp.c estimated size: 146

C:\Program Files\Microchip\xc8\v2.30\pic\sources\c90\common\memcpy.c
		_memcpy        		CODE           	53F6	0000	68

C:\Program Files\Microchip\xc8\v2.30\pic\sources\c90\common\memcpy.c estimated size: 68

bibliotecas/hardware.c
		_init_hardware 		CODE           	5970	0000	22
		_config_timer_dois		CODE           	59FA	0000	14
		_config_timer_zero		CODE           	593C	0000	26
		_init_ports    		CODE           	5920	0000	28
		_write_timer_zero		CODE           	5A2C	0000	10
		_init_interrupt		CODE           	5986	0000	18
		_init_oscilador		CODE           	5A7C	0000	8

bibliotecas/hardware.c estimated size: 126

shared
		mensagem_inicial@F3666		MEDIUMCONST    	6101	0000	17
		__initialization		CODE           	4404	0000	150
		_fence_diff_lat		MEDIUMCONST    	614F	0000	40
		i2_write_timer_zero		CODE           	5A72	0000	10
		mensagem_inicial@F3664		MEDIUMCONST    	6112	0000	17
		_fence_diff_long		MEDIUMCONST    	6123	0000	44

shared estimated size: 278

C:\Program Files\Microchip\xc8\v2.30\pic\sources\c90\common\Umul16.c
		___wmul        		CODE           	574C	0000	38

C:\Program Files\Microchip\xc8\v2.30\pic\sources\c90\common\Umul16.c estimated size: 38

C:\Program Files\Microchip\xc8\v2.30\pic\sources\c90\common\aldiv.c
		___aldiv       		CODE           	41D8	0000	204

C:\Program Files\Microchip\xc8\v2.30\pic\sources\c90\common\aldiv.c estimated size: 204

C:\Program Files\Microchip\xc8\v2.30\pic\sources\c90\common\atol.c
		_atol          		CODE           	37F0	0000	298

C:\Program Files\Microchip\xc8\v2.30\pic\sources\c90\common\atol.c estimated size: 298

bibliotecas/display_lcd.c
		_delay         		CODE           	5902	0000	30
		_init_lcd      		CODE           	454A	0000	158
		_endereco_cursor_lcd		CODE           	4D0E	0000	106
		_escreve_cmd_lcd		CODE           	4832	0000	140
		_posicao_cursor_lcd		CODE           	4E42	0000	94
		_escreve_caractere_lcd		CODE           	4C2C	0000	114
		_escreve_frase_ram_lcd		CODE           	515E	0000	82
		_escreve_inteiro_lcd		CODE           	54FE	0000	62

bibliotecas/display_lcd.c estimated size: 786

main.c
		_main          		CODE           	56D6	0000	40
		_troca_de_tela 		CODE           	2446	0000	618
		_disparo_gravacao		CODE           	553C	0000	60
		_grava_sd      		CODE           	5956	0000	26
		_verifica_fence		CODE           	5008	0000	88
		_verifica_dados_operacionais		CODE           	2916	0000	594
		_isr           		CODE           	0008	0000	286
		_escalonador   		CODE           	44A8	0000	162
		_mensagem_inicial		CODE           	47A6	0000	140
		_inicializa_tarefas		CODE           	51B0	0000	80
		_recebe_dado_gps		CODE           	5884	0000	32

main.c estimated size: 2126

bibliotecas/fence.c
		_convert_to_int		CODE           	5796	0000	34
		_armazena_ltlo 		CODE           	48BE	0000	132
		_convert_to_int_point_lat		CODE           	4EFA	0000	90
		_verifica_plausibilidade_lat		CODE           	4B3C	0000	120
		_diferenca     		CODE           	410C	0000	204
		_verifica_plausibilidade_long		CODE           	4DDE	0000	100
		_convert_to_int_point_long		CODE           	4EA0	0000	90

bibliotecas/fence.c estimated size: 770

C:\Program Files\Microchip\xc8\v2.30\pic\sources\c90\common\float.c
		___ftpack      		CODE           	4356	0000	174

C:\Program Files\Microchip\xc8\v2.30\pic\sources\c90\common\float.c estimated size: 174

bibliotecas/GPS.c
		_latitude_to_convert		CODE           	4BB4	0000	120
		_longitude_to_convert		CODE           	4AC2	0000	122
		_mostra_dados_display		CODE           	5652	0000	46
		_gps_segundos  		CODE           	57DA	0000	34
		_stringcpy     		CODE           	5328	0000	70
		_gps_hora      		CODE           	5772	0000	36
		_gps_minutos   		CODE           	57FC	0000	34
		_gps_mes       		CODE           	581E	0000	34
		_latitude      		CODE           	5A54	0000	10
		_rawdata       		CODE           	5A40	0000	10
		_posicao_lat   		CODE           	5A8A	0000	6
		_posicao_long  		CODE           	5A84	0000	6
		_rawhora       		CODE           	5A36	0000	10
		_fix           		CODE           	5A68	0000	10
		_gps_ano       		CODE           	5862	0000	34
		_Speed         		CODE           	5A5E	0000	10
		_longitude     		CODE           	5A4A	0000	10
		_GPSRead       		CODE           	1CD6	0000	644
		_gps_dia       		CODE           	5840	0000	34
		_dados_gps_to_sd		CODE           	50B6	0000	86
		_verifica_recep_gps		CODE           	56FE	0000	40

bibliotecas/GPS.c estimated size: 1406

bibliotecas/tff.c
		_reserve_direntry		CODE           	21D4	0000	626
		_sync          		CODE           	510C	0000	82
		_remove_chain  		CODE           	45E8	0000	156
		_f_mount       		CODE           	5298	0000	72
		_get_cluster   		CODE           	2B68	0000	546
		_get_fattime   		CODE           	369A	0000	342
		_fputs         		CODE           	4F54	0000	90
		_auto_mount    		CODE           	05A0	0000	1354
		_create_chain  		CODE           	30EA	0000	396
		_f_lseek       		CODE           	0AEA	0000	1162
		_validate      		CODE           	52E0	0000	72
		_check_fs      		CODE           	4942	0000	130
		_fprintf       		CODE           	1324	0000	896
		_f_sync        		CODE           	391A	0000	292
		_trace_path    		CODE           	1F5A	0000	634
		_f_write       		CODE           	0012	0000	1422
		_fputc         		CODE           	54BE	0000	64
		_put_cluster   		CODE           	26B0	0000	614
		_make_dirfile  		CODE           	3540	0000	346
		_clust2sect    		CODE           	42A4	0000	178
		_f_open        		CODE           	16A4	0000	818
		_next_dir_entry		CODE           	3276	0000	358
		_f_close       		CODE           	56AC	0000	42
		_move_window   		CODE           	2F40	0000	426

bibliotecas/tff.c estimated size: 11118

C:\Program Files\Microchip\xc8\v2.30\pic\sources\c90\common\Umul32.c
		___lmul        		CODE           	5060	0000	86

C:\Program Files\Microchip\xc8\v2.30\pic\sources\c90\common\Umul32.c estimated size: 86

C:\Program Files\Microchip\xc8\v2.30\pic\sources\c90\common\strcat.c
		_strcat        		CODE           	53B2	0000	68

C:\Program Files\Microchip\xc8\v2.30\pic\sources\c90\common\strcat.c estimated size: 68

